[2026-08-02T19:02:17.175+0000] {local_task_job_runner.py:120} INFO - ::group::Pre task execution logs
[2026-08-02T19:02:17.195+0000] {taskinstance.py:2076} INFO - Dependencies all met for dep_context=non-requeueable deps ti=<TaskInstance: ttc_transit_pipeline.load_data scheduled__2026-08-01T00:00:00+00:00 [queued]>
[2026-08-02T19:02:17.204+0000] {taskinstance.py:2076} INFO - Dependencies all met for dep_context=requeueable deps ti=<TaskInstance: ttc_transit_pipeline.load_data scheduled__2026-08-01T00:00:00+00:00 [queued]>
[2026-08-02T19:02:17.205+0000] {taskinstance.py:2306} INFO - Starting attempt 1 of 1
[2026-08-02T19:02:17.217+0000] {taskinstance.py:2330} INFO - Executing <Task(PythonOperator): load_data> on 2026-08-01 00:00:00+00:00
[2026-08-02T19:02:17.224+0000] {warnings.py:112} WARNING - /home/***/.local/lib/python3.12/site-packages/***/task/task_runner/standard_task_runner.py:62: DeprecationWarning: This process (pid=92) is multi-threaded, use of fork() may lead to deadlocks in the child.
  pid = os.fork()

[2026-08-02T19:02:17.226+0000] {standard_task_runner.py:64} INFO - Started process 94 to run task
[2026-08-02T19:02:17.225+0000] {standard_task_runner.py:90} INFO - Running: ['***', 'tasks', 'run', 'ttc_transit_pipeline', 'load_data', 'scheduled__2026-08-01T00:00:00+00:00', '--job-id', '5', '--raw', '--subdir', 'DAGS_FOLDER/ttc_pipeline.py', '--cfg-path', '/tmp/tmpguni6cri']
[2026-08-02T19:02:17.228+0000] {standard_task_runner.py:91} INFO - Job 5: Subtask load_data
[2026-08-02T19:02:17.311+0000] {task_command.py:426} INFO - Running <TaskInstance: ttc_transit_pipeline.load_data scheduled__2026-08-01T00:00:00+00:00 [running]> on host 1ba8baf07de2
[2026-08-02T19:02:17.386+0000] {taskinstance.py:2648} INFO - Exporting env vars: AIRFLOW_CTX_DAG_OWNER='***' AIRFLOW_CTX_DAG_ID='ttc_transit_pipeline' AIRFLOW_CTX_TASK_ID='load_data' AIRFLOW_CTX_EXECUTION_DATE='2026-08-01T00:00:00+00:00' AIRFLOW_CTX_TRY_NUMBER='1' AIRFLOW_CTX_DAG_RUN_ID='scheduled__2026-08-01T00:00:00+00:00'
[2026-08-02T19:02:17.389+0000] {taskinstance.py:430} INFO - ::endgroup::
[2026-08-02T19:02:17.437+0000] {taskinstance.py:441} INFO - ::group::Post task execution logs
[2026-08-02T19:02:17.438+0000] {taskinstance.py:2905} ERROR - Task failed with exception
Traceback (most recent call last):
  File "/home/airflow/.local/lib/python3.12/site-packages/pandas/compat/_optional.py", line 132, in import_optional_dependency
    module = importlib.import_module(name)
             ^^^^^^^^^^^^^^^^^^^^^^^^^^^^^
  File "/usr/local/lib/python3.12/importlib/__init__.py", line 90, in import_module
    return _bootstrap._gcd_import(name[level:], package, level)
           ^^^^^^^^^^^^^^^^^^^^^^^^^^^^^^^^^^^^^^^^^^^^^^^^^^^^
  File "<frozen importlib._bootstrap>", line 1387, in _gcd_import
  File "<frozen importlib._bootstrap>", line 1360, in _find_and_load
  File "<frozen importlib._bootstrap>", line 1324, in _find_and_load_unlocked
ModuleNotFoundError: No module named 'openpyxl'

During handling of the above exception, another exception occurred:

Traceback (most recent call last):
  File "/home/airflow/.local/lib/python3.12/site-packages/airflow/models/taskinstance.py", line 465, in _execute_task
    result = _execute_callable(context=context, **execute_callable_kwargs)
             ^^^^^^^^^^^^^^^^^^^^^^^^^^^^^^^^^^^^^^^^^^^^^^^^^^^^^^^^^^^^^
  File "/home/airflow/.local/lib/python3.12/site-packages/airflow/models/taskinstance.py", line 432, in _execute_callable
    return execute_callable(context=context, **execute_callable_kwargs)
           ^^^^^^^^^^^^^^^^^^^^^^^^^^^^^^^^^^^^^^^^^^^^^^^^^^^^^^^^^^^^
  File "/home/airflow/.local/lib/python3.12/site-packages/airflow/models/baseoperator.py", line 401, in wrapper
    return func(self, *args, **kwargs)
           ^^^^^^^^^^^^^^^^^^^^^^^^^^^
  File "/home/airflow/.local/lib/python3.12/site-packages/airflow/operators/python.py", line 235, in execute
    return_value = self.execute_callable()
                   ^^^^^^^^^^^^^^^^^^^^^^^
  File "/home/airflow/.local/lib/python3.12/site-packages/airflow/operators/python.py", line 252, in execute_callable
    return self.python_callable(*self.op_args, **self.op_kwargs)
           ^^^^^^^^^^^^^^^^^^^^^^^^^^^^^^^^^^^^^^^^^^^^^^^^^^^^^
  File "/opt/airflow/dags/ttc_pipeline.py", line 12, in run_load
    import load_data
  File "/opt/airflow/scripts/load_data.py", line 8, in <module>
    df = pd.read_excel(DATA_DIR / "ttc-bus-delay-data-2024.xlsx")
         ^^^^^^^^^^^^^^^^^^^^^^^^^^^^^^^^^^^^^^^^^^^^^^^^^^^^^^^^
  File "/home/airflow/.local/lib/python3.12/site-packages/pandas/io/excel/_base.py", line 504, in read_excel
    io = ExcelFile(
         ^^^^^^^^^^
  File "/home/airflow/.local/lib/python3.12/site-packages/pandas/io/excel/_base.py", line 1580, in __init__
    self._reader = self._engines[engine](
                   ^^^^^^^^^^^^^^^^^^^^^^
  File "/home/airflow/.local/lib/python3.12/site-packages/pandas/io/excel/_openpyxl.py", line 552, in __init__
    import_optional_dependency("openpyxl")
  File "/home/airflow/.local/lib/python3.12/site-packages/pandas/compat/_optional.py", line 135, in import_optional_dependency
    raise ImportError(msg)
ImportError: Missing optional dependency 'openpyxl'.  Use pip or conda to install openpyxl.
[2026-08-02T19:02:17.473+0000] {taskinstance.py:1206} INFO - Marking task as FAILED. dag_id=ttc_transit_pipeline, task_id=load_data, run_id=scheduled__2026-08-01T00:00:00+00:00, execution_date=20260801T000000, start_date=20260802T190217, end_date=20260802T190217
[2026-08-02T19:02:17.491+0000] {standard_task_runner.py:110} ERROR - Failed to execute job 5 for task load_data (Missing optional dependency 'openpyxl'.  Use pip or conda to install openpyxl.; 94)
[2026-08-02T19:02:17.522+0000] {local_task_job_runner.py:243} INFO - Task exited with return code 1
[2026-08-02T19:02:17.552+0000] {taskinstance.py:3503} INFO - 0 downstream tasks scheduled from follow-on schedule check
[2026-08-02T19:02:17.556+0000] {local_task_job_runner.py:222} INFO - ::endgroup::
