[2026-08-02T18:55:09.337+0000] {processor.py:161} INFO - Started process (PID=67) to work on /home/airflow/.local/lib/python3.12/site-packages/airflow/example_dags/example_sla_dag.py
[2026-08-02T18:55:09.340+0000] {processor.py:830} INFO - Processing file /home/airflow/.local/lib/python3.12/site-packages/airflow/example_dags/example_sla_dag.py for tasks to queue
[2026-08-02T18:55:09.344+0000] {logging_mixin.py:188} INFO - [2026-08-02T18:55:09.343+0000] {dagbag.py:545} INFO - Filling up the DagBag from /home/airflow/.local/lib/python3.12/site-packages/airflow/example_dags/example_sla_dag.py
[2026-08-02T18:55:09.373+0000] {processor.py:840} INFO - DAG(s) 'example_sla_dag' retrieved from /home/airflow/.local/lib/python3.12/site-packages/airflow/example_dags/example_sla_dag.py
[2026-08-02T18:55:09.580+0000] {logging_mixin.py:188} INFO - [2026-08-02T18:55:09.579+0000] {dag.py:3089} INFO - Sync 1 DAGs
[2026-08-02T18:55:09.631+0000] {logging_mixin.py:188} INFO - [2026-08-02T18:55:09.630+0000] {dag.py:3947} INFO - Setting next_dagrun for example_sla_dag to 2026-08-02 18:52:00+00:00, run_after=2026-08-02 18:54:00+00:00
[2026-08-02T18:55:09.680+0000] {processor.py:183} INFO - Processing /home/airflow/.local/lib/python3.12/site-packages/airflow/example_dags/example_sla_dag.py took 0.360 seconds
[2026-08-02T18:55:39.871+0000] {processor.py:161} INFO - Started process (PID=126) to work on /home/airflow/.local/lib/python3.12/site-packages/airflow/example_dags/example_sla_dag.py
[2026-08-02T18:55:39.873+0000] {processor.py:830} INFO - Processing file /home/airflow/.local/lib/python3.12/site-packages/airflow/example_dags/example_sla_dag.py for tasks to queue
[2026-08-02T18:55:39.876+0000] {logging_mixin.py:188} INFO - [2026-08-02T18:55:39.876+0000] {dagbag.py:545} INFO - Filling up the DagBag from /home/airflow/.local/lib/python3.12/site-packages/airflow/example_dags/example_sla_dag.py
[2026-08-02T18:55:39.888+0000] {processor.py:840} INFO - DAG(s) 'example_sla_dag' retrieved from /home/airflow/.local/lib/python3.12/site-packages/airflow/example_dags/example_sla_dag.py
[2026-08-02T18:55:39.915+0000] {logging_mixin.py:188} INFO - [2026-08-02T18:55:39.915+0000] {dag.py:3089} INFO - Sync 1 DAGs
[2026-08-02T18:55:39.952+0000] {logging_mixin.py:188} INFO - [2026-08-02T18:55:39.952+0000] {dag.py:3947} INFO - Setting next_dagrun for example_sla_dag to 2026-08-02 18:52:00+00:00, run_after=2026-08-02 18:54:00+00:00
[2026-08-02T18:55:39.982+0000] {processor.py:183} INFO - Processing /home/airflow/.local/lib/python3.12/site-packages/airflow/example_dags/example_sla_dag.py took 0.122 seconds
[2026-08-02T18:56:10.691+0000] {processor.py:161} INFO - Started process (PID=185) to work on /home/airflow/.local/lib/python3.12/site-packages/airflow/example_dags/example_sla_dag.py
[2026-08-02T18:56:10.693+0000] {processor.py:830} INFO - Processing file /home/airflow/.local/lib/python3.12/site-packages/airflow/example_dags/example_sla_dag.py for tasks to queue
[2026-08-02T18:56:10.696+0000] {logging_mixin.py:188} INFO - [2026-08-02T18:56:10.696+0000] {dagbag.py:545} INFO - Filling up the DagBag from /home/airflow/.local/lib/python3.12/site-packages/airflow/example_dags/example_sla_dag.py
[2026-08-02T18:56:10.705+0000] {processor.py:840} INFO - DAG(s) 'example_sla_dag' retrieved from /home/airflow/.local/lib/python3.12/site-packages/airflow/example_dags/example_sla_dag.py
[2026-08-02T18:56:10.723+0000] {logging_mixin.py:188} INFO - [2026-08-02T18:56:10.723+0000] {dag.py:3089} INFO - Sync 1 DAGs
[2026-08-02T18:56:10.744+0000] {logging_mixin.py:188} INFO - [2026-08-02T18:56:10.744+0000] {dag.py:3947} INFO - Setting next_dagrun for example_sla_dag to 2026-08-02 18:54:00+00:00, run_after=2026-08-02 18:56:00+00:00
[2026-08-02T18:56:10.762+0000] {processor.py:183} INFO - Processing /home/airflow/.local/lib/python3.12/site-packages/airflow/example_dags/example_sla_dag.py took 0.081 seconds
[2026-08-02T18:56:40.954+0000] {processor.py:161} INFO - Started process (PID=244) to work on /home/airflow/.local/lib/python3.12/site-packages/airflow/example_dags/example_sla_dag.py
[2026-08-02T18:56:40.956+0000] {processor.py:830} INFO - Processing file /home/airflow/.local/lib/python3.12/site-packages/airflow/example_dags/example_sla_dag.py for tasks to queue
[2026-08-02T18:56:40.960+0000] {logging_mixin.py:188} INFO - [2026-08-02T18:56:40.960+0000] {dagbag.py:545} INFO - Filling up the DagBag from /home/airflow/.local/lib/python3.12/site-packages/airflow/example_dags/example_sla_dag.py
[2026-08-02T18:56:40.975+0000] {processor.py:840} INFO - DAG(s) 'example_sla_dag' retrieved from /home/airflow/.local/lib/python3.12/site-packages/airflow/example_dags/example_sla_dag.py
[2026-08-02T18:56:41.004+0000] {logging_mixin.py:188} INFO - [2026-08-02T18:56:41.003+0000] {dag.py:3089} INFO - Sync 1 DAGs
[2026-08-02T18:56:41.029+0000] {logging_mixin.py:188} INFO - [2026-08-02T18:56:41.029+0000] {dag.py:3947} INFO - Setting next_dagrun for example_sla_dag to 2026-08-02 18:54:00+00:00, run_after=2026-08-02 18:56:00+00:00
[2026-08-02T18:56:41.048+0000] {processor.py:183} INFO - Processing /home/airflow/.local/lib/python3.12/site-packages/airflow/example_dags/example_sla_dag.py took 0.107 seconds
[2026-08-02T18:57:11.545+0000] {processor.py:161} INFO - Started process (PID=303) to work on /home/airflow/.local/lib/python3.12/site-packages/airflow/example_dags/example_sla_dag.py
[2026-08-02T18:57:11.547+0000] {processor.py:830} INFO - Processing file /home/airflow/.local/lib/python3.12/site-packages/airflow/example_dags/example_sla_dag.py for tasks to queue
[2026-08-02T18:57:11.551+0000] {logging_mixin.py:188} INFO - [2026-08-02T18:57:11.550+0000] {dagbag.py:545} INFO - Filling up the DagBag from /home/airflow/.local/lib/python3.12/site-packages/airflow/example_dags/example_sla_dag.py
[2026-08-02T18:57:11.567+0000] {processor.py:840} INFO - DAG(s) 'example_sla_dag' retrieved from /home/airflow/.local/lib/python3.12/site-packages/airflow/example_dags/example_sla_dag.py
[2026-08-02T18:57:11.590+0000] {logging_mixin.py:188} INFO - [2026-08-02T18:57:11.589+0000] {dag.py:3089} INFO - Sync 1 DAGs
[2026-08-02T18:57:11.611+0000] {logging_mixin.py:188} INFO - [2026-08-02T18:57:11.611+0000] {dag.py:3947} INFO - Setting next_dagrun for example_sla_dag to 2026-08-02 18:54:00+00:00, run_after=2026-08-02 18:56:00+00:00
[2026-08-02T18:57:11.628+0000] {processor.py:183} INFO - Processing /home/airflow/.local/lib/python3.12/site-packages/airflow/example_dags/example_sla_dag.py took 0.094 seconds
[2026-08-02T18:57:41.918+0000] {processor.py:161} INFO - Started process (PID=362) to work on /home/airflow/.local/lib/python3.12/site-packages/airflow/example_dags/example_sla_dag.py
[2026-08-02T18:57:41.919+0000] {processor.py:830} INFO - Processing file /home/airflow/.local/lib/python3.12/site-packages/airflow/example_dags/example_sla_dag.py for tasks to queue
[2026-08-02T18:57:41.922+0000] {logging_mixin.py:188} INFO - [2026-08-02T18:57:41.921+0000] {dagbag.py:545} INFO - Filling up the DagBag from /home/airflow/.local/lib/python3.12/site-packages/airflow/example_dags/example_sla_dag.py
[2026-08-02T18:57:41.931+0000] {processor.py:840} INFO - DAG(s) 'example_sla_dag' retrieved from /home/airflow/.local/lib/python3.12/site-packages/airflow/example_dags/example_sla_dag.py
[2026-08-02T18:57:41.953+0000] {logging_mixin.py:188} INFO - [2026-08-02T18:57:41.953+0000] {dag.py:3089} INFO - Sync 1 DAGs
[2026-08-02T18:57:41.978+0000] {logging_mixin.py:188} INFO - [2026-08-02T18:57:41.977+0000] {dag.py:3947} INFO - Setting next_dagrun for example_sla_dag to 2026-08-02 18:54:00+00:00, run_after=2026-08-02 18:56:00+00:00
[2026-08-02T18:57:41.997+0000] {processor.py:183} INFO - Processing /home/airflow/.local/lib/python3.12/site-packages/airflow/example_dags/example_sla_dag.py took 0.085 seconds
[2026-08-02T19:00:08.209+0000] {processor.py:161} INFO - Started process (PID=54) to work on /home/airflow/.local/lib/python3.12/site-packages/airflow/example_dags/example_sla_dag.py
[2026-08-02T19:00:08.216+0000] {processor.py:830} INFO - Processing file /home/airflow/.local/lib/python3.12/site-packages/airflow/example_dags/example_sla_dag.py for tasks to queue
[2026-08-02T19:00:08.222+0000] {logging_mixin.py:188} INFO - [2026-08-02T19:00:08.221+0000] {dagbag.py:545} INFO - Filling up the DagBag from /home/airflow/.local/lib/python3.12/site-packages/airflow/example_dags/example_sla_dag.py
[2026-08-02T19:00:08.246+0000] {processor.py:840} INFO - DAG(s) 'example_sla_dag' retrieved from /home/airflow/.local/lib/python3.12/site-packages/airflow/example_dags/example_sla_dag.py
[2026-08-02T19:00:08.287+0000] {logging_mixin.py:188} INFO - [2026-08-02T19:00:08.287+0000] {dag.py:3089} INFO - Sync 1 DAGs
[2026-08-02T19:00:08.363+0000] {logging_mixin.py:188} INFO - [2026-08-02T19:00:08.363+0000] {dag.py:3947} INFO - Setting next_dagrun for example_sla_dag to 2026-08-02 18:58:00+00:00, run_after=2026-08-02 19:00:00+00:00
[2026-08-02T19:00:08.421+0000] {processor.py:183} INFO - Processing /home/airflow/.local/lib/python3.12/site-packages/airflow/example_dags/example_sla_dag.py took 0.224 seconds
[2026-08-02T19:00:38.667+0000] {processor.py:161} INFO - Started process (PID=119) to work on /home/airflow/.local/lib/python3.12/site-packages/airflow/example_dags/example_sla_dag.py
[2026-08-02T19:00:38.669+0000] {processor.py:830} INFO - Processing file /home/airflow/.local/lib/python3.12/site-packages/airflow/example_dags/example_sla_dag.py for tasks to queue
[2026-08-02T19:00:38.672+0000] {logging_mixin.py:188} INFO - [2026-08-02T19:00:38.671+0000] {dagbag.py:545} INFO - Filling up the DagBag from /home/airflow/.local/lib/python3.12/site-packages/airflow/example_dags/example_sla_dag.py
[2026-08-02T19:00:38.681+0000] {processor.py:840} INFO - DAG(s) 'example_sla_dag' retrieved from /home/airflow/.local/lib/python3.12/site-packages/airflow/example_dags/example_sla_dag.py
[2026-08-02T19:00:38.776+0000] {logging_mixin.py:188} INFO - [2026-08-02T19:00:38.776+0000] {dag.py:3089} INFO - Sync 1 DAGs
[2026-08-02T19:00:38.795+0000] {logging_mixin.py:188} INFO - [2026-08-02T19:00:38.794+0000] {dag.py:3947} INFO - Setting next_dagrun for example_sla_dag to 2026-08-02 18:58:00+00:00, run_after=2026-08-02 19:00:00+00:00
[2026-08-02T19:00:38.812+0000] {processor.py:183} INFO - Processing /home/airflow/.local/lib/python3.12/site-packages/airflow/example_dags/example_sla_dag.py took 0.152 seconds
[2026-08-02T19:01:09.223+0000] {processor.py:161} INFO - Started process (PID=178) to work on /home/airflow/.local/lib/python3.12/site-packages/airflow/example_dags/example_sla_dag.py
[2026-08-02T19:01:09.225+0000] {processor.py:830} INFO - Processing file /home/airflow/.local/lib/python3.12/site-packages/airflow/example_dags/example_sla_dag.py for tasks to queue
[2026-08-02T19:01:09.228+0000] {logging_mixin.py:188} INFO - [2026-08-02T19:01:09.228+0000] {dagbag.py:545} INFO - Filling up the DagBag from /home/airflow/.local/lib/python3.12/site-packages/airflow/example_dags/example_sla_dag.py
[2026-08-02T19:01:09.238+0000] {processor.py:840} INFO - DAG(s) 'example_sla_dag' retrieved from /home/airflow/.local/lib/python3.12/site-packages/airflow/example_dags/example_sla_dag.py
[2026-08-02T19:01:09.256+0000] {logging_mixin.py:188} INFO - [2026-08-02T19:01:09.256+0000] {dag.py:3089} INFO - Sync 1 DAGs
[2026-08-02T19:01:09.276+0000] {logging_mixin.py:188} INFO - [2026-08-02T19:01:09.276+0000] {dag.py:3947} INFO - Setting next_dagrun for example_sla_dag to 2026-08-02 18:58:00+00:00, run_after=2026-08-02 19:00:00+00:00
[2026-08-02T19:01:09.294+0000] {processor.py:183} INFO - Processing /home/airflow/.local/lib/python3.12/site-packages/airflow/example_dags/example_sla_dag.py took 0.080 seconds
[2026-08-02T19:01:39.509+0000] {processor.py:161} INFO - Started process (PID=238) to work on /home/airflow/.local/lib/python3.12/site-packages/airflow/example_dags/example_sla_dag.py
[2026-08-02T19:01:39.511+0000] {processor.py:830} INFO - Processing file /home/airflow/.local/lib/python3.12/site-packages/airflow/example_dags/example_sla_dag.py for tasks to queue
[2026-08-02T19:01:39.513+0000] {logging_mixin.py:188} INFO - [2026-08-02T19:01:39.513+0000] {dagbag.py:545} INFO - Filling up the DagBag from /home/airflow/.local/lib/python3.12/site-packages/airflow/example_dags/example_sla_dag.py
[2026-08-02T19:01:39.523+0000] {processor.py:840} INFO - DAG(s) 'example_sla_dag' retrieved from /home/airflow/.local/lib/python3.12/site-packages/airflow/example_dags/example_sla_dag.py
[2026-08-02T19:01:39.550+0000] {logging_mixin.py:188} INFO - [2026-08-02T19:01:39.549+0000] {dag.py:3089} INFO - Sync 1 DAGs
[2026-08-02T19:01:39.576+0000] {logging_mixin.py:188} INFO - [2026-08-02T19:01:39.575+0000] {dag.py:3947} INFO - Setting next_dagrun for example_sla_dag to 2026-08-02 18:58:00+00:00, run_after=2026-08-02 19:00:00+00:00
[2026-08-02T19:01:39.596+0000] {processor.py:183} INFO - Processing /home/airflow/.local/lib/python3.12/site-packages/airflow/example_dags/example_sla_dag.py took 0.092 seconds
[2026-08-02T19:02:09.801+0000] {processor.py:161} INFO - Started process (PID=297) to work on /home/airflow/.local/lib/python3.12/site-packages/airflow/example_dags/example_sla_dag.py
[2026-08-02T19:02:09.803+0000] {processor.py:830} INFO - Processing file /home/airflow/.local/lib/python3.12/site-packages/airflow/example_dags/example_sla_dag.py for tasks to queue
[2026-08-02T19:02:09.805+0000] {logging_mixin.py:188} INFO - [2026-08-02T19:02:09.804+0000] {dagbag.py:545} INFO - Filling up the DagBag from /home/airflow/.local/lib/python3.12/site-packages/airflow/example_dags/example_sla_dag.py
[2026-08-02T19:02:09.813+0000] {processor.py:840} INFO - DAG(s) 'example_sla_dag' retrieved from /home/airflow/.local/lib/python3.12/site-packages/airflow/example_dags/example_sla_dag.py
[2026-08-02T19:02:09.831+0000] {logging_mixin.py:188} INFO - [2026-08-02T19:02:09.831+0000] {dag.py:3089} INFO - Sync 1 DAGs
[2026-08-02T19:02:09.853+0000] {logging_mixin.py:188} INFO - [2026-08-02T19:02:09.853+0000] {dag.py:3947} INFO - Setting next_dagrun for example_sla_dag to 2026-08-02 19:00:00+00:00, run_after=2026-08-02 19:02:00+00:00
[2026-08-02T19:02:09.873+0000] {processor.py:183} INFO - Processing /home/airflow/.local/lib/python3.12/site-packages/airflow/example_dags/example_sla_dag.py took 0.080 seconds
[2026-08-02T19:02:40.138+0000] {processor.py:161} INFO - Started process (PID=356) to work on /home/airflow/.local/lib/python3.12/site-packages/airflow/example_dags/example_sla_dag.py
[2026-08-02T19:02:40.140+0000] {processor.py:830} INFO - Processing file /home/airflow/.local/lib/python3.12/site-packages/airflow/example_dags/example_sla_dag.py for tasks to queue
[2026-08-02T19:02:40.144+0000] {logging_mixin.py:188} INFO - [2026-08-02T19:02:40.143+0000] {dagbag.py:545} INFO - Filling up the DagBag from /home/airflow/.local/lib/python3.12/site-packages/airflow/example_dags/example_sla_dag.py
[2026-08-02T19:02:40.154+0000] {processor.py:840} INFO - DAG(s) 'example_sla_dag' retrieved from /home/airflow/.local/lib/python3.12/site-packages/airflow/example_dags/example_sla_dag.py
[2026-08-02T19:02:40.174+0000] {logging_mixin.py:188} INFO - [2026-08-02T19:02:40.174+0000] {dag.py:3089} INFO - Sync 1 DAGs
[2026-08-02T19:02:40.196+0000] {logging_mixin.py:188} INFO - [2026-08-02T19:02:40.195+0000] {dag.py:3947} INFO - Setting next_dagrun for example_sla_dag to 2026-08-02 19:00:00+00:00, run_after=2026-08-02 19:02:00+00:00
[2026-08-02T19:02:40.213+0000] {processor.py:183} INFO - Processing /home/airflow/.local/lib/python3.12/site-packages/airflow/example_dags/example_sla_dag.py took 0.085 seconds
[2026-08-02T19:03:10.395+0000] {processor.py:161} INFO - Started process (PID=415) to work on /home/airflow/.local/lib/python3.12/site-packages/airflow/example_dags/example_sla_dag.py
[2026-08-02T19:03:10.397+0000] {processor.py:830} INFO - Processing file /home/airflow/.local/lib/python3.12/site-packages/airflow/example_dags/example_sla_dag.py for tasks to queue
[2026-08-02T19:03:10.399+0000] {logging_mixin.py:188} INFO - [2026-08-02T19:03:10.399+0000] {dagbag.py:545} INFO - Filling up the DagBag from /home/airflow/.local/lib/python3.12/site-packages/airflow/example_dags/example_sla_dag.py
[2026-08-02T19:03:10.409+0000] {processor.py:840} INFO - DAG(s) 'example_sla_dag' retrieved from /home/airflow/.local/lib/python3.12/site-packages/airflow/example_dags/example_sla_dag.py
[2026-08-02T19:03:10.427+0000] {logging_mixin.py:188} INFO - [2026-08-02T19:03:10.427+0000] {dag.py:3089} INFO - Sync 1 DAGs
[2026-08-02T19:03:10.448+0000] {logging_mixin.py:188} INFO - [2026-08-02T19:03:10.447+0000] {dag.py:3947} INFO - Setting next_dagrun for example_sla_dag to 2026-08-02 19:00:00+00:00, run_after=2026-08-02 19:02:00+00:00
[2026-08-02T19:03:10.465+0000] {processor.py:183} INFO - Processing /home/airflow/.local/lib/python3.12/site-packages/airflow/example_dags/example_sla_dag.py took 0.080 seconds
[2026-08-02T19:03:41.030+0000] {processor.py:161} INFO - Started process (PID=474) to work on /home/airflow/.local/lib/python3.12/site-packages/airflow/example_dags/example_sla_dag.py
[2026-08-02T19:03:41.032+0000] {processor.py:830} INFO - Processing file /home/airflow/.local/lib/python3.12/site-packages/airflow/example_dags/example_sla_dag.py for tasks to queue
[2026-08-02T19:03:41.035+0000] {logging_mixin.py:188} INFO - [2026-08-02T19:03:41.035+0000] {dagbag.py:545} INFO - Filling up the DagBag from /home/airflow/.local/lib/python3.12/site-packages/airflow/example_dags/example_sla_dag.py
[2026-08-02T19:03:41.045+0000] {processor.py:840} INFO - DAG(s) 'example_sla_dag' retrieved from /home/airflow/.local/lib/python3.12/site-packages/airflow/example_dags/example_sla_dag.py
[2026-08-02T19:03:41.064+0000] {logging_mixin.py:188} INFO - [2026-08-02T19:03:41.063+0000] {dag.py:3089} INFO - Sync 1 DAGs
[2026-08-02T19:03:41.084+0000] {logging_mixin.py:188} INFO - [2026-08-02T19:03:41.084+0000] {dag.py:3947} INFO - Setting next_dagrun for example_sla_dag to 2026-08-02 19:00:00+00:00, run_after=2026-08-02 19:02:00+00:00
[2026-08-02T19:03:41.101+0000] {processor.py:183} INFO - Processing /home/airflow/.local/lib/python3.12/site-packages/airflow/example_dags/example_sla_dag.py took 0.080 seconds
[2026-08-02T19:04:11.549+0000] {processor.py:161} INFO - Started process (PID=533) to work on /home/airflow/.local/lib/python3.12/site-packages/airflow/example_dags/example_sla_dag.py
[2026-08-02T19:04:11.551+0000] {processor.py:830} INFO - Processing file /home/airflow/.local/lib/python3.12/site-packages/airflow/example_dags/example_sla_dag.py for tasks to queue
[2026-08-02T19:04:11.553+0000] {logging_mixin.py:188} INFO - [2026-08-02T19:04:11.553+0000] {dagbag.py:545} INFO - Filling up the DagBag from /home/airflow/.local/lib/python3.12/site-packages/airflow/example_dags/example_sla_dag.py
[2026-08-02T19:04:11.564+0000] {processor.py:840} INFO - DAG(s) 'example_sla_dag' retrieved from /home/airflow/.local/lib/python3.12/site-packages/airflow/example_dags/example_sla_dag.py
[2026-08-02T19:04:11.584+0000] {logging_mixin.py:188} INFO - [2026-08-02T19:04:11.584+0000] {dag.py:3089} INFO - Sync 1 DAGs
[2026-08-02T19:04:11.606+0000] {logging_mixin.py:188} INFO - [2026-08-02T19:04:11.606+0000] {dag.py:3947} INFO - Setting next_dagrun for example_sla_dag to 2026-08-02 19:02:00+00:00, run_after=2026-08-02 19:04:00+00:00
[2026-08-02T19:04:11.624+0000] {processor.py:183} INFO - Processing /home/airflow/.local/lib/python3.12/site-packages/airflow/example_dags/example_sla_dag.py took 0.083 seconds
[2026-08-02T19:04:41.816+0000] {processor.py:161} INFO - Started process (PID=592) to work on /home/airflow/.local/lib/python3.12/site-packages/airflow/example_dags/example_sla_dag.py
[2026-08-02T19:04:41.817+0000] {processor.py:830} INFO - Processing file /home/airflow/.local/lib/python3.12/site-packages/airflow/example_dags/example_sla_dag.py for tasks to queue
[2026-08-02T19:04:41.820+0000] {logging_mixin.py:188} INFO - [2026-08-02T19:04:41.819+0000] {dagbag.py:545} INFO - Filling up the DagBag from /home/airflow/.local/lib/python3.12/site-packages/airflow/example_dags/example_sla_dag.py
[2026-08-02T19:04:41.828+0000] {processor.py:840} INFO - DAG(s) 'example_sla_dag' retrieved from /home/airflow/.local/lib/python3.12/site-packages/airflow/example_dags/example_sla_dag.py
[2026-08-02T19:04:41.846+0000] {logging_mixin.py:188} INFO - [2026-08-02T19:04:41.846+0000] {dag.py:3089} INFO - Sync 1 DAGs
[2026-08-02T19:04:41.868+0000] {logging_mixin.py:188} INFO - [2026-08-02T19:04:41.868+0000] {dag.py:3947} INFO - Setting next_dagrun for example_sla_dag to 2026-08-02 19:02:00+00:00, run_after=2026-08-02 19:04:00+00:00
[2026-08-02T19:04:41.884+0000] {processor.py:183} INFO - Processing /home/airflow/.local/lib/python3.12/site-packages/airflow/example_dags/example_sla_dag.py took 0.075 seconds
[2026-08-02T19:05:12.060+0000] {processor.py:161} INFO - Started process (PID=651) to work on /home/airflow/.local/lib/python3.12/site-packages/airflow/example_dags/example_sla_dag.py
[2026-08-02T19:05:12.062+0000] {processor.py:830} INFO - Processing file /home/airflow/.local/lib/python3.12/site-packages/airflow/example_dags/example_sla_dag.py for tasks to queue
[2026-08-02T19:05:12.065+0000] {logging_mixin.py:188} INFO - [2026-08-02T19:05:12.065+0000] {dagbag.py:545} INFO - Filling up the DagBag from /home/airflow/.local/lib/python3.12/site-packages/airflow/example_dags/example_sla_dag.py
[2026-08-02T19:05:12.078+0000] {processor.py:840} INFO - DAG(s) 'example_sla_dag' retrieved from /home/airflow/.local/lib/python3.12/site-packages/airflow/example_dags/example_sla_dag.py
[2026-08-02T19:05:12.098+0000] {logging_mixin.py:188} INFO - [2026-08-02T19:05:12.097+0000] {dag.py:3089} INFO - Sync 1 DAGs
[2026-08-02T19:05:12.129+0000] {logging_mixin.py:188} INFO - [2026-08-02T19:05:12.128+0000] {dag.py:3947} INFO - Setting next_dagrun for example_sla_dag to 2026-08-02 19:02:00+00:00, run_after=2026-08-02 19:04:00+00:00
[2026-08-02T19:05:12.153+0000] {processor.py:183} INFO - Processing /home/airflow/.local/lib/python3.12/site-packages/airflow/example_dags/example_sla_dag.py took 0.105 seconds
[2026-08-02T19:05:42.484+0000] {processor.py:161} INFO - Started process (PID=710) to work on /home/airflow/.local/lib/python3.12/site-packages/airflow/example_dags/example_sla_dag.py
[2026-08-02T19:05:42.485+0000] {processor.py:830} INFO - Processing file /home/airflow/.local/lib/python3.12/site-packages/airflow/example_dags/example_sla_dag.py for tasks to queue
[2026-08-02T19:05:42.487+0000] {logging_mixin.py:188} INFO - [2026-08-02T19:05:42.487+0000] {dagbag.py:545} INFO - Filling up the DagBag from /home/airflow/.local/lib/python3.12/site-packages/airflow/example_dags/example_sla_dag.py
[2026-08-02T19:05:42.494+0000] {processor.py:840} INFO - DAG(s) 'example_sla_dag' retrieved from /home/airflow/.local/lib/python3.12/site-packages/airflow/example_dags/example_sla_dag.py
[2026-08-02T19:05:42.508+0000] {logging_mixin.py:188} INFO - [2026-08-02T19:05:42.508+0000] {dag.py:3089} INFO - Sync 1 DAGs
[2026-08-02T19:05:42.527+0000] {logging_mixin.py:188} INFO - [2026-08-02T19:05:42.527+0000] {dag.py:3947} INFO - Setting next_dagrun for example_sla_dag to 2026-08-02 19:02:00+00:00, run_after=2026-08-02 19:04:00+00:00
[2026-08-02T19:05:42.545+0000] {processor.py:183} INFO - Processing /home/airflow/.local/lib/python3.12/site-packages/airflow/example_dags/example_sla_dag.py took 0.066 seconds
[2026-08-02T19:06:13.053+0000] {processor.py:161} INFO - Started process (PID=769) to work on /home/airflow/.local/lib/python3.12/site-packages/airflow/example_dags/example_sla_dag.py
[2026-08-02T19:06:13.054+0000] {processor.py:830} INFO - Processing file /home/airflow/.local/lib/python3.12/site-packages/airflow/example_dags/example_sla_dag.py for tasks to queue
[2026-08-02T19:06:13.056+0000] {logging_mixin.py:188} INFO - [2026-08-02T19:06:13.056+0000] {dagbag.py:545} INFO - Filling up the DagBag from /home/airflow/.local/lib/python3.12/site-packages/airflow/example_dags/example_sla_dag.py
[2026-08-02T19:06:13.064+0000] {processor.py:840} INFO - DAG(s) 'example_sla_dag' retrieved from /home/airflow/.local/lib/python3.12/site-packages/airflow/example_dags/example_sla_dag.py
[2026-08-02T19:06:13.084+0000] {logging_mixin.py:188} INFO - [2026-08-02T19:06:13.084+0000] {dag.py:3089} INFO - Sync 1 DAGs
[2026-08-02T19:06:13.107+0000] {logging_mixin.py:188} INFO - [2026-08-02T19:06:13.107+0000] {dag.py:3947} INFO - Setting next_dagrun for example_sla_dag to 2026-08-02 19:04:00+00:00, run_after=2026-08-02 19:06:00+00:00
[2026-08-02T19:06:13.127+0000] {processor.py:183} INFO - Processing /home/airflow/.local/lib/python3.12/site-packages/airflow/example_dags/example_sla_dag.py took 0.079 seconds
[2026-08-02T19:06:43.676+0000] {processor.py:161} INFO - Started process (PID=828) to work on /home/airflow/.local/lib/python3.12/site-packages/airflow/example_dags/example_sla_dag.py
[2026-08-02T19:06:43.677+0000] {processor.py:830} INFO - Processing file /home/airflow/.local/lib/python3.12/site-packages/airflow/example_dags/example_sla_dag.py for tasks to queue
[2026-08-02T19:06:43.679+0000] {logging_mixin.py:188} INFO - [2026-08-02T19:06:43.679+0000] {dagbag.py:545} INFO - Filling up the DagBag from /home/airflow/.local/lib/python3.12/site-packages/airflow/example_dags/example_sla_dag.py
[2026-08-02T19:06:43.687+0000] {processor.py:840} INFO - DAG(s) 'example_sla_dag' retrieved from /home/airflow/.local/lib/python3.12/site-packages/airflow/example_dags/example_sla_dag.py
[2026-08-02T19:06:43.704+0000] {logging_mixin.py:188} INFO - [2026-08-02T19:06:43.704+0000] {dag.py:3089} INFO - Sync 1 DAGs
[2026-08-02T19:06:43.726+0000] {logging_mixin.py:188} INFO - [2026-08-02T19:06:43.726+0000] {dag.py:3947} INFO - Setting next_dagrun for example_sla_dag to 2026-08-02 19:04:00+00:00, run_after=2026-08-02 19:06:00+00:00
[2026-08-02T19:06:43.745+0000] {processor.py:183} INFO - Processing /home/airflow/.local/lib/python3.12/site-packages/airflow/example_dags/example_sla_dag.py took 0.074 seconds
[2026-08-02T19:07:14.116+0000] {processor.py:161} INFO - Started process (PID=887) to work on /home/airflow/.local/lib/python3.12/site-packages/airflow/example_dags/example_sla_dag.py
[2026-08-02T19:07:14.119+0000] {processor.py:830} INFO - Processing file /home/airflow/.local/lib/python3.12/site-packages/airflow/example_dags/example_sla_dag.py for tasks to queue
[2026-08-02T19:07:14.122+0000] {logging_mixin.py:188} INFO - [2026-08-02T19:07:14.122+0000] {dagbag.py:545} INFO - Filling up the DagBag from /home/airflow/.local/lib/python3.12/site-packages/airflow/example_dags/example_sla_dag.py
[2026-08-02T19:07:14.136+0000] {processor.py:840} INFO - DAG(s) 'example_sla_dag' retrieved from /home/airflow/.local/lib/python3.12/site-packages/airflow/example_dags/example_sla_dag.py
[2026-08-02T19:07:14.163+0000] {logging_mixin.py:188} INFO - [2026-08-02T19:07:14.163+0000] {dag.py:3089} INFO - Sync 1 DAGs
[2026-08-02T19:07:14.185+0000] {logging_mixin.py:188} INFO - [2026-08-02T19:07:14.185+0000] {dag.py:3947} INFO - Setting next_dagrun for example_sla_dag to 2026-08-02 19:04:00+00:00, run_after=2026-08-02 19:06:00+00:00
[2026-08-02T19:07:14.214+0000] {processor.py:183} INFO - Processing /home/airflow/.local/lib/python3.12/site-packages/airflow/example_dags/example_sla_dag.py took 0.108 seconds
[2026-08-02T19:07:44.351+0000] {processor.py:161} INFO - Started process (PID=946) to work on /home/airflow/.local/lib/python3.12/site-packages/airflow/example_dags/example_sla_dag.py
[2026-08-02T19:07:44.352+0000] {processor.py:830} INFO - Processing file /home/airflow/.local/lib/python3.12/site-packages/airflow/example_dags/example_sla_dag.py for tasks to queue
[2026-08-02T19:07:44.355+0000] {logging_mixin.py:188} INFO - [2026-08-02T19:07:44.354+0000] {dagbag.py:545} INFO - Filling up the DagBag from /home/airflow/.local/lib/python3.12/site-packages/airflow/example_dags/example_sla_dag.py
[2026-08-02T19:07:44.367+0000] {processor.py:840} INFO - DAG(s) 'example_sla_dag' retrieved from /home/airflow/.local/lib/python3.12/site-packages/airflow/example_dags/example_sla_dag.py
[2026-08-02T19:07:44.395+0000] {logging_mixin.py:188} INFO - [2026-08-02T19:07:44.395+0000] {dag.py:3089} INFO - Sync 1 DAGs
[2026-08-02T19:07:44.417+0000] {logging_mixin.py:188} INFO - [2026-08-02T19:07:44.417+0000] {dag.py:3947} INFO - Setting next_dagrun for example_sla_dag to 2026-08-02 19:04:00+00:00, run_after=2026-08-02 19:06:00+00:00
[2026-08-02T19:07:44.439+0000] {processor.py:183} INFO - Processing /home/airflow/.local/lib/python3.12/site-packages/airflow/example_dags/example_sla_dag.py took 0.096 seconds
[2026-08-02T19:08:14.957+0000] {processor.py:161} INFO - Started process (PID=1005) to work on /home/airflow/.local/lib/python3.12/site-packages/airflow/example_dags/example_sla_dag.py
[2026-08-02T19:08:14.959+0000] {processor.py:830} INFO - Processing file /home/airflow/.local/lib/python3.12/site-packages/airflow/example_dags/example_sla_dag.py for tasks to queue
[2026-08-02T19:08:14.963+0000] {logging_mixin.py:188} INFO - [2026-08-02T19:08:14.963+0000] {dagbag.py:545} INFO - Filling up the DagBag from /home/airflow/.local/lib/python3.12/site-packages/airflow/example_dags/example_sla_dag.py
[2026-08-02T19:08:14.977+0000] {processor.py:840} INFO - DAG(s) 'example_sla_dag' retrieved from /home/airflow/.local/lib/python3.12/site-packages/airflow/example_dags/example_sla_dag.py
[2026-08-02T19:08:15.000+0000] {logging_mixin.py:188} INFO - [2026-08-02T19:08:15.000+0000] {dag.py:3089} INFO - Sync 1 DAGs
[2026-08-02T19:08:15.025+0000] {logging_mixin.py:188} INFO - [2026-08-02T19:08:15.025+0000] {dag.py:3947} INFO - Setting next_dagrun for example_sla_dag to 2026-08-02 19:06:00+00:00, run_after=2026-08-02 19:08:00+00:00
[2026-08-02T19:08:15.048+0000] {processor.py:183} INFO - Processing /home/airflow/.local/lib/python3.12/site-packages/airflow/example_dags/example_sla_dag.py took 0.103 seconds
[2026-08-02T19:09:45.478+0000] {processor.py:161} INFO - Started process (PID=90) to work on /home/airflow/.local/lib/python3.12/site-packages/airflow/example_dags/example_sla_dag.py
[2026-08-02T19:09:45.481+0000] {processor.py:830} INFO - Processing file /home/airflow/.local/lib/python3.12/site-packages/airflow/example_dags/example_sla_dag.py for tasks to queue
[2026-08-02T19:09:45.485+0000] {logging_mixin.py:188} INFO - [2026-08-02T19:09:45.485+0000] {dagbag.py:545} INFO - Filling up the DagBag from /home/airflow/.local/lib/python3.12/site-packages/airflow/example_dags/example_sla_dag.py
[2026-08-02T19:09:45.504+0000] {processor.py:840} INFO - DAG(s) 'example_sla_dag' retrieved from /home/airflow/.local/lib/python3.12/site-packages/airflow/example_dags/example_sla_dag.py
[2026-08-02T19:09:45.687+0000] {logging_mixin.py:188} INFO - [2026-08-02T19:09:45.687+0000] {dag.py:3089} INFO - Sync 1 DAGs
[2026-08-02T19:09:45.720+0000] {logging_mixin.py:188} INFO - [2026-08-02T19:09:45.720+0000] {dag.py:3947} INFO - Setting next_dagrun for example_sla_dag to 2026-08-02 19:06:00+00:00, run_after=2026-08-02 19:08:00+00:00
[2026-08-02T19:09:45.760+0000] {processor.py:183} INFO - Processing /home/airflow/.local/lib/python3.12/site-packages/airflow/example_dags/example_sla_dag.py took 0.290 seconds
[2026-08-02T19:10:16.663+0000] {processor.py:161} INFO - Started process (PID=149) to work on /home/airflow/.local/lib/python3.12/site-packages/airflow/example_dags/example_sla_dag.py
[2026-08-02T19:10:16.664+0000] {processor.py:830} INFO - Processing file /home/airflow/.local/lib/python3.12/site-packages/airflow/example_dags/example_sla_dag.py for tasks to queue
[2026-08-02T19:10:16.667+0000] {logging_mixin.py:188} INFO - [2026-08-02T19:10:16.667+0000] {dagbag.py:545} INFO - Filling up the DagBag from /home/airflow/.local/lib/python3.12/site-packages/airflow/example_dags/example_sla_dag.py
[2026-08-02T19:10:16.676+0000] {processor.py:840} INFO - DAG(s) 'example_sla_dag' retrieved from /home/airflow/.local/lib/python3.12/site-packages/airflow/example_dags/example_sla_dag.py
[2026-08-02T19:10:16.698+0000] {logging_mixin.py:188} INFO - [2026-08-02T19:10:16.697+0000] {dag.py:3089} INFO - Sync 1 DAGs
[2026-08-02T19:10:16.722+0000] {logging_mixin.py:188} INFO - [2026-08-02T19:10:16.721+0000] {dag.py:3947} INFO - Setting next_dagrun for example_sla_dag to 2026-08-02 19:08:00+00:00, run_after=2026-08-02 19:10:00+00:00
[2026-08-02T19:10:16.753+0000] {processor.py:183} INFO - Processing /home/airflow/.local/lib/python3.12/site-packages/airflow/example_dags/example_sla_dag.py took 0.100 seconds
[2026-08-02T19:10:47.282+0000] {processor.py:161} INFO - Started process (PID=208) to work on /home/airflow/.local/lib/python3.12/site-packages/airflow/example_dags/example_sla_dag.py
[2026-08-02T19:10:47.284+0000] {processor.py:830} INFO - Processing file /home/airflow/.local/lib/python3.12/site-packages/airflow/example_dags/example_sla_dag.py for tasks to queue
[2026-08-02T19:10:47.286+0000] {logging_mixin.py:188} INFO - [2026-08-02T19:10:47.286+0000] {dagbag.py:545} INFO - Filling up the DagBag from /home/airflow/.local/lib/python3.12/site-packages/airflow/example_dags/example_sla_dag.py
[2026-08-02T19:10:47.297+0000] {processor.py:840} INFO - DAG(s) 'example_sla_dag' retrieved from /home/airflow/.local/lib/python3.12/site-packages/airflow/example_dags/example_sla_dag.py
[2026-08-02T19:10:47.318+0000] {logging_mixin.py:188} INFO - [2026-08-02T19:10:47.318+0000] {dag.py:3089} INFO - Sync 1 DAGs
[2026-08-02T19:10:47.341+0000] {logging_mixin.py:188} INFO - [2026-08-02T19:10:47.341+0000] {dag.py:3947} INFO - Setting next_dagrun for example_sla_dag to 2026-08-02 19:08:00+00:00, run_after=2026-08-02 19:10:00+00:00
[2026-08-02T19:10:47.362+0000] {processor.py:183} INFO - Processing /home/airflow/.local/lib/python3.12/site-packages/airflow/example_dags/example_sla_dag.py took 0.086 seconds
[2026-08-02T19:11:17.769+0000] {processor.py:161} INFO - Started process (PID=267) to work on /home/airflow/.local/lib/python3.12/site-packages/airflow/example_dags/example_sla_dag.py
[2026-08-02T19:11:17.772+0000] {processor.py:830} INFO - Processing file /home/airflow/.local/lib/python3.12/site-packages/airflow/example_dags/example_sla_dag.py for tasks to queue
[2026-08-02T19:11:17.780+0000] {logging_mixin.py:188} INFO - [2026-08-02T19:11:17.779+0000] {dagbag.py:545} INFO - Filling up the DagBag from /home/airflow/.local/lib/python3.12/site-packages/airflow/example_dags/example_sla_dag.py
[2026-08-02T19:11:17.836+0000] {processor.py:840} INFO - DAG(s) 'example_sla_dag' retrieved from /home/airflow/.local/lib/python3.12/site-packages/airflow/example_dags/example_sla_dag.py
[2026-08-02T19:11:17.933+0000] {logging_mixin.py:188} INFO - [2026-08-02T19:11:17.932+0000] {dag.py:3089} INFO - Sync 1 DAGs
[2026-08-02T19:11:17.994+0000] {logging_mixin.py:188} INFO - [2026-08-02T19:11:17.993+0000] {dag.py:3947} INFO - Setting next_dagrun for example_sla_dag to 2026-08-02 19:08:00+00:00, run_after=2026-08-02 19:10:00+00:00
[2026-08-02T19:11:18.028+0000] {processor.py:183} INFO - Processing /home/airflow/.local/lib/python3.12/site-packages/airflow/example_dags/example_sla_dag.py took 0.294 seconds
[2026-08-02T19:11:48.151+0000] {processor.py:161} INFO - Started process (PID=326) to work on /home/airflow/.local/lib/python3.12/site-packages/airflow/example_dags/example_sla_dag.py
[2026-08-02T19:11:48.153+0000] {processor.py:830} INFO - Processing file /home/airflow/.local/lib/python3.12/site-packages/airflow/example_dags/example_sla_dag.py for tasks to queue
[2026-08-02T19:11:48.156+0000] {logging_mixin.py:188} INFO - [2026-08-02T19:11:48.155+0000] {dagbag.py:545} INFO - Filling up the DagBag from /home/airflow/.local/lib/python3.12/site-packages/airflow/example_dags/example_sla_dag.py
[2026-08-02T19:11:48.165+0000] {processor.py:840} INFO - DAG(s) 'example_sla_dag' retrieved from /home/airflow/.local/lib/python3.12/site-packages/airflow/example_dags/example_sla_dag.py
[2026-08-02T19:11:48.185+0000] {logging_mixin.py:188} INFO - [2026-08-02T19:11:48.185+0000] {dag.py:3089} INFO - Sync 1 DAGs
[2026-08-02T19:11:48.208+0000] {logging_mixin.py:188} INFO - [2026-08-02T19:11:48.208+0000] {dag.py:3947} INFO - Setting next_dagrun for example_sla_dag to 2026-08-02 19:08:00+00:00, run_after=2026-08-02 19:10:00+00:00
[2026-08-02T19:11:48.226+0000] {processor.py:183} INFO - Processing /home/airflow/.local/lib/python3.12/site-packages/airflow/example_dags/example_sla_dag.py took 0.080 seconds
[2026-08-02T19:12:18.430+0000] {processor.py:161} INFO - Started process (PID=385) to work on /home/airflow/.local/lib/python3.12/site-packages/airflow/example_dags/example_sla_dag.py
[2026-08-02T19:12:18.432+0000] {processor.py:830} INFO - Processing file /home/airflow/.local/lib/python3.12/site-packages/airflow/example_dags/example_sla_dag.py for tasks to queue
[2026-08-02T19:12:18.435+0000] {logging_mixin.py:188} INFO - [2026-08-02T19:12:18.435+0000] {dagbag.py:545} INFO - Filling up the DagBag from /home/airflow/.local/lib/python3.12/site-packages/airflow/example_dags/example_sla_dag.py
[2026-08-02T19:12:18.446+0000] {processor.py:840} INFO - DAG(s) 'example_sla_dag' retrieved from /home/airflow/.local/lib/python3.12/site-packages/airflow/example_dags/example_sla_dag.py
[2026-08-02T19:12:18.466+0000] {logging_mixin.py:188} INFO - [2026-08-02T19:12:18.466+0000] {dag.py:3089} INFO - Sync 1 DAGs
[2026-08-02T19:12:18.489+0000] {logging_mixin.py:188} INFO - [2026-08-02T19:12:18.488+0000] {dag.py:3947} INFO - Setting next_dagrun for example_sla_dag to 2026-08-02 19:10:00+00:00, run_after=2026-08-02 19:12:00+00:00
[2026-08-02T19:12:18.506+0000] {processor.py:183} INFO - Processing /home/airflow/.local/lib/python3.12/site-packages/airflow/example_dags/example_sla_dag.py took 0.084 seconds
[2026-08-02T19:12:49.017+0000] {processor.py:161} INFO - Started process (PID=450) to work on /home/airflow/.local/lib/python3.12/site-packages/airflow/example_dags/example_sla_dag.py
[2026-08-02T19:12:49.019+0000] {processor.py:830} INFO - Processing file /home/airflow/.local/lib/python3.12/site-packages/airflow/example_dags/example_sla_dag.py for tasks to queue
[2026-08-02T19:12:49.021+0000] {logging_mixin.py:188} INFO - [2026-08-02T19:12:49.021+0000] {dagbag.py:545} INFO - Filling up the DagBag from /home/airflow/.local/lib/python3.12/site-packages/airflow/example_dags/example_sla_dag.py
[2026-08-02T19:12:49.033+0000] {processor.py:840} INFO - DAG(s) 'example_sla_dag' retrieved from /home/airflow/.local/lib/python3.12/site-packages/airflow/example_dags/example_sla_dag.py
[2026-08-02T19:12:49.054+0000] {logging_mixin.py:188} INFO - [2026-08-02T19:12:49.054+0000] {dag.py:3089} INFO - Sync 1 DAGs
[2026-08-02T19:12:49.077+0000] {logging_mixin.py:188} INFO - [2026-08-02T19:12:49.076+0000] {dag.py:3947} INFO - Setting next_dagrun for example_sla_dag to 2026-08-02 19:10:00+00:00, run_after=2026-08-02 19:12:00+00:00
[2026-08-02T19:12:49.106+0000] {processor.py:183} INFO - Processing /home/airflow/.local/lib/python3.12/site-packages/airflow/example_dags/example_sla_dag.py took 0.099 seconds
[2026-08-02T19:13:19.257+0000] {processor.py:161} INFO - Started process (PID=509) to work on /home/airflow/.local/lib/python3.12/site-packages/airflow/example_dags/example_sla_dag.py
[2026-08-02T19:13:19.259+0000] {processor.py:830} INFO - Processing file /home/airflow/.local/lib/python3.12/site-packages/airflow/example_dags/example_sla_dag.py for tasks to queue
[2026-08-02T19:13:19.262+0000] {logging_mixin.py:188} INFO - [2026-08-02T19:13:19.262+0000] {dagbag.py:545} INFO - Filling up the DagBag from /home/airflow/.local/lib/python3.12/site-packages/airflow/example_dags/example_sla_dag.py
[2026-08-02T19:13:19.272+0000] {processor.py:840} INFO - DAG(s) 'example_sla_dag' retrieved from /home/airflow/.local/lib/python3.12/site-packages/airflow/example_dags/example_sla_dag.py
[2026-08-02T19:13:19.291+0000] {logging_mixin.py:188} INFO - [2026-08-02T19:13:19.291+0000] {dag.py:3089} INFO - Sync 1 DAGs
[2026-08-02T19:13:19.313+0000] {logging_mixin.py:188} INFO - [2026-08-02T19:13:19.312+0000] {dag.py:3947} INFO - Setting next_dagrun for example_sla_dag to 2026-08-02 19:10:00+00:00, run_after=2026-08-02 19:12:00+00:00
[2026-08-02T19:13:19.331+0000] {processor.py:183} INFO - Processing /home/airflow/.local/lib/python3.12/site-packages/airflow/example_dags/example_sla_dag.py took 0.084 seconds
[2026-08-02T19:13:50.217+0000] {processor.py:161} INFO - Started process (PID=568) to work on /home/airflow/.local/lib/python3.12/site-packages/airflow/example_dags/example_sla_dag.py
[2026-08-02T19:13:50.218+0000] {processor.py:830} INFO - Processing file /home/airflow/.local/lib/python3.12/site-packages/airflow/example_dags/example_sla_dag.py for tasks to queue
[2026-08-02T19:13:50.221+0000] {logging_mixin.py:188} INFO - [2026-08-02T19:13:50.221+0000] {dagbag.py:545} INFO - Filling up the DagBag from /home/airflow/.local/lib/python3.12/site-packages/airflow/example_dags/example_sla_dag.py
[2026-08-02T19:13:50.231+0000] {processor.py:840} INFO - DAG(s) 'example_sla_dag' retrieved from /home/airflow/.local/lib/python3.12/site-packages/airflow/example_dags/example_sla_dag.py
[2026-08-02T19:13:50.252+0000] {logging_mixin.py:188} INFO - [2026-08-02T19:13:50.252+0000] {dag.py:3089} INFO - Sync 1 DAGs
[2026-08-02T19:13:50.274+0000] {logging_mixin.py:188} INFO - [2026-08-02T19:13:50.273+0000] {dag.py:3947} INFO - Setting next_dagrun for example_sla_dag to 2026-08-02 19:10:00+00:00, run_after=2026-08-02 19:12:00+00:00
[2026-08-02T19:13:50.291+0000] {processor.py:183} INFO - Processing /home/airflow/.local/lib/python3.12/site-packages/airflow/example_dags/example_sla_dag.py took 0.084 seconds
[2026-08-02T19:14:20.835+0000] {processor.py:161} INFO - Started process (PID=627) to work on /home/airflow/.local/lib/python3.12/site-packages/airflow/example_dags/example_sla_dag.py
[2026-08-02T19:14:20.836+0000] {processor.py:830} INFO - Processing file /home/airflow/.local/lib/python3.12/site-packages/airflow/example_dags/example_sla_dag.py for tasks to queue
[2026-08-02T19:14:20.839+0000] {logging_mixin.py:188} INFO - [2026-08-02T19:14:20.839+0000] {dagbag.py:545} INFO - Filling up the DagBag from /home/airflow/.local/lib/python3.12/site-packages/airflow/example_dags/example_sla_dag.py
[2026-08-02T19:14:20.847+0000] {processor.py:840} INFO - DAG(s) 'example_sla_dag' retrieved from /home/airflow/.local/lib/python3.12/site-packages/airflow/example_dags/example_sla_dag.py
[2026-08-02T19:14:20.866+0000] {logging_mixin.py:188} INFO - [2026-08-02T19:14:20.866+0000] {dag.py:3089} INFO - Sync 1 DAGs
[2026-08-02T19:14:20.887+0000] {logging_mixin.py:188} INFO - [2026-08-02T19:14:20.887+0000] {dag.py:3947} INFO - Setting next_dagrun for example_sla_dag to 2026-08-02 19:12:00+00:00, run_after=2026-08-02 19:14:00+00:00
[2026-08-02T19:14:20.905+0000] {processor.py:183} INFO - Processing /home/airflow/.local/lib/python3.12/site-packages/airflow/example_dags/example_sla_dag.py took 0.076 seconds
[2026-08-02T19:14:51.477+0000] {processor.py:161} INFO - Started process (PID=686) to work on /home/airflow/.local/lib/python3.12/site-packages/airflow/example_dags/example_sla_dag.py
[2026-08-02T19:14:51.483+0000] {processor.py:830} INFO - Processing file /home/airflow/.local/lib/python3.12/site-packages/airflow/example_dags/example_sla_dag.py for tasks to queue
[2026-08-02T19:14:51.492+0000] {logging_mixin.py:188} INFO - [2026-08-02T19:14:51.491+0000] {dagbag.py:545} INFO - Filling up the DagBag from /home/airflow/.local/lib/python3.12/site-packages/airflow/example_dags/example_sla_dag.py
[2026-08-02T19:14:51.515+0000] {processor.py:840} INFO - DAG(s) 'example_sla_dag' retrieved from /home/airflow/.local/lib/python3.12/site-packages/airflow/example_dags/example_sla_dag.py
[2026-08-02T19:14:51.546+0000] {logging_mixin.py:188} INFO - [2026-08-02T19:14:51.546+0000] {dag.py:3089} INFO - Sync 1 DAGs
[2026-08-02T19:14:51.578+0000] {logging_mixin.py:188} INFO - [2026-08-02T19:14:51.578+0000] {dag.py:3947} INFO - Setting next_dagrun for example_sla_dag to 2026-08-02 19:12:00+00:00, run_after=2026-08-02 19:14:00+00:00
[2026-08-02T19:14:51.605+0000] {processor.py:183} INFO - Processing /home/airflow/.local/lib/python3.12/site-packages/airflow/example_dags/example_sla_dag.py took 0.154 seconds
[2026-08-02T19:15:22.024+0000] {processor.py:161} INFO - Started process (PID=745) to work on /home/airflow/.local/lib/python3.12/site-packages/airflow/example_dags/example_sla_dag.py
[2026-08-02T19:15:22.026+0000] {processor.py:830} INFO - Processing file /home/airflow/.local/lib/python3.12/site-packages/airflow/example_dags/example_sla_dag.py for tasks to queue
[2026-08-02T19:15:22.030+0000] {logging_mixin.py:188} INFO - [2026-08-02T19:15:22.029+0000] {dagbag.py:545} INFO - Filling up the DagBag from /home/airflow/.local/lib/python3.12/site-packages/airflow/example_dags/example_sla_dag.py
[2026-08-02T19:15:22.041+0000] {processor.py:840} INFO - DAG(s) 'example_sla_dag' retrieved from /home/airflow/.local/lib/python3.12/site-packages/airflow/example_dags/example_sla_dag.py
[2026-08-02T19:15:22.061+0000] {logging_mixin.py:188} INFO - [2026-08-02T19:15:22.060+0000] {dag.py:3089} INFO - Sync 1 DAGs
[2026-08-02T19:15:22.083+0000] {logging_mixin.py:188} INFO - [2026-08-02T19:15:22.083+0000] {dag.py:3947} INFO - Setting next_dagrun for example_sla_dag to 2026-08-02 19:12:00+00:00, run_after=2026-08-02 19:14:00+00:00
[2026-08-02T19:15:22.101+0000] {processor.py:183} INFO - Processing /home/airflow/.local/lib/python3.12/site-packages/airflow/example_dags/example_sla_dag.py took 0.087 seconds
[2026-08-02T19:15:52.507+0000] {processor.py:161} INFO - Started process (PID=804) to work on /home/airflow/.local/lib/python3.12/site-packages/airflow/example_dags/example_sla_dag.py
[2026-08-02T19:15:52.509+0000] {processor.py:830} INFO - Processing file /home/airflow/.local/lib/python3.12/site-packages/airflow/example_dags/example_sla_dag.py for tasks to queue
[2026-08-02T19:15:52.511+0000] {logging_mixin.py:188} INFO - [2026-08-02T19:15:52.511+0000] {dagbag.py:545} INFO - Filling up the DagBag from /home/airflow/.local/lib/python3.12/site-packages/airflow/example_dags/example_sla_dag.py
[2026-08-02T19:15:52.522+0000] {processor.py:840} INFO - DAG(s) 'example_sla_dag' retrieved from /home/airflow/.local/lib/python3.12/site-packages/airflow/example_dags/example_sla_dag.py
[2026-08-02T19:15:52.545+0000] {logging_mixin.py:188} INFO - [2026-08-02T19:15:52.545+0000] {dag.py:3089} INFO - Sync 1 DAGs
[2026-08-02T19:15:52.569+0000] {logging_mixin.py:188} INFO - [2026-08-02T19:15:52.569+0000] {dag.py:3947} INFO - Setting next_dagrun for example_sla_dag to 2026-08-02 19:12:00+00:00, run_after=2026-08-02 19:14:00+00:00
[2026-08-02T19:15:52.587+0000] {processor.py:183} INFO - Processing /home/airflow/.local/lib/python3.12/site-packages/airflow/example_dags/example_sla_dag.py took 0.089 seconds
[2026-08-02T19:16:22.783+0000] {processor.py:161} INFO - Started process (PID=863) to work on /home/airflow/.local/lib/python3.12/site-packages/airflow/example_dags/example_sla_dag.py
[2026-08-02T19:16:22.785+0000] {processor.py:830} INFO - Processing file /home/airflow/.local/lib/python3.12/site-packages/airflow/example_dags/example_sla_dag.py for tasks to queue
[2026-08-02T19:16:22.788+0000] {logging_mixin.py:188} INFO - [2026-08-02T19:16:22.787+0000] {dagbag.py:545} INFO - Filling up the DagBag from /home/airflow/.local/lib/python3.12/site-packages/airflow/example_dags/example_sla_dag.py
[2026-08-02T19:16:22.796+0000] {processor.py:840} INFO - DAG(s) 'example_sla_dag' retrieved from /home/airflow/.local/lib/python3.12/site-packages/airflow/example_dags/example_sla_dag.py
[2026-08-02T19:16:22.816+0000] {logging_mixin.py:188} INFO - [2026-08-02T19:16:22.816+0000] {dag.py:3089} INFO - Sync 1 DAGs
[2026-08-02T19:16:22.837+0000] {logging_mixin.py:188} INFO - [2026-08-02T19:16:22.837+0000] {dag.py:3947} INFO - Setting next_dagrun for example_sla_dag to 2026-08-02 19:14:00+00:00, run_after=2026-08-02 19:16:00+00:00
[2026-08-02T19:16:22.856+0000] {processor.py:183} INFO - Processing /home/airflow/.local/lib/python3.12/site-packages/airflow/example_dags/example_sla_dag.py took 0.079 seconds
[2026-08-02T19:16:53.063+0000] {processor.py:161} INFO - Started process (PID=922) to work on /home/airflow/.local/lib/python3.12/site-packages/airflow/example_dags/example_sla_dag.py
[2026-08-02T19:16:53.065+0000] {processor.py:830} INFO - Processing file /home/airflow/.local/lib/python3.12/site-packages/airflow/example_dags/example_sla_dag.py for tasks to queue
[2026-08-02T19:16:53.067+0000] {logging_mixin.py:188} INFO - [2026-08-02T19:16:53.066+0000] {dagbag.py:545} INFO - Filling up the DagBag from /home/airflow/.local/lib/python3.12/site-packages/airflow/example_dags/example_sla_dag.py
[2026-08-02T19:16:53.075+0000] {processor.py:840} INFO - DAG(s) 'example_sla_dag' retrieved from /home/airflow/.local/lib/python3.12/site-packages/airflow/example_dags/example_sla_dag.py
[2026-08-02T19:16:53.095+0000] {logging_mixin.py:188} INFO - [2026-08-02T19:16:53.095+0000] {dag.py:3089} INFO - Sync 1 DAGs
[2026-08-02T19:16:53.118+0000] {logging_mixin.py:188} INFO - [2026-08-02T19:16:53.118+0000] {dag.py:3947} INFO - Setting next_dagrun for example_sla_dag to 2026-08-02 19:14:00+00:00, run_after=2026-08-02 19:16:00+00:00
[2026-08-02T19:16:53.137+0000] {processor.py:183} INFO - Processing /home/airflow/.local/lib/python3.12/site-packages/airflow/example_dags/example_sla_dag.py took 0.079 seconds
[2026-08-02T19:17:23.458+0000] {processor.py:161} INFO - Started process (PID=981) to work on /home/airflow/.local/lib/python3.12/site-packages/airflow/example_dags/example_sla_dag.py
[2026-08-02T19:17:23.459+0000] {processor.py:830} INFO - Processing file /home/airflow/.local/lib/python3.12/site-packages/airflow/example_dags/example_sla_dag.py for tasks to queue
[2026-08-02T19:17:23.462+0000] {logging_mixin.py:188} INFO - [2026-08-02T19:17:23.461+0000] {dagbag.py:545} INFO - Filling up the DagBag from /home/airflow/.local/lib/python3.12/site-packages/airflow/example_dags/example_sla_dag.py
[2026-08-02T19:17:23.470+0000] {processor.py:840} INFO - DAG(s) 'example_sla_dag' retrieved from /home/airflow/.local/lib/python3.12/site-packages/airflow/example_dags/example_sla_dag.py
[2026-08-02T19:17:23.489+0000] {logging_mixin.py:188} INFO - [2026-08-02T19:17:23.489+0000] {dag.py:3089} INFO - Sync 1 DAGs
[2026-08-02T19:17:23.511+0000] {logging_mixin.py:188} INFO - [2026-08-02T19:17:23.511+0000] {dag.py:3947} INFO - Setting next_dagrun for example_sla_dag to 2026-08-02 19:14:00+00:00, run_after=2026-08-02 19:16:00+00:00
[2026-08-02T19:17:23.530+0000] {processor.py:183} INFO - Processing /home/airflow/.local/lib/python3.12/site-packages/airflow/example_dags/example_sla_dag.py took 0.078 seconds
[2026-08-02T19:17:53.623+0000] {processor.py:161} INFO - Started process (PID=1040) to work on /home/airflow/.local/lib/python3.12/site-packages/airflow/example_dags/example_sla_dag.py
[2026-08-02T19:17:53.625+0000] {processor.py:830} INFO - Processing file /home/airflow/.local/lib/python3.12/site-packages/airflow/example_dags/example_sla_dag.py for tasks to queue
[2026-08-02T19:17:53.627+0000] {logging_mixin.py:188} INFO - [2026-08-02T19:17:53.627+0000] {dagbag.py:545} INFO - Filling up the DagBag from /home/airflow/.local/lib/python3.12/site-packages/airflow/example_dags/example_sla_dag.py
[2026-08-02T19:17:53.635+0000] {processor.py:840} INFO - DAG(s) 'example_sla_dag' retrieved from /home/airflow/.local/lib/python3.12/site-packages/airflow/example_dags/example_sla_dag.py
[2026-08-02T19:17:53.655+0000] {logging_mixin.py:188} INFO - [2026-08-02T19:17:53.655+0000] {dag.py:3089} INFO - Sync 1 DAGs
[2026-08-02T19:17:53.678+0000] {logging_mixin.py:188} INFO - [2026-08-02T19:17:53.678+0000] {dag.py:3947} INFO - Setting next_dagrun for example_sla_dag to 2026-08-02 19:14:00+00:00, run_after=2026-08-02 19:16:00+00:00
[2026-08-02T19:17:53.703+0000] {processor.py:183} INFO - Processing /home/airflow/.local/lib/python3.12/site-packages/airflow/example_dags/example_sla_dag.py took 0.086 seconds
[2026-08-02T19:18:24.086+0000] {processor.py:161} INFO - Started process (PID=1099) to work on /home/airflow/.local/lib/python3.12/site-packages/airflow/example_dags/example_sla_dag.py
[2026-08-02T19:18:24.088+0000] {processor.py:830} INFO - Processing file /home/airflow/.local/lib/python3.12/site-packages/airflow/example_dags/example_sla_dag.py for tasks to queue
[2026-08-02T19:18:24.090+0000] {logging_mixin.py:188} INFO - [2026-08-02T19:18:24.089+0000] {dagbag.py:545} INFO - Filling up the DagBag from /home/airflow/.local/lib/python3.12/site-packages/airflow/example_dags/example_sla_dag.py
[2026-08-02T19:18:24.098+0000] {processor.py:840} INFO - DAG(s) 'example_sla_dag' retrieved from /home/airflow/.local/lib/python3.12/site-packages/airflow/example_dags/example_sla_dag.py
[2026-08-02T19:18:24.117+0000] {logging_mixin.py:188} INFO - [2026-08-02T19:18:24.117+0000] {dag.py:3089} INFO - Sync 1 DAGs
[2026-08-02T19:18:24.140+0000] {logging_mixin.py:188} INFO - [2026-08-02T19:18:24.140+0000] {dag.py:3947} INFO - Setting next_dagrun for example_sla_dag to 2026-08-02 19:16:00+00:00, run_after=2026-08-02 19:18:00+00:00
[2026-08-02T19:18:24.160+0000] {processor.py:183} INFO - Processing /home/airflow/.local/lib/python3.12/site-packages/airflow/example_dags/example_sla_dag.py took 0.080 seconds
[2026-08-02T19:18:54.655+0000] {processor.py:161} INFO - Started process (PID=1158) to work on /home/airflow/.local/lib/python3.12/site-packages/airflow/example_dags/example_sla_dag.py
[2026-08-02T19:18:54.657+0000] {processor.py:830} INFO - Processing file /home/airflow/.local/lib/python3.12/site-packages/airflow/example_dags/example_sla_dag.py for tasks to queue
[2026-08-02T19:18:54.660+0000] {logging_mixin.py:188} INFO - [2026-08-02T19:18:54.660+0000] {dagbag.py:545} INFO - Filling up the DagBag from /home/airflow/.local/lib/python3.12/site-packages/airflow/example_dags/example_sla_dag.py
[2026-08-02T19:18:54.670+0000] {processor.py:840} INFO - DAG(s) 'example_sla_dag' retrieved from /home/airflow/.local/lib/python3.12/site-packages/airflow/example_dags/example_sla_dag.py
[2026-08-02T19:18:54.693+0000] {logging_mixin.py:188} INFO - [2026-08-02T19:18:54.693+0000] {dag.py:3089} INFO - Sync 1 DAGs
[2026-08-02T19:18:54.717+0000] {logging_mixin.py:188} INFO - [2026-08-02T19:18:54.716+0000] {dag.py:3947} INFO - Setting next_dagrun for example_sla_dag to 2026-08-02 19:16:00+00:00, run_after=2026-08-02 19:18:00+00:00
[2026-08-02T19:18:54.743+0000] {processor.py:183} INFO - Processing /home/airflow/.local/lib/python3.12/site-packages/airflow/example_dags/example_sla_dag.py took 0.096 seconds
[2026-08-02T19:19:25.313+0000] {processor.py:161} INFO - Started process (PID=1217) to work on /home/airflow/.local/lib/python3.12/site-packages/airflow/example_dags/example_sla_dag.py
[2026-08-02T19:19:25.315+0000] {processor.py:830} INFO - Processing file /home/airflow/.local/lib/python3.12/site-packages/airflow/example_dags/example_sla_dag.py for tasks to queue
[2026-08-02T19:19:25.318+0000] {logging_mixin.py:188} INFO - [2026-08-02T19:19:25.317+0000] {dagbag.py:545} INFO - Filling up the DagBag from /home/airflow/.local/lib/python3.12/site-packages/airflow/example_dags/example_sla_dag.py
[2026-08-02T19:19:25.326+0000] {processor.py:840} INFO - DAG(s) 'example_sla_dag' retrieved from /home/airflow/.local/lib/python3.12/site-packages/airflow/example_dags/example_sla_dag.py
[2026-08-02T19:19:25.345+0000] {logging_mixin.py:188} INFO - [2026-08-02T19:19:25.344+0000] {dag.py:3089} INFO - Sync 1 DAGs
[2026-08-02T19:19:25.366+0000] {logging_mixin.py:188} INFO - [2026-08-02T19:19:25.366+0000] {dag.py:3947} INFO - Setting next_dagrun for example_sla_dag to 2026-08-02 19:16:00+00:00, run_after=2026-08-02 19:18:00+00:00
[2026-08-02T19:19:25.398+0000] {processor.py:183} INFO - Processing /home/airflow/.local/lib/python3.12/site-packages/airflow/example_dags/example_sla_dag.py took 0.093 seconds
[2026-08-02T19:19:55.891+0000] {processor.py:161} INFO - Started process (PID=1276) to work on /home/airflow/.local/lib/python3.12/site-packages/airflow/example_dags/example_sla_dag.py
[2026-08-02T19:19:55.893+0000] {processor.py:830} INFO - Processing file /home/airflow/.local/lib/python3.12/site-packages/airflow/example_dags/example_sla_dag.py for tasks to queue
[2026-08-02T19:19:55.897+0000] {logging_mixin.py:188} INFO - [2026-08-02T19:19:55.896+0000] {dagbag.py:545} INFO - Filling up the DagBag from /home/airflow/.local/lib/python3.12/site-packages/airflow/example_dags/example_sla_dag.py
[2026-08-02T19:19:55.906+0000] {processor.py:840} INFO - DAG(s) 'example_sla_dag' retrieved from /home/airflow/.local/lib/python3.12/site-packages/airflow/example_dags/example_sla_dag.py
[2026-08-02T19:19:55.925+0000] {logging_mixin.py:188} INFO - [2026-08-02T19:19:55.924+0000] {dag.py:3089} INFO - Sync 1 DAGs
[2026-08-02T19:19:55.946+0000] {logging_mixin.py:188} INFO - [2026-08-02T19:19:55.946+0000] {dag.py:3947} INFO - Setting next_dagrun for example_sla_dag to 2026-08-02 19:16:00+00:00, run_after=2026-08-02 19:18:00+00:00
[2026-08-02T19:19:55.963+0000] {processor.py:183} INFO - Processing /home/airflow/.local/lib/python3.12/site-packages/airflow/example_dags/example_sla_dag.py took 0.084 seconds
[2026-08-02T19:20:26.112+0000] {processor.py:161} INFO - Started process (PID=1335) to work on /home/airflow/.local/lib/python3.12/site-packages/airflow/example_dags/example_sla_dag.py
[2026-08-02T19:20:26.114+0000] {processor.py:830} INFO - Processing file /home/airflow/.local/lib/python3.12/site-packages/airflow/example_dags/example_sla_dag.py for tasks to queue
[2026-08-02T19:20:26.117+0000] {logging_mixin.py:188} INFO - [2026-08-02T19:20:26.117+0000] {dagbag.py:545} INFO - Filling up the DagBag from /home/airflow/.local/lib/python3.12/site-packages/airflow/example_dags/example_sla_dag.py
[2026-08-02T19:20:26.127+0000] {processor.py:840} INFO - DAG(s) 'example_sla_dag' retrieved from /home/airflow/.local/lib/python3.12/site-packages/airflow/example_dags/example_sla_dag.py
[2026-08-02T19:20:26.155+0000] {logging_mixin.py:188} INFO - [2026-08-02T19:20:26.154+0000] {dag.py:3089} INFO - Sync 1 DAGs
[2026-08-02T19:20:26.180+0000] {logging_mixin.py:188} INFO - [2026-08-02T19:20:26.179+0000] {dag.py:3947} INFO - Setting next_dagrun for example_sla_dag to 2026-08-02 19:18:00+00:00, run_after=2026-08-02 19:20:00+00:00
[2026-08-02T19:20:26.205+0000] {processor.py:183} INFO - Processing /home/airflow/.local/lib/python3.12/site-packages/airflow/example_dags/example_sla_dag.py took 0.099 seconds
