[2026-08-02T18:55:13.918+0000] {processor.py:161} INFO - Started process (PID=94) to work on /home/airflow/.local/lib/python3.12/site-packages/airflow/example_dags/example_complex.py
[2026-08-02T18:55:13.921+0000] {processor.py:830} INFO - Processing file /home/airflow/.local/lib/python3.12/site-packages/airflow/example_dags/example_complex.py for tasks to queue
[2026-08-02T18:55:13.926+0000] {logging_mixin.py:188} INFO - [2026-08-02T18:55:13.925+0000] {dagbag.py:545} INFO - Filling up the DagBag from /home/airflow/.local/lib/python3.12/site-packages/airflow/example_dags/example_complex.py
[2026-08-02T18:55:13.954+0000] {processor.py:840} INFO - DAG(s) 'example_complex' retrieved from /home/airflow/.local/lib/python3.12/site-packages/airflow/example_dags/example_complex.py
[2026-08-02T18:55:14.179+0000] {logging_mixin.py:188} INFO - [2026-08-02T18:55:14.179+0000] {dag.py:3089} INFO - Sync 1 DAGs
[2026-08-02T18:55:14.199+0000] {logging_mixin.py:188} INFO - [2026-08-02T18:55:14.199+0000] {dag.py:3947} INFO - Setting next_dagrun for example_complex to None, run_after=None
[2026-08-02T18:55:14.244+0000] {processor.py:183} INFO - Processing /home/airflow/.local/lib/python3.12/site-packages/airflow/example_dags/example_complex.py took 0.340 seconds
[2026-08-02T18:55:44.382+0000] {processor.py:161} INFO - Started process (PID=153) to work on /home/airflow/.local/lib/python3.12/site-packages/airflow/example_dags/example_complex.py
[2026-08-02T18:55:44.384+0000] {processor.py:830} INFO - Processing file /home/airflow/.local/lib/python3.12/site-packages/airflow/example_dags/example_complex.py for tasks to queue
[2026-08-02T18:55:44.388+0000] {logging_mixin.py:188} INFO - [2026-08-02T18:55:44.388+0000] {dagbag.py:545} INFO - Filling up the DagBag from /home/airflow/.local/lib/python3.12/site-packages/airflow/example_dags/example_complex.py
[2026-08-02T18:55:44.403+0000] {processor.py:840} INFO - DAG(s) 'example_complex' retrieved from /home/airflow/.local/lib/python3.12/site-packages/airflow/example_dags/example_complex.py
[2026-08-02T18:55:44.438+0000] {logging_mixin.py:188} INFO - [2026-08-02T18:55:44.438+0000] {dag.py:3089} INFO - Sync 1 DAGs
[2026-08-02T18:55:44.453+0000] {logging_mixin.py:188} INFO - [2026-08-02T18:55:44.453+0000] {dag.py:3947} INFO - Setting next_dagrun for example_complex to None, run_after=None
[2026-08-02T18:55:44.482+0000] {processor.py:183} INFO - Processing /home/airflow/.local/lib/python3.12/site-packages/airflow/example_dags/example_complex.py took 0.111 seconds
[2026-08-02T18:56:15.228+0000] {processor.py:161} INFO - Started process (PID=212) to work on /home/airflow/.local/lib/python3.12/site-packages/airflow/example_dags/example_complex.py
[2026-08-02T18:56:15.231+0000] {processor.py:830} INFO - Processing file /home/airflow/.local/lib/python3.12/site-packages/airflow/example_dags/example_complex.py for tasks to queue
[2026-08-02T18:56:15.236+0000] {logging_mixin.py:188} INFO - [2026-08-02T18:56:15.235+0000] {dagbag.py:545} INFO - Filling up the DagBag from /home/airflow/.local/lib/python3.12/site-packages/airflow/example_dags/example_complex.py
[2026-08-02T18:56:15.255+0000] {processor.py:840} INFO - DAG(s) 'example_complex' retrieved from /home/airflow/.local/lib/python3.12/site-packages/airflow/example_dags/example_complex.py
[2026-08-02T18:56:15.295+0000] {logging_mixin.py:188} INFO - [2026-08-02T18:56:15.295+0000] {dag.py:3089} INFO - Sync 1 DAGs
[2026-08-02T18:56:15.311+0000] {logging_mixin.py:188} INFO - [2026-08-02T18:56:15.311+0000] {dag.py:3947} INFO - Setting next_dagrun for example_complex to None, run_after=None
[2026-08-02T18:56:15.349+0000] {processor.py:183} INFO - Processing /home/airflow/.local/lib/python3.12/site-packages/airflow/example_dags/example_complex.py took 0.134 seconds
[2026-08-02T18:56:45.600+0000] {processor.py:161} INFO - Started process (PID=271) to work on /home/airflow/.local/lib/python3.12/site-packages/airflow/example_dags/example_complex.py
[2026-08-02T18:56:45.601+0000] {processor.py:830} INFO - Processing file /home/airflow/.local/lib/python3.12/site-packages/airflow/example_dags/example_complex.py for tasks to queue
[2026-08-02T18:56:45.604+0000] {logging_mixin.py:188} INFO - [2026-08-02T18:56:45.604+0000] {dagbag.py:545} INFO - Filling up the DagBag from /home/airflow/.local/lib/python3.12/site-packages/airflow/example_dags/example_complex.py
[2026-08-02T18:56:45.615+0000] {processor.py:840} INFO - DAG(s) 'example_complex' retrieved from /home/airflow/.local/lib/python3.12/site-packages/airflow/example_dags/example_complex.py
[2026-08-02T18:56:45.650+0000] {logging_mixin.py:188} INFO - [2026-08-02T18:56:45.650+0000] {dag.py:3089} INFO - Sync 1 DAGs
[2026-08-02T18:56:45.665+0000] {logging_mixin.py:188} INFO - [2026-08-02T18:56:45.665+0000] {dag.py:3947} INFO - Setting next_dagrun for example_complex to None, run_after=None
[2026-08-02T18:56:45.690+0000] {processor.py:183} INFO - Processing /home/airflow/.local/lib/python3.12/site-packages/airflow/example_dags/example_complex.py took 0.096 seconds
[2026-08-02T18:57:16.014+0000] {processor.py:161} INFO - Started process (PID=330) to work on /home/airflow/.local/lib/python3.12/site-packages/airflow/example_dags/example_complex.py
[2026-08-02T18:57:16.016+0000] {processor.py:830} INFO - Processing file /home/airflow/.local/lib/python3.12/site-packages/airflow/example_dags/example_complex.py for tasks to queue
[2026-08-02T18:57:16.020+0000] {logging_mixin.py:188} INFO - [2026-08-02T18:57:16.019+0000] {dagbag.py:545} INFO - Filling up the DagBag from /home/airflow/.local/lib/python3.12/site-packages/airflow/example_dags/example_complex.py
[2026-08-02T18:57:16.037+0000] {processor.py:840} INFO - DAG(s) 'example_complex' retrieved from /home/airflow/.local/lib/python3.12/site-packages/airflow/example_dags/example_complex.py
[2026-08-02T18:57:16.084+0000] {logging_mixin.py:188} INFO - [2026-08-02T18:57:16.083+0000] {dag.py:3089} INFO - Sync 1 DAGs
[2026-08-02T18:57:16.096+0000] {logging_mixin.py:188} INFO - [2026-08-02T18:57:16.096+0000] {dag.py:3947} INFO - Setting next_dagrun for example_complex to None, run_after=None
[2026-08-02T18:57:16.115+0000] {processor.py:183} INFO - Processing /home/airflow/.local/lib/python3.12/site-packages/airflow/example_dags/example_complex.py took 0.110 seconds
[2026-08-02T18:57:46.478+0000] {processor.py:161} INFO - Started process (PID=389) to work on /home/airflow/.local/lib/python3.12/site-packages/airflow/example_dags/example_complex.py
[2026-08-02T18:57:46.479+0000] {processor.py:830} INFO - Processing file /home/airflow/.local/lib/python3.12/site-packages/airflow/example_dags/example_complex.py for tasks to queue
[2026-08-02T18:57:46.481+0000] {logging_mixin.py:188} INFO - [2026-08-02T18:57:46.481+0000] {dagbag.py:545} INFO - Filling up the DagBag from /home/airflow/.local/lib/python3.12/site-packages/airflow/example_dags/example_complex.py
[2026-08-02T18:57:46.490+0000] {processor.py:840} INFO - DAG(s) 'example_complex' retrieved from /home/airflow/.local/lib/python3.12/site-packages/airflow/example_dags/example_complex.py
[2026-08-02T18:57:46.519+0000] {logging_mixin.py:188} INFO - [2026-08-02T18:57:46.519+0000] {dag.py:3089} INFO - Sync 1 DAGs
[2026-08-02T18:57:46.533+0000] {logging_mixin.py:188} INFO - [2026-08-02T18:57:46.533+0000] {dag.py:3947} INFO - Setting next_dagrun for example_complex to None, run_after=None
[2026-08-02T18:57:46.554+0000] {processor.py:183} INFO - Processing /home/airflow/.local/lib/python3.12/site-packages/airflow/example_dags/example_complex.py took 0.082 seconds
[2026-08-02T19:00:10.109+0000] {processor.py:161} INFO - Started process (PID=81) to work on /home/airflow/.local/lib/python3.12/site-packages/airflow/example_dags/example_complex.py
[2026-08-02T19:00:10.111+0000] {processor.py:830} INFO - Processing file /home/airflow/.local/lib/python3.12/site-packages/airflow/example_dags/example_complex.py for tasks to queue
[2026-08-02T19:00:10.115+0000] {logging_mixin.py:188} INFO - [2026-08-02T19:00:10.114+0000] {dagbag.py:545} INFO - Filling up the DagBag from /home/airflow/.local/lib/python3.12/site-packages/airflow/example_dags/example_complex.py
[2026-08-02T19:00:10.134+0000] {processor.py:840} INFO - DAG(s) 'example_complex' retrieved from /home/airflow/.local/lib/python3.12/site-packages/airflow/example_dags/example_complex.py
[2026-08-02T19:00:10.154+0000] {logging_mixin.py:188} INFO - [2026-08-02T19:00:10.154+0000] {dag.py:3089} INFO - Sync 1 DAGs
[2026-08-02T19:00:10.180+0000] {logging_mixin.py:188} INFO - [2026-08-02T19:00:10.180+0000] {dag.py:3947} INFO - Setting next_dagrun for example_complex to None, run_after=None
[2026-08-02T19:00:10.213+0000] {processor.py:183} INFO - Processing /home/airflow/.local/lib/python3.12/site-packages/airflow/example_dags/example_complex.py took 0.114 seconds
[2026-08-02T19:00:40.459+0000] {processor.py:161} INFO - Started process (PID=140) to work on /home/airflow/.local/lib/python3.12/site-packages/airflow/example_dags/example_complex.py
[2026-08-02T19:00:40.461+0000] {processor.py:830} INFO - Processing file /home/airflow/.local/lib/python3.12/site-packages/airflow/example_dags/example_complex.py for tasks to queue
[2026-08-02T19:00:40.463+0000] {logging_mixin.py:188} INFO - [2026-08-02T19:00:40.463+0000] {dagbag.py:545} INFO - Filling up the DagBag from /home/airflow/.local/lib/python3.12/site-packages/airflow/example_dags/example_complex.py
[2026-08-02T19:00:40.477+0000] {processor.py:840} INFO - DAG(s) 'example_complex' retrieved from /home/airflow/.local/lib/python3.12/site-packages/airflow/example_dags/example_complex.py
[2026-08-02T19:00:40.575+0000] {logging_mixin.py:188} INFO - [2026-08-02T19:00:40.574+0000] {dag.py:3089} INFO - Sync 1 DAGs
[2026-08-02T19:00:40.584+0000] {logging_mixin.py:188} INFO - [2026-08-02T19:00:40.583+0000] {dag.py:3947} INFO - Setting next_dagrun for example_complex to None, run_after=None
[2026-08-02T19:00:40.601+0000] {processor.py:183} INFO - Processing /home/airflow/.local/lib/python3.12/site-packages/airflow/example_dags/example_complex.py took 0.147 seconds
[2026-08-02T19:01:10.911+0000] {processor.py:161} INFO - Started process (PID=199) to work on /home/airflow/.local/lib/python3.12/site-packages/airflow/example_dags/example_complex.py
[2026-08-02T19:01:10.914+0000] {processor.py:830} INFO - Processing file /home/airflow/.local/lib/python3.12/site-packages/airflow/example_dags/example_complex.py for tasks to queue
[2026-08-02T19:01:10.918+0000] {logging_mixin.py:188} INFO - [2026-08-02T19:01:10.917+0000] {dagbag.py:545} INFO - Filling up the DagBag from /home/airflow/.local/lib/python3.12/site-packages/airflow/example_dags/example_complex.py
[2026-08-02T19:01:10.931+0000] {processor.py:840} INFO - DAG(s) 'example_complex' retrieved from /home/airflow/.local/lib/python3.12/site-packages/airflow/example_dags/example_complex.py
[2026-08-02T19:01:10.958+0000] {logging_mixin.py:188} INFO - [2026-08-02T19:01:10.957+0000] {dag.py:3089} INFO - Sync 1 DAGs
[2026-08-02T19:01:10.970+0000] {logging_mixin.py:188} INFO - [2026-08-02T19:01:10.969+0000] {dag.py:3947} INFO - Setting next_dagrun for example_complex to None, run_after=None
[2026-08-02T19:01:10.987+0000] {processor.py:183} INFO - Processing /home/airflow/.local/lib/python3.12/site-packages/airflow/example_dags/example_complex.py took 0.087 seconds
[2026-08-02T19:01:41.430+0000] {processor.py:161} INFO - Started process (PID=259) to work on /home/airflow/.local/lib/python3.12/site-packages/airflow/example_dags/example_complex.py
[2026-08-02T19:01:41.432+0000] {processor.py:830} INFO - Processing file /home/airflow/.local/lib/python3.12/site-packages/airflow/example_dags/example_complex.py for tasks to queue
[2026-08-02T19:01:41.435+0000] {logging_mixin.py:188} INFO - [2026-08-02T19:01:41.434+0000] {dagbag.py:545} INFO - Filling up the DagBag from /home/airflow/.local/lib/python3.12/site-packages/airflow/example_dags/example_complex.py
[2026-08-02T19:01:41.445+0000] {processor.py:840} INFO - DAG(s) 'example_complex' retrieved from /home/airflow/.local/lib/python3.12/site-packages/airflow/example_dags/example_complex.py
[2026-08-02T19:01:41.472+0000] {logging_mixin.py:188} INFO - [2026-08-02T19:01:41.472+0000] {dag.py:3089} INFO - Sync 1 DAGs
[2026-08-02T19:01:41.483+0000] {logging_mixin.py:188} INFO - [2026-08-02T19:01:41.483+0000] {dag.py:3947} INFO - Setting next_dagrun for example_complex to None, run_after=None
[2026-08-02T19:01:41.501+0000] {processor.py:183} INFO - Processing /home/airflow/.local/lib/python3.12/site-packages/airflow/example_dags/example_complex.py took 0.078 seconds
[2026-08-02T19:02:11.660+0000] {processor.py:161} INFO - Started process (PID=318) to work on /home/airflow/.local/lib/python3.12/site-packages/airflow/example_dags/example_complex.py
[2026-08-02T19:02:11.662+0000] {processor.py:830} INFO - Processing file /home/airflow/.local/lib/python3.12/site-packages/airflow/example_dags/example_complex.py for tasks to queue
[2026-08-02T19:02:11.664+0000] {logging_mixin.py:188} INFO - [2026-08-02T19:02:11.664+0000] {dagbag.py:545} INFO - Filling up the DagBag from /home/airflow/.local/lib/python3.12/site-packages/airflow/example_dags/example_complex.py
[2026-08-02T19:02:11.673+0000] {processor.py:840} INFO - DAG(s) 'example_complex' retrieved from /home/airflow/.local/lib/python3.12/site-packages/airflow/example_dags/example_complex.py
[2026-08-02T19:02:11.702+0000] {logging_mixin.py:188} INFO - [2026-08-02T19:02:11.701+0000] {dag.py:3089} INFO - Sync 1 DAGs
[2026-08-02T19:02:11.713+0000] {logging_mixin.py:188} INFO - [2026-08-02T19:02:11.713+0000] {dag.py:3947} INFO - Setting next_dagrun for example_complex to None, run_after=None
[2026-08-02T19:02:11.732+0000] {processor.py:183} INFO - Processing /home/airflow/.local/lib/python3.12/site-packages/airflow/example_dags/example_complex.py took 0.077 seconds
[2026-08-02T19:02:41.816+0000] {processor.py:161} INFO - Started process (PID=377) to work on /home/airflow/.local/lib/python3.12/site-packages/airflow/example_dags/example_complex.py
[2026-08-02T19:02:41.818+0000] {processor.py:830} INFO - Processing file /home/airflow/.local/lib/python3.12/site-packages/airflow/example_dags/example_complex.py for tasks to queue
[2026-08-02T19:02:41.823+0000] {logging_mixin.py:188} INFO - [2026-08-02T19:02:41.822+0000] {dagbag.py:545} INFO - Filling up the DagBag from /home/airflow/.local/lib/python3.12/site-packages/airflow/example_dags/example_complex.py
[2026-08-02T19:02:41.837+0000] {processor.py:840} INFO - DAG(s) 'example_complex' retrieved from /home/airflow/.local/lib/python3.12/site-packages/airflow/example_dags/example_complex.py
[2026-08-02T19:02:41.865+0000] {logging_mixin.py:188} INFO - [2026-08-02T19:02:41.864+0000] {dag.py:3089} INFO - Sync 1 DAGs
[2026-08-02T19:02:41.878+0000] {logging_mixin.py:188} INFO - [2026-08-02T19:02:41.878+0000] {dag.py:3947} INFO - Setting next_dagrun for example_complex to None, run_after=None
[2026-08-02T19:02:41.903+0000] {processor.py:183} INFO - Processing /home/airflow/.local/lib/python3.12/site-packages/airflow/example_dags/example_complex.py took 0.100 seconds
[2026-08-02T19:03:12.089+0000] {processor.py:161} INFO - Started process (PID=436) to work on /home/airflow/.local/lib/python3.12/site-packages/airflow/example_dags/example_complex.py
[2026-08-02T19:03:12.091+0000] {processor.py:830} INFO - Processing file /home/airflow/.local/lib/python3.12/site-packages/airflow/example_dags/example_complex.py for tasks to queue
[2026-08-02T19:03:12.093+0000] {logging_mixin.py:188} INFO - [2026-08-02T19:03:12.093+0000] {dagbag.py:545} INFO - Filling up the DagBag from /home/airflow/.local/lib/python3.12/site-packages/airflow/example_dags/example_complex.py
[2026-08-02T19:03:12.102+0000] {processor.py:840} INFO - DAG(s) 'example_complex' retrieved from /home/airflow/.local/lib/python3.12/site-packages/airflow/example_dags/example_complex.py
[2026-08-02T19:03:12.132+0000] {logging_mixin.py:188} INFO - [2026-08-02T19:03:12.132+0000] {dag.py:3089} INFO - Sync 1 DAGs
[2026-08-02T19:03:12.144+0000] {logging_mixin.py:188} INFO - [2026-08-02T19:03:12.144+0000] {dag.py:3947} INFO - Setting next_dagrun for example_complex to None, run_after=None
[2026-08-02T19:03:12.165+0000] {processor.py:183} INFO - Processing /home/airflow/.local/lib/python3.12/site-packages/airflow/example_dags/example_complex.py took 0.082 seconds
[2026-08-02T19:03:42.741+0000] {processor.py:161} INFO - Started process (PID=495) to work on /home/airflow/.local/lib/python3.12/site-packages/airflow/example_dags/example_complex.py
[2026-08-02T19:03:42.743+0000] {processor.py:830} INFO - Processing file /home/airflow/.local/lib/python3.12/site-packages/airflow/example_dags/example_complex.py for tasks to queue
[2026-08-02T19:03:42.747+0000] {logging_mixin.py:188} INFO - [2026-08-02T19:03:42.746+0000] {dagbag.py:545} INFO - Filling up the DagBag from /home/airflow/.local/lib/python3.12/site-packages/airflow/example_dags/example_complex.py
[2026-08-02T19:03:42.761+0000] {processor.py:840} INFO - DAG(s) 'example_complex' retrieved from /home/airflow/.local/lib/python3.12/site-packages/airflow/example_dags/example_complex.py
[2026-08-02T19:03:42.790+0000] {logging_mixin.py:188} INFO - [2026-08-02T19:03:42.790+0000] {dag.py:3089} INFO - Sync 1 DAGs
[2026-08-02T19:03:42.802+0000] {logging_mixin.py:188} INFO - [2026-08-02T19:03:42.801+0000] {dag.py:3947} INFO - Setting next_dagrun for example_complex to None, run_after=None
[2026-08-02T19:03:42.819+0000] {processor.py:183} INFO - Processing /home/airflow/.local/lib/python3.12/site-packages/airflow/example_dags/example_complex.py took 0.086 seconds
[2026-08-02T19:04:13.038+0000] {processor.py:161} INFO - Started process (PID=554) to work on /home/airflow/.local/lib/python3.12/site-packages/airflow/example_dags/example_complex.py
[2026-08-02T19:04:13.039+0000] {processor.py:830} INFO - Processing file /home/airflow/.local/lib/python3.12/site-packages/airflow/example_dags/example_complex.py for tasks to queue
[2026-08-02T19:04:13.042+0000] {logging_mixin.py:188} INFO - [2026-08-02T19:04:13.041+0000] {dagbag.py:545} INFO - Filling up the DagBag from /home/airflow/.local/lib/python3.12/site-packages/airflow/example_dags/example_complex.py
[2026-08-02T19:04:13.053+0000] {processor.py:840} INFO - DAG(s) 'example_complex' retrieved from /home/airflow/.local/lib/python3.12/site-packages/airflow/example_dags/example_complex.py
[2026-08-02T19:04:13.085+0000] {logging_mixin.py:188} INFO - [2026-08-02T19:04:13.084+0000] {dag.py:3089} INFO - Sync 1 DAGs
[2026-08-02T19:04:13.097+0000] {logging_mixin.py:188} INFO - [2026-08-02T19:04:13.097+0000] {dag.py:3947} INFO - Setting next_dagrun for example_complex to None, run_after=None
[2026-08-02T19:04:13.118+0000] {processor.py:183} INFO - Processing /home/airflow/.local/lib/python3.12/site-packages/airflow/example_dags/example_complex.py took 0.087 seconds
[2026-08-02T19:04:43.750+0000] {processor.py:161} INFO - Started process (PID=613) to work on /home/airflow/.local/lib/python3.12/site-packages/airflow/example_dags/example_complex.py
[2026-08-02T19:04:43.752+0000] {processor.py:830} INFO - Processing file /home/airflow/.local/lib/python3.12/site-packages/airflow/example_dags/example_complex.py for tasks to queue
[2026-08-02T19:04:43.755+0000] {logging_mixin.py:188} INFO - [2026-08-02T19:04:43.754+0000] {dagbag.py:545} INFO - Filling up the DagBag from /home/airflow/.local/lib/python3.12/site-packages/airflow/example_dags/example_complex.py
[2026-08-02T19:04:43.767+0000] {processor.py:840} INFO - DAG(s) 'example_complex' retrieved from /home/airflow/.local/lib/python3.12/site-packages/airflow/example_dags/example_complex.py
[2026-08-02T19:04:43.796+0000] {logging_mixin.py:188} INFO - [2026-08-02T19:04:43.796+0000] {dag.py:3089} INFO - Sync 1 DAGs
[2026-08-02T19:04:43.809+0000] {logging_mixin.py:188} INFO - [2026-08-02T19:04:43.808+0000] {dag.py:3947} INFO - Setting next_dagrun for example_complex to None, run_after=None
[2026-08-02T19:04:43.828+0000] {processor.py:183} INFO - Processing /home/airflow/.local/lib/python3.12/site-packages/airflow/example_dags/example_complex.py took 0.086 seconds
[2026-08-02T19:05:14.061+0000] {processor.py:161} INFO - Started process (PID=672) to work on /home/airflow/.local/lib/python3.12/site-packages/airflow/example_dags/example_complex.py
[2026-08-02T19:05:14.063+0000] {processor.py:830} INFO - Processing file /home/airflow/.local/lib/python3.12/site-packages/airflow/example_dags/example_complex.py for tasks to queue
[2026-08-02T19:05:14.065+0000] {logging_mixin.py:188} INFO - [2026-08-02T19:05:14.065+0000] {dagbag.py:545} INFO - Filling up the DagBag from /home/airflow/.local/lib/python3.12/site-packages/airflow/example_dags/example_complex.py
[2026-08-02T19:05:14.075+0000] {processor.py:840} INFO - DAG(s) 'example_complex' retrieved from /home/airflow/.local/lib/python3.12/site-packages/airflow/example_dags/example_complex.py
[2026-08-02T19:05:14.103+0000] {logging_mixin.py:188} INFO - [2026-08-02T19:05:14.102+0000] {dag.py:3089} INFO - Sync 1 DAGs
[2026-08-02T19:05:14.114+0000] {logging_mixin.py:188} INFO - [2026-08-02T19:05:14.114+0000] {dag.py:3947} INFO - Setting next_dagrun for example_complex to None, run_after=None
[2026-08-02T19:05:14.133+0000] {processor.py:183} INFO - Processing /home/airflow/.local/lib/python3.12/site-packages/airflow/example_dags/example_complex.py took 0.079 seconds
[2026-08-02T19:05:45.006+0000] {processor.py:161} INFO - Started process (PID=731) to work on /home/airflow/.local/lib/python3.12/site-packages/airflow/example_dags/example_complex.py
[2026-08-02T19:05:45.007+0000] {processor.py:830} INFO - Processing file /home/airflow/.local/lib/python3.12/site-packages/airflow/example_dags/example_complex.py for tasks to queue
[2026-08-02T19:05:45.010+0000] {logging_mixin.py:188} INFO - [2026-08-02T19:05:45.009+0000] {dagbag.py:545} INFO - Filling up the DagBag from /home/airflow/.local/lib/python3.12/site-packages/airflow/example_dags/example_complex.py
[2026-08-02T19:05:45.018+0000] {processor.py:840} INFO - DAG(s) 'example_complex' retrieved from /home/airflow/.local/lib/python3.12/site-packages/airflow/example_dags/example_complex.py
[2026-08-02T19:05:45.048+0000] {logging_mixin.py:188} INFO - [2026-08-02T19:05:45.048+0000] {dag.py:3089} INFO - Sync 1 DAGs
[2026-08-02T19:05:45.060+0000] {logging_mixin.py:188} INFO - [2026-08-02T19:05:45.060+0000] {dag.py:3947} INFO - Setting next_dagrun for example_complex to None, run_after=None
[2026-08-02T19:05:45.078+0000] {processor.py:183} INFO - Processing /home/airflow/.local/lib/python3.12/site-packages/airflow/example_dags/example_complex.py took 0.078 seconds
[2026-08-02T19:06:15.409+0000] {processor.py:161} INFO - Started process (PID=790) to work on /home/airflow/.local/lib/python3.12/site-packages/airflow/example_dags/example_complex.py
[2026-08-02T19:06:15.412+0000] {processor.py:830} INFO - Processing file /home/airflow/.local/lib/python3.12/site-packages/airflow/example_dags/example_complex.py for tasks to queue
[2026-08-02T19:06:15.416+0000] {logging_mixin.py:188} INFO - [2026-08-02T19:06:15.415+0000] {dagbag.py:545} INFO - Filling up the DagBag from /home/airflow/.local/lib/python3.12/site-packages/airflow/example_dags/example_complex.py
[2026-08-02T19:06:15.428+0000] {processor.py:840} INFO - DAG(s) 'example_complex' retrieved from /home/airflow/.local/lib/python3.12/site-packages/airflow/example_dags/example_complex.py
[2026-08-02T19:06:15.459+0000] {logging_mixin.py:188} INFO - [2026-08-02T19:06:15.459+0000] {dag.py:3089} INFO - Sync 1 DAGs
[2026-08-02T19:06:15.472+0000] {logging_mixin.py:188} INFO - [2026-08-02T19:06:15.471+0000] {dag.py:3947} INFO - Setting next_dagrun for example_complex to None, run_after=None
[2026-08-02T19:06:15.491+0000] {processor.py:183} INFO - Processing /home/airflow/.local/lib/python3.12/site-packages/airflow/example_dags/example_complex.py took 0.091 seconds
[2026-08-02T19:06:46.182+0000] {processor.py:161} INFO - Started process (PID=849) to work on /home/airflow/.local/lib/python3.12/site-packages/airflow/example_dags/example_complex.py
[2026-08-02T19:06:46.186+0000] {processor.py:830} INFO - Processing file /home/airflow/.local/lib/python3.12/site-packages/airflow/example_dags/example_complex.py for tasks to queue
[2026-08-02T19:06:46.192+0000] {logging_mixin.py:188} INFO - [2026-08-02T19:06:46.191+0000] {dagbag.py:545} INFO - Filling up the DagBag from /home/airflow/.local/lib/python3.12/site-packages/airflow/example_dags/example_complex.py
[2026-08-02T19:06:46.203+0000] {processor.py:840} INFO - DAG(s) 'example_complex' retrieved from /home/airflow/.local/lib/python3.12/site-packages/airflow/example_dags/example_complex.py
[2026-08-02T19:06:46.235+0000] {logging_mixin.py:188} INFO - [2026-08-02T19:06:46.235+0000] {dag.py:3089} INFO - Sync 1 DAGs
[2026-08-02T19:06:46.249+0000] {logging_mixin.py:188} INFO - [2026-08-02T19:06:46.249+0000] {dag.py:3947} INFO - Setting next_dagrun for example_complex to None, run_after=None
[2026-08-02T19:06:46.271+0000] {processor.py:183} INFO - Processing /home/airflow/.local/lib/python3.12/site-packages/airflow/example_dags/example_complex.py took 0.099 seconds
[2026-08-02T19:07:16.801+0000] {processor.py:161} INFO - Started process (PID=908) to work on /home/airflow/.local/lib/python3.12/site-packages/airflow/example_dags/example_complex.py
[2026-08-02T19:07:16.803+0000] {processor.py:830} INFO - Processing file /home/airflow/.local/lib/python3.12/site-packages/airflow/example_dags/example_complex.py for tasks to queue
[2026-08-02T19:07:16.805+0000] {logging_mixin.py:188} INFO - [2026-08-02T19:07:16.804+0000] {dagbag.py:545} INFO - Filling up the DagBag from /home/airflow/.local/lib/python3.12/site-packages/airflow/example_dags/example_complex.py
[2026-08-02T19:07:16.814+0000] {processor.py:840} INFO - DAG(s) 'example_complex' retrieved from /home/airflow/.local/lib/python3.12/site-packages/airflow/example_dags/example_complex.py
[2026-08-02T19:07:16.841+0000] {logging_mixin.py:188} INFO - [2026-08-02T19:07:16.840+0000] {dag.py:3089} INFO - Sync 1 DAGs
[2026-08-02T19:07:16.852+0000] {logging_mixin.py:188} INFO - [2026-08-02T19:07:16.852+0000] {dag.py:3947} INFO - Setting next_dagrun for example_complex to None, run_after=None
[2026-08-02T19:07:16.871+0000] {processor.py:183} INFO - Processing /home/airflow/.local/lib/python3.12/site-packages/airflow/example_dags/example_complex.py took 0.076 seconds
[2026-08-02T19:07:47.215+0000] {processor.py:161} INFO - Started process (PID=967) to work on /home/airflow/.local/lib/python3.12/site-packages/airflow/example_dags/example_complex.py
[2026-08-02T19:07:47.217+0000] {processor.py:830} INFO - Processing file /home/airflow/.local/lib/python3.12/site-packages/airflow/example_dags/example_complex.py for tasks to queue
[2026-08-02T19:07:47.219+0000] {logging_mixin.py:188} INFO - [2026-08-02T19:07:47.218+0000] {dagbag.py:545} INFO - Filling up the DagBag from /home/airflow/.local/lib/python3.12/site-packages/airflow/example_dags/example_complex.py
[2026-08-02T19:07:47.230+0000] {processor.py:840} INFO - DAG(s) 'example_complex' retrieved from /home/airflow/.local/lib/python3.12/site-packages/airflow/example_dags/example_complex.py
[2026-08-02T19:07:47.257+0000] {logging_mixin.py:188} INFO - [2026-08-02T19:07:47.257+0000] {dag.py:3089} INFO - Sync 1 DAGs
[2026-08-02T19:07:47.271+0000] {logging_mixin.py:188} INFO - [2026-08-02T19:07:47.270+0000] {dag.py:3947} INFO - Setting next_dagrun for example_complex to None, run_after=None
[2026-08-02T19:07:47.290+0000] {processor.py:183} INFO - Processing /home/airflow/.local/lib/python3.12/site-packages/airflow/example_dags/example_complex.py took 0.081 seconds
[2026-08-02T19:08:17.551+0000] {processor.py:161} INFO - Started process (PID=1026) to work on /home/airflow/.local/lib/python3.12/site-packages/airflow/example_dags/example_complex.py
[2026-08-02T19:08:17.554+0000] {processor.py:830} INFO - Processing file /home/airflow/.local/lib/python3.12/site-packages/airflow/example_dags/example_complex.py for tasks to queue
[2026-08-02T19:08:17.557+0000] {logging_mixin.py:188} INFO - [2026-08-02T19:08:17.556+0000] {dagbag.py:545} INFO - Filling up the DagBag from /home/airflow/.local/lib/python3.12/site-packages/airflow/example_dags/example_complex.py
[2026-08-02T19:08:17.567+0000] {processor.py:840} INFO - DAG(s) 'example_complex' retrieved from /home/airflow/.local/lib/python3.12/site-packages/airflow/example_dags/example_complex.py
[2026-08-02T19:08:17.600+0000] {logging_mixin.py:188} INFO - [2026-08-02T19:08:17.600+0000] {dag.py:3089} INFO - Sync 1 DAGs
[2026-08-02T19:08:17.613+0000] {logging_mixin.py:188} INFO - [2026-08-02T19:08:17.613+0000] {dag.py:3947} INFO - Setting next_dagrun for example_complex to None, run_after=None
[2026-08-02T19:08:17.634+0000] {processor.py:183} INFO - Processing /home/airflow/.local/lib/python3.12/site-packages/airflow/example_dags/example_complex.py took 0.090 seconds
[2026-08-02T19:09:50.220+0000] {processor.py:161} INFO - Started process (PID=117) to work on /home/airflow/.local/lib/python3.12/site-packages/airflow/example_dags/example_complex.py
[2026-08-02T19:09:50.222+0000] {processor.py:830} INFO - Processing file /home/airflow/.local/lib/python3.12/site-packages/airflow/example_dags/example_complex.py for tasks to queue
[2026-08-02T19:09:50.224+0000] {logging_mixin.py:188} INFO - [2026-08-02T19:09:50.224+0000] {dagbag.py:545} INFO - Filling up the DagBag from /home/airflow/.local/lib/python3.12/site-packages/airflow/example_dags/example_complex.py
[2026-08-02T19:09:50.240+0000] {processor.py:840} INFO - DAG(s) 'example_complex' retrieved from /home/airflow/.local/lib/python3.12/site-packages/airflow/example_dags/example_complex.py
[2026-08-02T19:09:50.366+0000] {logging_mixin.py:188} INFO - [2026-08-02T19:09:50.366+0000] {dag.py:3089} INFO - Sync 1 DAGs
[2026-08-02T19:09:50.378+0000] {logging_mixin.py:188} INFO - [2026-08-02T19:09:50.378+0000] {dag.py:3947} INFO - Setting next_dagrun for example_complex to None, run_after=None
[2026-08-02T19:09:50.404+0000] {processor.py:183} INFO - Processing /home/airflow/.local/lib/python3.12/site-packages/airflow/example_dags/example_complex.py took 0.190 seconds
[2026-08-02T19:10:21.104+0000] {processor.py:161} INFO - Started process (PID=176) to work on /home/airflow/.local/lib/python3.12/site-packages/airflow/example_dags/example_complex.py
[2026-08-02T19:10:21.105+0000] {processor.py:830} INFO - Processing file /home/airflow/.local/lib/python3.12/site-packages/airflow/example_dags/example_complex.py for tasks to queue
[2026-08-02T19:10:21.107+0000] {logging_mixin.py:188} INFO - [2026-08-02T19:10:21.107+0000] {dagbag.py:545} INFO - Filling up the DagBag from /home/airflow/.local/lib/python3.12/site-packages/airflow/example_dags/example_complex.py
[2026-08-02T19:10:21.117+0000] {processor.py:840} INFO - DAG(s) 'example_complex' retrieved from /home/airflow/.local/lib/python3.12/site-packages/airflow/example_dags/example_complex.py
[2026-08-02T19:10:21.148+0000] {logging_mixin.py:188} INFO - [2026-08-02T19:10:21.147+0000] {dag.py:3089} INFO - Sync 1 DAGs
[2026-08-02T19:10:21.162+0000] {logging_mixin.py:188} INFO - [2026-08-02T19:10:21.161+0000] {dag.py:3947} INFO - Setting next_dagrun for example_complex to None, run_after=None
[2026-08-02T19:10:21.182+0000] {processor.py:183} INFO - Processing /home/airflow/.local/lib/python3.12/site-packages/airflow/example_dags/example_complex.py took 0.084 seconds
[2026-08-02T19:10:51.637+0000] {processor.py:161} INFO - Started process (PID=235) to work on /home/airflow/.local/lib/python3.12/site-packages/airflow/example_dags/example_complex.py
[2026-08-02T19:10:51.639+0000] {processor.py:830} INFO - Processing file /home/airflow/.local/lib/python3.12/site-packages/airflow/example_dags/example_complex.py for tasks to queue
[2026-08-02T19:10:51.642+0000] {logging_mixin.py:188} INFO - [2026-08-02T19:10:51.641+0000] {dagbag.py:545} INFO - Filling up the DagBag from /home/airflow/.local/lib/python3.12/site-packages/airflow/example_dags/example_complex.py
[2026-08-02T19:10:51.652+0000] {processor.py:840} INFO - DAG(s) 'example_complex' retrieved from /home/airflow/.local/lib/python3.12/site-packages/airflow/example_dags/example_complex.py
[2026-08-02T19:10:51.686+0000] {logging_mixin.py:188} INFO - [2026-08-02T19:10:51.685+0000] {dag.py:3089} INFO - Sync 1 DAGs
[2026-08-02T19:10:51.699+0000] {logging_mixin.py:188} INFO - [2026-08-02T19:10:51.699+0000] {dag.py:3947} INFO - Setting next_dagrun for example_complex to None, run_after=None
[2026-08-02T19:10:51.720+0000] {processor.py:183} INFO - Processing /home/airflow/.local/lib/python3.12/site-packages/airflow/example_dags/example_complex.py took 0.088 seconds
[2026-08-02T19:11:22.583+0000] {processor.py:161} INFO - Started process (PID=294) to work on /home/airflow/.local/lib/python3.12/site-packages/airflow/example_dags/example_complex.py
[2026-08-02T19:11:22.585+0000] {processor.py:830} INFO - Processing file /home/airflow/.local/lib/python3.12/site-packages/airflow/example_dags/example_complex.py for tasks to queue
[2026-08-02T19:11:22.587+0000] {logging_mixin.py:188} INFO - [2026-08-02T19:11:22.587+0000] {dagbag.py:545} INFO - Filling up the DagBag from /home/airflow/.local/lib/python3.12/site-packages/airflow/example_dags/example_complex.py
[2026-08-02T19:11:22.598+0000] {processor.py:840} INFO - DAG(s) 'example_complex' retrieved from /home/airflow/.local/lib/python3.12/site-packages/airflow/example_dags/example_complex.py
[2026-08-02T19:11:22.628+0000] {logging_mixin.py:188} INFO - [2026-08-02T19:11:22.628+0000] {dag.py:3089} INFO - Sync 1 DAGs
[2026-08-02T19:11:22.640+0000] {logging_mixin.py:188} INFO - [2026-08-02T19:11:22.640+0000] {dag.py:3947} INFO - Setting next_dagrun for example_complex to None, run_after=None
[2026-08-02T19:11:22.661+0000] {processor.py:183} INFO - Processing /home/airflow/.local/lib/python3.12/site-packages/airflow/example_dags/example_complex.py took 0.085 seconds
[2026-08-02T19:11:53.255+0000] {processor.py:161} INFO - Started process (PID=353) to work on /home/airflow/.local/lib/python3.12/site-packages/airflow/example_dags/example_complex.py
[2026-08-02T19:11:53.256+0000] {processor.py:830} INFO - Processing file /home/airflow/.local/lib/python3.12/site-packages/airflow/example_dags/example_complex.py for tasks to queue
[2026-08-02T19:11:53.259+0000] {logging_mixin.py:188} INFO - [2026-08-02T19:11:53.258+0000] {dagbag.py:545} INFO - Filling up the DagBag from /home/airflow/.local/lib/python3.12/site-packages/airflow/example_dags/example_complex.py
[2026-08-02T19:11:53.269+0000] {processor.py:840} INFO - DAG(s) 'example_complex' retrieved from /home/airflow/.local/lib/python3.12/site-packages/airflow/example_dags/example_complex.py
[2026-08-02T19:11:53.299+0000] {logging_mixin.py:188} INFO - [2026-08-02T19:11:53.299+0000] {dag.py:3089} INFO - Sync 1 DAGs
[2026-08-02T19:11:53.312+0000] {logging_mixin.py:188} INFO - [2026-08-02T19:11:53.312+0000] {dag.py:3947} INFO - Setting next_dagrun for example_complex to None, run_after=None
[2026-08-02T19:11:53.331+0000] {processor.py:183} INFO - Processing /home/airflow/.local/lib/python3.12/site-packages/airflow/example_dags/example_complex.py took 0.083 seconds
[2026-08-02T19:12:23.945+0000] {processor.py:161} INFO - Started process (PID=412) to work on /home/airflow/.local/lib/python3.12/site-packages/airflow/example_dags/example_complex.py
[2026-08-02T19:12:23.947+0000] {processor.py:830} INFO - Processing file /home/airflow/.local/lib/python3.12/site-packages/airflow/example_dags/example_complex.py for tasks to queue
[2026-08-02T19:12:23.949+0000] {logging_mixin.py:188} INFO - [2026-08-02T19:12:23.949+0000] {dagbag.py:545} INFO - Filling up the DagBag from /home/airflow/.local/lib/python3.12/site-packages/airflow/example_dags/example_complex.py
[2026-08-02T19:12:23.959+0000] {processor.py:840} INFO - DAG(s) 'example_complex' retrieved from /home/airflow/.local/lib/python3.12/site-packages/airflow/example_dags/example_complex.py
[2026-08-02T19:12:23.991+0000] {logging_mixin.py:188} INFO - [2026-08-02T19:12:23.991+0000] {dag.py:3089} INFO - Sync 1 DAGs
[2026-08-02T19:12:24.006+0000] {logging_mixin.py:188} INFO - [2026-08-02T19:12:24.005+0000] {dag.py:3947} INFO - Setting next_dagrun for example_complex to None, run_after=None
[2026-08-02T19:12:24.027+0000] {processor.py:183} INFO - Processing /home/airflow/.local/lib/python3.12/site-packages/airflow/example_dags/example_complex.py took 0.091 seconds
[2026-08-02T19:12:54.409+0000] {processor.py:161} INFO - Started process (PID=471) to work on /home/airflow/.local/lib/python3.12/site-packages/airflow/example_dags/example_complex.py
[2026-08-02T19:12:54.410+0000] {processor.py:830} INFO - Processing file /home/airflow/.local/lib/python3.12/site-packages/airflow/example_dags/example_complex.py for tasks to queue
[2026-08-02T19:12:54.413+0000] {logging_mixin.py:188} INFO - [2026-08-02T19:12:54.412+0000] {dagbag.py:545} INFO - Filling up the DagBag from /home/airflow/.local/lib/python3.12/site-packages/airflow/example_dags/example_complex.py
[2026-08-02T19:12:54.422+0000] {processor.py:840} INFO - DAG(s) 'example_complex' retrieved from /home/airflow/.local/lib/python3.12/site-packages/airflow/example_dags/example_complex.py
[2026-08-02T19:12:54.455+0000] {logging_mixin.py:188} INFO - [2026-08-02T19:12:54.455+0000] {dag.py:3089} INFO - Sync 1 DAGs
[2026-08-02T19:12:54.469+0000] {logging_mixin.py:188} INFO - [2026-08-02T19:12:54.469+0000] {dag.py:3947} INFO - Setting next_dagrun for example_complex to None, run_after=None
[2026-08-02T19:12:54.489+0000] {processor.py:183} INFO - Processing /home/airflow/.local/lib/python3.12/site-packages/airflow/example_dags/example_complex.py took 0.085 seconds
[2026-08-02T19:13:24.878+0000] {processor.py:161} INFO - Started process (PID=530) to work on /home/airflow/.local/lib/python3.12/site-packages/airflow/example_dags/example_complex.py
[2026-08-02T19:13:24.880+0000] {processor.py:830} INFO - Processing file /home/airflow/.local/lib/python3.12/site-packages/airflow/example_dags/example_complex.py for tasks to queue
[2026-08-02T19:13:24.882+0000] {logging_mixin.py:188} INFO - [2026-08-02T19:13:24.882+0000] {dagbag.py:545} INFO - Filling up the DagBag from /home/airflow/.local/lib/python3.12/site-packages/airflow/example_dags/example_complex.py
[2026-08-02T19:13:24.892+0000] {processor.py:840} INFO - DAG(s) 'example_complex' retrieved from /home/airflow/.local/lib/python3.12/site-packages/airflow/example_dags/example_complex.py
[2026-08-02T19:13:24.919+0000] {logging_mixin.py:188} INFO - [2026-08-02T19:13:24.919+0000] {dag.py:3089} INFO - Sync 1 DAGs
[2026-08-02T19:13:24.932+0000] {logging_mixin.py:188} INFO - [2026-08-02T19:13:24.931+0000] {dag.py:3947} INFO - Setting next_dagrun for example_complex to None, run_after=None
[2026-08-02T19:13:24.951+0000] {processor.py:183} INFO - Processing /home/airflow/.local/lib/python3.12/site-packages/airflow/example_dags/example_complex.py took 0.081 seconds
[2026-08-02T19:13:55.082+0000] {processor.py:161} INFO - Started process (PID=589) to work on /home/airflow/.local/lib/python3.12/site-packages/airflow/example_dags/example_complex.py
[2026-08-02T19:13:55.084+0000] {processor.py:830} INFO - Processing file /home/airflow/.local/lib/python3.12/site-packages/airflow/example_dags/example_complex.py for tasks to queue
[2026-08-02T19:13:55.086+0000] {logging_mixin.py:188} INFO - [2026-08-02T19:13:55.086+0000] {dagbag.py:545} INFO - Filling up the DagBag from /home/airflow/.local/lib/python3.12/site-packages/airflow/example_dags/example_complex.py
[2026-08-02T19:13:55.097+0000] {processor.py:840} INFO - DAG(s) 'example_complex' retrieved from /home/airflow/.local/lib/python3.12/site-packages/airflow/example_dags/example_complex.py
[2026-08-02T19:13:55.128+0000] {logging_mixin.py:188} INFO - [2026-08-02T19:13:55.127+0000] {dag.py:3089} INFO - Sync 1 DAGs
[2026-08-02T19:13:55.141+0000] {logging_mixin.py:188} INFO - [2026-08-02T19:13:55.141+0000] {dag.py:3947} INFO - Setting next_dagrun for example_complex to None, run_after=None
[2026-08-02T19:13:55.160+0000] {processor.py:183} INFO - Processing /home/airflow/.local/lib/python3.12/site-packages/airflow/example_dags/example_complex.py took 0.084 seconds
[2026-08-02T19:14:25.274+0000] {processor.py:161} INFO - Started process (PID=648) to work on /home/airflow/.local/lib/python3.12/site-packages/airflow/example_dags/example_complex.py
[2026-08-02T19:14:25.276+0000] {processor.py:830} INFO - Processing file /home/airflow/.local/lib/python3.12/site-packages/airflow/example_dags/example_complex.py for tasks to queue
[2026-08-02T19:14:25.279+0000] {logging_mixin.py:188} INFO - [2026-08-02T19:14:25.278+0000] {dagbag.py:545} INFO - Filling up the DagBag from /home/airflow/.local/lib/python3.12/site-packages/airflow/example_dags/example_complex.py
[2026-08-02T19:14:25.289+0000] {processor.py:840} INFO - DAG(s) 'example_complex' retrieved from /home/airflow/.local/lib/python3.12/site-packages/airflow/example_dags/example_complex.py
[2026-08-02T19:14:25.318+0000] {logging_mixin.py:188} INFO - [2026-08-02T19:14:25.317+0000] {dag.py:3089} INFO - Sync 1 DAGs
[2026-08-02T19:14:25.330+0000] {logging_mixin.py:188} INFO - [2026-08-02T19:14:25.330+0000] {dag.py:3947} INFO - Setting next_dagrun for example_complex to None, run_after=None
[2026-08-02T19:14:25.350+0000] {processor.py:183} INFO - Processing /home/airflow/.local/lib/python3.12/site-packages/airflow/example_dags/example_complex.py took 0.083 seconds
[2026-08-02T19:14:55.732+0000] {processor.py:161} INFO - Started process (PID=707) to work on /home/airflow/.local/lib/python3.12/site-packages/airflow/example_dags/example_complex.py
[2026-08-02T19:14:55.733+0000] {processor.py:830} INFO - Processing file /home/airflow/.local/lib/python3.12/site-packages/airflow/example_dags/example_complex.py for tasks to queue
[2026-08-02T19:14:55.736+0000] {logging_mixin.py:188} INFO - [2026-08-02T19:14:55.735+0000] {dagbag.py:545} INFO - Filling up the DagBag from /home/airflow/.local/lib/python3.12/site-packages/airflow/example_dags/example_complex.py
[2026-08-02T19:14:55.748+0000] {processor.py:840} INFO - DAG(s) 'example_complex' retrieved from /home/airflow/.local/lib/python3.12/site-packages/airflow/example_dags/example_complex.py
[2026-08-02T19:14:55.785+0000] {logging_mixin.py:188} INFO - [2026-08-02T19:14:55.785+0000] {dag.py:3089} INFO - Sync 1 DAGs
[2026-08-02T19:14:55.804+0000] {logging_mixin.py:188} INFO - [2026-08-02T19:14:55.803+0000] {dag.py:3947} INFO - Setting next_dagrun for example_complex to None, run_after=None
[2026-08-02T19:14:55.847+0000] {processor.py:183} INFO - Processing /home/airflow/.local/lib/python3.12/site-packages/airflow/example_dags/example_complex.py took 0.121 seconds
[2026-08-02T19:15:26.342+0000] {processor.py:161} INFO - Started process (PID=766) to work on /home/airflow/.local/lib/python3.12/site-packages/airflow/example_dags/example_complex.py
[2026-08-02T19:15:26.344+0000] {processor.py:830} INFO - Processing file /home/airflow/.local/lib/python3.12/site-packages/airflow/example_dags/example_complex.py for tasks to queue
[2026-08-02T19:15:26.346+0000] {logging_mixin.py:188} INFO - [2026-08-02T19:15:26.346+0000] {dagbag.py:545} INFO - Filling up the DagBag from /home/airflow/.local/lib/python3.12/site-packages/airflow/example_dags/example_complex.py
[2026-08-02T19:15:26.356+0000] {processor.py:840} INFO - DAG(s) 'example_complex' retrieved from /home/airflow/.local/lib/python3.12/site-packages/airflow/example_dags/example_complex.py
[2026-08-02T19:15:26.384+0000] {logging_mixin.py:188} INFO - [2026-08-02T19:15:26.384+0000] {dag.py:3089} INFO - Sync 1 DAGs
[2026-08-02T19:15:26.396+0000] {logging_mixin.py:188} INFO - [2026-08-02T19:15:26.395+0000] {dag.py:3947} INFO - Setting next_dagrun for example_complex to None, run_after=None
[2026-08-02T19:15:26.414+0000] {processor.py:183} INFO - Processing /home/airflow/.local/lib/python3.12/site-packages/airflow/example_dags/example_complex.py took 0.080 seconds
[2026-08-02T19:15:57.112+0000] {processor.py:161} INFO - Started process (PID=825) to work on /home/airflow/.local/lib/python3.12/site-packages/airflow/example_dags/example_complex.py
[2026-08-02T19:15:57.114+0000] {processor.py:830} INFO - Processing file /home/airflow/.local/lib/python3.12/site-packages/airflow/example_dags/example_complex.py for tasks to queue
[2026-08-02T19:15:57.118+0000] {logging_mixin.py:188} INFO - [2026-08-02T19:15:57.118+0000] {dagbag.py:545} INFO - Filling up the DagBag from /home/airflow/.local/lib/python3.12/site-packages/airflow/example_dags/example_complex.py
[2026-08-02T19:15:57.130+0000] {processor.py:840} INFO - DAG(s) 'example_complex' retrieved from /home/airflow/.local/lib/python3.12/site-packages/airflow/example_dags/example_complex.py
[2026-08-02T19:15:57.164+0000] {logging_mixin.py:188} INFO - [2026-08-02T19:15:57.163+0000] {dag.py:3089} INFO - Sync 1 DAGs
[2026-08-02T19:15:57.175+0000] {logging_mixin.py:188} INFO - [2026-08-02T19:15:57.175+0000] {dag.py:3947} INFO - Setting next_dagrun for example_complex to None, run_after=None
[2026-08-02T19:15:57.194+0000] {processor.py:183} INFO - Processing /home/airflow/.local/lib/python3.12/site-packages/airflow/example_dags/example_complex.py took 0.091 seconds
[2026-08-02T19:16:27.501+0000] {processor.py:161} INFO - Started process (PID=884) to work on /home/airflow/.local/lib/python3.12/site-packages/airflow/example_dags/example_complex.py
[2026-08-02T19:16:27.503+0000] {processor.py:830} INFO - Processing file /home/airflow/.local/lib/python3.12/site-packages/airflow/example_dags/example_complex.py for tasks to queue
[2026-08-02T19:16:27.508+0000] {logging_mixin.py:188} INFO - [2026-08-02T19:16:27.507+0000] {dagbag.py:545} INFO - Filling up the DagBag from /home/airflow/.local/lib/python3.12/site-packages/airflow/example_dags/example_complex.py
[2026-08-02T19:16:27.528+0000] {processor.py:840} INFO - DAG(s) 'example_complex' retrieved from /home/airflow/.local/lib/python3.12/site-packages/airflow/example_dags/example_complex.py
[2026-08-02T19:16:27.580+0000] {logging_mixin.py:188} INFO - [2026-08-02T19:16:27.579+0000] {dag.py:3089} INFO - Sync 1 DAGs
[2026-08-02T19:16:27.598+0000] {logging_mixin.py:188} INFO - [2026-08-02T19:16:27.597+0000] {dag.py:3947} INFO - Setting next_dagrun for example_complex to None, run_after=None
[2026-08-02T19:16:27.625+0000] {processor.py:183} INFO - Processing /home/airflow/.local/lib/python3.12/site-packages/airflow/example_dags/example_complex.py took 0.136 seconds
[2026-08-02T19:16:58.321+0000] {processor.py:161} INFO - Started process (PID=943) to work on /home/airflow/.local/lib/python3.12/site-packages/airflow/example_dags/example_complex.py
[2026-08-02T19:16:58.323+0000] {processor.py:830} INFO - Processing file /home/airflow/.local/lib/python3.12/site-packages/airflow/example_dags/example_complex.py for tasks to queue
[2026-08-02T19:16:58.326+0000] {logging_mixin.py:188} INFO - [2026-08-02T19:16:58.326+0000] {dagbag.py:545} INFO - Filling up the DagBag from /home/airflow/.local/lib/python3.12/site-packages/airflow/example_dags/example_complex.py
[2026-08-02T19:16:58.337+0000] {processor.py:840} INFO - DAG(s) 'example_complex' retrieved from /home/airflow/.local/lib/python3.12/site-packages/airflow/example_dags/example_complex.py
[2026-08-02T19:16:58.368+0000] {logging_mixin.py:188} INFO - [2026-08-02T19:16:58.368+0000] {dag.py:3089} INFO - Sync 1 DAGs
[2026-08-02T19:16:58.382+0000] {logging_mixin.py:188} INFO - [2026-08-02T19:16:58.382+0000] {dag.py:3947} INFO - Setting next_dagrun for example_complex to None, run_after=None
[2026-08-02T19:16:58.405+0000] {processor.py:183} INFO - Processing /home/airflow/.local/lib/python3.12/site-packages/airflow/example_dags/example_complex.py took 0.091 seconds
[2026-08-02T19:17:29.093+0000] {processor.py:161} INFO - Started process (PID=1002) to work on /home/airflow/.local/lib/python3.12/site-packages/airflow/example_dags/example_complex.py
[2026-08-02T19:17:29.095+0000] {processor.py:830} INFO - Processing file /home/airflow/.local/lib/python3.12/site-packages/airflow/example_dags/example_complex.py for tasks to queue
[2026-08-02T19:17:29.099+0000] {logging_mixin.py:188} INFO - [2026-08-02T19:17:29.098+0000] {dagbag.py:545} INFO - Filling up the DagBag from /home/airflow/.local/lib/python3.12/site-packages/airflow/example_dags/example_complex.py
[2026-08-02T19:17:29.111+0000] {processor.py:840} INFO - DAG(s) 'example_complex' retrieved from /home/airflow/.local/lib/python3.12/site-packages/airflow/example_dags/example_complex.py
[2026-08-02T19:17:29.139+0000] {logging_mixin.py:188} INFO - [2026-08-02T19:17:29.139+0000] {dag.py:3089} INFO - Sync 1 DAGs
[2026-08-02T19:17:29.151+0000] {logging_mixin.py:188} INFO - [2026-08-02T19:17:29.151+0000] {dag.py:3947} INFO - Setting next_dagrun for example_complex to None, run_after=None
[2026-08-02T19:17:29.169+0000] {processor.py:183} INFO - Processing /home/airflow/.local/lib/python3.12/site-packages/airflow/example_dags/example_complex.py took 0.087 seconds
[2026-08-02T19:17:59.977+0000] {processor.py:161} INFO - Started process (PID=1061) to work on /home/airflow/.local/lib/python3.12/site-packages/airflow/example_dags/example_complex.py
[2026-08-02T19:17:59.979+0000] {processor.py:830} INFO - Processing file /home/airflow/.local/lib/python3.12/site-packages/airflow/example_dags/example_complex.py for tasks to queue
[2026-08-02T19:17:59.981+0000] {logging_mixin.py:188} INFO - [2026-08-02T19:17:59.981+0000] {dagbag.py:545} INFO - Filling up the DagBag from /home/airflow/.local/lib/python3.12/site-packages/airflow/example_dags/example_complex.py
[2026-08-02T19:17:59.990+0000] {processor.py:840} INFO - DAG(s) 'example_complex' retrieved from /home/airflow/.local/lib/python3.12/site-packages/airflow/example_dags/example_complex.py
[2026-08-02T19:18:00.020+0000] {logging_mixin.py:188} INFO - [2026-08-02T19:18:00.019+0000] {dag.py:3089} INFO - Sync 1 DAGs
[2026-08-02T19:18:00.030+0000] {logging_mixin.py:188} INFO - [2026-08-02T19:18:00.030+0000] {dag.py:3947} INFO - Setting next_dagrun for example_complex to None, run_after=None
[2026-08-02T19:18:00.047+0000] {processor.py:183} INFO - Processing /home/airflow/.local/lib/python3.12/site-packages/airflow/example_dags/example_complex.py took 0.075 seconds
[2026-08-02T19:18:30.538+0000] {processor.py:161} INFO - Started process (PID=1120) to work on /home/airflow/.local/lib/python3.12/site-packages/airflow/example_dags/example_complex.py
[2026-08-02T19:18:30.541+0000] {processor.py:830} INFO - Processing file /home/airflow/.local/lib/python3.12/site-packages/airflow/example_dags/example_complex.py for tasks to queue
[2026-08-02T19:18:30.545+0000] {logging_mixin.py:188} INFO - [2026-08-02T19:18:30.544+0000] {dagbag.py:545} INFO - Filling up the DagBag from /home/airflow/.local/lib/python3.12/site-packages/airflow/example_dags/example_complex.py
[2026-08-02T19:18:30.560+0000] {processor.py:840} INFO - DAG(s) 'example_complex' retrieved from /home/airflow/.local/lib/python3.12/site-packages/airflow/example_dags/example_complex.py
[2026-08-02T19:18:30.589+0000] {logging_mixin.py:188} INFO - [2026-08-02T19:18:30.589+0000] {dag.py:3089} INFO - Sync 1 DAGs
[2026-08-02T19:18:30.601+0000] {logging_mixin.py:188} INFO - [2026-08-02T19:18:30.600+0000] {dag.py:3947} INFO - Setting next_dagrun for example_complex to None, run_after=None
[2026-08-02T19:18:30.619+0000] {processor.py:183} INFO - Processing /home/airflow/.local/lib/python3.12/site-packages/airflow/example_dags/example_complex.py took 0.088 seconds
[2026-08-02T19:19:00.990+0000] {processor.py:161} INFO - Started process (PID=1179) to work on /home/airflow/.local/lib/python3.12/site-packages/airflow/example_dags/example_complex.py
[2026-08-02T19:19:00.991+0000] {processor.py:830} INFO - Processing file /home/airflow/.local/lib/python3.12/site-packages/airflow/example_dags/example_complex.py for tasks to queue
[2026-08-02T19:19:00.993+0000] {logging_mixin.py:188} INFO - [2026-08-02T19:19:00.993+0000] {dagbag.py:545} INFO - Filling up the DagBag from /home/airflow/.local/lib/python3.12/site-packages/airflow/example_dags/example_complex.py
[2026-08-02T19:19:01.002+0000] {processor.py:840} INFO - DAG(s) 'example_complex' retrieved from /home/airflow/.local/lib/python3.12/site-packages/airflow/example_dags/example_complex.py
[2026-08-02T19:19:01.032+0000] {logging_mixin.py:188} INFO - [2026-08-02T19:19:01.032+0000] {dag.py:3089} INFO - Sync 1 DAGs
[2026-08-02T19:19:01.047+0000] {logging_mixin.py:188} INFO - [2026-08-02T19:19:01.046+0000] {dag.py:3947} INFO - Setting next_dagrun for example_complex to None, run_after=None
[2026-08-02T19:19:01.069+0000] {processor.py:183} INFO - Processing /home/airflow/.local/lib/python3.12/site-packages/airflow/example_dags/example_complex.py took 0.084 seconds
[2026-08-02T19:19:31.553+0000] {processor.py:161} INFO - Started process (PID=1238) to work on /home/airflow/.local/lib/python3.12/site-packages/airflow/example_dags/example_complex.py
[2026-08-02T19:19:31.555+0000] {processor.py:830} INFO - Processing file /home/airflow/.local/lib/python3.12/site-packages/airflow/example_dags/example_complex.py for tasks to queue
[2026-08-02T19:19:31.558+0000] {logging_mixin.py:188} INFO - [2026-08-02T19:19:31.557+0000] {dagbag.py:545} INFO - Filling up the DagBag from /home/airflow/.local/lib/python3.12/site-packages/airflow/example_dags/example_complex.py
[2026-08-02T19:19:31.568+0000] {processor.py:840} INFO - DAG(s) 'example_complex' retrieved from /home/airflow/.local/lib/python3.12/site-packages/airflow/example_dags/example_complex.py
[2026-08-02T19:19:31.596+0000] {logging_mixin.py:188} INFO - [2026-08-02T19:19:31.596+0000] {dag.py:3089} INFO - Sync 1 DAGs
[2026-08-02T19:19:31.608+0000] {logging_mixin.py:188} INFO - [2026-08-02T19:19:31.608+0000] {dag.py:3947} INFO - Setting next_dagrun for example_complex to None, run_after=None
[2026-08-02T19:19:31.627+0000] {processor.py:183} INFO - Processing /home/airflow/.local/lib/python3.12/site-packages/airflow/example_dags/example_complex.py took 0.084 seconds
[2026-08-02T19:20:02.341+0000] {processor.py:161} INFO - Started process (PID=1297) to work on /home/airflow/.local/lib/python3.12/site-packages/airflow/example_dags/example_complex.py
[2026-08-02T19:20:02.344+0000] {processor.py:830} INFO - Processing file /home/airflow/.local/lib/python3.12/site-packages/airflow/example_dags/example_complex.py for tasks to queue
[2026-08-02T19:20:02.350+0000] {logging_mixin.py:188} INFO - [2026-08-02T19:20:02.349+0000] {dagbag.py:545} INFO - Filling up the DagBag from /home/airflow/.local/lib/python3.12/site-packages/airflow/example_dags/example_complex.py
[2026-08-02T19:20:02.360+0000] {processor.py:840} INFO - DAG(s) 'example_complex' retrieved from /home/airflow/.local/lib/python3.12/site-packages/airflow/example_dags/example_complex.py
[2026-08-02T19:20:02.400+0000] {logging_mixin.py:188} INFO - [2026-08-02T19:20:02.400+0000] {dag.py:3089} INFO - Sync 1 DAGs
[2026-08-02T19:20:02.418+0000] {logging_mixin.py:188} INFO - [2026-08-02T19:20:02.417+0000] {dag.py:3947} INFO - Setting next_dagrun for example_complex to None, run_after=None
[2026-08-02T19:20:02.448+0000] {processor.py:183} INFO - Processing /home/airflow/.local/lib/python3.12/site-packages/airflow/example_dags/example_complex.py took 0.118 seconds
