[2026-08-02T18:55:09.771+0000] {processor.py:161} INFO - Started process (PID=69) to work on /home/airflow/.local/lib/python3.12/site-packages/airflow/example_dags/example_params_trigger_ui.py
[2026-08-02T18:55:09.774+0000] {processor.py:830} INFO - Processing file /home/airflow/.local/lib/python3.12/site-packages/airflow/example_dags/example_params_trigger_ui.py for tasks to queue
[2026-08-02T18:55:09.779+0000] {logging_mixin.py:188} INFO - [2026-08-02T18:55:09.779+0000] {dagbag.py:545} INFO - Filling up the DagBag from /home/airflow/.local/lib/python3.12/site-packages/airflow/example_dags/example_params_trigger_ui.py
[2026-08-02T18:55:09.802+0000] {processor.py:840} INFO - DAG(s) 'example_params_trigger_ui' retrieved from /home/airflow/.local/lib/python3.12/site-packages/airflow/example_dags/example_params_trigger_ui.py
[2026-08-02T18:55:10.021+0000] {logging_mixin.py:188} INFO - [2026-08-02T18:55:10.021+0000] {dag.py:3089} INFO - Sync 1 DAGs
[2026-08-02T18:55:10.029+0000] {logging_mixin.py:188} INFO - [2026-08-02T18:55:10.029+0000] {dag.py:3947} INFO - Setting next_dagrun for example_params_trigger_ui to None, run_after=None
[2026-08-02T18:55:10.052+0000] {processor.py:183} INFO - Processing /home/airflow/.local/lib/python3.12/site-packages/airflow/example_dags/example_params_trigger_ui.py took 0.299 seconds
[2026-08-02T18:55:40.883+0000] {processor.py:161} INFO - Started process (PID=128) to work on /home/airflow/.local/lib/python3.12/site-packages/airflow/example_dags/example_params_trigger_ui.py
[2026-08-02T18:55:40.884+0000] {processor.py:830} INFO - Processing file /home/airflow/.local/lib/python3.12/site-packages/airflow/example_dags/example_params_trigger_ui.py for tasks to queue
[2026-08-02T18:55:40.888+0000] {logging_mixin.py:188} INFO - [2026-08-02T18:55:40.887+0000] {dagbag.py:545} INFO - Filling up the DagBag from /home/airflow/.local/lib/python3.12/site-packages/airflow/example_dags/example_params_trigger_ui.py
[2026-08-02T18:55:40.900+0000] {processor.py:840} INFO - DAG(s) 'example_params_trigger_ui' retrieved from /home/airflow/.local/lib/python3.12/site-packages/airflow/example_dags/example_params_trigger_ui.py
[2026-08-02T18:55:40.943+0000] {logging_mixin.py:188} INFO - [2026-08-02T18:55:40.943+0000] {dag.py:3089} INFO - Sync 1 DAGs
[2026-08-02T18:55:40.957+0000] {logging_mixin.py:188} INFO - [2026-08-02T18:55:40.957+0000] {dag.py:3947} INFO - Setting next_dagrun for example_params_trigger_ui to None, run_after=None
[2026-08-02T18:55:40.977+0000] {processor.py:183} INFO - Processing /home/airflow/.local/lib/python3.12/site-packages/airflow/example_dags/example_params_trigger_ui.py took 0.104 seconds
[2026-08-02T18:56:11.824+0000] {processor.py:161} INFO - Started process (PID=187) to work on /home/airflow/.local/lib/python3.12/site-packages/airflow/example_dags/example_params_trigger_ui.py
[2026-08-02T18:56:11.827+0000] {processor.py:830} INFO - Processing file /home/airflow/.local/lib/python3.12/site-packages/airflow/example_dags/example_params_trigger_ui.py for tasks to queue
[2026-08-02T18:56:11.830+0000] {logging_mixin.py:188} INFO - [2026-08-02T18:56:11.829+0000] {dagbag.py:545} INFO - Filling up the DagBag from /home/airflow/.local/lib/python3.12/site-packages/airflow/example_dags/example_params_trigger_ui.py
[2026-08-02T18:56:11.842+0000] {processor.py:840} INFO - DAG(s) 'example_params_trigger_ui' retrieved from /home/airflow/.local/lib/python3.12/site-packages/airflow/example_dags/example_params_trigger_ui.py
[2026-08-02T18:56:11.885+0000] {logging_mixin.py:188} INFO - [2026-08-02T18:56:11.885+0000] {dag.py:3089} INFO - Sync 1 DAGs
[2026-08-02T18:56:11.901+0000] {logging_mixin.py:188} INFO - [2026-08-02T18:56:11.900+0000] {dag.py:3947} INFO - Setting next_dagrun for example_params_trigger_ui to None, run_after=None
[2026-08-02T18:56:11.924+0000] {processor.py:183} INFO - Processing /home/airflow/.local/lib/python3.12/site-packages/airflow/example_dags/example_params_trigger_ui.py took 0.110 seconds
[2026-08-02T18:56:42.075+0000] {processor.py:161} INFO - Started process (PID=246) to work on /home/airflow/.local/lib/python3.12/site-packages/airflow/example_dags/example_params_trigger_ui.py
[2026-08-02T18:56:42.077+0000] {processor.py:830} INFO - Processing file /home/airflow/.local/lib/python3.12/site-packages/airflow/example_dags/example_params_trigger_ui.py for tasks to queue
[2026-08-02T18:56:42.080+0000] {logging_mixin.py:188} INFO - [2026-08-02T18:56:42.080+0000] {dagbag.py:545} INFO - Filling up the DagBag from /home/airflow/.local/lib/python3.12/site-packages/airflow/example_dags/example_params_trigger_ui.py
[2026-08-02T18:56:42.092+0000] {processor.py:840} INFO - DAG(s) 'example_params_trigger_ui' retrieved from /home/airflow/.local/lib/python3.12/site-packages/airflow/example_dags/example_params_trigger_ui.py
[2026-08-02T18:56:42.140+0000] {logging_mixin.py:188} INFO - [2026-08-02T18:56:42.140+0000] {dag.py:3089} INFO - Sync 1 DAGs
[2026-08-02T18:56:42.158+0000] {logging_mixin.py:188} INFO - [2026-08-02T18:56:42.158+0000] {dag.py:3947} INFO - Setting next_dagrun for example_params_trigger_ui to None, run_after=None
[2026-08-02T18:56:42.183+0000] {processor.py:183} INFO - Processing /home/airflow/.local/lib/python3.12/site-packages/airflow/example_dags/example_params_trigger_ui.py took 0.115 seconds
[2026-08-02T18:57:12.669+0000] {processor.py:161} INFO - Started process (PID=311) to work on /home/airflow/.local/lib/python3.12/site-packages/airflow/example_dags/example_params_trigger_ui.py
[2026-08-02T18:57:12.671+0000] {processor.py:830} INFO - Processing file /home/airflow/.local/lib/python3.12/site-packages/airflow/example_dags/example_params_trigger_ui.py for tasks to queue
[2026-08-02T18:57:12.673+0000] {logging_mixin.py:188} INFO - [2026-08-02T18:57:12.673+0000] {dagbag.py:545} INFO - Filling up the DagBag from /home/airflow/.local/lib/python3.12/site-packages/airflow/example_dags/example_params_trigger_ui.py
[2026-08-02T18:57:12.682+0000] {processor.py:840} INFO - DAG(s) 'example_params_trigger_ui' retrieved from /home/airflow/.local/lib/python3.12/site-packages/airflow/example_dags/example_params_trigger_ui.py
[2026-08-02T18:57:12.723+0000] {logging_mixin.py:188} INFO - [2026-08-02T18:57:12.723+0000] {dag.py:3089} INFO - Sync 1 DAGs
[2026-08-02T18:57:12.738+0000] {logging_mixin.py:188} INFO - [2026-08-02T18:57:12.738+0000] {dag.py:3947} INFO - Setting next_dagrun for example_params_trigger_ui to None, run_after=None
[2026-08-02T18:57:12.771+0000] {processor.py:183} INFO - Processing /home/airflow/.local/lib/python3.12/site-packages/airflow/example_dags/example_params_trigger_ui.py took 0.107 seconds
[2026-08-02T18:57:42.945+0000] {processor.py:161} INFO - Started process (PID=370) to work on /home/airflow/.local/lib/python3.12/site-packages/airflow/example_dags/example_params_trigger_ui.py
[2026-08-02T18:57:42.948+0000] {processor.py:830} INFO - Processing file /home/airflow/.local/lib/python3.12/site-packages/airflow/example_dags/example_params_trigger_ui.py for tasks to queue
[2026-08-02T18:57:42.952+0000] {logging_mixin.py:188} INFO - [2026-08-02T18:57:42.951+0000] {dagbag.py:545} INFO - Filling up the DagBag from /home/airflow/.local/lib/python3.12/site-packages/airflow/example_dags/example_params_trigger_ui.py
[2026-08-02T18:57:42.963+0000] {processor.py:840} INFO - DAG(s) 'example_params_trigger_ui' retrieved from /home/airflow/.local/lib/python3.12/site-packages/airflow/example_dags/example_params_trigger_ui.py
[2026-08-02T18:57:43.003+0000] {logging_mixin.py:188} INFO - [2026-08-02T18:57:43.002+0000] {dag.py:3089} INFO - Sync 1 DAGs
[2026-08-02T18:57:43.015+0000] {logging_mixin.py:188} INFO - [2026-08-02T18:57:43.015+0000] {dag.py:3947} INFO - Setting next_dagrun for example_params_trigger_ui to None, run_after=None
[2026-08-02T18:57:43.046+0000] {processor.py:183} INFO - Processing /home/airflow/.local/lib/python3.12/site-packages/airflow/example_dags/example_params_trigger_ui.py took 0.109 seconds
[2026-08-02T19:00:08.498+0000] {processor.py:161} INFO - Started process (PID=62) to work on /home/airflow/.local/lib/python3.12/site-packages/airflow/example_dags/example_params_trigger_ui.py
[2026-08-02T19:00:08.501+0000] {processor.py:830} INFO - Processing file /home/airflow/.local/lib/python3.12/site-packages/airflow/example_dags/example_params_trigger_ui.py for tasks to queue
[2026-08-02T19:00:08.505+0000] {logging_mixin.py:188} INFO - [2026-08-02T19:00:08.504+0000] {dagbag.py:545} INFO - Filling up the DagBag from /home/airflow/.local/lib/python3.12/site-packages/airflow/example_dags/example_params_trigger_ui.py
[2026-08-02T19:00:08.524+0000] {processor.py:840} INFO - DAG(s) 'example_params_trigger_ui' retrieved from /home/airflow/.local/lib/python3.12/site-packages/airflow/example_dags/example_params_trigger_ui.py
[2026-08-02T19:00:08.547+0000] {logging_mixin.py:188} INFO - [2026-08-02T19:00:08.547+0000] {dag.py:3089} INFO - Sync 1 DAGs
[2026-08-02T19:00:08.572+0000] {logging_mixin.py:188} INFO - [2026-08-02T19:00:08.572+0000] {dag.py:3947} INFO - Setting next_dagrun for example_params_trigger_ui to None, run_after=None
[2026-08-02T19:00:08.610+0000] {processor.py:183} INFO - Processing /home/airflow/.local/lib/python3.12/site-packages/airflow/example_dags/example_params_trigger_ui.py took 0.122 seconds
[2026-08-02T19:00:38.847+0000] {processor.py:161} INFO - Started process (PID=121) to work on /home/airflow/.local/lib/python3.12/site-packages/airflow/example_dags/example_params_trigger_ui.py
[2026-08-02T19:00:38.849+0000] {processor.py:830} INFO - Processing file /home/airflow/.local/lib/python3.12/site-packages/airflow/example_dags/example_params_trigger_ui.py for tasks to queue
[2026-08-02T19:00:38.851+0000] {logging_mixin.py:188} INFO - [2026-08-02T19:00:38.851+0000] {dagbag.py:545} INFO - Filling up the DagBag from /home/airflow/.local/lib/python3.12/site-packages/airflow/example_dags/example_params_trigger_ui.py
[2026-08-02T19:00:38.860+0000] {processor.py:840} INFO - DAG(s) 'example_params_trigger_ui' retrieved from /home/airflow/.local/lib/python3.12/site-packages/airflow/example_dags/example_params_trigger_ui.py
[2026-08-02T19:00:38.966+0000] {logging_mixin.py:188} INFO - [2026-08-02T19:00:38.966+0000] {dag.py:3089} INFO - Sync 1 DAGs
[2026-08-02T19:00:38.975+0000] {logging_mixin.py:188} INFO - [2026-08-02T19:00:38.975+0000] {dag.py:3947} INFO - Setting next_dagrun for example_params_trigger_ui to None, run_after=None
[2026-08-02T19:00:38.992+0000] {processor.py:183} INFO - Processing /home/airflow/.local/lib/python3.12/site-packages/airflow/example_dags/example_params_trigger_ui.py took 0.150 seconds
[2026-08-02T19:01:09.494+0000] {processor.py:161} INFO - Started process (PID=180) to work on /home/airflow/.local/lib/python3.12/site-packages/airflow/example_dags/example_params_trigger_ui.py
[2026-08-02T19:01:09.497+0000] {processor.py:830} INFO - Processing file /home/airflow/.local/lib/python3.12/site-packages/airflow/example_dags/example_params_trigger_ui.py for tasks to queue
[2026-08-02T19:01:09.501+0000] {logging_mixin.py:188} INFO - [2026-08-02T19:01:09.500+0000] {dagbag.py:545} INFO - Filling up the DagBag from /home/airflow/.local/lib/python3.12/site-packages/airflow/example_dags/example_params_trigger_ui.py
[2026-08-02T19:01:09.514+0000] {processor.py:840} INFO - DAG(s) 'example_params_trigger_ui' retrieved from /home/airflow/.local/lib/python3.12/site-packages/airflow/example_dags/example_params_trigger_ui.py
[2026-08-02T19:01:09.553+0000] {logging_mixin.py:188} INFO - [2026-08-02T19:01:09.553+0000] {dag.py:3089} INFO - Sync 1 DAGs
[2026-08-02T19:01:09.564+0000] {logging_mixin.py:188} INFO - [2026-08-02T19:01:09.564+0000] {dag.py:3947} INFO - Setting next_dagrun for example_params_trigger_ui to None, run_after=None
[2026-08-02T19:01:09.582+0000] {processor.py:183} INFO - Processing /home/airflow/.local/lib/python3.12/site-packages/airflow/example_dags/example_params_trigger_ui.py took 0.096 seconds
[2026-08-02T19:01:39.775+0000] {processor.py:161} INFO - Started process (PID=240) to work on /home/airflow/.local/lib/python3.12/site-packages/airflow/example_dags/example_params_trigger_ui.py
[2026-08-02T19:01:39.777+0000] {processor.py:830} INFO - Processing file /home/airflow/.local/lib/python3.12/site-packages/airflow/example_dags/example_params_trigger_ui.py for tasks to queue
[2026-08-02T19:01:39.779+0000] {logging_mixin.py:188} INFO - [2026-08-02T19:01:39.779+0000] {dagbag.py:545} INFO - Filling up the DagBag from /home/airflow/.local/lib/python3.12/site-packages/airflow/example_dags/example_params_trigger_ui.py
[2026-08-02T19:01:39.790+0000] {processor.py:840} INFO - DAG(s) 'example_params_trigger_ui' retrieved from /home/airflow/.local/lib/python3.12/site-packages/airflow/example_dags/example_params_trigger_ui.py
[2026-08-02T19:01:39.840+0000] {logging_mixin.py:188} INFO - [2026-08-02T19:01:39.839+0000] {dag.py:3089} INFO - Sync 1 DAGs
[2026-08-02T19:01:39.852+0000] {logging_mixin.py:188} INFO - [2026-08-02T19:01:39.852+0000] {dag.py:3947} INFO - Setting next_dagrun for example_params_trigger_ui to None, run_after=None
[2026-08-02T19:01:39.870+0000] {processor.py:183} INFO - Processing /home/airflow/.local/lib/python3.12/site-packages/airflow/example_dags/example_params_trigger_ui.py took 0.100 seconds
[2026-08-02T19:02:10.034+0000] {processor.py:161} INFO - Started process (PID=299) to work on /home/airflow/.local/lib/python3.12/site-packages/airflow/example_dags/example_params_trigger_ui.py
[2026-08-02T19:02:10.036+0000] {processor.py:830} INFO - Processing file /home/airflow/.local/lib/python3.12/site-packages/airflow/example_dags/example_params_trigger_ui.py for tasks to queue
[2026-08-02T19:02:10.038+0000] {logging_mixin.py:188} INFO - [2026-08-02T19:02:10.038+0000] {dagbag.py:545} INFO - Filling up the DagBag from /home/airflow/.local/lib/python3.12/site-packages/airflow/example_dags/example_params_trigger_ui.py
[2026-08-02T19:02:10.047+0000] {processor.py:840} INFO - DAG(s) 'example_params_trigger_ui' retrieved from /home/airflow/.local/lib/python3.12/site-packages/airflow/example_dags/example_params_trigger_ui.py
[2026-08-02T19:02:10.085+0000] {logging_mixin.py:188} INFO - [2026-08-02T19:02:10.084+0000] {dag.py:3089} INFO - Sync 1 DAGs
[2026-08-02T19:02:10.098+0000] {logging_mixin.py:188} INFO - [2026-08-02T19:02:10.098+0000] {dag.py:3947} INFO - Setting next_dagrun for example_params_trigger_ui to None, run_after=None
[2026-08-02T19:02:10.118+0000] {processor.py:183} INFO - Processing /home/airflow/.local/lib/python3.12/site-packages/airflow/example_dags/example_params_trigger_ui.py took 0.088 seconds
[2026-08-02T19:02:40.397+0000] {processor.py:161} INFO - Started process (PID=358) to work on /home/airflow/.local/lib/python3.12/site-packages/airflow/example_dags/example_params_trigger_ui.py
[2026-08-02T19:02:40.398+0000] {processor.py:830} INFO - Processing file /home/airflow/.local/lib/python3.12/site-packages/airflow/example_dags/example_params_trigger_ui.py for tasks to queue
[2026-08-02T19:02:40.401+0000] {logging_mixin.py:188} INFO - [2026-08-02T19:02:40.401+0000] {dagbag.py:545} INFO - Filling up the DagBag from /home/airflow/.local/lib/python3.12/site-packages/airflow/example_dags/example_params_trigger_ui.py
[2026-08-02T19:02:40.412+0000] {processor.py:840} INFO - DAG(s) 'example_params_trigger_ui' retrieved from /home/airflow/.local/lib/python3.12/site-packages/airflow/example_dags/example_params_trigger_ui.py
[2026-08-02T19:02:40.458+0000] {logging_mixin.py:188} INFO - [2026-08-02T19:02:40.457+0000] {dag.py:3089} INFO - Sync 1 DAGs
[2026-08-02T19:02:40.470+0000] {logging_mixin.py:188} INFO - [2026-08-02T19:02:40.469+0000] {dag.py:3947} INFO - Setting next_dagrun for example_params_trigger_ui to None, run_after=None
[2026-08-02T19:02:40.490+0000] {processor.py:183} INFO - Processing /home/airflow/.local/lib/python3.12/site-packages/airflow/example_dags/example_params_trigger_ui.py took 0.100 seconds
[2026-08-02T19:03:10.675+0000] {processor.py:161} INFO - Started process (PID=417) to work on /home/airflow/.local/lib/python3.12/site-packages/airflow/example_dags/example_params_trigger_ui.py
[2026-08-02T19:03:10.677+0000] {processor.py:830} INFO - Processing file /home/airflow/.local/lib/python3.12/site-packages/airflow/example_dags/example_params_trigger_ui.py for tasks to queue
[2026-08-02T19:03:10.679+0000] {logging_mixin.py:188} INFO - [2026-08-02T19:03:10.679+0000] {dagbag.py:545} INFO - Filling up the DagBag from /home/airflow/.local/lib/python3.12/site-packages/airflow/example_dags/example_params_trigger_ui.py
[2026-08-02T19:03:10.688+0000] {processor.py:840} INFO - DAG(s) 'example_params_trigger_ui' retrieved from /home/airflow/.local/lib/python3.12/site-packages/airflow/example_dags/example_params_trigger_ui.py
[2026-08-02T19:03:10.725+0000] {logging_mixin.py:188} INFO - [2026-08-02T19:03:10.725+0000] {dag.py:3089} INFO - Sync 1 DAGs
[2026-08-02T19:03:10.737+0000] {logging_mixin.py:188} INFO - [2026-08-02T19:03:10.736+0000] {dag.py:3947} INFO - Setting next_dagrun for example_params_trigger_ui to None, run_after=None
[2026-08-02T19:03:10.754+0000] {processor.py:183} INFO - Processing /home/airflow/.local/lib/python3.12/site-packages/airflow/example_dags/example_params_trigger_ui.py took 0.084 seconds
[2026-08-02T19:03:41.333+0000] {processor.py:161} INFO - Started process (PID=476) to work on /home/airflow/.local/lib/python3.12/site-packages/airflow/example_dags/example_params_trigger_ui.py
[2026-08-02T19:03:41.335+0000] {processor.py:830} INFO - Processing file /home/airflow/.local/lib/python3.12/site-packages/airflow/example_dags/example_params_trigger_ui.py for tasks to queue
[2026-08-02T19:03:41.338+0000] {logging_mixin.py:188} INFO - [2026-08-02T19:03:41.337+0000] {dagbag.py:545} INFO - Filling up the DagBag from /home/airflow/.local/lib/python3.12/site-packages/airflow/example_dags/example_params_trigger_ui.py
[2026-08-02T19:03:41.347+0000] {processor.py:840} INFO - DAG(s) 'example_params_trigger_ui' retrieved from /home/airflow/.local/lib/python3.12/site-packages/airflow/example_dags/example_params_trigger_ui.py
[2026-08-02T19:03:41.386+0000] {logging_mixin.py:188} INFO - [2026-08-02T19:03:41.386+0000] {dag.py:3089} INFO - Sync 1 DAGs
[2026-08-02T19:03:41.399+0000] {logging_mixin.py:188} INFO - [2026-08-02T19:03:41.399+0000] {dag.py:3947} INFO - Setting next_dagrun for example_params_trigger_ui to None, run_after=None
[2026-08-02T19:03:41.418+0000] {processor.py:183} INFO - Processing /home/airflow/.local/lib/python3.12/site-packages/airflow/example_dags/example_params_trigger_ui.py took 0.092 seconds
[2026-08-02T19:04:11.832+0000] {processor.py:161} INFO - Started process (PID=535) to work on /home/airflow/.local/lib/python3.12/site-packages/airflow/example_dags/example_params_trigger_ui.py
[2026-08-02T19:04:11.833+0000] {processor.py:830} INFO - Processing file /home/airflow/.local/lib/python3.12/site-packages/airflow/example_dags/example_params_trigger_ui.py for tasks to queue
[2026-08-02T19:04:11.835+0000] {logging_mixin.py:188} INFO - [2026-08-02T19:04:11.835+0000] {dagbag.py:545} INFO - Filling up the DagBag from /home/airflow/.local/lib/python3.12/site-packages/airflow/example_dags/example_params_trigger_ui.py
[2026-08-02T19:04:11.844+0000] {processor.py:840} INFO - DAG(s) 'example_params_trigger_ui' retrieved from /home/airflow/.local/lib/python3.12/site-packages/airflow/example_dags/example_params_trigger_ui.py
[2026-08-02T19:04:11.882+0000] {logging_mixin.py:188} INFO - [2026-08-02T19:04:11.882+0000] {dag.py:3089} INFO - Sync 1 DAGs
[2026-08-02T19:04:11.893+0000] {logging_mixin.py:188} INFO - [2026-08-02T19:04:11.893+0000] {dag.py:3947} INFO - Setting next_dagrun for example_params_trigger_ui to None, run_after=None
[2026-08-02T19:04:11.911+0000] {processor.py:183} INFO - Processing /home/airflow/.local/lib/python3.12/site-packages/airflow/example_dags/example_params_trigger_ui.py took 0.085 seconds
[2026-08-02T19:04:42.129+0000] {processor.py:161} INFO - Started process (PID=594) to work on /home/airflow/.local/lib/python3.12/site-packages/airflow/example_dags/example_params_trigger_ui.py
[2026-08-02T19:04:42.131+0000] {processor.py:830} INFO - Processing file /home/airflow/.local/lib/python3.12/site-packages/airflow/example_dags/example_params_trigger_ui.py for tasks to queue
[2026-08-02T19:04:42.133+0000] {logging_mixin.py:188} INFO - [2026-08-02T19:04:42.133+0000] {dagbag.py:545} INFO - Filling up the DagBag from /home/airflow/.local/lib/python3.12/site-packages/airflow/example_dags/example_params_trigger_ui.py
[2026-08-02T19:04:42.143+0000] {processor.py:840} INFO - DAG(s) 'example_params_trigger_ui' retrieved from /home/airflow/.local/lib/python3.12/site-packages/airflow/example_dags/example_params_trigger_ui.py
[2026-08-02T19:04:42.181+0000] {logging_mixin.py:188} INFO - [2026-08-02T19:04:42.181+0000] {dag.py:3089} INFO - Sync 1 DAGs
[2026-08-02T19:04:42.193+0000] {logging_mixin.py:188} INFO - [2026-08-02T19:04:42.193+0000] {dag.py:3947} INFO - Setting next_dagrun for example_params_trigger_ui to None, run_after=None
[2026-08-02T19:04:42.211+0000] {processor.py:183} INFO - Processing /home/airflow/.local/lib/python3.12/site-packages/airflow/example_dags/example_params_trigger_ui.py took 0.091 seconds
[2026-08-02T19:05:12.317+0000] {processor.py:161} INFO - Started process (PID=653) to work on /home/airflow/.local/lib/python3.12/site-packages/airflow/example_dags/example_params_trigger_ui.py
[2026-08-02T19:05:12.318+0000] {processor.py:830} INFO - Processing file /home/airflow/.local/lib/python3.12/site-packages/airflow/example_dags/example_params_trigger_ui.py for tasks to queue
[2026-08-02T19:05:12.320+0000] {logging_mixin.py:188} INFO - [2026-08-02T19:05:12.320+0000] {dagbag.py:545} INFO - Filling up the DagBag from /home/airflow/.local/lib/python3.12/site-packages/airflow/example_dags/example_params_trigger_ui.py
[2026-08-02T19:05:12.329+0000] {processor.py:840} INFO - DAG(s) 'example_params_trigger_ui' retrieved from /home/airflow/.local/lib/python3.12/site-packages/airflow/example_dags/example_params_trigger_ui.py
[2026-08-02T19:05:12.364+0000] {logging_mixin.py:188} INFO - [2026-08-02T19:05:12.364+0000] {dag.py:3089} INFO - Sync 1 DAGs
[2026-08-02T19:05:12.374+0000] {logging_mixin.py:188} INFO - [2026-08-02T19:05:12.373+0000] {dag.py:3947} INFO - Setting next_dagrun for example_params_trigger_ui to None, run_after=None
[2026-08-02T19:05:12.390+0000] {processor.py:183} INFO - Processing /home/airflow/.local/lib/python3.12/site-packages/airflow/example_dags/example_params_trigger_ui.py took 0.079 seconds
[2026-08-02T19:05:42.577+0000] {processor.py:161} INFO - Started process (PID=712) to work on /home/airflow/.local/lib/python3.12/site-packages/airflow/example_dags/example_params_trigger_ui.py
[2026-08-02T19:05:42.578+0000] {processor.py:830} INFO - Processing file /home/airflow/.local/lib/python3.12/site-packages/airflow/example_dags/example_params_trigger_ui.py for tasks to queue
[2026-08-02T19:05:42.580+0000] {logging_mixin.py:188} INFO - [2026-08-02T19:05:42.580+0000] {dagbag.py:545} INFO - Filling up the DagBag from /home/airflow/.local/lib/python3.12/site-packages/airflow/example_dags/example_params_trigger_ui.py
[2026-08-02T19:05:42.588+0000] {processor.py:840} INFO - DAG(s) 'example_params_trigger_ui' retrieved from /home/airflow/.local/lib/python3.12/site-packages/airflow/example_dags/example_params_trigger_ui.py
[2026-08-02T19:05:42.620+0000] {logging_mixin.py:188} INFO - [2026-08-02T19:05:42.619+0000] {dag.py:3089} INFO - Sync 1 DAGs
[2026-08-02T19:05:42.630+0000] {logging_mixin.py:188} INFO - [2026-08-02T19:05:42.630+0000] {dag.py:3947} INFO - Setting next_dagrun for example_params_trigger_ui to None, run_after=None
[2026-08-02T19:05:42.646+0000] {processor.py:183} INFO - Processing /home/airflow/.local/lib/python3.12/site-packages/airflow/example_dags/example_params_trigger_ui.py took 0.073 seconds
[2026-08-02T19:06:13.163+0000] {processor.py:161} INFO - Started process (PID=771) to work on /home/airflow/.local/lib/python3.12/site-packages/airflow/example_dags/example_params_trigger_ui.py
[2026-08-02T19:06:13.165+0000] {processor.py:830} INFO - Processing file /home/airflow/.local/lib/python3.12/site-packages/airflow/example_dags/example_params_trigger_ui.py for tasks to queue
[2026-08-02T19:06:13.167+0000] {logging_mixin.py:188} INFO - [2026-08-02T19:06:13.166+0000] {dagbag.py:545} INFO - Filling up the DagBag from /home/airflow/.local/lib/python3.12/site-packages/airflow/example_dags/example_params_trigger_ui.py
[2026-08-02T19:06:13.176+0000] {processor.py:840} INFO - DAG(s) 'example_params_trigger_ui' retrieved from /home/airflow/.local/lib/python3.12/site-packages/airflow/example_dags/example_params_trigger_ui.py
[2026-08-02T19:06:13.213+0000] {logging_mixin.py:188} INFO - [2026-08-02T19:06:13.213+0000] {dag.py:3089} INFO - Sync 1 DAGs
[2026-08-02T19:06:13.225+0000] {logging_mixin.py:188} INFO - [2026-08-02T19:06:13.225+0000] {dag.py:3947} INFO - Setting next_dagrun for example_params_trigger_ui to None, run_after=None
[2026-08-02T19:06:13.245+0000] {processor.py:183} INFO - Processing /home/airflow/.local/lib/python3.12/site-packages/airflow/example_dags/example_params_trigger_ui.py took 0.088 seconds
[2026-08-02T19:06:43.775+0000] {processor.py:161} INFO - Started process (PID=830) to work on /home/airflow/.local/lib/python3.12/site-packages/airflow/example_dags/example_params_trigger_ui.py
[2026-08-02T19:06:43.776+0000] {processor.py:830} INFO - Processing file /home/airflow/.local/lib/python3.12/site-packages/airflow/example_dags/example_params_trigger_ui.py for tasks to queue
[2026-08-02T19:06:43.778+0000] {logging_mixin.py:188} INFO - [2026-08-02T19:06:43.778+0000] {dagbag.py:545} INFO - Filling up the DagBag from /home/airflow/.local/lib/python3.12/site-packages/airflow/example_dags/example_params_trigger_ui.py
[2026-08-02T19:06:43.787+0000] {processor.py:840} INFO - DAG(s) 'example_params_trigger_ui' retrieved from /home/airflow/.local/lib/python3.12/site-packages/airflow/example_dags/example_params_trigger_ui.py
[2026-08-02T19:06:43.824+0000] {logging_mixin.py:188} INFO - [2026-08-02T19:06:43.824+0000] {dag.py:3089} INFO - Sync 1 DAGs
[2026-08-02T19:06:43.835+0000] {logging_mixin.py:188} INFO - [2026-08-02T19:06:43.835+0000] {dag.py:3947} INFO - Setting next_dagrun for example_params_trigger_ui to None, run_after=None
[2026-08-02T19:06:43.854+0000] {processor.py:183} INFO - Processing /home/airflow/.local/lib/python3.12/site-packages/airflow/example_dags/example_params_trigger_ui.py took 0.084 seconds
[2026-08-02T19:07:14.270+0000] {processor.py:161} INFO - Started process (PID=889) to work on /home/airflow/.local/lib/python3.12/site-packages/airflow/example_dags/example_params_trigger_ui.py
[2026-08-02T19:07:14.271+0000] {processor.py:830} INFO - Processing file /home/airflow/.local/lib/python3.12/site-packages/airflow/example_dags/example_params_trigger_ui.py for tasks to queue
[2026-08-02T19:07:14.273+0000] {logging_mixin.py:188} INFO - [2026-08-02T19:07:14.273+0000] {dagbag.py:545} INFO - Filling up the DagBag from /home/airflow/.local/lib/python3.12/site-packages/airflow/example_dags/example_params_trigger_ui.py
[2026-08-02T19:07:14.282+0000] {processor.py:840} INFO - DAG(s) 'example_params_trigger_ui' retrieved from /home/airflow/.local/lib/python3.12/site-packages/airflow/example_dags/example_params_trigger_ui.py
[2026-08-02T19:07:14.321+0000] {logging_mixin.py:188} INFO - [2026-08-02T19:07:14.320+0000] {dag.py:3089} INFO - Sync 1 DAGs
[2026-08-02T19:07:14.332+0000] {logging_mixin.py:188} INFO - [2026-08-02T19:07:14.332+0000] {dag.py:3947} INFO - Setting next_dagrun for example_params_trigger_ui to None, run_after=None
[2026-08-02T19:07:14.350+0000] {processor.py:183} INFO - Processing /home/airflow/.local/lib/python3.12/site-packages/airflow/example_dags/example_params_trigger_ui.py took 0.087 seconds
[2026-08-02T19:07:44.522+0000] {processor.py:161} INFO - Started process (PID=948) to work on /home/airflow/.local/lib/python3.12/site-packages/airflow/example_dags/example_params_trigger_ui.py
[2026-08-02T19:07:44.525+0000] {processor.py:830} INFO - Processing file /home/airflow/.local/lib/python3.12/site-packages/airflow/example_dags/example_params_trigger_ui.py for tasks to queue
[2026-08-02T19:07:44.531+0000] {logging_mixin.py:188} INFO - [2026-08-02T19:07:44.530+0000] {dagbag.py:545} INFO - Filling up the DagBag from /home/airflow/.local/lib/python3.12/site-packages/airflow/example_dags/example_params_trigger_ui.py
[2026-08-02T19:07:44.549+0000] {processor.py:840} INFO - DAG(s) 'example_params_trigger_ui' retrieved from /home/airflow/.local/lib/python3.12/site-packages/airflow/example_dags/example_params_trigger_ui.py
[2026-08-02T19:07:44.595+0000] {logging_mixin.py:188} INFO - [2026-08-02T19:07:44.594+0000] {dag.py:3089} INFO - Sync 1 DAGs
[2026-08-02T19:07:44.608+0000] {logging_mixin.py:188} INFO - [2026-08-02T19:07:44.608+0000] {dag.py:3947} INFO - Setting next_dagrun for example_params_trigger_ui to None, run_after=None
[2026-08-02T19:07:44.625+0000] {processor.py:183} INFO - Processing /home/airflow/.local/lib/python3.12/site-packages/airflow/example_dags/example_params_trigger_ui.py took 0.124 seconds
[2026-08-02T19:08:15.100+0000] {processor.py:161} INFO - Started process (PID=1007) to work on /home/airflow/.local/lib/python3.12/site-packages/airflow/example_dags/example_params_trigger_ui.py
[2026-08-02T19:08:15.102+0000] {processor.py:830} INFO - Processing file /home/airflow/.local/lib/python3.12/site-packages/airflow/example_dags/example_params_trigger_ui.py for tasks to queue
[2026-08-02T19:08:15.104+0000] {logging_mixin.py:188} INFO - [2026-08-02T19:08:15.104+0000] {dagbag.py:545} INFO - Filling up the DagBag from /home/airflow/.local/lib/python3.12/site-packages/airflow/example_dags/example_params_trigger_ui.py
[2026-08-02T19:08:15.116+0000] {processor.py:840} INFO - DAG(s) 'example_params_trigger_ui' retrieved from /home/airflow/.local/lib/python3.12/site-packages/airflow/example_dags/example_params_trigger_ui.py
[2026-08-02T19:08:15.160+0000] {logging_mixin.py:188} INFO - [2026-08-02T19:08:15.160+0000] {dag.py:3089} INFO - Sync 1 DAGs
[2026-08-02T19:08:15.174+0000] {logging_mixin.py:188} INFO - [2026-08-02T19:08:15.174+0000] {dag.py:3947} INFO - Setting next_dagrun for example_params_trigger_ui to None, run_after=None
[2026-08-02T19:08:15.196+0000] {processor.py:183} INFO - Processing /home/airflow/.local/lib/python3.12/site-packages/airflow/example_dags/example_params_trigger_ui.py took 0.102 seconds
[2026-08-02T19:09:45.817+0000] {processor.py:161} INFO - Started process (PID=92) to work on /home/airflow/.local/lib/python3.12/site-packages/airflow/example_dags/example_params_trigger_ui.py
[2026-08-02T19:09:45.820+0000] {processor.py:830} INFO - Processing file /home/airflow/.local/lib/python3.12/site-packages/airflow/example_dags/example_params_trigger_ui.py for tasks to queue
[2026-08-02T19:09:45.824+0000] {logging_mixin.py:188} INFO - [2026-08-02T19:09:45.823+0000] {dagbag.py:545} INFO - Filling up the DagBag from /home/airflow/.local/lib/python3.12/site-packages/airflow/example_dags/example_params_trigger_ui.py
[2026-08-02T19:09:45.845+0000] {processor.py:840} INFO - DAG(s) 'example_params_trigger_ui' retrieved from /home/airflow/.local/lib/python3.12/site-packages/airflow/example_dags/example_params_trigger_ui.py
[2026-08-02T19:09:46.084+0000] {logging_mixin.py:188} INFO - [2026-08-02T19:09:46.084+0000] {dag.py:3089} INFO - Sync 1 DAGs
[2026-08-02T19:09:46.107+0000] {logging_mixin.py:188} INFO - [2026-08-02T19:09:46.106+0000] {dag.py:3947} INFO - Setting next_dagrun for example_params_trigger_ui to None, run_after=None
[2026-08-02T19:09:46.154+0000] {processor.py:183} INFO - Processing /home/airflow/.local/lib/python3.12/site-packages/airflow/example_dags/example_params_trigger_ui.py took 0.350 seconds
[2026-08-02T19:10:16.806+0000] {processor.py:161} INFO - Started process (PID=151) to work on /home/airflow/.local/lib/python3.12/site-packages/airflow/example_dags/example_params_trigger_ui.py
[2026-08-02T19:10:16.807+0000] {processor.py:830} INFO - Processing file /home/airflow/.local/lib/python3.12/site-packages/airflow/example_dags/example_params_trigger_ui.py for tasks to queue
[2026-08-02T19:10:16.810+0000] {logging_mixin.py:188} INFO - [2026-08-02T19:10:16.809+0000] {dagbag.py:545} INFO - Filling up the DagBag from /home/airflow/.local/lib/python3.12/site-packages/airflow/example_dags/example_params_trigger_ui.py
[2026-08-02T19:10:16.820+0000] {processor.py:840} INFO - DAG(s) 'example_params_trigger_ui' retrieved from /home/airflow/.local/lib/python3.12/site-packages/airflow/example_dags/example_params_trigger_ui.py
[2026-08-02T19:10:16.862+0000] {logging_mixin.py:188} INFO - [2026-08-02T19:10:16.862+0000] {dag.py:3089} INFO - Sync 1 DAGs
[2026-08-02T19:10:16.875+0000] {logging_mixin.py:188} INFO - [2026-08-02T19:10:16.874+0000] {dag.py:3947} INFO - Setting next_dagrun for example_params_trigger_ui to None, run_after=None
[2026-08-02T19:10:16.894+0000] {processor.py:183} INFO - Processing /home/airflow/.local/lib/python3.12/site-packages/airflow/example_dags/example_params_trigger_ui.py took 0.094 seconds
[2026-08-02T19:10:47.409+0000] {processor.py:161} INFO - Started process (PID=210) to work on /home/airflow/.local/lib/python3.12/site-packages/airflow/example_dags/example_params_trigger_ui.py
[2026-08-02T19:10:47.411+0000] {processor.py:830} INFO - Processing file /home/airflow/.local/lib/python3.12/site-packages/airflow/example_dags/example_params_trigger_ui.py for tasks to queue
[2026-08-02T19:10:47.413+0000] {logging_mixin.py:188} INFO - [2026-08-02T19:10:47.413+0000] {dagbag.py:545} INFO - Filling up the DagBag from /home/airflow/.local/lib/python3.12/site-packages/airflow/example_dags/example_params_trigger_ui.py
[2026-08-02T19:10:47.423+0000] {processor.py:840} INFO - DAG(s) 'example_params_trigger_ui' retrieved from /home/airflow/.local/lib/python3.12/site-packages/airflow/example_dags/example_params_trigger_ui.py
[2026-08-02T19:10:47.464+0000] {logging_mixin.py:188} INFO - [2026-08-02T19:10:47.464+0000] {dag.py:3089} INFO - Sync 1 DAGs
[2026-08-02T19:10:47.478+0000] {logging_mixin.py:188} INFO - [2026-08-02T19:10:47.478+0000] {dag.py:3947} INFO - Setting next_dagrun for example_params_trigger_ui to None, run_after=None
[2026-08-02T19:10:47.499+0000] {processor.py:183} INFO - Processing /home/airflow/.local/lib/python3.12/site-packages/airflow/example_dags/example_params_trigger_ui.py took 0.097 seconds
[2026-08-02T19:11:18.070+0000] {processor.py:161} INFO - Started process (PID=269) to work on /home/airflow/.local/lib/python3.12/site-packages/airflow/example_dags/example_params_trigger_ui.py
[2026-08-02T19:11:18.071+0000] {processor.py:830} INFO - Processing file /home/airflow/.local/lib/python3.12/site-packages/airflow/example_dags/example_params_trigger_ui.py for tasks to queue
[2026-08-02T19:11:18.073+0000] {logging_mixin.py:188} INFO - [2026-08-02T19:11:18.073+0000] {dagbag.py:545} INFO - Filling up the DagBag from /home/airflow/.local/lib/python3.12/site-packages/airflow/example_dags/example_params_trigger_ui.py
[2026-08-02T19:11:18.105+0000] {processor.py:840} INFO - DAG(s) 'example_params_trigger_ui' retrieved from /home/airflow/.local/lib/python3.12/site-packages/airflow/example_dags/example_params_trigger_ui.py
[2026-08-02T19:11:18.189+0000] {logging_mixin.py:188} INFO - [2026-08-02T19:11:18.189+0000] {dag.py:3089} INFO - Sync 1 DAGs
[2026-08-02T19:11:18.231+0000] {logging_mixin.py:188} INFO - [2026-08-02T19:11:18.231+0000] {dag.py:3947} INFO - Setting next_dagrun for example_params_trigger_ui to None, run_after=None
[2026-08-02T19:11:18.271+0000] {processor.py:183} INFO - Processing /home/airflow/.local/lib/python3.12/site-packages/airflow/example_dags/example_params_trigger_ui.py took 0.211 seconds
[2026-08-02T19:11:49.187+0000] {processor.py:161} INFO - Started process (PID=334) to work on /home/airflow/.local/lib/python3.12/site-packages/airflow/example_dags/example_params_trigger_ui.py
[2026-08-02T19:11:49.189+0000] {processor.py:830} INFO - Processing file /home/airflow/.local/lib/python3.12/site-packages/airflow/example_dags/example_params_trigger_ui.py for tasks to queue
[2026-08-02T19:11:49.193+0000] {logging_mixin.py:188} INFO - [2026-08-02T19:11:49.193+0000] {dagbag.py:545} INFO - Filling up the DagBag from /home/airflow/.local/lib/python3.12/site-packages/airflow/example_dags/example_params_trigger_ui.py
[2026-08-02T19:11:49.203+0000] {processor.py:840} INFO - DAG(s) 'example_params_trigger_ui' retrieved from /home/airflow/.local/lib/python3.12/site-packages/airflow/example_dags/example_params_trigger_ui.py
[2026-08-02T19:11:49.243+0000] {logging_mixin.py:188} INFO - [2026-08-02T19:11:49.243+0000] {dag.py:3089} INFO - Sync 1 DAGs
[2026-08-02T19:11:49.256+0000] {logging_mixin.py:188} INFO - [2026-08-02T19:11:49.255+0000] {dag.py:3947} INFO - Setting next_dagrun for example_params_trigger_ui to None, run_after=None
[2026-08-02T19:11:49.274+0000] {processor.py:183} INFO - Processing /home/airflow/.local/lib/python3.12/site-packages/airflow/example_dags/example_params_trigger_ui.py took 0.093 seconds
[2026-08-02T19:12:19.577+0000] {processor.py:161} INFO - Started process (PID=393) to work on /home/airflow/.local/lib/python3.12/site-packages/airflow/example_dags/example_params_trigger_ui.py
[2026-08-02T19:12:19.579+0000] {processor.py:830} INFO - Processing file /home/airflow/.local/lib/python3.12/site-packages/airflow/example_dags/example_params_trigger_ui.py for tasks to queue
[2026-08-02T19:12:19.582+0000] {logging_mixin.py:188} INFO - [2026-08-02T19:12:19.581+0000] {dagbag.py:545} INFO - Filling up the DagBag from /home/airflow/.local/lib/python3.12/site-packages/airflow/example_dags/example_params_trigger_ui.py
[2026-08-02T19:12:19.592+0000] {processor.py:840} INFO - DAG(s) 'example_params_trigger_ui' retrieved from /home/airflow/.local/lib/python3.12/site-packages/airflow/example_dags/example_params_trigger_ui.py
[2026-08-02T19:12:19.627+0000] {logging_mixin.py:188} INFO - [2026-08-02T19:12:19.627+0000] {dag.py:3089} INFO - Sync 1 DAGs
[2026-08-02T19:12:19.639+0000] {logging_mixin.py:188} INFO - [2026-08-02T19:12:19.639+0000] {dag.py:3947} INFO - Setting next_dagrun for example_params_trigger_ui to None, run_after=None
[2026-08-02T19:12:19.657+0000] {processor.py:183} INFO - Processing /home/airflow/.local/lib/python3.12/site-packages/airflow/example_dags/example_params_trigger_ui.py took 0.090 seconds
[2026-08-02T19:12:50.039+0000] {processor.py:161} INFO - Started process (PID=452) to work on /home/airflow/.local/lib/python3.12/site-packages/airflow/example_dags/example_params_trigger_ui.py
[2026-08-02T19:12:50.041+0000] {processor.py:830} INFO - Processing file /home/airflow/.local/lib/python3.12/site-packages/airflow/example_dags/example_params_trigger_ui.py for tasks to queue
[2026-08-02T19:12:50.043+0000] {logging_mixin.py:188} INFO - [2026-08-02T19:12:50.043+0000] {dagbag.py:545} INFO - Filling up the DagBag from /home/airflow/.local/lib/python3.12/site-packages/airflow/example_dags/example_params_trigger_ui.py
[2026-08-02T19:12:50.053+0000] {processor.py:840} INFO - DAG(s) 'example_params_trigger_ui' retrieved from /home/airflow/.local/lib/python3.12/site-packages/airflow/example_dags/example_params_trigger_ui.py
[2026-08-02T19:12:50.090+0000] {logging_mixin.py:188} INFO - [2026-08-02T19:12:50.090+0000] {dag.py:3089} INFO - Sync 1 DAGs
[2026-08-02T19:12:50.102+0000] {logging_mixin.py:188} INFO - [2026-08-02T19:12:50.101+0000] {dag.py:3947} INFO - Setting next_dagrun for example_params_trigger_ui to None, run_after=None
[2026-08-02T19:12:50.121+0000] {processor.py:183} INFO - Processing /home/airflow/.local/lib/python3.12/site-packages/airflow/example_dags/example_params_trigger_ui.py took 0.088 seconds
[2026-08-02T19:13:20.397+0000] {processor.py:161} INFO - Started process (PID=511) to work on /home/airflow/.local/lib/python3.12/site-packages/airflow/example_dags/example_params_trigger_ui.py
[2026-08-02T19:13:20.399+0000] {processor.py:830} INFO - Processing file /home/airflow/.local/lib/python3.12/site-packages/airflow/example_dags/example_params_trigger_ui.py for tasks to queue
[2026-08-02T19:13:20.402+0000] {logging_mixin.py:188} INFO - [2026-08-02T19:13:20.401+0000] {dagbag.py:545} INFO - Filling up the DagBag from /home/airflow/.local/lib/python3.12/site-packages/airflow/example_dags/example_params_trigger_ui.py
[2026-08-02T19:13:20.412+0000] {processor.py:840} INFO - DAG(s) 'example_params_trigger_ui' retrieved from /home/airflow/.local/lib/python3.12/site-packages/airflow/example_dags/example_params_trigger_ui.py
[2026-08-02T19:13:20.451+0000] {logging_mixin.py:188} INFO - [2026-08-02T19:13:20.451+0000] {dag.py:3089} INFO - Sync 1 DAGs
[2026-08-02T19:13:20.464+0000] {logging_mixin.py:188} INFO - [2026-08-02T19:13:20.463+0000] {dag.py:3947} INFO - Setting next_dagrun for example_params_trigger_ui to None, run_after=None
[2026-08-02T19:13:20.486+0000] {processor.py:183} INFO - Processing /home/airflow/.local/lib/python3.12/site-packages/airflow/example_dags/example_params_trigger_ui.py took 0.097 seconds
[2026-08-02T19:13:51.361+0000] {processor.py:161} INFO - Started process (PID=570) to work on /home/airflow/.local/lib/python3.12/site-packages/airflow/example_dags/example_params_trigger_ui.py
[2026-08-02T19:13:51.364+0000] {processor.py:830} INFO - Processing file /home/airflow/.local/lib/python3.12/site-packages/airflow/example_dags/example_params_trigger_ui.py for tasks to queue
[2026-08-02T19:13:51.366+0000] {logging_mixin.py:188} INFO - [2026-08-02T19:13:51.366+0000] {dagbag.py:545} INFO - Filling up the DagBag from /home/airflow/.local/lib/python3.12/site-packages/airflow/example_dags/example_params_trigger_ui.py
[2026-08-02T19:13:51.381+0000] {processor.py:840} INFO - DAG(s) 'example_params_trigger_ui' retrieved from /home/airflow/.local/lib/python3.12/site-packages/airflow/example_dags/example_params_trigger_ui.py
[2026-08-02T19:13:51.421+0000] {logging_mixin.py:188} INFO - [2026-08-02T19:13:51.421+0000] {dag.py:3089} INFO - Sync 1 DAGs
[2026-08-02T19:13:51.434+0000] {logging_mixin.py:188} INFO - [2026-08-02T19:13:51.434+0000] {dag.py:3947} INFO - Setting next_dagrun for example_params_trigger_ui to None, run_after=None
[2026-08-02T19:13:51.459+0000] {processor.py:183} INFO - Processing /home/airflow/.local/lib/python3.12/site-packages/airflow/example_dags/example_params_trigger_ui.py took 0.109 seconds
[2026-08-02T19:14:21.867+0000] {processor.py:161} INFO - Started process (PID=629) to work on /home/airflow/.local/lib/python3.12/site-packages/airflow/example_dags/example_params_trigger_ui.py
[2026-08-02T19:14:21.868+0000] {processor.py:830} INFO - Processing file /home/airflow/.local/lib/python3.12/site-packages/airflow/example_dags/example_params_trigger_ui.py for tasks to queue
[2026-08-02T19:14:21.871+0000] {logging_mixin.py:188} INFO - [2026-08-02T19:14:21.870+0000] {dagbag.py:545} INFO - Filling up the DagBag from /home/airflow/.local/lib/python3.12/site-packages/airflow/example_dags/example_params_trigger_ui.py
[2026-08-02T19:14:21.879+0000] {processor.py:840} INFO - DAG(s) 'example_params_trigger_ui' retrieved from /home/airflow/.local/lib/python3.12/site-packages/airflow/example_dags/example_params_trigger_ui.py
[2026-08-02T19:14:21.915+0000] {logging_mixin.py:188} INFO - [2026-08-02T19:14:21.915+0000] {dag.py:3089} INFO - Sync 1 DAGs
[2026-08-02T19:14:21.932+0000] {logging_mixin.py:188} INFO - [2026-08-02T19:14:21.930+0000] {dag.py:3947} INFO - Setting next_dagrun for example_params_trigger_ui to None, run_after=None
[2026-08-02T19:14:21.960+0000] {processor.py:183} INFO - Processing /home/airflow/.local/lib/python3.12/site-packages/airflow/example_dags/example_params_trigger_ui.py took 0.099 seconds
[2026-08-02T19:14:52.658+0000] {processor.py:161} INFO - Started process (PID=688) to work on /home/airflow/.local/lib/python3.12/site-packages/airflow/example_dags/example_params_trigger_ui.py
[2026-08-02T19:14:52.659+0000] {processor.py:830} INFO - Processing file /home/airflow/.local/lib/python3.12/site-packages/airflow/example_dags/example_params_trigger_ui.py for tasks to queue
[2026-08-02T19:14:52.662+0000] {logging_mixin.py:188} INFO - [2026-08-02T19:14:52.661+0000] {dagbag.py:545} INFO - Filling up the DagBag from /home/airflow/.local/lib/python3.12/site-packages/airflow/example_dags/example_params_trigger_ui.py
[2026-08-02T19:14:52.672+0000] {processor.py:840} INFO - DAG(s) 'example_params_trigger_ui' retrieved from /home/airflow/.local/lib/python3.12/site-packages/airflow/example_dags/example_params_trigger_ui.py
[2026-08-02T19:14:52.723+0000] {logging_mixin.py:188} INFO - [2026-08-02T19:14:52.723+0000] {dag.py:3089} INFO - Sync 1 DAGs
[2026-08-02T19:14:52.753+0000] {logging_mixin.py:188} INFO - [2026-08-02T19:14:52.753+0000] {dag.py:3947} INFO - Setting next_dagrun for example_params_trigger_ui to None, run_after=None
[2026-08-02T19:14:52.785+0000] {processor.py:183} INFO - Processing /home/airflow/.local/lib/python3.12/site-packages/airflow/example_dags/example_params_trigger_ui.py took 0.134 seconds
[2026-08-02T19:15:23.181+0000] {processor.py:161} INFO - Started process (PID=747) to work on /home/airflow/.local/lib/python3.12/site-packages/airflow/example_dags/example_params_trigger_ui.py
[2026-08-02T19:15:23.184+0000] {processor.py:830} INFO - Processing file /home/airflow/.local/lib/python3.12/site-packages/airflow/example_dags/example_params_trigger_ui.py for tasks to queue
[2026-08-02T19:15:23.188+0000] {logging_mixin.py:188} INFO - [2026-08-02T19:15:23.187+0000] {dagbag.py:545} INFO - Filling up the DagBag from /home/airflow/.local/lib/python3.12/site-packages/airflow/example_dags/example_params_trigger_ui.py
[2026-08-02T19:15:23.199+0000] {processor.py:840} INFO - DAG(s) 'example_params_trigger_ui' retrieved from /home/airflow/.local/lib/python3.12/site-packages/airflow/example_dags/example_params_trigger_ui.py
[2026-08-02T19:15:23.238+0000] {logging_mixin.py:188} INFO - [2026-08-02T19:15:23.238+0000] {dag.py:3089} INFO - Sync 1 DAGs
[2026-08-02T19:15:23.251+0000] {logging_mixin.py:188} INFO - [2026-08-02T19:15:23.251+0000] {dag.py:3947} INFO - Setting next_dagrun for example_params_trigger_ui to None, run_after=None
[2026-08-02T19:15:23.271+0000] {processor.py:183} INFO - Processing /home/airflow/.local/lib/python3.12/site-packages/airflow/example_dags/example_params_trigger_ui.py took 0.102 seconds
[2026-08-02T19:15:53.541+0000] {processor.py:161} INFO - Started process (PID=806) to work on /home/airflow/.local/lib/python3.12/site-packages/airflow/example_dags/example_params_trigger_ui.py
[2026-08-02T19:15:53.543+0000] {processor.py:830} INFO - Processing file /home/airflow/.local/lib/python3.12/site-packages/airflow/example_dags/example_params_trigger_ui.py for tasks to queue
[2026-08-02T19:15:53.546+0000] {logging_mixin.py:188} INFO - [2026-08-02T19:15:53.545+0000] {dagbag.py:545} INFO - Filling up the DagBag from /home/airflow/.local/lib/python3.12/site-packages/airflow/example_dags/example_params_trigger_ui.py
[2026-08-02T19:15:53.556+0000] {processor.py:840} INFO - DAG(s) 'example_params_trigger_ui' retrieved from /home/airflow/.local/lib/python3.12/site-packages/airflow/example_dags/example_params_trigger_ui.py
[2026-08-02T19:15:53.597+0000] {logging_mixin.py:188} INFO - [2026-08-02T19:15:53.597+0000] {dag.py:3089} INFO - Sync 1 DAGs
[2026-08-02T19:15:53.609+0000] {logging_mixin.py:188} INFO - [2026-08-02T19:15:53.609+0000] {dag.py:3947} INFO - Setting next_dagrun for example_params_trigger_ui to None, run_after=None
[2026-08-02T19:15:53.628+0000] {processor.py:183} INFO - Processing /home/airflow/.local/lib/python3.12/site-packages/airflow/example_dags/example_params_trigger_ui.py took 0.092 seconds
[2026-08-02T19:16:23.933+0000] {processor.py:161} INFO - Started process (PID=865) to work on /home/airflow/.local/lib/python3.12/site-packages/airflow/example_dags/example_params_trigger_ui.py
[2026-08-02T19:16:23.936+0000] {processor.py:830} INFO - Processing file /home/airflow/.local/lib/python3.12/site-packages/airflow/example_dags/example_params_trigger_ui.py for tasks to queue
[2026-08-02T19:16:23.938+0000] {logging_mixin.py:188} INFO - [2026-08-02T19:16:23.938+0000] {dagbag.py:545} INFO - Filling up the DagBag from /home/airflow/.local/lib/python3.12/site-packages/airflow/example_dags/example_params_trigger_ui.py
[2026-08-02T19:16:23.948+0000] {processor.py:840} INFO - DAG(s) 'example_params_trigger_ui' retrieved from /home/airflow/.local/lib/python3.12/site-packages/airflow/example_dags/example_params_trigger_ui.py
[2026-08-02T19:16:23.984+0000] {logging_mixin.py:188} INFO - [2026-08-02T19:16:23.984+0000] {dag.py:3089} INFO - Sync 1 DAGs
[2026-08-02T19:16:23.996+0000] {logging_mixin.py:188} INFO - [2026-08-02T19:16:23.996+0000] {dag.py:3947} INFO - Setting next_dagrun for example_params_trigger_ui to None, run_after=None
[2026-08-02T19:16:24.014+0000] {processor.py:183} INFO - Processing /home/airflow/.local/lib/python3.12/site-packages/airflow/example_dags/example_params_trigger_ui.py took 0.091 seconds
[2026-08-02T19:16:54.106+0000] {processor.py:161} INFO - Started process (PID=924) to work on /home/airflow/.local/lib/python3.12/site-packages/airflow/example_dags/example_params_trigger_ui.py
[2026-08-02T19:16:54.108+0000] {processor.py:830} INFO - Processing file /home/airflow/.local/lib/python3.12/site-packages/airflow/example_dags/example_params_trigger_ui.py for tasks to queue
[2026-08-02T19:16:54.110+0000] {logging_mixin.py:188} INFO - [2026-08-02T19:16:54.110+0000] {dagbag.py:545} INFO - Filling up the DagBag from /home/airflow/.local/lib/python3.12/site-packages/airflow/example_dags/example_params_trigger_ui.py
[2026-08-02T19:16:54.120+0000] {processor.py:840} INFO - DAG(s) 'example_params_trigger_ui' retrieved from /home/airflow/.local/lib/python3.12/site-packages/airflow/example_dags/example_params_trigger_ui.py
[2026-08-02T19:16:54.159+0000] {logging_mixin.py:188} INFO - [2026-08-02T19:16:54.159+0000] {dag.py:3089} INFO - Sync 1 DAGs
[2026-08-02T19:16:54.171+0000] {logging_mixin.py:188} INFO - [2026-08-02T19:16:54.170+0000] {dag.py:3947} INFO - Setting next_dagrun for example_params_trigger_ui to None, run_after=None
[2026-08-02T19:16:54.191+0000] {processor.py:183} INFO - Processing /home/airflow/.local/lib/python3.12/site-packages/airflow/example_dags/example_params_trigger_ui.py took 0.091 seconds
[2026-08-02T19:17:24.603+0000] {processor.py:161} INFO - Started process (PID=983) to work on /home/airflow/.local/lib/python3.12/site-packages/airflow/example_dags/example_params_trigger_ui.py
[2026-08-02T19:17:24.606+0000] {processor.py:830} INFO - Processing file /home/airflow/.local/lib/python3.12/site-packages/airflow/example_dags/example_params_trigger_ui.py for tasks to queue
[2026-08-02T19:17:24.609+0000] {logging_mixin.py:188} INFO - [2026-08-02T19:17:24.609+0000] {dagbag.py:545} INFO - Filling up the DagBag from /home/airflow/.local/lib/python3.12/site-packages/airflow/example_dags/example_params_trigger_ui.py
[2026-08-02T19:17:24.625+0000] {processor.py:840} INFO - DAG(s) 'example_params_trigger_ui' retrieved from /home/airflow/.local/lib/python3.12/site-packages/airflow/example_dags/example_params_trigger_ui.py
[2026-08-02T19:17:24.666+0000] {logging_mixin.py:188} INFO - [2026-08-02T19:17:24.666+0000] {dag.py:3089} INFO - Sync 1 DAGs
[2026-08-02T19:17:24.678+0000] {logging_mixin.py:188} INFO - [2026-08-02T19:17:24.678+0000] {dag.py:3947} INFO - Setting next_dagrun for example_params_trigger_ui to None, run_after=None
[2026-08-02T19:17:24.696+0000] {processor.py:183} INFO - Processing /home/airflow/.local/lib/python3.12/site-packages/airflow/example_dags/example_params_trigger_ui.py took 0.105 seconds
[2026-08-02T19:17:54.761+0000] {processor.py:161} INFO - Started process (PID=1042) to work on /home/airflow/.local/lib/python3.12/site-packages/airflow/example_dags/example_params_trigger_ui.py
[2026-08-02T19:17:54.763+0000] {processor.py:830} INFO - Processing file /home/airflow/.local/lib/python3.12/site-packages/airflow/example_dags/example_params_trigger_ui.py for tasks to queue
[2026-08-02T19:17:54.767+0000] {logging_mixin.py:188} INFO - [2026-08-02T19:17:54.766+0000] {dagbag.py:545} INFO - Filling up the DagBag from /home/airflow/.local/lib/python3.12/site-packages/airflow/example_dags/example_params_trigger_ui.py
[2026-08-02T19:17:54.779+0000] {processor.py:840} INFO - DAG(s) 'example_params_trigger_ui' retrieved from /home/airflow/.local/lib/python3.12/site-packages/airflow/example_dags/example_params_trigger_ui.py
[2026-08-02T19:17:54.825+0000] {logging_mixin.py:188} INFO - [2026-08-02T19:17:54.824+0000] {dag.py:3089} INFO - Sync 1 DAGs
[2026-08-02T19:17:54.840+0000] {logging_mixin.py:188} INFO - [2026-08-02T19:17:54.840+0000] {dag.py:3947} INFO - Setting next_dagrun for example_params_trigger_ui to None, run_after=None
[2026-08-02T19:17:54.864+0000] {processor.py:183} INFO - Processing /home/airflow/.local/lib/python3.12/site-packages/airflow/example_dags/example_params_trigger_ui.py took 0.108 seconds
[2026-08-02T19:18:25.213+0000] {processor.py:161} INFO - Started process (PID=1101) to work on /home/airflow/.local/lib/python3.12/site-packages/airflow/example_dags/example_params_trigger_ui.py
[2026-08-02T19:18:25.215+0000] {processor.py:830} INFO - Processing file /home/airflow/.local/lib/python3.12/site-packages/airflow/example_dags/example_params_trigger_ui.py for tasks to queue
[2026-08-02T19:18:25.217+0000] {logging_mixin.py:188} INFO - [2026-08-02T19:18:25.217+0000] {dagbag.py:545} INFO - Filling up the DagBag from /home/airflow/.local/lib/python3.12/site-packages/airflow/example_dags/example_params_trigger_ui.py
[2026-08-02T19:18:25.227+0000] {processor.py:840} INFO - DAG(s) 'example_params_trigger_ui' retrieved from /home/airflow/.local/lib/python3.12/site-packages/airflow/example_dags/example_params_trigger_ui.py
[2026-08-02T19:18:25.267+0000] {logging_mixin.py:188} INFO - [2026-08-02T19:18:25.267+0000] {dag.py:3089} INFO - Sync 1 DAGs
[2026-08-02T19:18:25.281+0000] {logging_mixin.py:188} INFO - [2026-08-02T19:18:25.280+0000] {dag.py:3947} INFO - Setting next_dagrun for example_params_trigger_ui to None, run_after=None
[2026-08-02T19:18:25.301+0000] {processor.py:183} INFO - Processing /home/airflow/.local/lib/python3.12/site-packages/airflow/example_dags/example_params_trigger_ui.py took 0.096 seconds
[2026-08-02T19:18:55.814+0000] {processor.py:161} INFO - Started process (PID=1160) to work on /home/airflow/.local/lib/python3.12/site-packages/airflow/example_dags/example_params_trigger_ui.py
[2026-08-02T19:18:55.816+0000] {processor.py:830} INFO - Processing file /home/airflow/.local/lib/python3.12/site-packages/airflow/example_dags/example_params_trigger_ui.py for tasks to queue
[2026-08-02T19:18:55.819+0000] {logging_mixin.py:188} INFO - [2026-08-02T19:18:55.819+0000] {dagbag.py:545} INFO - Filling up the DagBag from /home/airflow/.local/lib/python3.12/site-packages/airflow/example_dags/example_params_trigger_ui.py
[2026-08-02T19:18:55.838+0000] {processor.py:840} INFO - DAG(s) 'example_params_trigger_ui' retrieved from /home/airflow/.local/lib/python3.12/site-packages/airflow/example_dags/example_params_trigger_ui.py
[2026-08-02T19:18:55.877+0000] {logging_mixin.py:188} INFO - [2026-08-02T19:18:55.877+0000] {dag.py:3089} INFO - Sync 1 DAGs
[2026-08-02T19:18:55.891+0000] {logging_mixin.py:188} INFO - [2026-08-02T19:18:55.890+0000] {dag.py:3947} INFO - Setting next_dagrun for example_params_trigger_ui to None, run_after=None
[2026-08-02T19:18:55.910+0000] {processor.py:183} INFO - Processing /home/airflow/.local/lib/python3.12/site-packages/airflow/example_dags/example_params_trigger_ui.py took 0.107 seconds
[2026-08-02T19:19:26.362+0000] {processor.py:161} INFO - Started process (PID=1219) to work on /home/airflow/.local/lib/python3.12/site-packages/airflow/example_dags/example_params_trigger_ui.py
[2026-08-02T19:19:26.364+0000] {processor.py:830} INFO - Processing file /home/airflow/.local/lib/python3.12/site-packages/airflow/example_dags/example_params_trigger_ui.py for tasks to queue
[2026-08-02T19:19:26.367+0000] {logging_mixin.py:188} INFO - [2026-08-02T19:19:26.367+0000] {dagbag.py:545} INFO - Filling up the DagBag from /home/airflow/.local/lib/python3.12/site-packages/airflow/example_dags/example_params_trigger_ui.py
[2026-08-02T19:19:26.378+0000] {processor.py:840} INFO - DAG(s) 'example_params_trigger_ui' retrieved from /home/airflow/.local/lib/python3.12/site-packages/airflow/example_dags/example_params_trigger_ui.py
[2026-08-02T19:19:26.415+0000] {logging_mixin.py:188} INFO - [2026-08-02T19:19:26.414+0000] {dag.py:3089} INFO - Sync 1 DAGs
[2026-08-02T19:19:26.426+0000] {logging_mixin.py:188} INFO - [2026-08-02T19:19:26.426+0000] {dag.py:3947} INFO - Setting next_dagrun for example_params_trigger_ui to None, run_after=None
[2026-08-02T19:19:26.444+0000] {processor.py:183} INFO - Processing /home/airflow/.local/lib/python3.12/site-packages/airflow/example_dags/example_params_trigger_ui.py took 0.092 seconds
[2026-08-02T19:19:57.014+0000] {processor.py:161} INFO - Started process (PID=1278) to work on /home/airflow/.local/lib/python3.12/site-packages/airflow/example_dags/example_params_trigger_ui.py
[2026-08-02T19:19:57.015+0000] {processor.py:830} INFO - Processing file /home/airflow/.local/lib/python3.12/site-packages/airflow/example_dags/example_params_trigger_ui.py for tasks to queue
[2026-08-02T19:19:57.018+0000] {logging_mixin.py:188} INFO - [2026-08-02T19:19:57.018+0000] {dagbag.py:545} INFO - Filling up the DagBag from /home/airflow/.local/lib/python3.12/site-packages/airflow/example_dags/example_params_trigger_ui.py
[2026-08-02T19:19:57.029+0000] {processor.py:840} INFO - DAG(s) 'example_params_trigger_ui' retrieved from /home/airflow/.local/lib/python3.12/site-packages/airflow/example_dags/example_params_trigger_ui.py
[2026-08-02T19:19:57.065+0000] {logging_mixin.py:188} INFO - [2026-08-02T19:19:57.065+0000] {dag.py:3089} INFO - Sync 1 DAGs
[2026-08-02T19:19:57.076+0000] {logging_mixin.py:188} INFO - [2026-08-02T19:19:57.076+0000] {dag.py:3947} INFO - Setting next_dagrun for example_params_trigger_ui to None, run_after=None
[2026-08-02T19:19:57.094+0000] {processor.py:183} INFO - Processing /home/airflow/.local/lib/python3.12/site-packages/airflow/example_dags/example_params_trigger_ui.py took 0.090 seconds
[2026-08-02T19:20:27.257+0000] {processor.py:161} INFO - Started process (PID=1337) to work on /home/airflow/.local/lib/python3.12/site-packages/airflow/example_dags/example_params_trigger_ui.py
[2026-08-02T19:20:27.259+0000] {processor.py:830} INFO - Processing file /home/airflow/.local/lib/python3.12/site-packages/airflow/example_dags/example_params_trigger_ui.py for tasks to queue
[2026-08-02T19:20:27.262+0000] {logging_mixin.py:188} INFO - [2026-08-02T19:20:27.262+0000] {dagbag.py:545} INFO - Filling up the DagBag from /home/airflow/.local/lib/python3.12/site-packages/airflow/example_dags/example_params_trigger_ui.py
[2026-08-02T19:20:27.274+0000] {processor.py:840} INFO - DAG(s) 'example_params_trigger_ui' retrieved from /home/airflow/.local/lib/python3.12/site-packages/airflow/example_dags/example_params_trigger_ui.py
[2026-08-02T19:20:27.314+0000] {logging_mixin.py:188} INFO - [2026-08-02T19:20:27.314+0000] {dag.py:3089} INFO - Sync 1 DAGs
[2026-08-02T19:20:27.329+0000] {logging_mixin.py:188} INFO - [2026-08-02T19:20:27.328+0000] {dag.py:3947} INFO - Setting next_dagrun for example_params_trigger_ui to None, run_after=None
[2026-08-02T19:20:27.349+0000] {processor.py:183} INFO - Processing /home/airflow/.local/lib/python3.12/site-packages/airflow/example_dags/example_params_trigger_ui.py took 0.099 seconds
