[2026-08-02T18:55:17.539+0000] {processor.py:161} INFO - Started process (PID=110) to work on /home/airflow/.local/lib/python3.12/site-packages/airflow/example_dags/example_branch_operator.py
[2026-08-02T18:55:17.541+0000] {processor.py:830} INFO - Processing file /home/airflow/.local/lib/python3.12/site-packages/airflow/example_dags/example_branch_operator.py for tasks to queue
[2026-08-02T18:55:17.544+0000] {logging_mixin.py:188} INFO - [2026-08-02T18:55:17.543+0000] {dagbag.py:545} INFO - Filling up the DagBag from /home/airflow/.local/lib/python3.12/site-packages/airflow/example_dags/example_branch_operator.py
[2026-08-02T18:55:17.568+0000] {processor.py:840} INFO - DAG(s) 'example_branch_operator' retrieved from /home/airflow/.local/lib/python3.12/site-packages/airflow/example_dags/example_branch_operator.py
[2026-08-02T18:55:17.716+0000] {logging_mixin.py:188} INFO - [2026-08-02T18:55:17.716+0000] {dag.py:3089} INFO - Sync 1 DAGs
[2026-08-02T18:55:17.743+0000] {logging_mixin.py:188} INFO - [2026-08-02T18:55:17.743+0000] {dag.py:3947} INFO - Setting next_dagrun for example_branch_operator to 2026-08-01 00:00:00+00:00, run_after=2026-08-02 00:00:00+00:00
[2026-08-02T18:55:17.769+0000] {processor.py:183} INFO - Processing /home/airflow/.local/lib/python3.12/site-packages/airflow/example_dags/example_branch_operator.py took 0.237 seconds
[2026-08-02T18:55:48.697+0000] {processor.py:161} INFO - Started process (PID=169) to work on /home/airflow/.local/lib/python3.12/site-packages/airflow/example_dags/example_branch_operator.py
[2026-08-02T18:55:48.698+0000] {processor.py:830} INFO - Processing file /home/airflow/.local/lib/python3.12/site-packages/airflow/example_dags/example_branch_operator.py for tasks to queue
[2026-08-02T18:55:48.701+0000] {logging_mixin.py:188} INFO - [2026-08-02T18:55:48.701+0000] {dagbag.py:545} INFO - Filling up the DagBag from /home/airflow/.local/lib/python3.12/site-packages/airflow/example_dags/example_branch_operator.py
[2026-08-02T18:55:48.727+0000] {processor.py:840} INFO - DAG(s) 'example_branch_operator' retrieved from /home/airflow/.local/lib/python3.12/site-packages/airflow/example_dags/example_branch_operator.py
[2026-08-02T18:55:48.765+0000] {logging_mixin.py:188} INFO - [2026-08-02T18:55:48.764+0000] {dag.py:3089} INFO - Sync 1 DAGs
[2026-08-02T18:55:48.795+0000] {logging_mixin.py:188} INFO - [2026-08-02T18:55:48.795+0000] {dag.py:3947} INFO - Setting next_dagrun for example_branch_operator to 2026-08-01 00:00:00+00:00, run_after=2026-08-02 00:00:00+00:00
[2026-08-02T18:55:48.821+0000] {processor.py:183} INFO - Processing /home/airflow/.local/lib/python3.12/site-packages/airflow/example_dags/example_branch_operator.py took 0.132 seconds
[2026-08-02T18:56:19.494+0000] {processor.py:161} INFO - Started process (PID=228) to work on /home/airflow/.local/lib/python3.12/site-packages/airflow/example_dags/example_branch_operator.py
[2026-08-02T18:56:19.496+0000] {processor.py:830} INFO - Processing file /home/airflow/.local/lib/python3.12/site-packages/airflow/example_dags/example_branch_operator.py for tasks to queue
[2026-08-02T18:56:19.499+0000] {logging_mixin.py:188} INFO - [2026-08-02T18:56:19.499+0000] {dagbag.py:545} INFO - Filling up the DagBag from /home/airflow/.local/lib/python3.12/site-packages/airflow/example_dags/example_branch_operator.py
[2026-08-02T18:56:19.517+0000] {processor.py:840} INFO - DAG(s) 'example_branch_operator' retrieved from /home/airflow/.local/lib/python3.12/site-packages/airflow/example_dags/example_branch_operator.py
[2026-08-02T18:56:19.551+0000] {logging_mixin.py:188} INFO - [2026-08-02T18:56:19.551+0000] {dag.py:3089} INFO - Sync 1 DAGs
[2026-08-02T18:56:19.575+0000] {logging_mixin.py:188} INFO - [2026-08-02T18:56:19.574+0000] {dag.py:3947} INFO - Setting next_dagrun for example_branch_operator to 2026-08-01 00:00:00+00:00, run_after=2026-08-02 00:00:00+00:00
[2026-08-02T18:56:19.596+0000] {processor.py:183} INFO - Processing /home/airflow/.local/lib/python3.12/site-packages/airflow/example_dags/example_branch_operator.py took 0.108 seconds
[2026-08-02T18:56:50.039+0000] {processor.py:161} INFO - Started process (PID=287) to work on /home/airflow/.local/lib/python3.12/site-packages/airflow/example_dags/example_branch_operator.py
[2026-08-02T18:56:50.041+0000] {processor.py:830} INFO - Processing file /home/airflow/.local/lib/python3.12/site-packages/airflow/example_dags/example_branch_operator.py for tasks to queue
[2026-08-02T18:56:50.043+0000] {logging_mixin.py:188} INFO - [2026-08-02T18:56:50.043+0000] {dagbag.py:545} INFO - Filling up the DagBag from /home/airflow/.local/lib/python3.12/site-packages/airflow/example_dags/example_branch_operator.py
[2026-08-02T18:56:50.058+0000] {processor.py:840} INFO - DAG(s) 'example_branch_operator' retrieved from /home/airflow/.local/lib/python3.12/site-packages/airflow/example_dags/example_branch_operator.py
[2026-08-02T18:56:50.084+0000] {logging_mixin.py:188} INFO - [2026-08-02T18:56:50.083+0000] {dag.py:3089} INFO - Sync 1 DAGs
[2026-08-02T18:56:50.105+0000] {logging_mixin.py:188} INFO - [2026-08-02T18:56:50.105+0000] {dag.py:3947} INFO - Setting next_dagrun for example_branch_operator to 2026-08-01 00:00:00+00:00, run_after=2026-08-02 00:00:00+00:00
[2026-08-02T18:56:50.125+0000] {processor.py:183} INFO - Processing /home/airflow/.local/lib/python3.12/site-packages/airflow/example_dags/example_branch_operator.py took 0.095 seconds
[2026-08-02T18:57:20.239+0000] {processor.py:161} INFO - Started process (PID=346) to work on /home/airflow/.local/lib/python3.12/site-packages/airflow/example_dags/example_branch_operator.py
[2026-08-02T18:57:20.241+0000] {processor.py:830} INFO - Processing file /home/airflow/.local/lib/python3.12/site-packages/airflow/example_dags/example_branch_operator.py for tasks to queue
[2026-08-02T18:57:20.243+0000] {logging_mixin.py:188} INFO - [2026-08-02T18:57:20.243+0000] {dagbag.py:545} INFO - Filling up the DagBag from /home/airflow/.local/lib/python3.12/site-packages/airflow/example_dags/example_branch_operator.py
[2026-08-02T18:57:20.259+0000] {processor.py:840} INFO - DAG(s) 'example_branch_operator' retrieved from /home/airflow/.local/lib/python3.12/site-packages/airflow/example_dags/example_branch_operator.py
[2026-08-02T18:57:20.287+0000] {logging_mixin.py:188} INFO - [2026-08-02T18:57:20.287+0000] {dag.py:3089} INFO - Sync 1 DAGs
[2026-08-02T18:57:20.307+0000] {logging_mixin.py:188} INFO - [2026-08-02T18:57:20.307+0000] {dag.py:3947} INFO - Setting next_dagrun for example_branch_operator to 2026-08-01 00:00:00+00:00, run_after=2026-08-02 00:00:00+00:00
[2026-08-02T18:57:20.325+0000] {processor.py:183} INFO - Processing /home/airflow/.local/lib/python3.12/site-packages/airflow/example_dags/example_branch_operator.py took 0.094 seconds
[2026-08-02T18:57:50.602+0000] {processor.py:161} INFO - Started process (PID=405) to work on /home/airflow/.local/lib/python3.12/site-packages/airflow/example_dags/example_branch_operator.py
[2026-08-02T18:57:50.604+0000] {processor.py:830} INFO - Processing file /home/airflow/.local/lib/python3.12/site-packages/airflow/example_dags/example_branch_operator.py for tasks to queue
[2026-08-02T18:57:50.607+0000] {logging_mixin.py:188} INFO - [2026-08-02T18:57:50.606+0000] {dagbag.py:545} INFO - Filling up the DagBag from /home/airflow/.local/lib/python3.12/site-packages/airflow/example_dags/example_branch_operator.py
[2026-08-02T18:57:50.622+0000] {processor.py:840} INFO - DAG(s) 'example_branch_operator' retrieved from /home/airflow/.local/lib/python3.12/site-packages/airflow/example_dags/example_branch_operator.py
[2026-08-02T18:57:50.646+0000] {logging_mixin.py:188} INFO - [2026-08-02T18:57:50.646+0000] {dag.py:3089} INFO - Sync 1 DAGs
[2026-08-02T18:57:50.666+0000] {logging_mixin.py:188} INFO - [2026-08-02T18:57:50.666+0000] {dag.py:3947} INFO - Setting next_dagrun for example_branch_operator to 2026-08-01 00:00:00+00:00, run_after=2026-08-02 00:00:00+00:00
[2026-08-02T18:57:50.695+0000] {processor.py:183} INFO - Processing /home/airflow/.local/lib/python3.12/site-packages/airflow/example_dags/example_branch_operator.py took 0.099 seconds
[2026-08-02T19:00:11.464+0000] {processor.py:161} INFO - Started process (PID=97) to work on /home/airflow/.local/lib/python3.12/site-packages/airflow/example_dags/example_branch_operator.py
[2026-08-02T19:00:11.466+0000] {processor.py:830} INFO - Processing file /home/airflow/.local/lib/python3.12/site-packages/airflow/example_dags/example_branch_operator.py for tasks to queue
[2026-08-02T19:00:11.468+0000] {logging_mixin.py:188} INFO - [2026-08-02T19:00:11.468+0000] {dagbag.py:545} INFO - Filling up the DagBag from /home/airflow/.local/lib/python3.12/site-packages/airflow/example_dags/example_branch_operator.py
[2026-08-02T19:00:11.483+0000] {processor.py:840} INFO - DAG(s) 'example_branch_operator' retrieved from /home/airflow/.local/lib/python3.12/site-packages/airflow/example_dags/example_branch_operator.py
[2026-08-02T19:00:11.495+0000] {logging_mixin.py:188} INFO - [2026-08-02T19:00:11.495+0000] {dag.py:3089} INFO - Sync 1 DAGs
[2026-08-02T19:00:11.518+0000] {logging_mixin.py:188} INFO - [2026-08-02T19:00:11.518+0000] {dag.py:3947} INFO - Setting next_dagrun for example_branch_operator to 2026-08-01 00:00:00+00:00, run_after=2026-08-02 00:00:00+00:00
[2026-08-02T19:00:11.539+0000] {processor.py:183} INFO - Processing /home/airflow/.local/lib/python3.12/site-packages/airflow/example_dags/example_branch_operator.py took 0.080 seconds
[2026-08-02T19:00:41.940+0000] {processor.py:161} INFO - Started process (PID=156) to work on /home/airflow/.local/lib/python3.12/site-packages/airflow/example_dags/example_branch_operator.py
[2026-08-02T19:00:41.941+0000] {processor.py:830} INFO - Processing file /home/airflow/.local/lib/python3.12/site-packages/airflow/example_dags/example_branch_operator.py for tasks to queue
[2026-08-02T19:00:41.943+0000] {logging_mixin.py:188} INFO - [2026-08-02T19:00:41.943+0000] {dagbag.py:545} INFO - Filling up the DagBag from /home/airflow/.local/lib/python3.12/site-packages/airflow/example_dags/example_branch_operator.py
[2026-08-02T19:00:41.957+0000] {processor.py:840} INFO - DAG(s) 'example_branch_operator' retrieved from /home/airflow/.local/lib/python3.12/site-packages/airflow/example_dags/example_branch_operator.py
[2026-08-02T19:00:42.051+0000] {logging_mixin.py:188} INFO - [2026-08-02T19:00:42.051+0000] {dag.py:3089} INFO - Sync 1 DAGs
[2026-08-02T19:00:42.070+0000] {logging_mixin.py:188} INFO - [2026-08-02T19:00:42.070+0000] {dag.py:3947} INFO - Setting next_dagrun for example_branch_operator to 2026-08-01 00:00:00+00:00, run_after=2026-08-02 00:00:00+00:00
[2026-08-02T19:00:42.088+0000] {processor.py:183} INFO - Processing /home/airflow/.local/lib/python3.12/site-packages/airflow/example_dags/example_branch_operator.py took 0.154 seconds
[2026-08-02T19:01:12.974+0000] {processor.py:161} INFO - Started process (PID=215) to work on /home/airflow/.local/lib/python3.12/site-packages/airflow/example_dags/example_branch_operator.py
[2026-08-02T19:01:12.975+0000] {processor.py:830} INFO - Processing file /home/airflow/.local/lib/python3.12/site-packages/airflow/example_dags/example_branch_operator.py for tasks to queue
[2026-08-02T19:01:12.977+0000] {logging_mixin.py:188} INFO - [2026-08-02T19:01:12.977+0000] {dagbag.py:545} INFO - Filling up the DagBag from /home/airflow/.local/lib/python3.12/site-packages/airflow/example_dags/example_branch_operator.py
[2026-08-02T19:01:12.991+0000] {processor.py:840} INFO - DAG(s) 'example_branch_operator' retrieved from /home/airflow/.local/lib/python3.12/site-packages/airflow/example_dags/example_branch_operator.py
[2026-08-02T19:01:13.017+0000] {logging_mixin.py:188} INFO - [2026-08-02T19:01:13.017+0000] {dag.py:3089} INFO - Sync 1 DAGs
[2026-08-02T19:01:13.038+0000] {logging_mixin.py:188} INFO - [2026-08-02T19:01:13.038+0000] {dag.py:3947} INFO - Setting next_dagrun for example_branch_operator to 2026-08-01 00:00:00+00:00, run_after=2026-08-02 00:00:00+00:00
[2026-08-02T19:01:13.056+0000] {processor.py:183} INFO - Processing /home/airflow/.local/lib/python3.12/site-packages/airflow/example_dags/example_branch_operator.py took 0.088 seconds
[2026-08-02T19:01:43.638+0000] {processor.py:161} INFO - Started process (PID=275) to work on /home/airflow/.local/lib/python3.12/site-packages/airflow/example_dags/example_branch_operator.py
[2026-08-02T19:01:43.640+0000] {processor.py:830} INFO - Processing file /home/airflow/.local/lib/python3.12/site-packages/airflow/example_dags/example_branch_operator.py for tasks to queue
[2026-08-02T19:01:43.642+0000] {logging_mixin.py:188} INFO - [2026-08-02T19:01:43.642+0000] {dagbag.py:545} INFO - Filling up the DagBag from /home/airflow/.local/lib/python3.12/site-packages/airflow/example_dags/example_branch_operator.py
[2026-08-02T19:01:43.657+0000] {processor.py:840} INFO - DAG(s) 'example_branch_operator' retrieved from /home/airflow/.local/lib/python3.12/site-packages/airflow/example_dags/example_branch_operator.py
[2026-08-02T19:01:43.688+0000] {logging_mixin.py:188} INFO - [2026-08-02T19:01:43.687+0000] {dag.py:3089} INFO - Sync 1 DAGs
[2026-08-02T19:01:43.731+0000] {logging_mixin.py:188} INFO - [2026-08-02T19:01:43.731+0000] {dag.py:3947} INFO - Setting next_dagrun for example_branch_operator to 2026-08-01 00:00:00+00:00, run_after=2026-08-02 00:00:00+00:00
[2026-08-02T19:01:43.777+0000] {processor.py:183} INFO - Processing /home/airflow/.local/lib/python3.12/site-packages/airflow/example_dags/example_branch_operator.py took 0.144 seconds
[2026-08-02T19:02:13.912+0000] {processor.py:161} INFO - Started process (PID=334) to work on /home/airflow/.local/lib/python3.12/site-packages/airflow/example_dags/example_branch_operator.py
[2026-08-02T19:02:13.914+0000] {processor.py:830} INFO - Processing file /home/airflow/.local/lib/python3.12/site-packages/airflow/example_dags/example_branch_operator.py for tasks to queue
[2026-08-02T19:02:13.915+0000] {logging_mixin.py:188} INFO - [2026-08-02T19:02:13.915+0000] {dagbag.py:545} INFO - Filling up the DagBag from /home/airflow/.local/lib/python3.12/site-packages/airflow/example_dags/example_branch_operator.py
[2026-08-02T19:02:13.928+0000] {processor.py:840} INFO - DAG(s) 'example_branch_operator' retrieved from /home/airflow/.local/lib/python3.12/site-packages/airflow/example_dags/example_branch_operator.py
[2026-08-02T19:02:13.951+0000] {logging_mixin.py:188} INFO - [2026-08-02T19:02:13.951+0000] {dag.py:3089} INFO - Sync 1 DAGs
[2026-08-02T19:02:13.970+0000] {logging_mixin.py:188} INFO - [2026-08-02T19:02:13.969+0000] {dag.py:3947} INFO - Setting next_dagrun for example_branch_operator to 2026-08-01 00:00:00+00:00, run_after=2026-08-02 00:00:00+00:00
[2026-08-02T19:02:13.987+0000] {processor.py:183} INFO - Processing /home/airflow/.local/lib/python3.12/site-packages/airflow/example_dags/example_branch_operator.py took 0.079 seconds
[2026-08-02T19:02:44.176+0000] {processor.py:161} INFO - Started process (PID=393) to work on /home/airflow/.local/lib/python3.12/site-packages/airflow/example_dags/example_branch_operator.py
[2026-08-02T19:02:44.178+0000] {processor.py:830} INFO - Processing file /home/airflow/.local/lib/python3.12/site-packages/airflow/example_dags/example_branch_operator.py for tasks to queue
[2026-08-02T19:02:44.180+0000] {logging_mixin.py:188} INFO - [2026-08-02T19:02:44.180+0000] {dagbag.py:545} INFO - Filling up the DagBag from /home/airflow/.local/lib/python3.12/site-packages/airflow/example_dags/example_branch_operator.py
[2026-08-02T19:02:44.194+0000] {processor.py:840} INFO - DAG(s) 'example_branch_operator' retrieved from /home/airflow/.local/lib/python3.12/site-packages/airflow/example_dags/example_branch_operator.py
[2026-08-02T19:02:44.219+0000] {logging_mixin.py:188} INFO - [2026-08-02T19:02:44.219+0000] {dag.py:3089} INFO - Sync 1 DAGs
[2026-08-02T19:02:44.238+0000] {logging_mixin.py:188} INFO - [2026-08-02T19:02:44.238+0000] {dag.py:3947} INFO - Setting next_dagrun for example_branch_operator to 2026-08-01 00:00:00+00:00, run_after=2026-08-02 00:00:00+00:00
[2026-08-02T19:02:44.256+0000] {processor.py:183} INFO - Processing /home/airflow/.local/lib/python3.12/site-packages/airflow/example_dags/example_branch_operator.py took 0.085 seconds
[2026-08-02T19:03:14.335+0000] {processor.py:161} INFO - Started process (PID=452) to work on /home/airflow/.local/lib/python3.12/site-packages/airflow/example_dags/example_branch_operator.py
[2026-08-02T19:03:14.337+0000] {processor.py:830} INFO - Processing file /home/airflow/.local/lib/python3.12/site-packages/airflow/example_dags/example_branch_operator.py for tasks to queue
[2026-08-02T19:03:14.339+0000] {logging_mixin.py:188} INFO - [2026-08-02T19:03:14.338+0000] {dagbag.py:545} INFO - Filling up the DagBag from /home/airflow/.local/lib/python3.12/site-packages/airflow/example_dags/example_branch_operator.py
[2026-08-02T19:03:14.354+0000] {processor.py:840} INFO - DAG(s) 'example_branch_operator' retrieved from /home/airflow/.local/lib/python3.12/site-packages/airflow/example_dags/example_branch_operator.py
[2026-08-02T19:03:14.381+0000] {logging_mixin.py:188} INFO - [2026-08-02T19:03:14.381+0000] {dag.py:3089} INFO - Sync 1 DAGs
[2026-08-02T19:03:14.402+0000] {logging_mixin.py:188} INFO - [2026-08-02T19:03:14.402+0000] {dag.py:3947} INFO - Setting next_dagrun for example_branch_operator to 2026-08-01 00:00:00+00:00, run_after=2026-08-02 00:00:00+00:00
[2026-08-02T19:03:14.420+0000] {processor.py:183} INFO - Processing /home/airflow/.local/lib/python3.12/site-packages/airflow/example_dags/example_branch_operator.py took 0.091 seconds
[2026-08-02T19:03:45.390+0000] {processor.py:161} INFO - Started process (PID=511) to work on /home/airflow/.local/lib/python3.12/site-packages/airflow/example_dags/example_branch_operator.py
[2026-08-02T19:03:45.392+0000] {processor.py:830} INFO - Processing file /home/airflow/.local/lib/python3.12/site-packages/airflow/example_dags/example_branch_operator.py for tasks to queue
[2026-08-02T19:03:45.396+0000] {logging_mixin.py:188} INFO - [2026-08-02T19:03:45.396+0000] {dagbag.py:545} INFO - Filling up the DagBag from /home/airflow/.local/lib/python3.12/site-packages/airflow/example_dags/example_branch_operator.py
[2026-08-02T19:03:45.414+0000] {processor.py:840} INFO - DAG(s) 'example_branch_operator' retrieved from /home/airflow/.local/lib/python3.12/site-packages/airflow/example_dags/example_branch_operator.py
[2026-08-02T19:03:45.439+0000] {logging_mixin.py:188} INFO - [2026-08-02T19:03:45.439+0000] {dag.py:3089} INFO - Sync 1 DAGs
[2026-08-02T19:03:45.462+0000] {logging_mixin.py:188} INFO - [2026-08-02T19:03:45.461+0000] {dag.py:3947} INFO - Setting next_dagrun for example_branch_operator to 2026-08-01 00:00:00+00:00, run_after=2026-08-02 00:00:00+00:00
[2026-08-02T19:03:45.480+0000] {processor.py:183} INFO - Processing /home/airflow/.local/lib/python3.12/site-packages/airflow/example_dags/example_branch_operator.py took 0.101 seconds
[2026-08-02T19:04:16.333+0000] {processor.py:161} INFO - Started process (PID=570) to work on /home/airflow/.local/lib/python3.12/site-packages/airflow/example_dags/example_branch_operator.py
[2026-08-02T19:04:16.335+0000] {processor.py:830} INFO - Processing file /home/airflow/.local/lib/python3.12/site-packages/airflow/example_dags/example_branch_operator.py for tasks to queue
[2026-08-02T19:04:16.338+0000] {logging_mixin.py:188} INFO - [2026-08-02T19:04:16.338+0000] {dagbag.py:545} INFO - Filling up the DagBag from /home/airflow/.local/lib/python3.12/site-packages/airflow/example_dags/example_branch_operator.py
[2026-08-02T19:04:16.365+0000] {processor.py:840} INFO - DAG(s) 'example_branch_operator' retrieved from /home/airflow/.local/lib/python3.12/site-packages/airflow/example_dags/example_branch_operator.py
[2026-08-02T19:04:16.398+0000] {logging_mixin.py:188} INFO - [2026-08-02T19:04:16.397+0000] {dag.py:3089} INFO - Sync 1 DAGs
[2026-08-02T19:04:16.421+0000] {logging_mixin.py:188} INFO - [2026-08-02T19:04:16.421+0000] {dag.py:3947} INFO - Setting next_dagrun for example_branch_operator to 2026-08-01 00:00:00+00:00, run_after=2026-08-02 00:00:00+00:00
[2026-08-02T19:04:16.441+0000] {processor.py:183} INFO - Processing /home/airflow/.local/lib/python3.12/site-packages/airflow/example_dags/example_branch_operator.py took 0.116 seconds
[2026-08-02T19:04:46.773+0000] {processor.py:161} INFO - Started process (PID=629) to work on /home/airflow/.local/lib/python3.12/site-packages/airflow/example_dags/example_branch_operator.py
[2026-08-02T19:04:46.774+0000] {processor.py:830} INFO - Processing file /home/airflow/.local/lib/python3.12/site-packages/airflow/example_dags/example_branch_operator.py for tasks to queue
[2026-08-02T19:04:46.777+0000] {logging_mixin.py:188} INFO - [2026-08-02T19:04:46.777+0000] {dagbag.py:545} INFO - Filling up the DagBag from /home/airflow/.local/lib/python3.12/site-packages/airflow/example_dags/example_branch_operator.py
[2026-08-02T19:04:46.793+0000] {processor.py:840} INFO - DAG(s) 'example_branch_operator' retrieved from /home/airflow/.local/lib/python3.12/site-packages/airflow/example_dags/example_branch_operator.py
[2026-08-02T19:04:46.819+0000] {logging_mixin.py:188} INFO - [2026-08-02T19:04:46.819+0000] {dag.py:3089} INFO - Sync 1 DAGs
[2026-08-02T19:04:46.842+0000] {logging_mixin.py:188} INFO - [2026-08-02T19:04:46.841+0000] {dag.py:3947} INFO - Setting next_dagrun for example_branch_operator to 2026-08-01 00:00:00+00:00, run_after=2026-08-02 00:00:00+00:00
[2026-08-02T19:04:46.859+0000] {processor.py:183} INFO - Processing /home/airflow/.local/lib/python3.12/site-packages/airflow/example_dags/example_branch_operator.py took 0.092 seconds
[2026-08-02T19:05:17.464+0000] {processor.py:161} INFO - Started process (PID=688) to work on /home/airflow/.local/lib/python3.12/site-packages/airflow/example_dags/example_branch_operator.py
[2026-08-02T19:05:17.466+0000] {processor.py:830} INFO - Processing file /home/airflow/.local/lib/python3.12/site-packages/airflow/example_dags/example_branch_operator.py for tasks to queue
[2026-08-02T19:05:17.468+0000] {logging_mixin.py:188} INFO - [2026-08-02T19:05:17.468+0000] {dagbag.py:545} INFO - Filling up the DagBag from /home/airflow/.local/lib/python3.12/site-packages/airflow/example_dags/example_branch_operator.py
[2026-08-02T19:05:17.483+0000] {processor.py:840} INFO - DAG(s) 'example_branch_operator' retrieved from /home/airflow/.local/lib/python3.12/site-packages/airflow/example_dags/example_branch_operator.py
[2026-08-02T19:05:17.508+0000] {logging_mixin.py:188} INFO - [2026-08-02T19:05:17.508+0000] {dag.py:3089} INFO - Sync 1 DAGs
[2026-08-02T19:05:17.529+0000] {logging_mixin.py:188} INFO - [2026-08-02T19:05:17.529+0000] {dag.py:3947} INFO - Setting next_dagrun for example_branch_operator to 2026-08-01 00:00:00+00:00, run_after=2026-08-02 00:00:00+00:00
[2026-08-02T19:05:17.547+0000] {processor.py:183} INFO - Processing /home/airflow/.local/lib/python3.12/site-packages/airflow/example_dags/example_branch_operator.py took 0.089 seconds
[2026-08-02T19:05:48.038+0000] {processor.py:161} INFO - Started process (PID=747) to work on /home/airflow/.local/lib/python3.12/site-packages/airflow/example_dags/example_branch_operator.py
[2026-08-02T19:05:48.040+0000] {processor.py:830} INFO - Processing file /home/airflow/.local/lib/python3.12/site-packages/airflow/example_dags/example_branch_operator.py for tasks to queue
[2026-08-02T19:05:48.042+0000] {logging_mixin.py:188} INFO - [2026-08-02T19:05:48.042+0000] {dagbag.py:545} INFO - Filling up the DagBag from /home/airflow/.local/lib/python3.12/site-packages/airflow/example_dags/example_branch_operator.py
[2026-08-02T19:05:48.057+0000] {processor.py:840} INFO - DAG(s) 'example_branch_operator' retrieved from /home/airflow/.local/lib/python3.12/site-packages/airflow/example_dags/example_branch_operator.py
[2026-08-02T19:05:48.082+0000] {logging_mixin.py:188} INFO - [2026-08-02T19:05:48.081+0000] {dag.py:3089} INFO - Sync 1 DAGs
[2026-08-02T19:05:48.102+0000] {logging_mixin.py:188} INFO - [2026-08-02T19:05:48.102+0000] {dag.py:3947} INFO - Setting next_dagrun for example_branch_operator to 2026-08-01 00:00:00+00:00, run_after=2026-08-02 00:00:00+00:00
[2026-08-02T19:05:48.119+0000] {processor.py:183} INFO - Processing /home/airflow/.local/lib/python3.12/site-packages/airflow/example_dags/example_branch_operator.py took 0.086 seconds
[2026-08-02T19:06:18.630+0000] {processor.py:161} INFO - Started process (PID=806) to work on /home/airflow/.local/lib/python3.12/site-packages/airflow/example_dags/example_branch_operator.py
[2026-08-02T19:06:18.632+0000] {processor.py:830} INFO - Processing file /home/airflow/.local/lib/python3.12/site-packages/airflow/example_dags/example_branch_operator.py for tasks to queue
[2026-08-02T19:06:18.634+0000] {logging_mixin.py:188} INFO - [2026-08-02T19:06:18.634+0000] {dagbag.py:545} INFO - Filling up the DagBag from /home/airflow/.local/lib/python3.12/site-packages/airflow/example_dags/example_branch_operator.py
[2026-08-02T19:06:18.649+0000] {processor.py:840} INFO - DAG(s) 'example_branch_operator' retrieved from /home/airflow/.local/lib/python3.12/site-packages/airflow/example_dags/example_branch_operator.py
[2026-08-02T19:06:18.674+0000] {logging_mixin.py:188} INFO - [2026-08-02T19:06:18.673+0000] {dag.py:3089} INFO - Sync 1 DAGs
[2026-08-02T19:06:18.693+0000] {logging_mixin.py:188} INFO - [2026-08-02T19:06:18.693+0000] {dag.py:3947} INFO - Setting next_dagrun for example_branch_operator to 2026-08-01 00:00:00+00:00, run_after=2026-08-02 00:00:00+00:00
[2026-08-02T19:06:18.711+0000] {processor.py:183} INFO - Processing /home/airflow/.local/lib/python3.12/site-packages/airflow/example_dags/example_branch_operator.py took 0.086 seconds
[2026-08-02T19:06:49.384+0000] {processor.py:161} INFO - Started process (PID=865) to work on /home/airflow/.local/lib/python3.12/site-packages/airflow/example_dags/example_branch_operator.py
[2026-08-02T19:06:49.386+0000] {processor.py:830} INFO - Processing file /home/airflow/.local/lib/python3.12/site-packages/airflow/example_dags/example_branch_operator.py for tasks to queue
[2026-08-02T19:06:49.388+0000] {logging_mixin.py:188} INFO - [2026-08-02T19:06:49.388+0000] {dagbag.py:545} INFO - Filling up the DagBag from /home/airflow/.local/lib/python3.12/site-packages/airflow/example_dags/example_branch_operator.py
[2026-08-02T19:06:49.404+0000] {processor.py:840} INFO - DAG(s) 'example_branch_operator' retrieved from /home/airflow/.local/lib/python3.12/site-packages/airflow/example_dags/example_branch_operator.py
[2026-08-02T19:06:49.432+0000] {logging_mixin.py:188} INFO - [2026-08-02T19:06:49.431+0000] {dag.py:3089} INFO - Sync 1 DAGs
[2026-08-02T19:06:49.455+0000] {logging_mixin.py:188} INFO - [2026-08-02T19:06:49.455+0000] {dag.py:3947} INFO - Setting next_dagrun for example_branch_operator to 2026-08-01 00:00:00+00:00, run_after=2026-08-02 00:00:00+00:00
[2026-08-02T19:06:49.476+0000] {processor.py:183} INFO - Processing /home/airflow/.local/lib/python3.12/site-packages/airflow/example_dags/example_branch_operator.py took 0.098 seconds
[2026-08-02T19:07:19.876+0000] {processor.py:161} INFO - Started process (PID=924) to work on /home/airflow/.local/lib/python3.12/site-packages/airflow/example_dags/example_branch_operator.py
[2026-08-02T19:07:19.878+0000] {processor.py:830} INFO - Processing file /home/airflow/.local/lib/python3.12/site-packages/airflow/example_dags/example_branch_operator.py for tasks to queue
[2026-08-02T19:07:19.880+0000] {logging_mixin.py:188} INFO - [2026-08-02T19:07:19.880+0000] {dagbag.py:545} INFO - Filling up the DagBag from /home/airflow/.local/lib/python3.12/site-packages/airflow/example_dags/example_branch_operator.py
[2026-08-02T19:07:19.892+0000] {processor.py:840} INFO - DAG(s) 'example_branch_operator' retrieved from /home/airflow/.local/lib/python3.12/site-packages/airflow/example_dags/example_branch_operator.py
[2026-08-02T19:07:19.914+0000] {logging_mixin.py:188} INFO - [2026-08-02T19:07:19.914+0000] {dag.py:3089} INFO - Sync 1 DAGs
[2026-08-02T19:07:19.931+0000] {logging_mixin.py:188} INFO - [2026-08-02T19:07:19.931+0000] {dag.py:3947} INFO - Setting next_dagrun for example_branch_operator to 2026-08-01 00:00:00+00:00, run_after=2026-08-02 00:00:00+00:00
[2026-08-02T19:07:19.946+0000] {processor.py:183} INFO - Processing /home/airflow/.local/lib/python3.12/site-packages/airflow/example_dags/example_branch_operator.py took 0.075 seconds
[2026-08-02T19:07:50.410+0000] {processor.py:161} INFO - Started process (PID=983) to work on /home/airflow/.local/lib/python3.12/site-packages/airflow/example_dags/example_branch_operator.py
[2026-08-02T19:07:50.411+0000] {processor.py:830} INFO - Processing file /home/airflow/.local/lib/python3.12/site-packages/airflow/example_dags/example_branch_operator.py for tasks to queue
[2026-08-02T19:07:50.414+0000] {logging_mixin.py:188} INFO - [2026-08-02T19:07:50.413+0000] {dagbag.py:545} INFO - Filling up the DagBag from /home/airflow/.local/lib/python3.12/site-packages/airflow/example_dags/example_branch_operator.py
[2026-08-02T19:07:50.430+0000] {processor.py:840} INFO - DAG(s) 'example_branch_operator' retrieved from /home/airflow/.local/lib/python3.12/site-packages/airflow/example_dags/example_branch_operator.py
[2026-08-02T19:07:50.458+0000] {logging_mixin.py:188} INFO - [2026-08-02T19:07:50.458+0000] {dag.py:3089} INFO - Sync 1 DAGs
[2026-08-02T19:07:50.479+0000] {logging_mixin.py:188} INFO - [2026-08-02T19:07:50.479+0000] {dag.py:3947} INFO - Setting next_dagrun for example_branch_operator to 2026-08-01 00:00:00+00:00, run_after=2026-08-02 00:00:00+00:00
[2026-08-02T19:07:50.498+0000] {processor.py:183} INFO - Processing /home/airflow/.local/lib/python3.12/site-packages/airflow/example_dags/example_branch_operator.py took 0.093 seconds
[2026-08-02T19:08:20.705+0000] {processor.py:161} INFO - Started process (PID=1042) to work on /home/airflow/.local/lib/python3.12/site-packages/airflow/example_dags/example_branch_operator.py
[2026-08-02T19:08:20.706+0000] {processor.py:830} INFO - Processing file /home/airflow/.local/lib/python3.12/site-packages/airflow/example_dags/example_branch_operator.py for tasks to queue
[2026-08-02T19:08:20.709+0000] {logging_mixin.py:188} INFO - [2026-08-02T19:08:20.708+0000] {dagbag.py:545} INFO - Filling up the DagBag from /home/airflow/.local/lib/python3.12/site-packages/airflow/example_dags/example_branch_operator.py
[2026-08-02T19:08:20.724+0000] {processor.py:840} INFO - DAG(s) 'example_branch_operator' retrieved from /home/airflow/.local/lib/python3.12/site-packages/airflow/example_dags/example_branch_operator.py
[2026-08-02T19:08:20.755+0000] {logging_mixin.py:188} INFO - [2026-08-02T19:08:20.754+0000] {dag.py:3089} INFO - Sync 1 DAGs
[2026-08-02T19:08:20.779+0000] {logging_mixin.py:188} INFO - [2026-08-02T19:08:20.779+0000] {dag.py:3947} INFO - Setting next_dagrun for example_branch_operator to 2026-08-01 00:00:00+00:00, run_after=2026-08-02 00:00:00+00:00
[2026-08-02T19:08:20.799+0000] {processor.py:183} INFO - Processing /home/airflow/.local/lib/python3.12/site-packages/airflow/example_dags/example_branch_operator.py took 0.100 seconds
[2026-08-02T19:09:52.708+0000] {processor.py:161} INFO - Started process (PID=133) to work on /home/airflow/.local/lib/python3.12/site-packages/airflow/example_dags/example_branch_operator.py
[2026-08-02T19:09:52.710+0000] {processor.py:830} INFO - Processing file /home/airflow/.local/lib/python3.12/site-packages/airflow/example_dags/example_branch_operator.py for tasks to queue
[2026-08-02T19:09:52.712+0000] {logging_mixin.py:188} INFO - [2026-08-02T19:09:52.712+0000] {dagbag.py:545} INFO - Filling up the DagBag from /home/airflow/.local/lib/python3.12/site-packages/airflow/example_dags/example_branch_operator.py
[2026-08-02T19:09:52.732+0000] {processor.py:840} INFO - DAG(s) 'example_branch_operator' retrieved from /home/airflow/.local/lib/python3.12/site-packages/airflow/example_dags/example_branch_operator.py
[2026-08-02T19:09:52.845+0000] {logging_mixin.py:188} INFO - [2026-08-02T19:09:52.845+0000] {dag.py:3089} INFO - Sync 1 DAGs
[2026-08-02T19:09:52.868+0000] {logging_mixin.py:188} INFO - [2026-08-02T19:09:52.868+0000] {dag.py:3947} INFO - Setting next_dagrun for example_branch_operator to 2026-08-01 00:00:00+00:00, run_after=2026-08-02 00:00:00+00:00
[2026-08-02T19:09:52.890+0000] {processor.py:183} INFO - Processing /home/airflow/.local/lib/python3.12/site-packages/airflow/example_dags/example_branch_operator.py took 0.189 seconds
[2026-08-02T19:10:23.160+0000] {processor.py:161} INFO - Started process (PID=192) to work on /home/airflow/.local/lib/python3.12/site-packages/airflow/example_dags/example_branch_operator.py
[2026-08-02T19:10:23.161+0000] {processor.py:830} INFO - Processing file /home/airflow/.local/lib/python3.12/site-packages/airflow/example_dags/example_branch_operator.py for tasks to queue
[2026-08-02T19:10:23.164+0000] {logging_mixin.py:188} INFO - [2026-08-02T19:10:23.163+0000] {dagbag.py:545} INFO - Filling up the DagBag from /home/airflow/.local/lib/python3.12/site-packages/airflow/example_dags/example_branch_operator.py
[2026-08-02T19:10:23.180+0000] {processor.py:840} INFO - DAG(s) 'example_branch_operator' retrieved from /home/airflow/.local/lib/python3.12/site-packages/airflow/example_dags/example_branch_operator.py
[2026-08-02T19:10:23.206+0000] {logging_mixin.py:188} INFO - [2026-08-02T19:10:23.206+0000] {dag.py:3089} INFO - Sync 1 DAGs
[2026-08-02T19:10:23.229+0000] {logging_mixin.py:188} INFO - [2026-08-02T19:10:23.229+0000] {dag.py:3947} INFO - Setting next_dagrun for example_branch_operator to 2026-08-01 00:00:00+00:00, run_after=2026-08-02 00:00:00+00:00
[2026-08-02T19:10:23.246+0000] {processor.py:183} INFO - Processing /home/airflow/.local/lib/python3.12/site-packages/airflow/example_dags/example_branch_operator.py took 0.092 seconds
[2026-08-02T19:10:53.735+0000] {processor.py:161} INFO - Started process (PID=251) to work on /home/airflow/.local/lib/python3.12/site-packages/airflow/example_dags/example_branch_operator.py
[2026-08-02T19:10:53.736+0000] {processor.py:830} INFO - Processing file /home/airflow/.local/lib/python3.12/site-packages/airflow/example_dags/example_branch_operator.py for tasks to queue
[2026-08-02T19:10:53.738+0000] {logging_mixin.py:188} INFO - [2026-08-02T19:10:53.738+0000] {dagbag.py:545} INFO - Filling up the DagBag from /home/airflow/.local/lib/python3.12/site-packages/airflow/example_dags/example_branch_operator.py
[2026-08-02T19:10:53.757+0000] {processor.py:840} INFO - DAG(s) 'example_branch_operator' retrieved from /home/airflow/.local/lib/python3.12/site-packages/airflow/example_dags/example_branch_operator.py
[2026-08-02T19:10:53.786+0000] {logging_mixin.py:188} INFO - [2026-08-02T19:10:53.786+0000] {dag.py:3089} INFO - Sync 1 DAGs
[2026-08-02T19:10:53.814+0000] {logging_mixin.py:188} INFO - [2026-08-02T19:10:53.814+0000] {dag.py:3947} INFO - Setting next_dagrun for example_branch_operator to 2026-08-01 00:00:00+00:00, run_after=2026-08-02 00:00:00+00:00
[2026-08-02T19:10:53.834+0000] {processor.py:183} INFO - Processing /home/airflow/.local/lib/python3.12/site-packages/airflow/example_dags/example_branch_operator.py took 0.106 seconds
[2026-08-02T19:11:24.003+0000] {processor.py:161} INFO - Started process (PID=310) to work on /home/airflow/.local/lib/python3.12/site-packages/airflow/example_dags/example_branch_operator.py
[2026-08-02T19:11:24.005+0000] {processor.py:830} INFO - Processing file /home/airflow/.local/lib/python3.12/site-packages/airflow/example_dags/example_branch_operator.py for tasks to queue
[2026-08-02T19:11:24.007+0000] {logging_mixin.py:188} INFO - [2026-08-02T19:11:24.007+0000] {dagbag.py:545} INFO - Filling up the DagBag from /home/airflow/.local/lib/python3.12/site-packages/airflow/example_dags/example_branch_operator.py
[2026-08-02T19:11:24.028+0000] {processor.py:840} INFO - DAG(s) 'example_branch_operator' retrieved from /home/airflow/.local/lib/python3.12/site-packages/airflow/example_dags/example_branch_operator.py
[2026-08-02T19:11:24.067+0000] {logging_mixin.py:188} INFO - [2026-08-02T19:11:24.066+0000] {dag.py:3089} INFO - Sync 1 DAGs
[2026-08-02T19:11:24.096+0000] {logging_mixin.py:188} INFO - [2026-08-02T19:11:24.095+0000] {dag.py:3947} INFO - Setting next_dagrun for example_branch_operator to 2026-08-01 00:00:00+00:00, run_after=2026-08-02 00:00:00+00:00
[2026-08-02T19:11:24.116+0000] {processor.py:183} INFO - Processing /home/airflow/.local/lib/python3.12/site-packages/airflow/example_dags/example_branch_operator.py took 0.119 seconds
[2026-08-02T19:11:54.668+0000] {processor.py:161} INFO - Started process (PID=369) to work on /home/airflow/.local/lib/python3.12/site-packages/airflow/example_dags/example_branch_operator.py
[2026-08-02T19:11:54.669+0000] {processor.py:830} INFO - Processing file /home/airflow/.local/lib/python3.12/site-packages/airflow/example_dags/example_branch_operator.py for tasks to queue
[2026-08-02T19:11:54.672+0000] {logging_mixin.py:188} INFO - [2026-08-02T19:11:54.671+0000] {dagbag.py:545} INFO - Filling up the DagBag from /home/airflow/.local/lib/python3.12/site-packages/airflow/example_dags/example_branch_operator.py
[2026-08-02T19:11:54.687+0000] {processor.py:840} INFO - DAG(s) 'example_branch_operator' retrieved from /home/airflow/.local/lib/python3.12/site-packages/airflow/example_dags/example_branch_operator.py
[2026-08-02T19:11:54.714+0000] {logging_mixin.py:188} INFO - [2026-08-02T19:11:54.714+0000] {dag.py:3089} INFO - Sync 1 DAGs
[2026-08-02T19:11:54.737+0000] {logging_mixin.py:188} INFO - [2026-08-02T19:11:54.737+0000] {dag.py:3947} INFO - Setting next_dagrun for example_branch_operator to 2026-08-01 00:00:00+00:00, run_after=2026-08-02 00:00:00+00:00
[2026-08-02T19:11:54.755+0000] {processor.py:183} INFO - Processing /home/airflow/.local/lib/python3.12/site-packages/airflow/example_dags/example_branch_operator.py took 0.093 seconds
[2026-08-02T19:12:25.013+0000] {processor.py:161} INFO - Started process (PID=428) to work on /home/airflow/.local/lib/python3.12/site-packages/airflow/example_dags/example_branch_operator.py
[2026-08-02T19:12:25.014+0000] {processor.py:830} INFO - Processing file /home/airflow/.local/lib/python3.12/site-packages/airflow/example_dags/example_branch_operator.py for tasks to queue
[2026-08-02T19:12:25.017+0000] {logging_mixin.py:188} INFO - [2026-08-02T19:12:25.016+0000] {dagbag.py:545} INFO - Filling up the DagBag from /home/airflow/.local/lib/python3.12/site-packages/airflow/example_dags/example_branch_operator.py
[2026-08-02T19:12:25.032+0000] {processor.py:840} INFO - DAG(s) 'example_branch_operator' retrieved from /home/airflow/.local/lib/python3.12/site-packages/airflow/example_dags/example_branch_operator.py
[2026-08-02T19:12:25.058+0000] {logging_mixin.py:188} INFO - [2026-08-02T19:12:25.058+0000] {dag.py:3089} INFO - Sync 1 DAGs
[2026-08-02T19:12:25.078+0000] {logging_mixin.py:188} INFO - [2026-08-02T19:12:25.078+0000] {dag.py:3947} INFO - Setting next_dagrun for example_branch_operator to 2026-08-01 00:00:00+00:00, run_after=2026-08-02 00:00:00+00:00
[2026-08-02T19:12:25.098+0000] {processor.py:183} INFO - Processing /home/airflow/.local/lib/python3.12/site-packages/airflow/example_dags/example_branch_operator.py took 0.091 seconds
[2026-08-02T19:12:55.578+0000] {processor.py:161} INFO - Started process (PID=487) to work on /home/airflow/.local/lib/python3.12/site-packages/airflow/example_dags/example_branch_operator.py
[2026-08-02T19:12:55.579+0000] {processor.py:830} INFO - Processing file /home/airflow/.local/lib/python3.12/site-packages/airflow/example_dags/example_branch_operator.py for tasks to queue
[2026-08-02T19:12:55.582+0000] {logging_mixin.py:188} INFO - [2026-08-02T19:12:55.581+0000] {dagbag.py:545} INFO - Filling up the DagBag from /home/airflow/.local/lib/python3.12/site-packages/airflow/example_dags/example_branch_operator.py
[2026-08-02T19:12:55.598+0000] {processor.py:840} INFO - DAG(s) 'example_branch_operator' retrieved from /home/airflow/.local/lib/python3.12/site-packages/airflow/example_dags/example_branch_operator.py
[2026-08-02T19:12:55.627+0000] {logging_mixin.py:188} INFO - [2026-08-02T19:12:55.627+0000] {dag.py:3089} INFO - Sync 1 DAGs
[2026-08-02T19:12:55.657+0000] {logging_mixin.py:188} INFO - [2026-08-02T19:12:55.656+0000] {dag.py:3947} INFO - Setting next_dagrun for example_branch_operator to 2026-08-01 00:00:00+00:00, run_after=2026-08-02 00:00:00+00:00
[2026-08-02T19:12:55.680+0000] {processor.py:183} INFO - Processing /home/airflow/.local/lib/python3.12/site-packages/airflow/example_dags/example_branch_operator.py took 0.108 seconds
[2026-08-02T19:13:26.110+0000] {processor.py:161} INFO - Started process (PID=546) to work on /home/airflow/.local/lib/python3.12/site-packages/airflow/example_dags/example_branch_operator.py
[2026-08-02T19:13:26.113+0000] {processor.py:830} INFO - Processing file /home/airflow/.local/lib/python3.12/site-packages/airflow/example_dags/example_branch_operator.py for tasks to queue
[2026-08-02T19:13:26.116+0000] {logging_mixin.py:188} INFO - [2026-08-02T19:13:26.115+0000] {dagbag.py:545} INFO - Filling up the DagBag from /home/airflow/.local/lib/python3.12/site-packages/airflow/example_dags/example_branch_operator.py
[2026-08-02T19:13:26.134+0000] {processor.py:840} INFO - DAG(s) 'example_branch_operator' retrieved from /home/airflow/.local/lib/python3.12/site-packages/airflow/example_dags/example_branch_operator.py
[2026-08-02T19:13:26.162+0000] {logging_mixin.py:188} INFO - [2026-08-02T19:13:26.162+0000] {dag.py:3089} INFO - Sync 1 DAGs
[2026-08-02T19:13:26.201+0000] {logging_mixin.py:188} INFO - [2026-08-02T19:13:26.201+0000] {dag.py:3947} INFO - Setting next_dagrun for example_branch_operator to 2026-08-01 00:00:00+00:00, run_after=2026-08-02 00:00:00+00:00
[2026-08-02T19:13:26.229+0000] {processor.py:183} INFO - Processing /home/airflow/.local/lib/python3.12/site-packages/airflow/example_dags/example_branch_operator.py took 0.127 seconds
[2026-08-02T19:13:56.742+0000] {processor.py:161} INFO - Started process (PID=605) to work on /home/airflow/.local/lib/python3.12/site-packages/airflow/example_dags/example_branch_operator.py
[2026-08-02T19:13:56.743+0000] {processor.py:830} INFO - Processing file /home/airflow/.local/lib/python3.12/site-packages/airflow/example_dags/example_branch_operator.py for tasks to queue
[2026-08-02T19:13:56.745+0000] {logging_mixin.py:188} INFO - [2026-08-02T19:13:56.745+0000] {dagbag.py:545} INFO - Filling up the DagBag from /home/airflow/.local/lib/python3.12/site-packages/airflow/example_dags/example_branch_operator.py
[2026-08-02T19:13:56.761+0000] {processor.py:840} INFO - DAG(s) 'example_branch_operator' retrieved from /home/airflow/.local/lib/python3.12/site-packages/airflow/example_dags/example_branch_operator.py
[2026-08-02T19:13:56.788+0000] {logging_mixin.py:188} INFO - [2026-08-02T19:13:56.788+0000] {dag.py:3089} INFO - Sync 1 DAGs
[2026-08-02T19:13:56.809+0000] {logging_mixin.py:188} INFO - [2026-08-02T19:13:56.809+0000] {dag.py:3947} INFO - Setting next_dagrun for example_branch_operator to 2026-08-01 00:00:00+00:00, run_after=2026-08-02 00:00:00+00:00
[2026-08-02T19:13:56.828+0000] {processor.py:183} INFO - Processing /home/airflow/.local/lib/python3.12/site-packages/airflow/example_dags/example_branch_operator.py took 0.092 seconds
[2026-08-02T19:14:27.626+0000] {processor.py:161} INFO - Started process (PID=664) to work on /home/airflow/.local/lib/python3.12/site-packages/airflow/example_dags/example_branch_operator.py
[2026-08-02T19:14:27.627+0000] {processor.py:830} INFO - Processing file /home/airflow/.local/lib/python3.12/site-packages/airflow/example_dags/example_branch_operator.py for tasks to queue
[2026-08-02T19:14:27.629+0000] {logging_mixin.py:188} INFO - [2026-08-02T19:14:27.629+0000] {dagbag.py:545} INFO - Filling up the DagBag from /home/airflow/.local/lib/python3.12/site-packages/airflow/example_dags/example_branch_operator.py
[2026-08-02T19:14:27.645+0000] {processor.py:840} INFO - DAG(s) 'example_branch_operator' retrieved from /home/airflow/.local/lib/python3.12/site-packages/airflow/example_dags/example_branch_operator.py
[2026-08-02T19:14:27.671+0000] {logging_mixin.py:188} INFO - [2026-08-02T19:14:27.671+0000] {dag.py:3089} INFO - Sync 1 DAGs
[2026-08-02T19:14:27.694+0000] {logging_mixin.py:188} INFO - [2026-08-02T19:14:27.694+0000] {dag.py:3947} INFO - Setting next_dagrun for example_branch_operator to 2026-08-01 00:00:00+00:00, run_after=2026-08-02 00:00:00+00:00
[2026-08-02T19:14:27.715+0000] {processor.py:183} INFO - Processing /home/airflow/.local/lib/python3.12/site-packages/airflow/example_dags/example_branch_operator.py took 0.096 seconds
[2026-08-02T19:14:58.012+0000] {processor.py:161} INFO - Started process (PID=723) to work on /home/airflow/.local/lib/python3.12/site-packages/airflow/example_dags/example_branch_operator.py
[2026-08-02T19:14:58.013+0000] {processor.py:830} INFO - Processing file /home/airflow/.local/lib/python3.12/site-packages/airflow/example_dags/example_branch_operator.py for tasks to queue
[2026-08-02T19:14:58.015+0000] {logging_mixin.py:188} INFO - [2026-08-02T19:14:58.015+0000] {dagbag.py:545} INFO - Filling up the DagBag from /home/airflow/.local/lib/python3.12/site-packages/airflow/example_dags/example_branch_operator.py
[2026-08-02T19:14:58.030+0000] {processor.py:840} INFO - DAG(s) 'example_branch_operator' retrieved from /home/airflow/.local/lib/python3.12/site-packages/airflow/example_dags/example_branch_operator.py
[2026-08-02T19:14:58.055+0000] {logging_mixin.py:188} INFO - [2026-08-02T19:14:58.055+0000] {dag.py:3089} INFO - Sync 1 DAGs
[2026-08-02T19:14:58.076+0000] {logging_mixin.py:188} INFO - [2026-08-02T19:14:58.076+0000] {dag.py:3947} INFO - Setting next_dagrun for example_branch_operator to 2026-08-01 00:00:00+00:00, run_after=2026-08-02 00:00:00+00:00
[2026-08-02T19:14:58.097+0000] {processor.py:183} INFO - Processing /home/airflow/.local/lib/python3.12/site-packages/airflow/example_dags/example_branch_operator.py took 0.091 seconds
[2026-08-02T19:15:28.360+0000] {processor.py:161} INFO - Started process (PID=782) to work on /home/airflow/.local/lib/python3.12/site-packages/airflow/example_dags/example_branch_operator.py
[2026-08-02T19:15:28.362+0000] {processor.py:830} INFO - Processing file /home/airflow/.local/lib/python3.12/site-packages/airflow/example_dags/example_branch_operator.py for tasks to queue
[2026-08-02T19:15:28.364+0000] {logging_mixin.py:188} INFO - [2026-08-02T19:15:28.364+0000] {dagbag.py:545} INFO - Filling up the DagBag from /home/airflow/.local/lib/python3.12/site-packages/airflow/example_dags/example_branch_operator.py
[2026-08-02T19:15:28.380+0000] {processor.py:840} INFO - DAG(s) 'example_branch_operator' retrieved from /home/airflow/.local/lib/python3.12/site-packages/airflow/example_dags/example_branch_operator.py
[2026-08-02T19:15:28.406+0000] {logging_mixin.py:188} INFO - [2026-08-02T19:15:28.405+0000] {dag.py:3089} INFO - Sync 1 DAGs
[2026-08-02T19:15:28.427+0000] {logging_mixin.py:188} INFO - [2026-08-02T19:15:28.427+0000] {dag.py:3947} INFO - Setting next_dagrun for example_branch_operator to 2026-08-01 00:00:00+00:00, run_after=2026-08-02 00:00:00+00:00
[2026-08-02T19:15:28.445+0000] {processor.py:183} INFO - Processing /home/airflow/.local/lib/python3.12/site-packages/airflow/example_dags/example_branch_operator.py took 0.091 seconds
[2026-08-02T19:15:59.265+0000] {processor.py:161} INFO - Started process (PID=841) to work on /home/airflow/.local/lib/python3.12/site-packages/airflow/example_dags/example_branch_operator.py
[2026-08-02T19:15:59.267+0000] {processor.py:830} INFO - Processing file /home/airflow/.local/lib/python3.12/site-packages/airflow/example_dags/example_branch_operator.py for tasks to queue
[2026-08-02T19:15:59.269+0000] {logging_mixin.py:188} INFO - [2026-08-02T19:15:59.269+0000] {dagbag.py:545} INFO - Filling up the DagBag from /home/airflow/.local/lib/python3.12/site-packages/airflow/example_dags/example_branch_operator.py
[2026-08-02T19:15:59.285+0000] {processor.py:840} INFO - DAG(s) 'example_branch_operator' retrieved from /home/airflow/.local/lib/python3.12/site-packages/airflow/example_dags/example_branch_operator.py
[2026-08-02T19:15:59.313+0000] {logging_mixin.py:188} INFO - [2026-08-02T19:15:59.313+0000] {dag.py:3089} INFO - Sync 1 DAGs
[2026-08-02T19:15:59.337+0000] {logging_mixin.py:188} INFO - [2026-08-02T19:15:59.337+0000] {dag.py:3947} INFO - Setting next_dagrun for example_branch_operator to 2026-08-01 00:00:00+00:00, run_after=2026-08-02 00:00:00+00:00
[2026-08-02T19:15:59.358+0000] {processor.py:183} INFO - Processing /home/airflow/.local/lib/python3.12/site-packages/airflow/example_dags/example_branch_operator.py took 0.099 seconds
[2026-08-02T19:16:29.874+0000] {processor.py:161} INFO - Started process (PID=900) to work on /home/airflow/.local/lib/python3.12/site-packages/airflow/example_dags/example_branch_operator.py
[2026-08-02T19:16:29.876+0000] {processor.py:830} INFO - Processing file /home/airflow/.local/lib/python3.12/site-packages/airflow/example_dags/example_branch_operator.py for tasks to queue
[2026-08-02T19:16:29.879+0000] {logging_mixin.py:188} INFO - [2026-08-02T19:16:29.879+0000] {dagbag.py:545} INFO - Filling up the DagBag from /home/airflow/.local/lib/python3.12/site-packages/airflow/example_dags/example_branch_operator.py
[2026-08-02T19:16:29.900+0000] {processor.py:840} INFO - DAG(s) 'example_branch_operator' retrieved from /home/airflow/.local/lib/python3.12/site-packages/airflow/example_dags/example_branch_operator.py
[2026-08-02T19:16:29.939+0000] {logging_mixin.py:188} INFO - [2026-08-02T19:16:29.939+0000] {dag.py:3089} INFO - Sync 1 DAGs
[2026-08-02T19:16:29.966+0000] {logging_mixin.py:188} INFO - [2026-08-02T19:16:29.966+0000] {dag.py:3947} INFO - Setting next_dagrun for example_branch_operator to 2026-08-01 00:00:00+00:00, run_after=2026-08-02 00:00:00+00:00
[2026-08-02T19:16:29.990+0000] {processor.py:183} INFO - Processing /home/airflow/.local/lib/python3.12/site-packages/airflow/example_dags/example_branch_operator.py took 0.122 seconds
[2026-08-02T19:17:00.474+0000] {processor.py:161} INFO - Started process (PID=959) to work on /home/airflow/.local/lib/python3.12/site-packages/airflow/example_dags/example_branch_operator.py
[2026-08-02T19:17:00.476+0000] {processor.py:830} INFO - Processing file /home/airflow/.local/lib/python3.12/site-packages/airflow/example_dags/example_branch_operator.py for tasks to queue
[2026-08-02T19:17:00.478+0000] {logging_mixin.py:188} INFO - [2026-08-02T19:17:00.478+0000] {dagbag.py:545} INFO - Filling up the DagBag from /home/airflow/.local/lib/python3.12/site-packages/airflow/example_dags/example_branch_operator.py
[2026-08-02T19:17:00.497+0000] {processor.py:840} INFO - DAG(s) 'example_branch_operator' retrieved from /home/airflow/.local/lib/python3.12/site-packages/airflow/example_dags/example_branch_operator.py
[2026-08-02T19:17:00.525+0000] {logging_mixin.py:188} INFO - [2026-08-02T19:17:00.525+0000] {dag.py:3089} INFO - Sync 1 DAGs
[2026-08-02T19:17:00.547+0000] {logging_mixin.py:188} INFO - [2026-08-02T19:17:00.547+0000] {dag.py:3947} INFO - Setting next_dagrun for example_branch_operator to 2026-08-01 00:00:00+00:00, run_after=2026-08-02 00:00:00+00:00
[2026-08-02T19:17:00.569+0000] {processor.py:183} INFO - Processing /home/airflow/.local/lib/python3.12/site-packages/airflow/example_dags/example_branch_operator.py took 0.103 seconds
[2026-08-02T19:17:31.165+0000] {processor.py:161} INFO - Started process (PID=1018) to work on /home/airflow/.local/lib/python3.12/site-packages/airflow/example_dags/example_branch_operator.py
[2026-08-02T19:17:31.167+0000] {processor.py:830} INFO - Processing file /home/airflow/.local/lib/python3.12/site-packages/airflow/example_dags/example_branch_operator.py for tasks to queue
[2026-08-02T19:17:31.169+0000] {logging_mixin.py:188} INFO - [2026-08-02T19:17:31.169+0000] {dagbag.py:545} INFO - Filling up the DagBag from /home/airflow/.local/lib/python3.12/site-packages/airflow/example_dags/example_branch_operator.py
[2026-08-02T19:17:31.184+0000] {processor.py:840} INFO - DAG(s) 'example_branch_operator' retrieved from /home/airflow/.local/lib/python3.12/site-packages/airflow/example_dags/example_branch_operator.py
[2026-08-02T19:17:31.211+0000] {logging_mixin.py:188} INFO - [2026-08-02T19:17:31.210+0000] {dag.py:3089} INFO - Sync 1 DAGs
[2026-08-02T19:17:31.232+0000] {logging_mixin.py:188} INFO - [2026-08-02T19:17:31.232+0000] {dag.py:3947} INFO - Setting next_dagrun for example_branch_operator to 2026-08-01 00:00:00+00:00, run_after=2026-08-02 00:00:00+00:00
[2026-08-02T19:17:31.250+0000] {processor.py:183} INFO - Processing /home/airflow/.local/lib/python3.12/site-packages/airflow/example_dags/example_branch_operator.py took 0.091 seconds
[2026-08-02T19:18:02.100+0000] {processor.py:161} INFO - Started process (PID=1077) to work on /home/airflow/.local/lib/python3.12/site-packages/airflow/example_dags/example_branch_operator.py
[2026-08-02T19:18:02.101+0000] {processor.py:830} INFO - Processing file /home/airflow/.local/lib/python3.12/site-packages/airflow/example_dags/example_branch_operator.py for tasks to queue
[2026-08-02T19:18:02.104+0000] {logging_mixin.py:188} INFO - [2026-08-02T19:18:02.103+0000] {dagbag.py:545} INFO - Filling up the DagBag from /home/airflow/.local/lib/python3.12/site-packages/airflow/example_dags/example_branch_operator.py
[2026-08-02T19:18:02.128+0000] {processor.py:840} INFO - DAG(s) 'example_branch_operator' retrieved from /home/airflow/.local/lib/python3.12/site-packages/airflow/example_dags/example_branch_operator.py
[2026-08-02T19:18:02.167+0000] {logging_mixin.py:188} INFO - [2026-08-02T19:18:02.166+0000] {dag.py:3089} INFO - Sync 1 DAGs
[2026-08-02T19:18:02.203+0000] {logging_mixin.py:188} INFO - [2026-08-02T19:18:02.202+0000] {dag.py:3947} INFO - Setting next_dagrun for example_branch_operator to 2026-08-01 00:00:00+00:00, run_after=2026-08-02 00:00:00+00:00
[2026-08-02T19:18:02.234+0000] {processor.py:183} INFO - Processing /home/airflow/.local/lib/python3.12/site-packages/airflow/example_dags/example_branch_operator.py took 0.143 seconds
[2026-08-02T19:18:32.661+0000] {processor.py:161} INFO - Started process (PID=1136) to work on /home/airflow/.local/lib/python3.12/site-packages/airflow/example_dags/example_branch_operator.py
[2026-08-02T19:18:32.663+0000] {processor.py:830} INFO - Processing file /home/airflow/.local/lib/python3.12/site-packages/airflow/example_dags/example_branch_operator.py for tasks to queue
[2026-08-02T19:18:32.665+0000] {logging_mixin.py:188} INFO - [2026-08-02T19:18:32.665+0000] {dagbag.py:545} INFO - Filling up the DagBag from /home/airflow/.local/lib/python3.12/site-packages/airflow/example_dags/example_branch_operator.py
[2026-08-02T19:18:32.683+0000] {processor.py:840} INFO - DAG(s) 'example_branch_operator' retrieved from /home/airflow/.local/lib/python3.12/site-packages/airflow/example_dags/example_branch_operator.py
[2026-08-02T19:18:32.714+0000] {logging_mixin.py:188} INFO - [2026-08-02T19:18:32.713+0000] {dag.py:3089} INFO - Sync 1 DAGs
[2026-08-02T19:18:32.738+0000] {logging_mixin.py:188} INFO - [2026-08-02T19:18:32.738+0000] {dag.py:3947} INFO - Setting next_dagrun for example_branch_operator to 2026-08-01 00:00:00+00:00, run_after=2026-08-02 00:00:00+00:00
[2026-08-02T19:18:32.759+0000] {processor.py:183} INFO - Processing /home/airflow/.local/lib/python3.12/site-packages/airflow/example_dags/example_branch_operator.py took 0.104 seconds
[2026-08-02T19:19:03.168+0000] {processor.py:161} INFO - Started process (PID=1195) to work on /home/airflow/.local/lib/python3.12/site-packages/airflow/example_dags/example_branch_operator.py
[2026-08-02T19:19:03.170+0000] {processor.py:830} INFO - Processing file /home/airflow/.local/lib/python3.12/site-packages/airflow/example_dags/example_branch_operator.py for tasks to queue
[2026-08-02T19:19:03.172+0000] {logging_mixin.py:188} INFO - [2026-08-02T19:19:03.171+0000] {dagbag.py:545} INFO - Filling up the DagBag from /home/airflow/.local/lib/python3.12/site-packages/airflow/example_dags/example_branch_operator.py
[2026-08-02T19:19:03.188+0000] {processor.py:840} INFO - DAG(s) 'example_branch_operator' retrieved from /home/airflow/.local/lib/python3.12/site-packages/airflow/example_dags/example_branch_operator.py
[2026-08-02T19:19:03.218+0000] {logging_mixin.py:188} INFO - [2026-08-02T19:19:03.218+0000] {dag.py:3089} INFO - Sync 1 DAGs
[2026-08-02T19:19:03.241+0000] {logging_mixin.py:188} INFO - [2026-08-02T19:19:03.241+0000] {dag.py:3947} INFO - Setting next_dagrun for example_branch_operator to 2026-08-01 00:00:00+00:00, run_after=2026-08-02 00:00:00+00:00
[2026-08-02T19:19:03.261+0000] {processor.py:183} INFO - Processing /home/airflow/.local/lib/python3.12/site-packages/airflow/example_dags/example_branch_operator.py took 0.099 seconds
[2026-08-02T19:19:33.760+0000] {processor.py:161} INFO - Started process (PID=1254) to work on /home/airflow/.local/lib/python3.12/site-packages/airflow/example_dags/example_branch_operator.py
[2026-08-02T19:19:33.762+0000] {processor.py:830} INFO - Processing file /home/airflow/.local/lib/python3.12/site-packages/airflow/example_dags/example_branch_operator.py for tasks to queue
[2026-08-02T19:19:33.764+0000] {logging_mixin.py:188} INFO - [2026-08-02T19:19:33.763+0000] {dagbag.py:545} INFO - Filling up the DagBag from /home/airflow/.local/lib/python3.12/site-packages/airflow/example_dags/example_branch_operator.py
[2026-08-02T19:19:33.779+0000] {processor.py:840} INFO - DAG(s) 'example_branch_operator' retrieved from /home/airflow/.local/lib/python3.12/site-packages/airflow/example_dags/example_branch_operator.py
[2026-08-02T19:19:33.807+0000] {logging_mixin.py:188} INFO - [2026-08-02T19:19:33.806+0000] {dag.py:3089} INFO - Sync 1 DAGs
[2026-08-02T19:19:33.828+0000] {logging_mixin.py:188} INFO - [2026-08-02T19:19:33.827+0000] {dag.py:3947} INFO - Setting next_dagrun for example_branch_operator to 2026-08-01 00:00:00+00:00, run_after=2026-08-02 00:00:00+00:00
[2026-08-02T19:19:33.846+0000] {processor.py:183} INFO - Processing /home/airflow/.local/lib/python3.12/site-packages/airflow/example_dags/example_branch_operator.py took 0.092 seconds
[2026-08-02T19:20:04.681+0000] {processor.py:161} INFO - Started process (PID=1313) to work on /home/airflow/.local/lib/python3.12/site-packages/airflow/example_dags/example_branch_operator.py
[2026-08-02T19:20:04.683+0000] {processor.py:830} INFO - Processing file /home/airflow/.local/lib/python3.12/site-packages/airflow/example_dags/example_branch_operator.py for tasks to queue
[2026-08-02T19:20:04.685+0000] {logging_mixin.py:188} INFO - [2026-08-02T19:20:04.684+0000] {dagbag.py:545} INFO - Filling up the DagBag from /home/airflow/.local/lib/python3.12/site-packages/airflow/example_dags/example_branch_operator.py
[2026-08-02T19:20:04.702+0000] {processor.py:840} INFO - DAG(s) 'example_branch_operator' retrieved from /home/airflow/.local/lib/python3.12/site-packages/airflow/example_dags/example_branch_operator.py
[2026-08-02T19:20:04.736+0000] {logging_mixin.py:188} INFO - [2026-08-02T19:20:04.736+0000] {dag.py:3089} INFO - Sync 1 DAGs
[2026-08-02T19:20:04.761+0000] {logging_mixin.py:188} INFO - [2026-08-02T19:20:04.760+0000] {dag.py:3947} INFO - Setting next_dagrun for example_branch_operator to 2026-08-01 00:00:00+00:00, run_after=2026-08-02 00:00:00+00:00
[2026-08-02T19:20:04.783+0000] {processor.py:183} INFO - Processing /home/airflow/.local/lib/python3.12/site-packages/airflow/example_dags/example_branch_operator.py took 0.108 seconds
