[2026-08-02T18:55:18.005+0000] {processor.py:161} INFO - Started process (PID=113) to work on /home/airflow/.local/lib/python3.12/site-packages/airflow/example_dags/example_task_group.py
[2026-08-02T18:55:18.007+0000] {processor.py:830} INFO - Processing file /home/airflow/.local/lib/python3.12/site-packages/airflow/example_dags/example_task_group.py for tasks to queue
[2026-08-02T18:55:18.010+0000] {logging_mixin.py:188} INFO - [2026-08-02T18:55:18.009+0000] {dagbag.py:545} INFO - Filling up the DagBag from /home/airflow/.local/lib/python3.12/site-packages/airflow/example_dags/example_task_group.py
[2026-08-02T18:55:18.022+0000] {processor.py:840} INFO - DAG(s) 'example_task_group' retrieved from /home/airflow/.local/lib/python3.12/site-packages/airflow/example_dags/example_task_group.py
[2026-08-02T18:55:18.210+0000] {logging_mixin.py:188} INFO - [2026-08-02T18:55:18.209+0000] {dag.py:3089} INFO - Sync 1 DAGs
[2026-08-02T18:55:18.240+0000] {logging_mixin.py:188} INFO - [2026-08-02T18:55:18.239+0000] {dag.py:3947} INFO - Setting next_dagrun for example_task_group to 2026-08-01 00:00:00+00:00, run_after=2026-08-02 00:00:00+00:00
[2026-08-02T18:55:18.272+0000] {processor.py:183} INFO - Processing /home/airflow/.local/lib/python3.12/site-packages/airflow/example_dags/example_task_group.py took 0.274 seconds
[2026-08-02T18:55:48.866+0000] {processor.py:161} INFO - Started process (PID=172) to work on /home/airflow/.local/lib/python3.12/site-packages/airflow/example_dags/example_task_group.py
[2026-08-02T18:55:48.868+0000] {processor.py:830} INFO - Processing file /home/airflow/.local/lib/python3.12/site-packages/airflow/example_dags/example_task_group.py for tasks to queue
[2026-08-02T18:55:48.871+0000] {logging_mixin.py:188} INFO - [2026-08-02T18:55:48.870+0000] {dagbag.py:545} INFO - Filling up the DagBag from /home/airflow/.local/lib/python3.12/site-packages/airflow/example_dags/example_task_group.py
[2026-08-02T18:55:48.880+0000] {processor.py:840} INFO - DAG(s) 'example_task_group' retrieved from /home/airflow/.local/lib/python3.12/site-packages/airflow/example_dags/example_task_group.py
[2026-08-02T18:55:48.904+0000] {logging_mixin.py:188} INFO - [2026-08-02T18:55:48.903+0000] {dag.py:3089} INFO - Sync 1 DAGs
[2026-08-02T18:55:48.928+0000] {logging_mixin.py:188} INFO - [2026-08-02T18:55:48.928+0000] {dag.py:3947} INFO - Setting next_dagrun for example_task_group to 2026-08-01 00:00:00+00:00, run_after=2026-08-02 00:00:00+00:00
[2026-08-02T18:55:48.948+0000] {processor.py:183} INFO - Processing /home/airflow/.local/lib/python3.12/site-packages/airflow/example_dags/example_task_group.py took 0.089 seconds
[2026-08-02T18:56:19.636+0000] {processor.py:161} INFO - Started process (PID=231) to work on /home/airflow/.local/lib/python3.12/site-packages/airflow/example_dags/example_task_group.py
[2026-08-02T18:56:19.638+0000] {processor.py:830} INFO - Processing file /home/airflow/.local/lib/python3.12/site-packages/airflow/example_dags/example_task_group.py for tasks to queue
[2026-08-02T18:56:19.640+0000] {logging_mixin.py:188} INFO - [2026-08-02T18:56:19.640+0000] {dagbag.py:545} INFO - Filling up the DagBag from /home/airflow/.local/lib/python3.12/site-packages/airflow/example_dags/example_task_group.py
[2026-08-02T18:56:19.649+0000] {processor.py:840} INFO - DAG(s) 'example_task_group' retrieved from /home/airflow/.local/lib/python3.12/site-packages/airflow/example_dags/example_task_group.py
[2026-08-02T18:56:19.674+0000] {logging_mixin.py:188} INFO - [2026-08-02T18:56:19.673+0000] {dag.py:3089} INFO - Sync 1 DAGs
[2026-08-02T18:56:19.698+0000] {logging_mixin.py:188} INFO - [2026-08-02T18:56:19.698+0000] {dag.py:3947} INFO - Setting next_dagrun for example_task_group to 2026-08-01 00:00:00+00:00, run_after=2026-08-02 00:00:00+00:00
[2026-08-02T18:56:19.727+0000] {processor.py:183} INFO - Processing /home/airflow/.local/lib/python3.12/site-packages/airflow/example_dags/example_task_group.py took 0.097 seconds
[2026-08-02T18:56:50.162+0000] {processor.py:161} INFO - Started process (PID=290) to work on /home/airflow/.local/lib/python3.12/site-packages/airflow/example_dags/example_task_group.py
[2026-08-02T18:56:50.163+0000] {processor.py:830} INFO - Processing file /home/airflow/.local/lib/python3.12/site-packages/airflow/example_dags/example_task_group.py for tasks to queue
[2026-08-02T18:56:50.166+0000] {logging_mixin.py:188} INFO - [2026-08-02T18:56:50.165+0000] {dagbag.py:545} INFO - Filling up the DagBag from /home/airflow/.local/lib/python3.12/site-packages/airflow/example_dags/example_task_group.py
[2026-08-02T18:56:50.173+0000] {processor.py:840} INFO - DAG(s) 'example_task_group' retrieved from /home/airflow/.local/lib/python3.12/site-packages/airflow/example_dags/example_task_group.py
[2026-08-02T18:56:50.196+0000] {logging_mixin.py:188} INFO - [2026-08-02T18:56:50.195+0000] {dag.py:3089} INFO - Sync 1 DAGs
[2026-08-02T18:56:50.216+0000] {logging_mixin.py:188} INFO - [2026-08-02T18:56:50.215+0000] {dag.py:3947} INFO - Setting next_dagrun for example_task_group to 2026-08-01 00:00:00+00:00, run_after=2026-08-02 00:00:00+00:00
[2026-08-02T18:56:50.234+0000] {processor.py:183} INFO - Processing /home/airflow/.local/lib/python3.12/site-packages/airflow/example_dags/example_task_group.py took 0.078 seconds
[2026-08-02T18:57:20.554+0000] {processor.py:161} INFO - Started process (PID=349) to work on /home/airflow/.local/lib/python3.12/site-packages/airflow/example_dags/example_task_group.py
[2026-08-02T18:57:20.557+0000] {processor.py:830} INFO - Processing file /home/airflow/.local/lib/python3.12/site-packages/airflow/example_dags/example_task_group.py for tasks to queue
[2026-08-02T18:57:20.560+0000] {logging_mixin.py:188} INFO - [2026-08-02T18:57:20.560+0000] {dagbag.py:545} INFO - Filling up the DagBag from /home/airflow/.local/lib/python3.12/site-packages/airflow/example_dags/example_task_group.py
[2026-08-02T18:57:20.572+0000] {processor.py:840} INFO - DAG(s) 'example_task_group' retrieved from /home/airflow/.local/lib/python3.12/site-packages/airflow/example_dags/example_task_group.py
[2026-08-02T18:57:20.603+0000] {logging_mixin.py:188} INFO - [2026-08-02T18:57:20.602+0000] {dag.py:3089} INFO - Sync 1 DAGs
[2026-08-02T18:57:20.640+0000] {logging_mixin.py:188} INFO - [2026-08-02T18:57:20.639+0000] {dag.py:3947} INFO - Setting next_dagrun for example_task_group to 2026-08-01 00:00:00+00:00, run_after=2026-08-02 00:00:00+00:00
[2026-08-02T18:57:20.672+0000] {processor.py:183} INFO - Processing /home/airflow/.local/lib/python3.12/site-packages/airflow/example_dags/example_task_group.py took 0.129 seconds
[2026-08-02T18:57:50.759+0000] {processor.py:161} INFO - Started process (PID=408) to work on /home/airflow/.local/lib/python3.12/site-packages/airflow/example_dags/example_task_group.py
[2026-08-02T18:57:50.762+0000] {processor.py:830} INFO - Processing file /home/airflow/.local/lib/python3.12/site-packages/airflow/example_dags/example_task_group.py for tasks to queue
[2026-08-02T18:57:50.766+0000] {logging_mixin.py:188} INFO - [2026-08-02T18:57:50.766+0000] {dagbag.py:545} INFO - Filling up the DagBag from /home/airflow/.local/lib/python3.12/site-packages/airflow/example_dags/example_task_group.py
[2026-08-02T18:57:50.781+0000] {processor.py:840} INFO - DAG(s) 'example_task_group' retrieved from /home/airflow/.local/lib/python3.12/site-packages/airflow/example_dags/example_task_group.py
[2026-08-02T18:57:50.825+0000] {logging_mixin.py:188} INFO - [2026-08-02T18:57:50.825+0000] {dag.py:3089} INFO - Sync 1 DAGs
[2026-08-02T18:57:50.889+0000] {logging_mixin.py:188} INFO - [2026-08-02T18:57:50.889+0000] {dag.py:3947} INFO - Setting next_dagrun for example_task_group to 2026-08-01 00:00:00+00:00, run_after=2026-08-02 00:00:00+00:00
[2026-08-02T18:57:50.930+0000] {processor.py:183} INFO - Processing /home/airflow/.local/lib/python3.12/site-packages/airflow/example_dags/example_task_group.py took 0.183 seconds
[2026-08-02T19:00:11.645+0000] {processor.py:161} INFO - Started process (PID=100) to work on /home/airflow/.local/lib/python3.12/site-packages/airflow/example_dags/example_task_group.py
[2026-08-02T19:00:11.646+0000] {processor.py:830} INFO - Processing file /home/airflow/.local/lib/python3.12/site-packages/airflow/example_dags/example_task_group.py for tasks to queue
[2026-08-02T19:00:11.648+0000] {logging_mixin.py:188} INFO - [2026-08-02T19:00:11.648+0000] {dagbag.py:545} INFO - Filling up the DagBag from /home/airflow/.local/lib/python3.12/site-packages/airflow/example_dags/example_task_group.py
[2026-08-02T19:00:11.656+0000] {processor.py:840} INFO - DAG(s) 'example_task_group' retrieved from /home/airflow/.local/lib/python3.12/site-packages/airflow/example_dags/example_task_group.py
[2026-08-02T19:00:11.669+0000] {logging_mixin.py:188} INFO - [2026-08-02T19:00:11.669+0000] {dag.py:3089} INFO - Sync 1 DAGs
[2026-08-02T19:00:11.705+0000] {logging_mixin.py:188} INFO - [2026-08-02T19:00:11.705+0000] {dag.py:3947} INFO - Setting next_dagrun for example_task_group to 2026-08-01 00:00:00+00:00, run_after=2026-08-02 00:00:00+00:00
[2026-08-02T19:00:11.738+0000] {processor.py:183} INFO - Processing /home/airflow/.local/lib/python3.12/site-packages/airflow/example_dags/example_task_group.py took 0.100 seconds
[2026-08-02T19:00:42.253+0000] {processor.py:161} INFO - Started process (PID=159) to work on /home/airflow/.local/lib/python3.12/site-packages/airflow/example_dags/example_task_group.py
[2026-08-02T19:00:42.255+0000] {processor.py:830} INFO - Processing file /home/airflow/.local/lib/python3.12/site-packages/airflow/example_dags/example_task_group.py for tasks to queue
[2026-08-02T19:00:42.257+0000] {logging_mixin.py:188} INFO - [2026-08-02T19:00:42.257+0000] {dagbag.py:545} INFO - Filling up the DagBag from /home/airflow/.local/lib/python3.12/site-packages/airflow/example_dags/example_task_group.py
[2026-08-02T19:00:42.266+0000] {processor.py:840} INFO - DAG(s) 'example_task_group' retrieved from /home/airflow/.local/lib/python3.12/site-packages/airflow/example_dags/example_task_group.py
[2026-08-02T19:00:42.362+0000] {logging_mixin.py:188} INFO - [2026-08-02T19:00:42.362+0000] {dag.py:3089} INFO - Sync 1 DAGs
[2026-08-02T19:00:42.380+0000] {logging_mixin.py:188} INFO - [2026-08-02T19:00:42.380+0000] {dag.py:3947} INFO - Setting next_dagrun for example_task_group to 2026-08-01 00:00:00+00:00, run_after=2026-08-02 00:00:00+00:00
[2026-08-02T19:00:42.398+0000] {processor.py:183} INFO - Processing /home/airflow/.local/lib/python3.12/site-packages/airflow/example_dags/example_task_group.py took 0.152 seconds
[2026-08-02T19:01:13.154+0000] {processor.py:161} INFO - Started process (PID=218) to work on /home/airflow/.local/lib/python3.12/site-packages/airflow/example_dags/example_task_group.py
[2026-08-02T19:01:13.156+0000] {processor.py:830} INFO - Processing file /home/airflow/.local/lib/python3.12/site-packages/airflow/example_dags/example_task_group.py for tasks to queue
[2026-08-02T19:01:13.158+0000] {logging_mixin.py:188} INFO - [2026-08-02T19:01:13.157+0000] {dagbag.py:545} INFO - Filling up the DagBag from /home/airflow/.local/lib/python3.12/site-packages/airflow/example_dags/example_task_group.py
[2026-08-02T19:01:13.165+0000] {processor.py:840} INFO - DAG(s) 'example_task_group' retrieved from /home/airflow/.local/lib/python3.12/site-packages/airflow/example_dags/example_task_group.py
[2026-08-02T19:01:13.184+0000] {logging_mixin.py:188} INFO - [2026-08-02T19:01:13.184+0000] {dag.py:3089} INFO - Sync 1 DAGs
[2026-08-02T19:01:13.203+0000] {logging_mixin.py:188} INFO - [2026-08-02T19:01:13.203+0000] {dag.py:3947} INFO - Setting next_dagrun for example_task_group to 2026-08-01 00:00:00+00:00, run_after=2026-08-02 00:00:00+00:00
[2026-08-02T19:01:13.220+0000] {processor.py:183} INFO - Processing /home/airflow/.local/lib/python3.12/site-packages/airflow/example_dags/example_task_group.py took 0.071 seconds
[2026-08-02T19:01:43.879+0000] {processor.py:161} INFO - Started process (PID=278) to work on /home/airflow/.local/lib/python3.12/site-packages/airflow/example_dags/example_task_group.py
[2026-08-02T19:01:43.881+0000] {processor.py:830} INFO - Processing file /home/airflow/.local/lib/python3.12/site-packages/airflow/example_dags/example_task_group.py for tasks to queue
[2026-08-02T19:01:43.883+0000] {logging_mixin.py:188} INFO - [2026-08-02T19:01:43.883+0000] {dagbag.py:545} INFO - Filling up the DagBag from /home/airflow/.local/lib/python3.12/site-packages/airflow/example_dags/example_task_group.py
[2026-08-02T19:01:43.892+0000] {processor.py:840} INFO - DAG(s) 'example_task_group' retrieved from /home/airflow/.local/lib/python3.12/site-packages/airflow/example_dags/example_task_group.py
[2026-08-02T19:01:43.914+0000] {logging_mixin.py:188} INFO - [2026-08-02T19:01:43.914+0000] {dag.py:3089} INFO - Sync 1 DAGs
[2026-08-02T19:01:43.935+0000] {logging_mixin.py:188} INFO - [2026-08-02T19:01:43.935+0000] {dag.py:3947} INFO - Setting next_dagrun for example_task_group to 2026-08-01 00:00:00+00:00, run_after=2026-08-02 00:00:00+00:00
[2026-08-02T19:01:43.953+0000] {processor.py:183} INFO - Processing /home/airflow/.local/lib/python3.12/site-packages/airflow/example_dags/example_task_group.py took 0.080 seconds
[2026-08-02T19:02:14.154+0000] {processor.py:161} INFO - Started process (PID=337) to work on /home/airflow/.local/lib/python3.12/site-packages/airflow/example_dags/example_task_group.py
[2026-08-02T19:02:14.155+0000] {processor.py:830} INFO - Processing file /home/airflow/.local/lib/python3.12/site-packages/airflow/example_dags/example_task_group.py for tasks to queue
[2026-08-02T19:02:14.159+0000] {logging_mixin.py:188} INFO - [2026-08-02T19:02:14.158+0000] {dagbag.py:545} INFO - Filling up the DagBag from /home/airflow/.local/lib/python3.12/site-packages/airflow/example_dags/example_task_group.py
[2026-08-02T19:02:14.171+0000] {processor.py:840} INFO - DAG(s) 'example_task_group' retrieved from /home/airflow/.local/lib/python3.12/site-packages/airflow/example_dags/example_task_group.py
[2026-08-02T19:02:14.195+0000] {logging_mixin.py:188} INFO - [2026-08-02T19:02:14.195+0000] {dag.py:3089} INFO - Sync 1 DAGs
[2026-08-02T19:02:14.220+0000] {logging_mixin.py:188} INFO - [2026-08-02T19:02:14.219+0000] {dag.py:3947} INFO - Setting next_dagrun for example_task_group to 2026-08-01 00:00:00+00:00, run_after=2026-08-02 00:00:00+00:00
[2026-08-02T19:02:14.248+0000] {processor.py:183} INFO - Processing /home/airflow/.local/lib/python3.12/site-packages/airflow/example_dags/example_task_group.py took 0.102 seconds
[2026-08-02T19:02:44.407+0000] {processor.py:161} INFO - Started process (PID=396) to work on /home/airflow/.local/lib/python3.12/site-packages/airflow/example_dags/example_task_group.py
[2026-08-02T19:02:44.408+0000] {processor.py:830} INFO - Processing file /home/airflow/.local/lib/python3.12/site-packages/airflow/example_dags/example_task_group.py for tasks to queue
[2026-08-02T19:02:44.411+0000] {logging_mixin.py:188} INFO - [2026-08-02T19:02:44.410+0000] {dagbag.py:545} INFO - Filling up the DagBag from /home/airflow/.local/lib/python3.12/site-packages/airflow/example_dags/example_task_group.py
[2026-08-02T19:02:44.418+0000] {processor.py:840} INFO - DAG(s) 'example_task_group' retrieved from /home/airflow/.local/lib/python3.12/site-packages/airflow/example_dags/example_task_group.py
[2026-08-02T19:02:44.442+0000] {logging_mixin.py:188} INFO - [2026-08-02T19:02:44.442+0000] {dag.py:3089} INFO - Sync 1 DAGs
[2026-08-02T19:02:44.464+0000] {logging_mixin.py:188} INFO - [2026-08-02T19:02:44.464+0000] {dag.py:3947} INFO - Setting next_dagrun for example_task_group to 2026-08-01 00:00:00+00:00, run_after=2026-08-02 00:00:00+00:00
[2026-08-02T19:02:44.483+0000] {processor.py:183} INFO - Processing /home/airflow/.local/lib/python3.12/site-packages/airflow/example_dags/example_task_group.py took 0.081 seconds
[2026-08-02T19:03:14.527+0000] {processor.py:161} INFO - Started process (PID=455) to work on /home/airflow/.local/lib/python3.12/site-packages/airflow/example_dags/example_task_group.py
[2026-08-02T19:03:14.529+0000] {processor.py:830} INFO - Processing file /home/airflow/.local/lib/python3.12/site-packages/airflow/example_dags/example_task_group.py for tasks to queue
[2026-08-02T19:03:14.531+0000] {logging_mixin.py:188} INFO - [2026-08-02T19:03:14.530+0000] {dagbag.py:545} INFO - Filling up the DagBag from /home/airflow/.local/lib/python3.12/site-packages/airflow/example_dags/example_task_group.py
[2026-08-02T19:03:14.538+0000] {processor.py:840} INFO - DAG(s) 'example_task_group' retrieved from /home/airflow/.local/lib/python3.12/site-packages/airflow/example_dags/example_task_group.py
[2026-08-02T19:03:14.559+0000] {logging_mixin.py:188} INFO - [2026-08-02T19:03:14.559+0000] {dag.py:3089} INFO - Sync 1 DAGs
[2026-08-02T19:03:14.580+0000] {logging_mixin.py:188} INFO - [2026-08-02T19:03:14.580+0000] {dag.py:3947} INFO - Setting next_dagrun for example_task_group to 2026-08-01 00:00:00+00:00, run_after=2026-08-02 00:00:00+00:00
[2026-08-02T19:03:14.600+0000] {processor.py:183} INFO - Processing /home/airflow/.local/lib/python3.12/site-packages/airflow/example_dags/example_task_group.py took 0.078 seconds
[2026-08-02T19:03:45.520+0000] {processor.py:161} INFO - Started process (PID=514) to work on /home/airflow/.local/lib/python3.12/site-packages/airflow/example_dags/example_task_group.py
[2026-08-02T19:03:45.522+0000] {processor.py:830} INFO - Processing file /home/airflow/.local/lib/python3.12/site-packages/airflow/example_dags/example_task_group.py for tasks to queue
[2026-08-02T19:03:45.524+0000] {logging_mixin.py:188} INFO - [2026-08-02T19:03:45.524+0000] {dagbag.py:545} INFO - Filling up the DagBag from /home/airflow/.local/lib/python3.12/site-packages/airflow/example_dags/example_task_group.py
[2026-08-02T19:03:45.532+0000] {processor.py:840} INFO - DAG(s) 'example_task_group' retrieved from /home/airflow/.local/lib/python3.12/site-packages/airflow/example_dags/example_task_group.py
[2026-08-02T19:03:45.552+0000] {logging_mixin.py:188} INFO - [2026-08-02T19:03:45.552+0000] {dag.py:3089} INFO - Sync 1 DAGs
[2026-08-02T19:03:45.573+0000] {logging_mixin.py:188} INFO - [2026-08-02T19:03:45.572+0000] {dag.py:3947} INFO - Setting next_dagrun for example_task_group to 2026-08-01 00:00:00+00:00, run_after=2026-08-02 00:00:00+00:00
[2026-08-02T19:03:45.591+0000] {processor.py:183} INFO - Processing /home/airflow/.local/lib/python3.12/site-packages/airflow/example_dags/example_task_group.py took 0.077 seconds
[2026-08-02T19:04:16.480+0000] {processor.py:161} INFO - Started process (PID=573) to work on /home/airflow/.local/lib/python3.12/site-packages/airflow/example_dags/example_task_group.py
[2026-08-02T19:04:16.481+0000] {processor.py:830} INFO - Processing file /home/airflow/.local/lib/python3.12/site-packages/airflow/example_dags/example_task_group.py for tasks to queue
[2026-08-02T19:04:16.483+0000] {logging_mixin.py:188} INFO - [2026-08-02T19:04:16.483+0000] {dagbag.py:545} INFO - Filling up the DagBag from /home/airflow/.local/lib/python3.12/site-packages/airflow/example_dags/example_task_group.py
[2026-08-02T19:04:16.490+0000] {processor.py:840} INFO - DAG(s) 'example_task_group' retrieved from /home/airflow/.local/lib/python3.12/site-packages/airflow/example_dags/example_task_group.py
[2026-08-02T19:04:16.511+0000] {logging_mixin.py:188} INFO - [2026-08-02T19:04:16.511+0000] {dag.py:3089} INFO - Sync 1 DAGs
[2026-08-02T19:04:16.532+0000] {logging_mixin.py:188} INFO - [2026-08-02T19:04:16.532+0000] {dag.py:3947} INFO - Setting next_dagrun for example_task_group to 2026-08-01 00:00:00+00:00, run_after=2026-08-02 00:00:00+00:00
[2026-08-02T19:04:16.551+0000] {processor.py:183} INFO - Processing /home/airflow/.local/lib/python3.12/site-packages/airflow/example_dags/example_task_group.py took 0.076 seconds
[2026-08-02T19:04:46.978+0000] {processor.py:161} INFO - Started process (PID=632) to work on /home/airflow/.local/lib/python3.12/site-packages/airflow/example_dags/example_task_group.py
[2026-08-02T19:04:46.980+0000] {processor.py:830} INFO - Processing file /home/airflow/.local/lib/python3.12/site-packages/airflow/example_dags/example_task_group.py for tasks to queue
[2026-08-02T19:04:46.982+0000] {logging_mixin.py:188} INFO - [2026-08-02T19:04:46.982+0000] {dagbag.py:545} INFO - Filling up the DagBag from /home/airflow/.local/lib/python3.12/site-packages/airflow/example_dags/example_task_group.py
[2026-08-02T19:04:46.990+0000] {processor.py:840} INFO - DAG(s) 'example_task_group' retrieved from /home/airflow/.local/lib/python3.12/site-packages/airflow/example_dags/example_task_group.py
[2026-08-02T19:04:47.013+0000] {logging_mixin.py:188} INFO - [2026-08-02T19:04:47.013+0000] {dag.py:3089} INFO - Sync 1 DAGs
[2026-08-02T19:04:47.034+0000] {logging_mixin.py:188} INFO - [2026-08-02T19:04:47.034+0000] {dag.py:3947} INFO - Setting next_dagrun for example_task_group to 2026-08-01 00:00:00+00:00, run_after=2026-08-02 00:00:00+00:00
[2026-08-02T19:04:47.052+0000] {processor.py:183} INFO - Processing /home/airflow/.local/lib/python3.12/site-packages/airflow/example_dags/example_task_group.py took 0.080 seconds
[2026-08-02T19:05:17.647+0000] {processor.py:161} INFO - Started process (PID=691) to work on /home/airflow/.local/lib/python3.12/site-packages/airflow/example_dags/example_task_group.py
[2026-08-02T19:05:17.648+0000] {processor.py:830} INFO - Processing file /home/airflow/.local/lib/python3.12/site-packages/airflow/example_dags/example_task_group.py for tasks to queue
[2026-08-02T19:05:17.650+0000] {logging_mixin.py:188} INFO - [2026-08-02T19:05:17.650+0000] {dagbag.py:545} INFO - Filling up the DagBag from /home/airflow/.local/lib/python3.12/site-packages/airflow/example_dags/example_task_group.py
[2026-08-02T19:05:17.657+0000] {processor.py:840} INFO - DAG(s) 'example_task_group' retrieved from /home/airflow/.local/lib/python3.12/site-packages/airflow/example_dags/example_task_group.py
[2026-08-02T19:05:17.677+0000] {logging_mixin.py:188} INFO - [2026-08-02T19:05:17.677+0000] {dag.py:3089} INFO - Sync 1 DAGs
[2026-08-02T19:05:17.696+0000] {logging_mixin.py:188} INFO - [2026-08-02T19:05:17.695+0000] {dag.py:3947} INFO - Setting next_dagrun for example_task_group to 2026-08-01 00:00:00+00:00, run_after=2026-08-02 00:00:00+00:00
[2026-08-02T19:05:17.713+0000] {processor.py:183} INFO - Processing /home/airflow/.local/lib/python3.12/site-packages/airflow/example_dags/example_task_group.py took 0.071 seconds
[2026-08-02T19:05:48.225+0000] {processor.py:161} INFO - Started process (PID=750) to work on /home/airflow/.local/lib/python3.12/site-packages/airflow/example_dags/example_task_group.py
[2026-08-02T19:05:48.226+0000] {processor.py:830} INFO - Processing file /home/airflow/.local/lib/python3.12/site-packages/airflow/example_dags/example_task_group.py for tasks to queue
[2026-08-02T19:05:48.229+0000] {logging_mixin.py:188} INFO - [2026-08-02T19:05:48.229+0000] {dagbag.py:545} INFO - Filling up the DagBag from /home/airflow/.local/lib/python3.12/site-packages/airflow/example_dags/example_task_group.py
[2026-08-02T19:05:48.237+0000] {processor.py:840} INFO - DAG(s) 'example_task_group' retrieved from /home/airflow/.local/lib/python3.12/site-packages/airflow/example_dags/example_task_group.py
[2026-08-02T19:05:48.258+0000] {logging_mixin.py:188} INFO - [2026-08-02T19:05:48.258+0000] {dag.py:3089} INFO - Sync 1 DAGs
[2026-08-02T19:05:48.279+0000] {logging_mixin.py:188} INFO - [2026-08-02T19:05:48.279+0000] {dag.py:3947} INFO - Setting next_dagrun for example_task_group to 2026-08-01 00:00:00+00:00, run_after=2026-08-02 00:00:00+00:00
[2026-08-02T19:05:48.298+0000] {processor.py:183} INFO - Processing /home/airflow/.local/lib/python3.12/site-packages/airflow/example_dags/example_task_group.py took 0.079 seconds
[2026-08-02T19:06:18.747+0000] {processor.py:161} INFO - Started process (PID=809) to work on /home/airflow/.local/lib/python3.12/site-packages/airflow/example_dags/example_task_group.py
[2026-08-02T19:06:18.748+0000] {processor.py:830} INFO - Processing file /home/airflow/.local/lib/python3.12/site-packages/airflow/example_dags/example_task_group.py for tasks to queue
[2026-08-02T19:06:18.751+0000] {logging_mixin.py:188} INFO - [2026-08-02T19:06:18.750+0000] {dagbag.py:545} INFO - Filling up the DagBag from /home/airflow/.local/lib/python3.12/site-packages/airflow/example_dags/example_task_group.py
[2026-08-02T19:06:18.758+0000] {processor.py:840} INFO - DAG(s) 'example_task_group' retrieved from /home/airflow/.local/lib/python3.12/site-packages/airflow/example_dags/example_task_group.py
[2026-08-02T19:06:18.780+0000] {logging_mixin.py:188} INFO - [2026-08-02T19:06:18.780+0000] {dag.py:3089} INFO - Sync 1 DAGs
[2026-08-02T19:06:18.803+0000] {logging_mixin.py:188} INFO - [2026-08-02T19:06:18.803+0000] {dag.py:3947} INFO - Setting next_dagrun for example_task_group to 2026-08-01 00:00:00+00:00, run_after=2026-08-02 00:00:00+00:00
[2026-08-02T19:06:18.823+0000] {processor.py:183} INFO - Processing /home/airflow/.local/lib/python3.12/site-packages/airflow/example_dags/example_task_group.py took 0.082 seconds
[2026-08-02T19:06:49.518+0000] {processor.py:161} INFO - Started process (PID=868) to work on /home/airflow/.local/lib/python3.12/site-packages/airflow/example_dags/example_task_group.py
[2026-08-02T19:06:49.520+0000] {processor.py:830} INFO - Processing file /home/airflow/.local/lib/python3.12/site-packages/airflow/example_dags/example_task_group.py for tasks to queue
[2026-08-02T19:06:49.523+0000] {logging_mixin.py:188} INFO - [2026-08-02T19:06:49.522+0000] {dagbag.py:545} INFO - Filling up the DagBag from /home/airflow/.local/lib/python3.12/site-packages/airflow/example_dags/example_task_group.py
[2026-08-02T19:06:49.530+0000] {processor.py:840} INFO - DAG(s) 'example_task_group' retrieved from /home/airflow/.local/lib/python3.12/site-packages/airflow/example_dags/example_task_group.py
[2026-08-02T19:06:49.553+0000] {logging_mixin.py:188} INFO - [2026-08-02T19:06:49.552+0000] {dag.py:3089} INFO - Sync 1 DAGs
[2026-08-02T19:06:49.573+0000] {logging_mixin.py:188} INFO - [2026-08-02T19:06:49.573+0000] {dag.py:3947} INFO - Setting next_dagrun for example_task_group to 2026-08-01 00:00:00+00:00, run_after=2026-08-02 00:00:00+00:00
[2026-08-02T19:06:49.594+0000] {processor.py:183} INFO - Processing /home/airflow/.local/lib/python3.12/site-packages/airflow/example_dags/example_task_group.py took 0.082 seconds
[2026-08-02T19:07:19.981+0000] {processor.py:161} INFO - Started process (PID=927) to work on /home/airflow/.local/lib/python3.12/site-packages/airflow/example_dags/example_task_group.py
[2026-08-02T19:07:19.982+0000] {processor.py:830} INFO - Processing file /home/airflow/.local/lib/python3.12/site-packages/airflow/example_dags/example_task_group.py for tasks to queue
[2026-08-02T19:07:19.985+0000] {logging_mixin.py:188} INFO - [2026-08-02T19:07:19.985+0000] {dagbag.py:545} INFO - Filling up the DagBag from /home/airflow/.local/lib/python3.12/site-packages/airflow/example_dags/example_task_group.py
[2026-08-02T19:07:19.991+0000] {processor.py:840} INFO - DAG(s) 'example_task_group' retrieved from /home/airflow/.local/lib/python3.12/site-packages/airflow/example_dags/example_task_group.py
[2026-08-02T19:07:20.009+0000] {logging_mixin.py:188} INFO - [2026-08-02T19:07:20.008+0000] {dag.py:3089} INFO - Sync 1 DAGs
[2026-08-02T19:07:20.026+0000] {logging_mixin.py:188} INFO - [2026-08-02T19:07:20.026+0000] {dag.py:3947} INFO - Setting next_dagrun for example_task_group to 2026-08-01 00:00:00+00:00, run_after=2026-08-02 00:00:00+00:00
[2026-08-02T19:07:20.046+0000] {processor.py:183} INFO - Processing /home/airflow/.local/lib/python3.12/site-packages/airflow/example_dags/example_task_group.py took 0.070 seconds
[2026-08-02T19:07:50.624+0000] {processor.py:161} INFO - Started process (PID=986) to work on /home/airflow/.local/lib/python3.12/site-packages/airflow/example_dags/example_task_group.py
[2026-08-02T19:07:50.625+0000] {processor.py:830} INFO - Processing file /home/airflow/.local/lib/python3.12/site-packages/airflow/example_dags/example_task_group.py for tasks to queue
[2026-08-02T19:07:50.628+0000] {logging_mixin.py:188} INFO - [2026-08-02T19:07:50.627+0000] {dagbag.py:545} INFO - Filling up the DagBag from /home/airflow/.local/lib/python3.12/site-packages/airflow/example_dags/example_task_group.py
[2026-08-02T19:07:50.635+0000] {processor.py:840} INFO - DAG(s) 'example_task_group' retrieved from /home/airflow/.local/lib/python3.12/site-packages/airflow/example_dags/example_task_group.py
[2026-08-02T19:07:50.656+0000] {logging_mixin.py:188} INFO - [2026-08-02T19:07:50.655+0000] {dag.py:3089} INFO - Sync 1 DAGs
[2026-08-02T19:07:50.675+0000] {logging_mixin.py:188} INFO - [2026-08-02T19:07:50.675+0000] {dag.py:3947} INFO - Setting next_dagrun for example_task_group to 2026-08-01 00:00:00+00:00, run_after=2026-08-02 00:00:00+00:00
[2026-08-02T19:07:50.693+0000] {processor.py:183} INFO - Processing /home/airflow/.local/lib/python3.12/site-packages/airflow/example_dags/example_task_group.py took 0.075 seconds
[2026-08-02T19:08:20.910+0000] {processor.py:161} INFO - Started process (PID=1045) to work on /home/airflow/.local/lib/python3.12/site-packages/airflow/example_dags/example_task_group.py
[2026-08-02T19:08:20.912+0000] {processor.py:830} INFO - Processing file /home/airflow/.local/lib/python3.12/site-packages/airflow/example_dags/example_task_group.py for tasks to queue
[2026-08-02T19:08:20.914+0000] {logging_mixin.py:188} INFO - [2026-08-02T19:08:20.914+0000] {dagbag.py:545} INFO - Filling up the DagBag from /home/airflow/.local/lib/python3.12/site-packages/airflow/example_dags/example_task_group.py
[2026-08-02T19:08:20.922+0000] {processor.py:840} INFO - DAG(s) 'example_task_group' retrieved from /home/airflow/.local/lib/python3.12/site-packages/airflow/example_dags/example_task_group.py
[2026-08-02T19:08:20.946+0000] {logging_mixin.py:188} INFO - [2026-08-02T19:08:20.946+0000] {dag.py:3089} INFO - Sync 1 DAGs
[2026-08-02T19:08:20.976+0000] {logging_mixin.py:188} INFO - [2026-08-02T19:08:20.975+0000] {dag.py:3947} INFO - Setting next_dagrun for example_task_group to 2026-08-01 00:00:00+00:00, run_after=2026-08-02 00:00:00+00:00
[2026-08-02T19:08:21.000+0000] {processor.py:183} INFO - Processing /home/airflow/.local/lib/python3.12/site-packages/airflow/example_dags/example_task_group.py took 0.095 seconds
[2026-08-02T19:09:53.085+0000] {processor.py:161} INFO - Started process (PID=136) to work on /home/airflow/.local/lib/python3.12/site-packages/airflow/example_dags/example_task_group.py
[2026-08-02T19:09:53.087+0000] {processor.py:830} INFO - Processing file /home/airflow/.local/lib/python3.12/site-packages/airflow/example_dags/example_task_group.py for tasks to queue
[2026-08-02T19:09:53.089+0000] {logging_mixin.py:188} INFO - [2026-08-02T19:09:53.089+0000] {dagbag.py:545} INFO - Filling up the DagBag from /home/airflow/.local/lib/python3.12/site-packages/airflow/example_dags/example_task_group.py
[2026-08-02T19:09:53.099+0000] {processor.py:840} INFO - DAG(s) 'example_task_group' retrieved from /home/airflow/.local/lib/python3.12/site-packages/airflow/example_dags/example_task_group.py
[2026-08-02T19:09:53.205+0000] {logging_mixin.py:188} INFO - [2026-08-02T19:09:53.204+0000] {dag.py:3089} INFO - Sync 1 DAGs
[2026-08-02T19:09:53.225+0000] {logging_mixin.py:188} INFO - [2026-08-02T19:09:53.224+0000] {dag.py:3947} INFO - Setting next_dagrun for example_task_group to 2026-08-01 00:00:00+00:00, run_after=2026-08-02 00:00:00+00:00
[2026-08-02T19:09:53.247+0000] {processor.py:183} INFO - Processing /home/airflow/.local/lib/python3.12/site-packages/airflow/example_dags/example_task_group.py took 0.169 seconds
[2026-08-02T19:10:23.313+0000] {processor.py:161} INFO - Started process (PID=195) to work on /home/airflow/.local/lib/python3.12/site-packages/airflow/example_dags/example_task_group.py
[2026-08-02T19:10:23.315+0000] {processor.py:830} INFO - Processing file /home/airflow/.local/lib/python3.12/site-packages/airflow/example_dags/example_task_group.py for tasks to queue
[2026-08-02T19:10:23.317+0000] {logging_mixin.py:188} INFO - [2026-08-02T19:10:23.317+0000] {dagbag.py:545} INFO - Filling up the DagBag from /home/airflow/.local/lib/python3.12/site-packages/airflow/example_dags/example_task_group.py
[2026-08-02T19:10:23.324+0000] {processor.py:840} INFO - DAG(s) 'example_task_group' retrieved from /home/airflow/.local/lib/python3.12/site-packages/airflow/example_dags/example_task_group.py
[2026-08-02T19:10:23.345+0000] {logging_mixin.py:188} INFO - [2026-08-02T19:10:23.345+0000] {dag.py:3089} INFO - Sync 1 DAGs
[2026-08-02T19:10:23.365+0000] {logging_mixin.py:188} INFO - [2026-08-02T19:10:23.365+0000] {dag.py:3947} INFO - Setting next_dagrun for example_task_group to 2026-08-01 00:00:00+00:00, run_after=2026-08-02 00:00:00+00:00
[2026-08-02T19:10:23.383+0000] {processor.py:183} INFO - Processing /home/airflow/.local/lib/python3.12/site-packages/airflow/example_dags/example_task_group.py took 0.075 seconds
[2026-08-02T19:10:53.928+0000] {processor.py:161} INFO - Started process (PID=254) to work on /home/airflow/.local/lib/python3.12/site-packages/airflow/example_dags/example_task_group.py
[2026-08-02T19:10:53.929+0000] {processor.py:830} INFO - Processing file /home/airflow/.local/lib/python3.12/site-packages/airflow/example_dags/example_task_group.py for tasks to queue
[2026-08-02T19:10:53.932+0000] {logging_mixin.py:188} INFO - [2026-08-02T19:10:53.931+0000] {dagbag.py:545} INFO - Filling up the DagBag from /home/airflow/.local/lib/python3.12/site-packages/airflow/example_dags/example_task_group.py
[2026-08-02T19:10:53.939+0000] {processor.py:840} INFO - DAG(s) 'example_task_group' retrieved from /home/airflow/.local/lib/python3.12/site-packages/airflow/example_dags/example_task_group.py
[2026-08-02T19:10:53.963+0000] {logging_mixin.py:188} INFO - [2026-08-02T19:10:53.963+0000] {dag.py:3089} INFO - Sync 1 DAGs
[2026-08-02T19:10:53.986+0000] {logging_mixin.py:188} INFO - [2026-08-02T19:10:53.986+0000] {dag.py:3947} INFO - Setting next_dagrun for example_task_group to 2026-08-01 00:00:00+00:00, run_after=2026-08-02 00:00:00+00:00
[2026-08-02T19:10:54.007+0000] {processor.py:183} INFO - Processing /home/airflow/.local/lib/python3.12/site-packages/airflow/example_dags/example_task_group.py took 0.085 seconds
[2026-08-02T19:11:24.226+0000] {processor.py:161} INFO - Started process (PID=313) to work on /home/airflow/.local/lib/python3.12/site-packages/airflow/example_dags/example_task_group.py
[2026-08-02T19:11:24.227+0000] {processor.py:830} INFO - Processing file /home/airflow/.local/lib/python3.12/site-packages/airflow/example_dags/example_task_group.py for tasks to queue
[2026-08-02T19:11:24.230+0000] {logging_mixin.py:188} INFO - [2026-08-02T19:11:24.230+0000] {dagbag.py:545} INFO - Filling up the DagBag from /home/airflow/.local/lib/python3.12/site-packages/airflow/example_dags/example_task_group.py
[2026-08-02T19:11:24.238+0000] {processor.py:840} INFO - DAG(s) 'example_task_group' retrieved from /home/airflow/.local/lib/python3.12/site-packages/airflow/example_dags/example_task_group.py
[2026-08-02T19:11:24.264+0000] {logging_mixin.py:188} INFO - [2026-08-02T19:11:24.264+0000] {dag.py:3089} INFO - Sync 1 DAGs
[2026-08-02T19:11:24.291+0000] {logging_mixin.py:188} INFO - [2026-08-02T19:11:24.291+0000] {dag.py:3947} INFO - Setting next_dagrun for example_task_group to 2026-08-01 00:00:00+00:00, run_after=2026-08-02 00:00:00+00:00
[2026-08-02T19:11:24.313+0000] {processor.py:183} INFO - Processing /home/airflow/.local/lib/python3.12/site-packages/airflow/example_dags/example_task_group.py took 0.094 seconds
[2026-08-02T19:11:54.865+0000] {processor.py:161} INFO - Started process (PID=372) to work on /home/airflow/.local/lib/python3.12/site-packages/airflow/example_dags/example_task_group.py
[2026-08-02T19:11:54.867+0000] {processor.py:830} INFO - Processing file /home/airflow/.local/lib/python3.12/site-packages/airflow/example_dags/example_task_group.py for tasks to queue
[2026-08-02T19:11:54.869+0000] {logging_mixin.py:188} INFO - [2026-08-02T19:11:54.869+0000] {dagbag.py:545} INFO - Filling up the DagBag from /home/airflow/.local/lib/python3.12/site-packages/airflow/example_dags/example_task_group.py
[2026-08-02T19:11:54.876+0000] {processor.py:840} INFO - DAG(s) 'example_task_group' retrieved from /home/airflow/.local/lib/python3.12/site-packages/airflow/example_dags/example_task_group.py
[2026-08-02T19:11:54.896+0000] {logging_mixin.py:188} INFO - [2026-08-02T19:11:54.896+0000] {dag.py:3089} INFO - Sync 1 DAGs
[2026-08-02T19:11:54.918+0000] {logging_mixin.py:188} INFO - [2026-08-02T19:11:54.917+0000] {dag.py:3947} INFO - Setting next_dagrun for example_task_group to 2026-08-01 00:00:00+00:00, run_after=2026-08-02 00:00:00+00:00
[2026-08-02T19:11:54.937+0000] {processor.py:183} INFO - Processing /home/airflow/.local/lib/python3.12/site-packages/airflow/example_dags/example_task_group.py took 0.077 seconds
[2026-08-02T19:12:25.181+0000] {processor.py:161} INFO - Started process (PID=431) to work on /home/airflow/.local/lib/python3.12/site-packages/airflow/example_dags/example_task_group.py
[2026-08-02T19:12:25.183+0000] {processor.py:830} INFO - Processing file /home/airflow/.local/lib/python3.12/site-packages/airflow/example_dags/example_task_group.py for tasks to queue
[2026-08-02T19:12:25.185+0000] {logging_mixin.py:188} INFO - [2026-08-02T19:12:25.185+0000] {dagbag.py:545} INFO - Filling up the DagBag from /home/airflow/.local/lib/python3.12/site-packages/airflow/example_dags/example_task_group.py
[2026-08-02T19:12:25.193+0000] {processor.py:840} INFO - DAG(s) 'example_task_group' retrieved from /home/airflow/.local/lib/python3.12/site-packages/airflow/example_dags/example_task_group.py
[2026-08-02T19:12:25.213+0000] {logging_mixin.py:188} INFO - [2026-08-02T19:12:25.213+0000] {dag.py:3089} INFO - Sync 1 DAGs
[2026-08-02T19:12:25.233+0000] {logging_mixin.py:188} INFO - [2026-08-02T19:12:25.233+0000] {dag.py:3947} INFO - Setting next_dagrun for example_task_group to 2026-08-01 00:00:00+00:00, run_after=2026-08-02 00:00:00+00:00
[2026-08-02T19:12:25.253+0000] {processor.py:183} INFO - Processing /home/airflow/.local/lib/python3.12/site-packages/airflow/example_dags/example_task_group.py took 0.078 seconds
[2026-08-02T19:12:55.769+0000] {processor.py:161} INFO - Started process (PID=490) to work on /home/airflow/.local/lib/python3.12/site-packages/airflow/example_dags/example_task_group.py
[2026-08-02T19:12:55.771+0000] {processor.py:830} INFO - Processing file /home/airflow/.local/lib/python3.12/site-packages/airflow/example_dags/example_task_group.py for tasks to queue
[2026-08-02T19:12:55.774+0000] {logging_mixin.py:188} INFO - [2026-08-02T19:12:55.774+0000] {dagbag.py:545} INFO - Filling up the DagBag from /home/airflow/.local/lib/python3.12/site-packages/airflow/example_dags/example_task_group.py
[2026-08-02T19:12:55.782+0000] {processor.py:840} INFO - DAG(s) 'example_task_group' retrieved from /home/airflow/.local/lib/python3.12/site-packages/airflow/example_dags/example_task_group.py
[2026-08-02T19:12:55.805+0000] {logging_mixin.py:188} INFO - [2026-08-02T19:12:55.805+0000] {dag.py:3089} INFO - Sync 1 DAGs
[2026-08-02T19:12:55.830+0000] {logging_mixin.py:188} INFO - [2026-08-02T19:12:55.829+0000] {dag.py:3947} INFO - Setting next_dagrun for example_task_group to 2026-08-01 00:00:00+00:00, run_after=2026-08-02 00:00:00+00:00
[2026-08-02T19:12:55.851+0000] {processor.py:183} INFO - Processing /home/airflow/.local/lib/python3.12/site-packages/airflow/example_dags/example_task_group.py took 0.088 seconds
[2026-08-02T19:13:26.317+0000] {processor.py:161} INFO - Started process (PID=549) to work on /home/airflow/.local/lib/python3.12/site-packages/airflow/example_dags/example_task_group.py
[2026-08-02T19:13:26.319+0000] {processor.py:830} INFO - Processing file /home/airflow/.local/lib/python3.12/site-packages/airflow/example_dags/example_task_group.py for tasks to queue
[2026-08-02T19:13:26.322+0000] {logging_mixin.py:188} INFO - [2026-08-02T19:13:26.321+0000] {dagbag.py:545} INFO - Filling up the DagBag from /home/airflow/.local/lib/python3.12/site-packages/airflow/example_dags/example_task_group.py
[2026-08-02T19:13:26.341+0000] {processor.py:840} INFO - DAG(s) 'example_task_group' retrieved from /home/airflow/.local/lib/python3.12/site-packages/airflow/example_dags/example_task_group.py
[2026-08-02T19:13:26.369+0000] {logging_mixin.py:188} INFO - [2026-08-02T19:13:26.369+0000] {dag.py:3089} INFO - Sync 1 DAGs
[2026-08-02T19:13:26.395+0000] {logging_mixin.py:188} INFO - [2026-08-02T19:13:26.395+0000] {dag.py:3947} INFO - Setting next_dagrun for example_task_group to 2026-08-01 00:00:00+00:00, run_after=2026-08-02 00:00:00+00:00
[2026-08-02T19:13:26.417+0000] {processor.py:183} INFO - Processing /home/airflow/.local/lib/python3.12/site-packages/airflow/example_dags/example_task_group.py took 0.107 seconds
[2026-08-02T19:13:56.999+0000] {processor.py:161} INFO - Started process (PID=608) to work on /home/airflow/.local/lib/python3.12/site-packages/airflow/example_dags/example_task_group.py
[2026-08-02T19:13:57.001+0000] {processor.py:830} INFO - Processing file /home/airflow/.local/lib/python3.12/site-packages/airflow/example_dags/example_task_group.py for tasks to queue
[2026-08-02T19:13:57.003+0000] {logging_mixin.py:188} INFO - [2026-08-02T19:13:57.003+0000] {dagbag.py:545} INFO - Filling up the DagBag from /home/airflow/.local/lib/python3.12/site-packages/airflow/example_dags/example_task_group.py
[2026-08-02T19:13:57.012+0000] {processor.py:840} INFO - DAG(s) 'example_task_group' retrieved from /home/airflow/.local/lib/python3.12/site-packages/airflow/example_dags/example_task_group.py
[2026-08-02T19:13:57.033+0000] {logging_mixin.py:188} INFO - [2026-08-02T19:13:57.033+0000] {dag.py:3089} INFO - Sync 1 DAGs
[2026-08-02T19:13:57.056+0000] {logging_mixin.py:188} INFO - [2026-08-02T19:13:57.056+0000] {dag.py:3947} INFO - Setting next_dagrun for example_task_group to 2026-08-01 00:00:00+00:00, run_after=2026-08-02 00:00:00+00:00
[2026-08-02T19:13:57.076+0000] {processor.py:183} INFO - Processing /home/airflow/.local/lib/python3.12/site-packages/airflow/example_dags/example_task_group.py took 0.085 seconds
[2026-08-02T19:14:27.756+0000] {processor.py:161} INFO - Started process (PID=667) to work on /home/airflow/.local/lib/python3.12/site-packages/airflow/example_dags/example_task_group.py
[2026-08-02T19:14:27.757+0000] {processor.py:830} INFO - Processing file /home/airflow/.local/lib/python3.12/site-packages/airflow/example_dags/example_task_group.py for tasks to queue
[2026-08-02T19:14:27.760+0000] {logging_mixin.py:188} INFO - [2026-08-02T19:14:27.760+0000] {dagbag.py:545} INFO - Filling up the DagBag from /home/airflow/.local/lib/python3.12/site-packages/airflow/example_dags/example_task_group.py
[2026-08-02T19:14:27.768+0000] {processor.py:840} INFO - DAG(s) 'example_task_group' retrieved from /home/airflow/.local/lib/python3.12/site-packages/airflow/example_dags/example_task_group.py
[2026-08-02T19:14:27.789+0000] {logging_mixin.py:188} INFO - [2026-08-02T19:14:27.789+0000] {dag.py:3089} INFO - Sync 1 DAGs
[2026-08-02T19:14:27.810+0000] {logging_mixin.py:188} INFO - [2026-08-02T19:14:27.810+0000] {dag.py:3947} INFO - Setting next_dagrun for example_task_group to 2026-08-01 00:00:00+00:00, run_after=2026-08-02 00:00:00+00:00
[2026-08-02T19:14:27.829+0000] {processor.py:183} INFO - Processing /home/airflow/.local/lib/python3.12/site-packages/airflow/example_dags/example_task_group.py took 0.079 seconds
[2026-08-02T19:14:58.259+0000] {processor.py:161} INFO - Started process (PID=726) to work on /home/airflow/.local/lib/python3.12/site-packages/airflow/example_dags/example_task_group.py
[2026-08-02T19:14:58.261+0000] {processor.py:830} INFO - Processing file /home/airflow/.local/lib/python3.12/site-packages/airflow/example_dags/example_task_group.py for tasks to queue
[2026-08-02T19:14:58.263+0000] {logging_mixin.py:188} INFO - [2026-08-02T19:14:58.263+0000] {dagbag.py:545} INFO - Filling up the DagBag from /home/airflow/.local/lib/python3.12/site-packages/airflow/example_dags/example_task_group.py
[2026-08-02T19:14:58.270+0000] {processor.py:840} INFO - DAG(s) 'example_task_group' retrieved from /home/airflow/.local/lib/python3.12/site-packages/airflow/example_dags/example_task_group.py
[2026-08-02T19:14:58.290+0000] {logging_mixin.py:188} INFO - [2026-08-02T19:14:58.290+0000] {dag.py:3089} INFO - Sync 1 DAGs
[2026-08-02T19:14:58.310+0000] {logging_mixin.py:188} INFO - [2026-08-02T19:14:58.310+0000] {dag.py:3947} INFO - Setting next_dagrun for example_task_group to 2026-08-01 00:00:00+00:00, run_after=2026-08-02 00:00:00+00:00
[2026-08-02T19:14:58.328+0000] {processor.py:183} INFO - Processing /home/airflow/.local/lib/python3.12/site-packages/airflow/example_dags/example_task_group.py took 0.074 seconds
[2026-08-02T19:15:28.509+0000] {processor.py:161} INFO - Started process (PID=785) to work on /home/airflow/.local/lib/python3.12/site-packages/airflow/example_dags/example_task_group.py
[2026-08-02T19:15:28.510+0000] {processor.py:830} INFO - Processing file /home/airflow/.local/lib/python3.12/site-packages/airflow/example_dags/example_task_group.py for tasks to queue
[2026-08-02T19:15:28.513+0000] {logging_mixin.py:188} INFO - [2026-08-02T19:15:28.512+0000] {dagbag.py:545} INFO - Filling up the DagBag from /home/airflow/.local/lib/python3.12/site-packages/airflow/example_dags/example_task_group.py
[2026-08-02T19:15:28.520+0000] {processor.py:840} INFO - DAG(s) 'example_task_group' retrieved from /home/airflow/.local/lib/python3.12/site-packages/airflow/example_dags/example_task_group.py
[2026-08-02T19:15:28.540+0000] {logging_mixin.py:188} INFO - [2026-08-02T19:15:28.540+0000] {dag.py:3089} INFO - Sync 1 DAGs
[2026-08-02T19:15:28.561+0000] {logging_mixin.py:188} INFO - [2026-08-02T19:15:28.561+0000] {dag.py:3947} INFO - Setting next_dagrun for example_task_group to 2026-08-01 00:00:00+00:00, run_after=2026-08-02 00:00:00+00:00
[2026-08-02T19:15:28.579+0000] {processor.py:183} INFO - Processing /home/airflow/.local/lib/python3.12/site-packages/airflow/example_dags/example_task_group.py took 0.077 seconds
[2026-08-02T19:15:59.453+0000] {processor.py:161} INFO - Started process (PID=844) to work on /home/airflow/.local/lib/python3.12/site-packages/airflow/example_dags/example_task_group.py
[2026-08-02T19:15:59.455+0000] {processor.py:830} INFO - Processing file /home/airflow/.local/lib/python3.12/site-packages/airflow/example_dags/example_task_group.py for tasks to queue
[2026-08-02T19:15:59.457+0000] {logging_mixin.py:188} INFO - [2026-08-02T19:15:59.457+0000] {dagbag.py:545} INFO - Filling up the DagBag from /home/airflow/.local/lib/python3.12/site-packages/airflow/example_dags/example_task_group.py
[2026-08-02T19:15:59.465+0000] {processor.py:840} INFO - DAG(s) 'example_task_group' retrieved from /home/airflow/.local/lib/python3.12/site-packages/airflow/example_dags/example_task_group.py
[2026-08-02T19:15:59.488+0000] {logging_mixin.py:188} INFO - [2026-08-02T19:15:59.487+0000] {dag.py:3089} INFO - Sync 1 DAGs
[2026-08-02T19:15:59.514+0000] {logging_mixin.py:188} INFO - [2026-08-02T19:15:59.514+0000] {dag.py:3947} INFO - Setting next_dagrun for example_task_group to 2026-08-01 00:00:00+00:00, run_after=2026-08-02 00:00:00+00:00
[2026-08-02T19:15:59.534+0000] {processor.py:183} INFO - Processing /home/airflow/.local/lib/python3.12/site-packages/airflow/example_dags/example_task_group.py took 0.087 seconds
[2026-08-02T19:16:30.119+0000] {processor.py:161} INFO - Started process (PID=903) to work on /home/airflow/.local/lib/python3.12/site-packages/airflow/example_dags/example_task_group.py
[2026-08-02T19:16:30.121+0000] {processor.py:830} INFO - Processing file /home/airflow/.local/lib/python3.12/site-packages/airflow/example_dags/example_task_group.py for tasks to queue
[2026-08-02T19:16:30.124+0000] {logging_mixin.py:188} INFO - [2026-08-02T19:16:30.123+0000] {dagbag.py:545} INFO - Filling up the DagBag from /home/airflow/.local/lib/python3.12/site-packages/airflow/example_dags/example_task_group.py
[2026-08-02T19:16:30.133+0000] {processor.py:840} INFO - DAG(s) 'example_task_group' retrieved from /home/airflow/.local/lib/python3.12/site-packages/airflow/example_dags/example_task_group.py
[2026-08-02T19:16:30.160+0000] {logging_mixin.py:188} INFO - [2026-08-02T19:16:30.160+0000] {dag.py:3089} INFO - Sync 1 DAGs
[2026-08-02T19:16:30.189+0000] {logging_mixin.py:188} INFO - [2026-08-02T19:16:30.188+0000] {dag.py:3947} INFO - Setting next_dagrun for example_task_group to 2026-08-01 00:00:00+00:00, run_after=2026-08-02 00:00:00+00:00
[2026-08-02T19:16:30.216+0000] {processor.py:183} INFO - Processing /home/airflow/.local/lib/python3.12/site-packages/airflow/example_dags/example_task_group.py took 0.104 seconds
[2026-08-02T19:17:00.651+0000] {processor.py:161} INFO - Started process (PID=962) to work on /home/airflow/.local/lib/python3.12/site-packages/airflow/example_dags/example_task_group.py
[2026-08-02T19:17:00.653+0000] {processor.py:830} INFO - Processing file /home/airflow/.local/lib/python3.12/site-packages/airflow/example_dags/example_task_group.py for tasks to queue
[2026-08-02T19:17:00.655+0000] {logging_mixin.py:188} INFO - [2026-08-02T19:17:00.655+0000] {dagbag.py:545} INFO - Filling up the DagBag from /home/airflow/.local/lib/python3.12/site-packages/airflow/example_dags/example_task_group.py
[2026-08-02T19:17:00.662+0000] {processor.py:840} INFO - DAG(s) 'example_task_group' retrieved from /home/airflow/.local/lib/python3.12/site-packages/airflow/example_dags/example_task_group.py
[2026-08-02T19:17:00.683+0000] {logging_mixin.py:188} INFO - [2026-08-02T19:17:00.683+0000] {dag.py:3089} INFO - Sync 1 DAGs
[2026-08-02T19:17:00.704+0000] {logging_mixin.py:188} INFO - [2026-08-02T19:17:00.704+0000] {dag.py:3947} INFO - Setting next_dagrun for example_task_group to 2026-08-01 00:00:00+00:00, run_after=2026-08-02 00:00:00+00:00
[2026-08-02T19:17:00.724+0000] {processor.py:183} INFO - Processing /home/airflow/.local/lib/python3.12/site-packages/airflow/example_dags/example_task_group.py took 0.079 seconds
[2026-08-02T19:17:31.339+0000] {processor.py:161} INFO - Started process (PID=1021) to work on /home/airflow/.local/lib/python3.12/site-packages/airflow/example_dags/example_task_group.py
[2026-08-02T19:17:31.340+0000] {processor.py:830} INFO - Processing file /home/airflow/.local/lib/python3.12/site-packages/airflow/example_dags/example_task_group.py for tasks to queue
[2026-08-02T19:17:31.343+0000] {logging_mixin.py:188} INFO - [2026-08-02T19:17:31.342+0000] {dagbag.py:545} INFO - Filling up the DagBag from /home/airflow/.local/lib/python3.12/site-packages/airflow/example_dags/example_task_group.py
[2026-08-02T19:17:31.350+0000] {processor.py:840} INFO - DAG(s) 'example_task_group' retrieved from /home/airflow/.local/lib/python3.12/site-packages/airflow/example_dags/example_task_group.py
[2026-08-02T19:17:31.370+0000] {logging_mixin.py:188} INFO - [2026-08-02T19:17:31.370+0000] {dag.py:3089} INFO - Sync 1 DAGs
[2026-08-02T19:17:31.390+0000] {logging_mixin.py:188} INFO - [2026-08-02T19:17:31.390+0000] {dag.py:3947} INFO - Setting next_dagrun for example_task_group to 2026-08-01 00:00:00+00:00, run_after=2026-08-02 00:00:00+00:00
[2026-08-02T19:17:31.409+0000] {processor.py:183} INFO - Processing /home/airflow/.local/lib/python3.12/site-packages/airflow/example_dags/example_task_group.py took 0.076 seconds
[2026-08-02T19:18:02.319+0000] {processor.py:161} INFO - Started process (PID=1080) to work on /home/airflow/.local/lib/python3.12/site-packages/airflow/example_dags/example_task_group.py
[2026-08-02T19:18:02.321+0000] {processor.py:830} INFO - Processing file /home/airflow/.local/lib/python3.12/site-packages/airflow/example_dags/example_task_group.py for tasks to queue
[2026-08-02T19:18:02.323+0000] {logging_mixin.py:188} INFO - [2026-08-02T19:18:02.323+0000] {dagbag.py:545} INFO - Filling up the DagBag from /home/airflow/.local/lib/python3.12/site-packages/airflow/example_dags/example_task_group.py
[2026-08-02T19:18:02.333+0000] {processor.py:840} INFO - DAG(s) 'example_task_group' retrieved from /home/airflow/.local/lib/python3.12/site-packages/airflow/example_dags/example_task_group.py
[2026-08-02T19:18:02.358+0000] {logging_mixin.py:188} INFO - [2026-08-02T19:18:02.357+0000] {dag.py:3089} INFO - Sync 1 DAGs
[2026-08-02T19:18:02.386+0000] {logging_mixin.py:188} INFO - [2026-08-02T19:18:02.386+0000] {dag.py:3947} INFO - Setting next_dagrun for example_task_group to 2026-08-01 00:00:00+00:00, run_after=2026-08-02 00:00:00+00:00
[2026-08-02T19:18:02.417+0000] {processor.py:183} INFO - Processing /home/airflow/.local/lib/python3.12/site-packages/airflow/example_dags/example_task_group.py took 0.105 seconds
[2026-08-02T19:18:32.860+0000] {processor.py:161} INFO - Started process (PID=1139) to work on /home/airflow/.local/lib/python3.12/site-packages/airflow/example_dags/example_task_group.py
[2026-08-02T19:18:32.862+0000] {processor.py:830} INFO - Processing file /home/airflow/.local/lib/python3.12/site-packages/airflow/example_dags/example_task_group.py for tasks to queue
[2026-08-02T19:18:32.864+0000] {logging_mixin.py:188} INFO - [2026-08-02T19:18:32.864+0000] {dagbag.py:545} INFO - Filling up the DagBag from /home/airflow/.local/lib/python3.12/site-packages/airflow/example_dags/example_task_group.py
[2026-08-02T19:18:32.872+0000] {processor.py:840} INFO - DAG(s) 'example_task_group' retrieved from /home/airflow/.local/lib/python3.12/site-packages/airflow/example_dags/example_task_group.py
[2026-08-02T19:18:32.895+0000] {logging_mixin.py:188} INFO - [2026-08-02T19:18:32.895+0000] {dag.py:3089} INFO - Sync 1 DAGs
[2026-08-02T19:18:32.916+0000] {logging_mixin.py:188} INFO - [2026-08-02T19:18:32.916+0000] {dag.py:3947} INFO - Setting next_dagrun for example_task_group to 2026-08-01 00:00:00+00:00, run_after=2026-08-02 00:00:00+00:00
[2026-08-02T19:18:32.934+0000] {processor.py:183} INFO - Processing /home/airflow/.local/lib/python3.12/site-packages/airflow/example_dags/example_task_group.py took 0.081 seconds
[2026-08-02T19:19:03.366+0000] {processor.py:161} INFO - Started process (PID=1198) to work on /home/airflow/.local/lib/python3.12/site-packages/airflow/example_dags/example_task_group.py
[2026-08-02T19:19:03.367+0000] {processor.py:830} INFO - Processing file /home/airflow/.local/lib/python3.12/site-packages/airflow/example_dags/example_task_group.py for tasks to queue
[2026-08-02T19:19:03.370+0000] {logging_mixin.py:188} INFO - [2026-08-02T19:19:03.369+0000] {dagbag.py:545} INFO - Filling up the DagBag from /home/airflow/.local/lib/python3.12/site-packages/airflow/example_dags/example_task_group.py
[2026-08-02T19:19:03.377+0000] {processor.py:840} INFO - DAG(s) 'example_task_group' retrieved from /home/airflow/.local/lib/python3.12/site-packages/airflow/example_dags/example_task_group.py
[2026-08-02T19:19:03.398+0000] {logging_mixin.py:188} INFO - [2026-08-02T19:19:03.397+0000] {dag.py:3089} INFO - Sync 1 DAGs
[2026-08-02T19:19:03.418+0000] {logging_mixin.py:188} INFO - [2026-08-02T19:19:03.418+0000] {dag.py:3947} INFO - Setting next_dagrun for example_task_group to 2026-08-01 00:00:00+00:00, run_after=2026-08-02 00:00:00+00:00
[2026-08-02T19:19:03.436+0000] {processor.py:183} INFO - Processing /home/airflow/.local/lib/python3.12/site-packages/airflow/example_dags/example_task_group.py took 0.076 seconds
[2026-08-02T19:19:33.946+0000] {processor.py:161} INFO - Started process (PID=1257) to work on /home/airflow/.local/lib/python3.12/site-packages/airflow/example_dags/example_task_group.py
[2026-08-02T19:19:33.947+0000] {processor.py:830} INFO - Processing file /home/airflow/.local/lib/python3.12/site-packages/airflow/example_dags/example_task_group.py for tasks to queue
[2026-08-02T19:19:33.950+0000] {logging_mixin.py:188} INFO - [2026-08-02T19:19:33.949+0000] {dagbag.py:545} INFO - Filling up the DagBag from /home/airflow/.local/lib/python3.12/site-packages/airflow/example_dags/example_task_group.py
[2026-08-02T19:19:33.957+0000] {processor.py:840} INFO - DAG(s) 'example_task_group' retrieved from /home/airflow/.local/lib/python3.12/site-packages/airflow/example_dags/example_task_group.py
[2026-08-02T19:19:33.986+0000] {logging_mixin.py:188} INFO - [2026-08-02T19:19:33.986+0000] {dag.py:3089} INFO - Sync 1 DAGs
[2026-08-02T19:19:34.007+0000] {logging_mixin.py:188} INFO - [2026-08-02T19:19:34.007+0000] {dag.py:3947} INFO - Setting next_dagrun for example_task_group to 2026-08-01 00:00:00+00:00, run_after=2026-08-02 00:00:00+00:00
[2026-08-02T19:19:34.027+0000] {processor.py:183} INFO - Processing /home/airflow/.local/lib/python3.12/site-packages/airflow/example_dags/example_task_group.py took 0.087 seconds
[2026-08-02T19:20:04.895+0000] {processor.py:161} INFO - Started process (PID=1316) to work on /home/airflow/.local/lib/python3.12/site-packages/airflow/example_dags/example_task_group.py
[2026-08-02T19:20:04.897+0000] {processor.py:830} INFO - Processing file /home/airflow/.local/lib/python3.12/site-packages/airflow/example_dags/example_task_group.py for tasks to queue
[2026-08-02T19:20:04.900+0000] {logging_mixin.py:188} INFO - [2026-08-02T19:20:04.899+0000] {dagbag.py:545} INFO - Filling up the DagBag from /home/airflow/.local/lib/python3.12/site-packages/airflow/example_dags/example_task_group.py
[2026-08-02T19:20:04.908+0000] {processor.py:840} INFO - DAG(s) 'example_task_group' retrieved from /home/airflow/.local/lib/python3.12/site-packages/airflow/example_dags/example_task_group.py
[2026-08-02T19:20:04.937+0000] {logging_mixin.py:188} INFO - [2026-08-02T19:20:04.937+0000] {dag.py:3089} INFO - Sync 1 DAGs
[2026-08-02T19:20:04.959+0000] {logging_mixin.py:188} INFO - [2026-08-02T19:20:04.958+0000] {dag.py:3947} INFO - Setting next_dagrun for example_task_group to 2026-08-01 00:00:00+00:00, run_after=2026-08-02 00:00:00+00:00
[2026-08-02T19:20:04.980+0000] {processor.py:183} INFO - Processing /home/airflow/.local/lib/python3.12/site-packages/airflow/example_dags/example_task_group.py took 0.091 seconds
