[2026-08-02T18:55:13.497+0000] {processor.py:161} INFO - Started process (PID=92) to work on /home/airflow/.local/lib/python3.12/site-packages/airflow/example_dags/example_xcomargs.py
[2026-08-02T18:55:13.499+0000] {processor.py:830} INFO - Processing file /home/airflow/.local/lib/python3.12/site-packages/airflow/example_dags/example_xcomargs.py for tasks to queue
[2026-08-02T18:55:13.505+0000] {logging_mixin.py:188} INFO - [2026-08-02T18:55:13.504+0000] {dagbag.py:545} INFO - Filling up the DagBag from /home/airflow/.local/lib/python3.12/site-packages/airflow/example_dags/example_xcomargs.py
[2026-08-02T18:55:13.525+0000] {processor.py:840} INFO - DAG(s) 'example_xcom_args_with_operators', 'example_xcom_args' retrieved from /home/airflow/.local/lib/python3.12/site-packages/airflow/example_dags/example_xcomargs.py
[2026-08-02T18:55:13.767+0000] {logging_mixin.py:188} INFO - [2026-08-02T18:55:13.767+0000] {dag.py:3089} INFO - Sync 2 DAGs
[2026-08-02T18:55:13.791+0000] {logging_mixin.py:188} INFO - [2026-08-02T18:55:13.791+0000] {dag.py:3947} INFO - Setting next_dagrun for example_xcom_args to None, run_after=None
[2026-08-02T18:55:13.800+0000] {logging_mixin.py:188} INFO - [2026-08-02T18:55:13.800+0000] {dag.py:3947} INFO - Setting next_dagrun for example_xcom_args_with_operators to None, run_after=None
[2026-08-02T18:55:13.841+0000] {processor.py:183} INFO - Processing /home/airflow/.local/lib/python3.12/site-packages/airflow/example_dags/example_xcomargs.py took 0.355 seconds
[2026-08-02T18:55:43.968+0000] {processor.py:161} INFO - Started process (PID=151) to work on /home/airflow/.local/lib/python3.12/site-packages/airflow/example_dags/example_xcomargs.py
[2026-08-02T18:55:43.971+0000] {processor.py:830} INFO - Processing file /home/airflow/.local/lib/python3.12/site-packages/airflow/example_dags/example_xcomargs.py for tasks to queue
[2026-08-02T18:55:43.977+0000] {logging_mixin.py:188} INFO - [2026-08-02T18:55:43.976+0000] {dagbag.py:545} INFO - Filling up the DagBag from /home/airflow/.local/lib/python3.12/site-packages/airflow/example_dags/example_xcomargs.py
[2026-08-02T18:55:43.996+0000] {processor.py:840} INFO - DAG(s) 'example_xcom_args_with_operators', 'example_xcom_args' retrieved from /home/airflow/.local/lib/python3.12/site-packages/airflow/example_dags/example_xcomargs.py
[2026-08-02T18:55:44.047+0000] {logging_mixin.py:188} INFO - [2026-08-02T18:55:44.047+0000] {dag.py:3089} INFO - Sync 2 DAGs
[2026-08-02T18:55:44.075+0000] {logging_mixin.py:188} INFO - [2026-08-02T18:55:44.074+0000] {dag.py:3947} INFO - Setting next_dagrun for example_xcom_args to None, run_after=None
[2026-08-02T18:55:44.084+0000] {logging_mixin.py:188} INFO - [2026-08-02T18:55:44.084+0000] {dag.py:3947} INFO - Setting next_dagrun for example_xcom_args_with_operators to None, run_after=None
[2026-08-02T18:55:44.120+0000] {processor.py:183} INFO - Processing /home/airflow/.local/lib/python3.12/site-packages/airflow/example_dags/example_xcomargs.py took 0.165 seconds
[2026-08-02T18:56:15.096+0000] {processor.py:161} INFO - Started process (PID=210) to work on /home/airflow/.local/lib/python3.12/site-packages/airflow/example_dags/example_xcomargs.py
[2026-08-02T18:56:15.098+0000] {processor.py:830} INFO - Processing file /home/airflow/.local/lib/python3.12/site-packages/airflow/example_dags/example_xcomargs.py for tasks to queue
[2026-08-02T18:56:15.101+0000] {logging_mixin.py:188} INFO - [2026-08-02T18:56:15.100+0000] {dagbag.py:545} INFO - Filling up the DagBag from /home/airflow/.local/lib/python3.12/site-packages/airflow/example_dags/example_xcomargs.py
[2026-08-02T18:56:15.111+0000] {processor.py:840} INFO - DAG(s) 'example_xcom_args_with_operators', 'example_xcom_args' retrieved from /home/airflow/.local/lib/python3.12/site-packages/airflow/example_dags/example_xcomargs.py
[2026-08-02T18:56:15.138+0000] {logging_mixin.py:188} INFO - [2026-08-02T18:56:15.138+0000] {dag.py:3089} INFO - Sync 2 DAGs
[2026-08-02T18:56:15.150+0000] {logging_mixin.py:188} INFO - [2026-08-02T18:56:15.149+0000] {dag.py:3947} INFO - Setting next_dagrun for example_xcom_args to None, run_after=None
[2026-08-02T18:56:15.154+0000] {logging_mixin.py:188} INFO - [2026-08-02T18:56:15.154+0000] {dag.py:3947} INFO - Setting next_dagrun for example_xcom_args_with_operators to None, run_after=None
[2026-08-02T18:56:15.173+0000] {processor.py:183} INFO - Processing /home/airflow/.local/lib/python3.12/site-packages/airflow/example_dags/example_xcomargs.py took 0.084 seconds
[2026-08-02T18:56:45.466+0000] {processor.py:161} INFO - Started process (PID=269) to work on /home/airflow/.local/lib/python3.12/site-packages/airflow/example_dags/example_xcomargs.py
[2026-08-02T18:56:45.467+0000] {processor.py:830} INFO - Processing file /home/airflow/.local/lib/python3.12/site-packages/airflow/example_dags/example_xcomargs.py for tasks to queue
[2026-08-02T18:56:45.470+0000] {logging_mixin.py:188} INFO - [2026-08-02T18:56:45.469+0000] {dagbag.py:545} INFO - Filling up the DagBag from /home/airflow/.local/lib/python3.12/site-packages/airflow/example_dags/example_xcomargs.py
[2026-08-02T18:56:45.482+0000] {processor.py:840} INFO - DAG(s) 'example_xcom_args', 'example_xcom_args_with_operators' retrieved from /home/airflow/.local/lib/python3.12/site-packages/airflow/example_dags/example_xcomargs.py
[2026-08-02T18:56:45.512+0000] {logging_mixin.py:188} INFO - [2026-08-02T18:56:45.512+0000] {dag.py:3089} INFO - Sync 2 DAGs
[2026-08-02T18:56:45.526+0000] {logging_mixin.py:188} INFO - [2026-08-02T18:56:45.526+0000] {dag.py:3947} INFO - Setting next_dagrun for example_xcom_args to None, run_after=None
[2026-08-02T18:56:45.531+0000] {logging_mixin.py:188} INFO - [2026-08-02T18:56:45.531+0000] {dag.py:3947} INFO - Setting next_dagrun for example_xcom_args_with_operators to None, run_after=None
[2026-08-02T18:56:45.551+0000] {processor.py:183} INFO - Processing /home/airflow/.local/lib/python3.12/site-packages/airflow/example_dags/example_xcomargs.py took 0.093 seconds
[2026-08-02T18:57:15.883+0000] {processor.py:161} INFO - Started process (PID=328) to work on /home/airflow/.local/lib/python3.12/site-packages/airflow/example_dags/example_xcomargs.py
[2026-08-02T18:57:15.885+0000] {processor.py:830} INFO - Processing file /home/airflow/.local/lib/python3.12/site-packages/airflow/example_dags/example_xcomargs.py for tasks to queue
[2026-08-02T18:57:15.889+0000] {logging_mixin.py:188} INFO - [2026-08-02T18:57:15.888+0000] {dagbag.py:545} INFO - Filling up the DagBag from /home/airflow/.local/lib/python3.12/site-packages/airflow/example_dags/example_xcomargs.py
[2026-08-02T18:57:15.898+0000] {processor.py:840} INFO - DAG(s) 'example_xcom_args_with_operators', 'example_xcom_args' retrieved from /home/airflow/.local/lib/python3.12/site-packages/airflow/example_dags/example_xcomargs.py
[2026-08-02T18:57:15.922+0000] {logging_mixin.py:188} INFO - [2026-08-02T18:57:15.922+0000] {dag.py:3089} INFO - Sync 2 DAGs
[2026-08-02T18:57:15.933+0000] {logging_mixin.py:188} INFO - [2026-08-02T18:57:15.933+0000] {dag.py:3947} INFO - Setting next_dagrun for example_xcom_args to None, run_after=None
[2026-08-02T18:57:15.937+0000] {logging_mixin.py:188} INFO - [2026-08-02T18:57:15.937+0000] {dag.py:3947} INFO - Setting next_dagrun for example_xcom_args_with_operators to None, run_after=None
[2026-08-02T18:57:15.965+0000] {processor.py:183} INFO - Processing /home/airflow/.local/lib/python3.12/site-packages/airflow/example_dags/example_xcomargs.py took 0.095 seconds
[2026-08-02T18:57:46.356+0000] {processor.py:161} INFO - Started process (PID=387) to work on /home/airflow/.local/lib/python3.12/site-packages/airflow/example_dags/example_xcomargs.py
[2026-08-02T18:57:46.358+0000] {processor.py:830} INFO - Processing file /home/airflow/.local/lib/python3.12/site-packages/airflow/example_dags/example_xcomargs.py for tasks to queue
[2026-08-02T18:57:46.361+0000] {logging_mixin.py:188} INFO - [2026-08-02T18:57:46.360+0000] {dagbag.py:545} INFO - Filling up the DagBag from /home/airflow/.local/lib/python3.12/site-packages/airflow/example_dags/example_xcomargs.py
[2026-08-02T18:57:46.371+0000] {processor.py:840} INFO - DAG(s) 'example_xcom_args_with_operators', 'example_xcom_args' retrieved from /home/airflow/.local/lib/python3.12/site-packages/airflow/example_dags/example_xcomargs.py
[2026-08-02T18:57:46.399+0000] {logging_mixin.py:188} INFO - [2026-08-02T18:57:46.399+0000] {dag.py:3089} INFO - Sync 2 DAGs
[2026-08-02T18:57:46.415+0000] {logging_mixin.py:188} INFO - [2026-08-02T18:57:46.415+0000] {dag.py:3947} INFO - Setting next_dagrun for example_xcom_args to None, run_after=None
[2026-08-02T18:57:46.420+0000] {logging_mixin.py:188} INFO - [2026-08-02T18:57:46.420+0000] {dag.py:3947} INFO - Setting next_dagrun for example_xcom_args_with_operators to None, run_after=None
[2026-08-02T18:57:46.439+0000] {processor.py:183} INFO - Processing /home/airflow/.local/lib/python3.12/site-packages/airflow/example_dags/example_xcomargs.py took 0.090 seconds
[2026-08-02T19:00:09.979+0000] {processor.py:161} INFO - Started process (PID=79) to work on /home/airflow/.local/lib/python3.12/site-packages/airflow/example_dags/example_xcomargs.py
[2026-08-02T19:00:09.981+0000] {processor.py:830} INFO - Processing file /home/airflow/.local/lib/python3.12/site-packages/airflow/example_dags/example_xcomargs.py for tasks to queue
[2026-08-02T19:00:09.983+0000] {logging_mixin.py:188} INFO - [2026-08-02T19:00:09.983+0000] {dagbag.py:545} INFO - Filling up the DagBag from /home/airflow/.local/lib/python3.12/site-packages/airflow/example_dags/example_xcomargs.py
[2026-08-02T19:00:09.998+0000] {processor.py:840} INFO - DAG(s) 'example_xcom_args', 'example_xcom_args_with_operators' retrieved from /home/airflow/.local/lib/python3.12/site-packages/airflow/example_dags/example_xcomargs.py
[2026-08-02T19:00:10.018+0000] {logging_mixin.py:188} INFO - [2026-08-02T19:00:10.017+0000] {dag.py:3089} INFO - Sync 2 DAGs
[2026-08-02T19:00:10.039+0000] {logging_mixin.py:188} INFO - [2026-08-02T19:00:10.039+0000] {dag.py:3947} INFO - Setting next_dagrun for example_xcom_args to None, run_after=None
[2026-08-02T19:00:10.045+0000] {logging_mixin.py:188} INFO - [2026-08-02T19:00:10.044+0000] {dag.py:3947} INFO - Setting next_dagrun for example_xcom_args_with_operators to None, run_after=None
[2026-08-02T19:00:10.067+0000] {processor.py:183} INFO - Processing /home/airflow/.local/lib/python3.12/site-packages/airflow/example_dags/example_xcomargs.py took 0.094 seconds
[2026-08-02T19:00:40.283+0000] {processor.py:161} INFO - Started process (PID=138) to work on /home/airflow/.local/lib/python3.12/site-packages/airflow/example_dags/example_xcomargs.py
[2026-08-02T19:00:40.284+0000] {processor.py:830} INFO - Processing file /home/airflow/.local/lib/python3.12/site-packages/airflow/example_dags/example_xcomargs.py for tasks to queue
[2026-08-02T19:00:40.286+0000] {logging_mixin.py:188} INFO - [2026-08-02T19:00:40.286+0000] {dagbag.py:545} INFO - Filling up the DagBag from /home/airflow/.local/lib/python3.12/site-packages/airflow/example_dags/example_xcomargs.py
[2026-08-02T19:00:40.294+0000] {processor.py:840} INFO - DAG(s) 'example_xcom_args', 'example_xcom_args_with_operators' retrieved from /home/airflow/.local/lib/python3.12/site-packages/airflow/example_dags/example_xcomargs.py
[2026-08-02T19:00:40.394+0000] {logging_mixin.py:188} INFO - [2026-08-02T19:00:40.394+0000] {dag.py:3089} INFO - Sync 2 DAGs
[2026-08-02T19:00:40.404+0000] {logging_mixin.py:188} INFO - [2026-08-02T19:00:40.404+0000] {dag.py:3947} INFO - Setting next_dagrun for example_xcom_args to None, run_after=None
[2026-08-02T19:00:40.408+0000] {logging_mixin.py:188} INFO - [2026-08-02T19:00:40.407+0000] {dag.py:3947} INFO - Setting next_dagrun for example_xcom_args_with_operators to None, run_after=None
[2026-08-02T19:00:40.425+0000] {processor.py:183} INFO - Processing /home/airflow/.local/lib/python3.12/site-packages/airflow/example_dags/example_xcomargs.py took 0.148 seconds
[2026-08-02T19:01:10.787+0000] {processor.py:161} INFO - Started process (PID=197) to work on /home/airflow/.local/lib/python3.12/site-packages/airflow/example_dags/example_xcomargs.py
[2026-08-02T19:01:10.789+0000] {processor.py:830} INFO - Processing file /home/airflow/.local/lib/python3.12/site-packages/airflow/example_dags/example_xcomargs.py for tasks to queue
[2026-08-02T19:01:10.791+0000] {logging_mixin.py:188} INFO - [2026-08-02T19:01:10.791+0000] {dagbag.py:545} INFO - Filling up the DagBag from /home/airflow/.local/lib/python3.12/site-packages/airflow/example_dags/example_xcomargs.py
[2026-08-02T19:01:10.800+0000] {processor.py:840} INFO - DAG(s) 'example_xcom_args', 'example_xcom_args_with_operators' retrieved from /home/airflow/.local/lib/python3.12/site-packages/airflow/example_dags/example_xcomargs.py
[2026-08-02T19:01:10.823+0000] {logging_mixin.py:188} INFO - [2026-08-02T19:01:10.823+0000] {dag.py:3089} INFO - Sync 2 DAGs
[2026-08-02T19:01:10.835+0000] {logging_mixin.py:188} INFO - [2026-08-02T19:01:10.835+0000] {dag.py:3947} INFO - Setting next_dagrun for example_xcom_args to None, run_after=None
[2026-08-02T19:01:10.840+0000] {logging_mixin.py:188} INFO - [2026-08-02T19:01:10.839+0000] {dag.py:3947} INFO - Setting next_dagrun for example_xcom_args_with_operators to None, run_after=None
[2026-08-02T19:01:10.856+0000] {processor.py:183} INFO - Processing /home/airflow/.local/lib/python3.12/site-packages/airflow/example_dags/example_xcomargs.py took 0.078 seconds
[2026-08-02T19:01:41.292+0000] {processor.py:161} INFO - Started process (PID=257) to work on /home/airflow/.local/lib/python3.12/site-packages/airflow/example_dags/example_xcomargs.py
[2026-08-02T19:01:41.295+0000] {processor.py:830} INFO - Processing file /home/airflow/.local/lib/python3.12/site-packages/airflow/example_dags/example_xcomargs.py for tasks to queue
[2026-08-02T19:01:41.298+0000] {logging_mixin.py:188} INFO - [2026-08-02T19:01:41.298+0000] {dagbag.py:545} INFO - Filling up the DagBag from /home/airflow/.local/lib/python3.12/site-packages/airflow/example_dags/example_xcomargs.py
[2026-08-02T19:01:41.311+0000] {processor.py:840} INFO - DAG(s) 'example_xcom_args_with_operators', 'example_xcom_args' retrieved from /home/airflow/.local/lib/python3.12/site-packages/airflow/example_dags/example_xcomargs.py
[2026-08-02T19:01:41.340+0000] {logging_mixin.py:188} INFO - [2026-08-02T19:01:41.339+0000] {dag.py:3089} INFO - Sync 2 DAGs
[2026-08-02T19:01:41.353+0000] {logging_mixin.py:188} INFO - [2026-08-02T19:01:41.353+0000] {dag.py:3947} INFO - Setting next_dagrun for example_xcom_args to None, run_after=None
[2026-08-02T19:01:41.357+0000] {logging_mixin.py:188} INFO - [2026-08-02T19:01:41.357+0000] {dag.py:3947} INFO - Setting next_dagrun for example_xcom_args_with_operators to None, run_after=None
[2026-08-02T19:01:41.374+0000] {processor.py:183} INFO - Processing /home/airflow/.local/lib/python3.12/site-packages/airflow/example_dags/example_xcomargs.py took 0.091 seconds
[2026-08-02T19:02:11.418+0000] {processor.py:161} INFO - Started process (PID=316) to work on /home/airflow/.local/lib/python3.12/site-packages/airflow/example_dags/example_xcomargs.py
[2026-08-02T19:02:11.420+0000] {processor.py:830} INFO - Processing file /home/airflow/.local/lib/python3.12/site-packages/airflow/example_dags/example_xcomargs.py for tasks to queue
[2026-08-02T19:02:11.422+0000] {logging_mixin.py:188} INFO - [2026-08-02T19:02:11.421+0000] {dagbag.py:545} INFO - Filling up the DagBag from /home/airflow/.local/lib/python3.12/site-packages/airflow/example_dags/example_xcomargs.py
[2026-08-02T19:02:11.432+0000] {processor.py:840} INFO - DAG(s) 'example_xcom_args', 'example_xcom_args_with_operators' retrieved from /home/airflow/.local/lib/python3.12/site-packages/airflow/example_dags/example_xcomargs.py
[2026-08-02T19:02:11.456+0000] {logging_mixin.py:188} INFO - [2026-08-02T19:02:11.456+0000] {dag.py:3089} INFO - Sync 2 DAGs
[2026-08-02T19:02:11.471+0000] {logging_mixin.py:188} INFO - [2026-08-02T19:02:11.470+0000] {dag.py:3947} INFO - Setting next_dagrun for example_xcom_args to None, run_after=None
[2026-08-02T19:02:11.474+0000] {logging_mixin.py:188} INFO - [2026-08-02T19:02:11.474+0000] {dag.py:3947} INFO - Setting next_dagrun for example_xcom_args_with_operators to None, run_after=None
[2026-08-02T19:02:11.490+0000] {processor.py:183} INFO - Processing /home/airflow/.local/lib/python3.12/site-packages/airflow/example_dags/example_xcomargs.py took 0.078 seconds
[2026-08-02T19:02:41.547+0000] {processor.py:161} INFO - Started process (PID=375) to work on /home/airflow/.local/lib/python3.12/site-packages/airflow/example_dags/example_xcomargs.py
[2026-08-02T19:02:41.548+0000] {processor.py:830} INFO - Processing file /home/airflow/.local/lib/python3.12/site-packages/airflow/example_dags/example_xcomargs.py for tasks to queue
[2026-08-02T19:02:41.551+0000] {logging_mixin.py:188} INFO - [2026-08-02T19:02:41.550+0000] {dagbag.py:545} INFO - Filling up the DagBag from /home/airflow/.local/lib/python3.12/site-packages/airflow/example_dags/example_xcomargs.py
[2026-08-02T19:02:41.559+0000] {processor.py:840} INFO - DAG(s) 'example_xcom_args', 'example_xcom_args_with_operators' retrieved from /home/airflow/.local/lib/python3.12/site-packages/airflow/example_dags/example_xcomargs.py
[2026-08-02T19:02:41.580+0000] {logging_mixin.py:188} INFO - [2026-08-02T19:02:41.580+0000] {dag.py:3089} INFO - Sync 2 DAGs
[2026-08-02T19:02:41.592+0000] {logging_mixin.py:188} INFO - [2026-08-02T19:02:41.592+0000] {dag.py:3947} INFO - Setting next_dagrun for example_xcom_args to None, run_after=None
[2026-08-02T19:02:41.596+0000] {logging_mixin.py:188} INFO - [2026-08-02T19:02:41.596+0000] {dag.py:3947} INFO - Setting next_dagrun for example_xcom_args_with_operators to None, run_after=None
[2026-08-02T19:02:41.611+0000] {processor.py:183} INFO - Processing /home/airflow/.local/lib/python3.12/site-packages/airflow/example_dags/example_xcomargs.py took 0.071 seconds
[2026-08-02T19:03:11.979+0000] {processor.py:161} INFO - Started process (PID=434) to work on /home/airflow/.local/lib/python3.12/site-packages/airflow/example_dags/example_xcomargs.py
[2026-08-02T19:03:11.981+0000] {processor.py:830} INFO - Processing file /home/airflow/.local/lib/python3.12/site-packages/airflow/example_dags/example_xcomargs.py for tasks to queue
[2026-08-02T19:03:11.983+0000] {logging_mixin.py:188} INFO - [2026-08-02T19:03:11.983+0000] {dagbag.py:545} INFO - Filling up the DagBag from /home/airflow/.local/lib/python3.12/site-packages/airflow/example_dags/example_xcomargs.py
[2026-08-02T19:03:11.992+0000] {processor.py:840} INFO - DAG(s) 'example_xcom_args', 'example_xcom_args_with_operators' retrieved from /home/airflow/.local/lib/python3.12/site-packages/airflow/example_dags/example_xcomargs.py
[2026-08-02T19:03:12.016+0000] {logging_mixin.py:188} INFO - [2026-08-02T19:03:12.016+0000] {dag.py:3089} INFO - Sync 2 DAGs
[2026-08-02T19:03:12.028+0000] {logging_mixin.py:188} INFO - [2026-08-02T19:03:12.028+0000] {dag.py:3947} INFO - Setting next_dagrun for example_xcom_args to None, run_after=None
[2026-08-02T19:03:12.032+0000] {logging_mixin.py:188} INFO - [2026-08-02T19:03:12.032+0000] {dag.py:3947} INFO - Setting next_dagrun for example_xcom_args_with_operators to None, run_after=None
[2026-08-02T19:03:12.049+0000] {processor.py:183} INFO - Processing /home/airflow/.local/lib/python3.12/site-packages/airflow/example_dags/example_xcomargs.py took 0.076 seconds
[2026-08-02T19:03:42.592+0000] {processor.py:161} INFO - Started process (PID=493) to work on /home/airflow/.local/lib/python3.12/site-packages/airflow/example_dags/example_xcomargs.py
[2026-08-02T19:03:42.594+0000] {processor.py:830} INFO - Processing file /home/airflow/.local/lib/python3.12/site-packages/airflow/example_dags/example_xcomargs.py for tasks to queue
[2026-08-02T19:03:42.597+0000] {logging_mixin.py:188} INFO - [2026-08-02T19:03:42.596+0000] {dagbag.py:545} INFO - Filling up the DagBag from /home/airflow/.local/lib/python3.12/site-packages/airflow/example_dags/example_xcomargs.py
[2026-08-02T19:03:42.613+0000] {processor.py:840} INFO - DAG(s) 'example_xcom_args', 'example_xcom_args_with_operators' retrieved from /home/airflow/.local/lib/python3.12/site-packages/airflow/example_dags/example_xcomargs.py
[2026-08-02T19:03:42.649+0000] {logging_mixin.py:188} INFO - [2026-08-02T19:03:42.648+0000] {dag.py:3089} INFO - Sync 2 DAGs
[2026-08-02T19:03:42.665+0000] {logging_mixin.py:188} INFO - [2026-08-02T19:03:42.664+0000] {dag.py:3947} INFO - Setting next_dagrun for example_xcom_args to None, run_after=None
[2026-08-02T19:03:42.669+0000] {logging_mixin.py:188} INFO - [2026-08-02T19:03:42.668+0000] {dag.py:3947} INFO - Setting next_dagrun for example_xcom_args_with_operators to None, run_after=None
[2026-08-02T19:03:42.693+0000] {processor.py:183} INFO - Processing /home/airflow/.local/lib/python3.12/site-packages/airflow/example_dags/example_xcomargs.py took 0.112 seconds
[2026-08-02T19:04:12.924+0000] {processor.py:161} INFO - Started process (PID=552) to work on /home/airflow/.local/lib/python3.12/site-packages/airflow/example_dags/example_xcomargs.py
[2026-08-02T19:04:12.926+0000] {processor.py:830} INFO - Processing file /home/airflow/.local/lib/python3.12/site-packages/airflow/example_dags/example_xcomargs.py for tasks to queue
[2026-08-02T19:04:12.928+0000] {logging_mixin.py:188} INFO - [2026-08-02T19:04:12.928+0000] {dagbag.py:545} INFO - Filling up the DagBag from /home/airflow/.local/lib/python3.12/site-packages/airflow/example_dags/example_xcomargs.py
[2026-08-02T19:04:12.937+0000] {processor.py:840} INFO - DAG(s) 'example_xcom_args', 'example_xcom_args_with_operators' retrieved from /home/airflow/.local/lib/python3.12/site-packages/airflow/example_dags/example_xcomargs.py
[2026-08-02T19:04:12.961+0000] {logging_mixin.py:188} INFO - [2026-08-02T19:04:12.961+0000] {dag.py:3089} INFO - Sync 2 DAGs
[2026-08-02T19:04:12.974+0000] {logging_mixin.py:188} INFO - [2026-08-02T19:04:12.974+0000] {dag.py:3947} INFO - Setting next_dagrun for example_xcom_args to None, run_after=None
[2026-08-02T19:04:12.978+0000] {logging_mixin.py:188} INFO - [2026-08-02T19:04:12.978+0000] {dag.py:3947} INFO - Setting next_dagrun for example_xcom_args_with_operators to None, run_after=None
[2026-08-02T19:04:12.997+0000] {processor.py:183} INFO - Processing /home/airflow/.local/lib/python3.12/site-packages/airflow/example_dags/example_xcomargs.py took 0.079 seconds
[2026-08-02T19:04:43.629+0000] {processor.py:161} INFO - Started process (PID=611) to work on /home/airflow/.local/lib/python3.12/site-packages/airflow/example_dags/example_xcomargs.py
[2026-08-02T19:04:43.630+0000] {processor.py:830} INFO - Processing file /home/airflow/.local/lib/python3.12/site-packages/airflow/example_dags/example_xcomargs.py for tasks to queue
[2026-08-02T19:04:43.634+0000] {logging_mixin.py:188} INFO - [2026-08-02T19:04:43.633+0000] {dagbag.py:545} INFO - Filling up the DagBag from /home/airflow/.local/lib/python3.12/site-packages/airflow/example_dags/example_xcomargs.py
[2026-08-02T19:04:43.642+0000] {processor.py:840} INFO - DAG(s) 'example_xcom_args', 'example_xcom_args_with_operators' retrieved from /home/airflow/.local/lib/python3.12/site-packages/airflow/example_dags/example_xcomargs.py
[2026-08-02T19:04:43.669+0000] {logging_mixin.py:188} INFO - [2026-08-02T19:04:43.669+0000] {dag.py:3089} INFO - Sync 2 DAGs
[2026-08-02T19:04:43.681+0000] {logging_mixin.py:188} INFO - [2026-08-02T19:04:43.681+0000] {dag.py:3947} INFO - Setting next_dagrun for example_xcom_args to None, run_after=None
[2026-08-02T19:04:43.686+0000] {logging_mixin.py:188} INFO - [2026-08-02T19:04:43.685+0000] {dag.py:3947} INFO - Setting next_dagrun for example_xcom_args_with_operators to None, run_after=None
[2026-08-02T19:04:43.703+0000] {processor.py:183} INFO - Processing /home/airflow/.local/lib/python3.12/site-packages/airflow/example_dags/example_xcomargs.py took 0.080 seconds
[2026-08-02T19:05:13.778+0000] {processor.py:161} INFO - Started process (PID=670) to work on /home/airflow/.local/lib/python3.12/site-packages/airflow/example_dags/example_xcomargs.py
[2026-08-02T19:05:13.780+0000] {processor.py:830} INFO - Processing file /home/airflow/.local/lib/python3.12/site-packages/airflow/example_dags/example_xcomargs.py for tasks to queue
[2026-08-02T19:05:13.783+0000] {logging_mixin.py:188} INFO - [2026-08-02T19:05:13.782+0000] {dagbag.py:545} INFO - Filling up the DagBag from /home/airflow/.local/lib/python3.12/site-packages/airflow/example_dags/example_xcomargs.py
[2026-08-02T19:05:13.791+0000] {processor.py:840} INFO - DAG(s) 'example_xcom_args', 'example_xcom_args_with_operators' retrieved from /home/airflow/.local/lib/python3.12/site-packages/airflow/example_dags/example_xcomargs.py
[2026-08-02T19:05:13.815+0000] {logging_mixin.py:188} INFO - [2026-08-02T19:05:13.815+0000] {dag.py:3089} INFO - Sync 2 DAGs
[2026-08-02T19:05:13.827+0000] {logging_mixin.py:188} INFO - [2026-08-02T19:05:13.827+0000] {dag.py:3947} INFO - Setting next_dagrun for example_xcom_args to None, run_after=None
[2026-08-02T19:05:13.831+0000] {logging_mixin.py:188} INFO - [2026-08-02T19:05:13.831+0000] {dag.py:3947} INFO - Setting next_dagrun for example_xcom_args_with_operators to None, run_after=None
[2026-08-02T19:05:13.850+0000] {processor.py:183} INFO - Processing /home/airflow/.local/lib/python3.12/site-packages/airflow/example_dags/example_xcomargs.py took 0.080 seconds
[2026-08-02T19:05:44.719+0000] {processor.py:161} INFO - Started process (PID=729) to work on /home/airflow/.local/lib/python3.12/site-packages/airflow/example_dags/example_xcomargs.py
[2026-08-02T19:05:44.721+0000] {processor.py:830} INFO - Processing file /home/airflow/.local/lib/python3.12/site-packages/airflow/example_dags/example_xcomargs.py for tasks to queue
[2026-08-02T19:05:44.723+0000] {logging_mixin.py:188} INFO - [2026-08-02T19:05:44.723+0000] {dagbag.py:545} INFO - Filling up the DagBag from /home/airflow/.local/lib/python3.12/site-packages/airflow/example_dags/example_xcomargs.py
[2026-08-02T19:05:44.734+0000] {processor.py:840} INFO - DAG(s) 'example_xcom_args', 'example_xcom_args_with_operators' retrieved from /home/airflow/.local/lib/python3.12/site-packages/airflow/example_dags/example_xcomargs.py
[2026-08-02T19:05:44.757+0000] {logging_mixin.py:188} INFO - [2026-08-02T19:05:44.757+0000] {dag.py:3089} INFO - Sync 2 DAGs
[2026-08-02T19:05:44.780+0000] {logging_mixin.py:188} INFO - [2026-08-02T19:05:44.779+0000] {dag.py:3947} INFO - Setting next_dagrun for example_xcom_args to None, run_after=None
[2026-08-02T19:05:44.791+0000] {logging_mixin.py:188} INFO - [2026-08-02T19:05:44.791+0000] {dag.py:3947} INFO - Setting next_dagrun for example_xcom_args_with_operators to None, run_after=None
[2026-08-02T19:05:44.835+0000] {processor.py:183} INFO - Processing /home/airflow/.local/lib/python3.12/site-packages/airflow/example_dags/example_xcomargs.py took 0.124 seconds
[2026-08-02T19:06:15.253+0000] {processor.py:161} INFO - Started process (PID=788) to work on /home/airflow/.local/lib/python3.12/site-packages/airflow/example_dags/example_xcomargs.py
[2026-08-02T19:06:15.256+0000] {processor.py:830} INFO - Processing file /home/airflow/.local/lib/python3.12/site-packages/airflow/example_dags/example_xcomargs.py for tasks to queue
[2026-08-02T19:06:15.260+0000] {logging_mixin.py:188} INFO - [2026-08-02T19:06:15.259+0000] {dagbag.py:545} INFO - Filling up the DagBag from /home/airflow/.local/lib/python3.12/site-packages/airflow/example_dags/example_xcomargs.py
[2026-08-02T19:06:15.276+0000] {processor.py:840} INFO - DAG(s) 'example_xcom_args_with_operators', 'example_xcom_args' retrieved from /home/airflow/.local/lib/python3.12/site-packages/airflow/example_dags/example_xcomargs.py
[2026-08-02T19:06:15.309+0000] {logging_mixin.py:188} INFO - [2026-08-02T19:06:15.308+0000] {dag.py:3089} INFO - Sync 2 DAGs
[2026-08-02T19:06:15.328+0000] {logging_mixin.py:188} INFO - [2026-08-02T19:06:15.327+0000] {dag.py:3947} INFO - Setting next_dagrun for example_xcom_args to None, run_after=None
[2026-08-02T19:06:15.334+0000] {logging_mixin.py:188} INFO - [2026-08-02T19:06:15.333+0000] {dag.py:3947} INFO - Setting next_dagrun for example_xcom_args_with_operators to None, run_after=None
[2026-08-02T19:06:15.357+0000] {processor.py:183} INFO - Processing /home/airflow/.local/lib/python3.12/site-packages/airflow/example_dags/example_xcomargs.py took 0.116 seconds
[2026-08-02T19:06:45.997+0000] {processor.py:161} INFO - Started process (PID=847) to work on /home/airflow/.local/lib/python3.12/site-packages/airflow/example_dags/example_xcomargs.py
[2026-08-02T19:06:45.999+0000] {processor.py:830} INFO - Processing file /home/airflow/.local/lib/python3.12/site-packages/airflow/example_dags/example_xcomargs.py for tasks to queue
[2026-08-02T19:06:46.002+0000] {logging_mixin.py:188} INFO - [2026-08-02T19:06:46.002+0000] {dagbag.py:545} INFO - Filling up the DagBag from /home/airflow/.local/lib/python3.12/site-packages/airflow/example_dags/example_xcomargs.py
[2026-08-02T19:06:46.012+0000] {processor.py:840} INFO - DAG(s) 'example_xcom_args', 'example_xcom_args_with_operators' retrieved from /home/airflow/.local/lib/python3.12/site-packages/airflow/example_dags/example_xcomargs.py
[2026-08-02T19:06:46.036+0000] {logging_mixin.py:188} INFO - [2026-08-02T19:06:46.036+0000] {dag.py:3089} INFO - Sync 2 DAGs
[2026-08-02T19:06:46.048+0000] {logging_mixin.py:188} INFO - [2026-08-02T19:06:46.048+0000] {dag.py:3947} INFO - Setting next_dagrun for example_xcom_args to None, run_after=None
[2026-08-02T19:06:46.052+0000] {logging_mixin.py:188} INFO - [2026-08-02T19:06:46.052+0000] {dag.py:3947} INFO - Setting next_dagrun for example_xcom_args_with_operators to None, run_after=None
[2026-08-02T19:06:46.069+0000] {processor.py:183} INFO - Processing /home/airflow/.local/lib/python3.12/site-packages/airflow/example_dags/example_xcomargs.py took 0.082 seconds
[2026-08-02T19:07:16.687+0000] {processor.py:161} INFO - Started process (PID=906) to work on /home/airflow/.local/lib/python3.12/site-packages/airflow/example_dags/example_xcomargs.py
[2026-08-02T19:07:16.688+0000] {processor.py:830} INFO - Processing file /home/airflow/.local/lib/python3.12/site-packages/airflow/example_dags/example_xcomargs.py for tasks to queue
[2026-08-02T19:07:16.690+0000] {logging_mixin.py:188} INFO - [2026-08-02T19:07:16.690+0000] {dagbag.py:545} INFO - Filling up the DagBag from /home/airflow/.local/lib/python3.12/site-packages/airflow/example_dags/example_xcomargs.py
[2026-08-02T19:07:16.698+0000] {processor.py:840} INFO - DAG(s) 'example_xcom_args_with_operators', 'example_xcom_args' retrieved from /home/airflow/.local/lib/python3.12/site-packages/airflow/example_dags/example_xcomargs.py
[2026-08-02T19:07:16.722+0000] {logging_mixin.py:188} INFO - [2026-08-02T19:07:16.721+0000] {dag.py:3089} INFO - Sync 2 DAGs
[2026-08-02T19:07:16.735+0000] {logging_mixin.py:188} INFO - [2026-08-02T19:07:16.735+0000] {dag.py:3947} INFO - Setting next_dagrun for example_xcom_args to None, run_after=None
[2026-08-02T19:07:16.740+0000] {logging_mixin.py:188} INFO - [2026-08-02T19:07:16.740+0000] {dag.py:3947} INFO - Setting next_dagrun for example_xcom_args_with_operators to None, run_after=None
[2026-08-02T19:07:16.759+0000] {processor.py:183} INFO - Processing /home/airflow/.local/lib/python3.12/site-packages/airflow/example_dags/example_xcomargs.py took 0.077 seconds
[2026-08-02T19:07:47.215+0000] {processor.py:161} INFO - Started process (PID=966) to work on /home/airflow/.local/lib/python3.12/site-packages/airflow/example_dags/example_xcomargs.py
[2026-08-02T19:07:47.217+0000] {processor.py:830} INFO - Processing file /home/airflow/.local/lib/python3.12/site-packages/airflow/example_dags/example_xcomargs.py for tasks to queue
[2026-08-02T19:07:47.219+0000] {logging_mixin.py:188} INFO - [2026-08-02T19:07:47.218+0000] {dagbag.py:545} INFO - Filling up the DagBag from /home/airflow/.local/lib/python3.12/site-packages/airflow/example_dags/example_xcomargs.py
[2026-08-02T19:07:47.226+0000] {processor.py:840} INFO - DAG(s) 'example_xcom_args', 'example_xcom_args_with_operators' retrieved from /home/airflow/.local/lib/python3.12/site-packages/airflow/example_dags/example_xcomargs.py
[2026-08-02T19:07:47.248+0000] {logging_mixin.py:188} INFO - [2026-08-02T19:07:47.248+0000] {dag.py:3089} INFO - Sync 2 DAGs
[2026-08-02T19:07:47.261+0000] {logging_mixin.py:188} INFO - [2026-08-02T19:07:47.261+0000] {dag.py:3947} INFO - Setting next_dagrun for example_xcom_args to None, run_after=None
[2026-08-02T19:07:47.266+0000] {logging_mixin.py:188} INFO - [2026-08-02T19:07:47.265+0000] {dag.py:3947} INFO - Setting next_dagrun for example_xcom_args_with_operators to None, run_after=None
[2026-08-02T19:07:47.284+0000] {processor.py:183} INFO - Processing /home/airflow/.local/lib/python3.12/site-packages/airflow/example_dags/example_xcomargs.py took 0.074 seconds
[2026-08-02T19:08:17.551+0000] {processor.py:161} INFO - Started process (PID=1025) to work on /home/airflow/.local/lib/python3.12/site-packages/airflow/example_dags/example_xcomargs.py
[2026-08-02T19:08:17.554+0000] {processor.py:830} INFO - Processing file /home/airflow/.local/lib/python3.12/site-packages/airflow/example_dags/example_xcomargs.py for tasks to queue
[2026-08-02T19:08:17.557+0000] {logging_mixin.py:188} INFO - [2026-08-02T19:08:17.556+0000] {dagbag.py:545} INFO - Filling up the DagBag from /home/airflow/.local/lib/python3.12/site-packages/airflow/example_dags/example_xcomargs.py
[2026-08-02T19:08:17.566+0000] {processor.py:840} INFO - DAG(s) 'example_xcom_args_with_operators', 'example_xcom_args' retrieved from /home/airflow/.local/lib/python3.12/site-packages/airflow/example_dags/example_xcomargs.py
[2026-08-02T19:08:17.592+0000] {logging_mixin.py:188} INFO - [2026-08-02T19:08:17.592+0000] {dag.py:3089} INFO - Sync 2 DAGs
[2026-08-02T19:08:17.605+0000] {logging_mixin.py:188} INFO - [2026-08-02T19:08:17.604+0000] {dag.py:3947} INFO - Setting next_dagrun for example_xcom_args to None, run_after=None
[2026-08-02T19:08:17.609+0000] {logging_mixin.py:188} INFO - [2026-08-02T19:08:17.609+0000] {dag.py:3947} INFO - Setting next_dagrun for example_xcom_args_with_operators to None, run_after=None
[2026-08-02T19:08:17.627+0000] {processor.py:183} INFO - Processing /home/airflow/.local/lib/python3.12/site-packages/airflow/example_dags/example_xcomargs.py took 0.082 seconds
[2026-08-02T19:09:49.926+0000] {processor.py:161} INFO - Started process (PID=115) to work on /home/airflow/.local/lib/python3.12/site-packages/airflow/example_dags/example_xcomargs.py
[2026-08-02T19:09:49.928+0000] {processor.py:830} INFO - Processing file /home/airflow/.local/lib/python3.12/site-packages/airflow/example_dags/example_xcomargs.py for tasks to queue
[2026-08-02T19:09:49.930+0000] {logging_mixin.py:188} INFO - [2026-08-02T19:09:49.930+0000] {dagbag.py:545} INFO - Filling up the DagBag from /home/airflow/.local/lib/python3.12/site-packages/airflow/example_dags/example_xcomargs.py
[2026-08-02T19:09:49.945+0000] {processor.py:840} INFO - DAG(s) 'example_xcom_args_with_operators', 'example_xcom_args' retrieved from /home/airflow/.local/lib/python3.12/site-packages/airflow/example_dags/example_xcomargs.py
[2026-08-02T19:09:50.082+0000] {logging_mixin.py:188} INFO - [2026-08-02T19:09:50.082+0000] {dag.py:3089} INFO - Sync 2 DAGs
[2026-08-02T19:09:50.095+0000] {logging_mixin.py:188} INFO - [2026-08-02T19:09:50.095+0000] {dag.py:3947} INFO - Setting next_dagrun for example_xcom_args to None, run_after=None
[2026-08-02T19:09:50.100+0000] {logging_mixin.py:188} INFO - [2026-08-02T19:09:50.100+0000] {dag.py:3947} INFO - Setting next_dagrun for example_xcom_args_with_operators to None, run_after=None
[2026-08-02T19:09:50.161+0000] {processor.py:183} INFO - Processing /home/airflow/.local/lib/python3.12/site-packages/airflow/example_dags/example_xcomargs.py took 0.242 seconds
[2026-08-02T19:10:20.985+0000] {processor.py:161} INFO - Started process (PID=174) to work on /home/airflow/.local/lib/python3.12/site-packages/airflow/example_dags/example_xcomargs.py
[2026-08-02T19:10:20.987+0000] {processor.py:830} INFO - Processing file /home/airflow/.local/lib/python3.12/site-packages/airflow/example_dags/example_xcomargs.py for tasks to queue
[2026-08-02T19:10:20.989+0000] {logging_mixin.py:188} INFO - [2026-08-02T19:10:20.989+0000] {dagbag.py:545} INFO - Filling up the DagBag from /home/airflow/.local/lib/python3.12/site-packages/airflow/example_dags/example_xcomargs.py
[2026-08-02T19:10:20.997+0000] {processor.py:840} INFO - DAG(s) 'example_xcom_args', 'example_xcom_args_with_operators' retrieved from /home/airflow/.local/lib/python3.12/site-packages/airflow/example_dags/example_xcomargs.py
[2026-08-02T19:10:21.022+0000] {logging_mixin.py:188} INFO - [2026-08-02T19:10:21.022+0000] {dag.py:3089} INFO - Sync 2 DAGs
[2026-08-02T19:10:21.035+0000] {logging_mixin.py:188} INFO - [2026-08-02T19:10:21.035+0000] {dag.py:3947} INFO - Setting next_dagrun for example_xcom_args to None, run_after=None
[2026-08-02T19:10:21.039+0000] {logging_mixin.py:188} INFO - [2026-08-02T19:10:21.039+0000] {dag.py:3947} INFO - Setting next_dagrun for example_xcom_args_with_operators to None, run_after=None
[2026-08-02T19:10:21.059+0000] {processor.py:183} INFO - Processing /home/airflow/.local/lib/python3.12/site-packages/airflow/example_dags/example_xcomargs.py took 0.078 seconds
[2026-08-02T19:10:51.507+0000] {processor.py:161} INFO - Started process (PID=233) to work on /home/airflow/.local/lib/python3.12/site-packages/airflow/example_dags/example_xcomargs.py
[2026-08-02T19:10:51.509+0000] {processor.py:830} INFO - Processing file /home/airflow/.local/lib/python3.12/site-packages/airflow/example_dags/example_xcomargs.py for tasks to queue
[2026-08-02T19:10:51.512+0000] {logging_mixin.py:188} INFO - [2026-08-02T19:10:51.511+0000] {dagbag.py:545} INFO - Filling up the DagBag from /home/airflow/.local/lib/python3.12/site-packages/airflow/example_dags/example_xcomargs.py
[2026-08-02T19:10:51.521+0000] {processor.py:840} INFO - DAG(s) 'example_xcom_args_with_operators', 'example_xcom_args' retrieved from /home/airflow/.local/lib/python3.12/site-packages/airflow/example_dags/example_xcomargs.py
[2026-08-02T19:10:51.550+0000] {logging_mixin.py:188} INFO - [2026-08-02T19:10:51.550+0000] {dag.py:3089} INFO - Sync 2 DAGs
[2026-08-02T19:10:51.565+0000] {logging_mixin.py:188} INFO - [2026-08-02T19:10:51.565+0000] {dag.py:3947} INFO - Setting next_dagrun for example_xcom_args to None, run_after=None
[2026-08-02T19:10:51.570+0000] {logging_mixin.py:188} INFO - [2026-08-02T19:10:51.570+0000] {dag.py:3947} INFO - Setting next_dagrun for example_xcom_args_with_operators to None, run_after=None
[2026-08-02T19:10:51.589+0000] {processor.py:183} INFO - Processing /home/airflow/.local/lib/python3.12/site-packages/airflow/example_dags/example_xcomargs.py took 0.089 seconds
[2026-08-02T19:11:22.446+0000] {processor.py:161} INFO - Started process (PID=292) to work on /home/airflow/.local/lib/python3.12/site-packages/airflow/example_dags/example_xcomargs.py
[2026-08-02T19:11:22.449+0000] {processor.py:830} INFO - Processing file /home/airflow/.local/lib/python3.12/site-packages/airflow/example_dags/example_xcomargs.py for tasks to queue
[2026-08-02T19:11:22.454+0000] {logging_mixin.py:188} INFO - [2026-08-02T19:11:22.454+0000] {dagbag.py:545} INFO - Filling up the DagBag from /home/airflow/.local/lib/python3.12/site-packages/airflow/example_dags/example_xcomargs.py
[2026-08-02T19:11:22.469+0000] {processor.py:840} INFO - DAG(s) 'example_xcom_args_with_operators', 'example_xcom_args' retrieved from /home/airflow/.local/lib/python3.12/site-packages/airflow/example_dags/example_xcomargs.py
[2026-08-02T19:11:22.506+0000] {logging_mixin.py:188} INFO - [2026-08-02T19:11:22.505+0000] {dag.py:3089} INFO - Sync 2 DAGs
[2026-08-02T19:11:22.520+0000] {logging_mixin.py:188} INFO - [2026-08-02T19:11:22.519+0000] {dag.py:3947} INFO - Setting next_dagrun for example_xcom_args to None, run_after=None
[2026-08-02T19:11:22.524+0000] {logging_mixin.py:188} INFO - [2026-08-02T19:11:22.524+0000] {dag.py:3947} INFO - Setting next_dagrun for example_xcom_args_with_operators to None, run_after=None
[2026-08-02T19:11:22.540+0000] {processor.py:183} INFO - Processing /home/airflow/.local/lib/python3.12/site-packages/airflow/example_dags/example_xcomargs.py took 0.105 seconds
[2026-08-02T19:11:53.129+0000] {processor.py:161} INFO - Started process (PID=351) to work on /home/airflow/.local/lib/python3.12/site-packages/airflow/example_dags/example_xcomargs.py
[2026-08-02T19:11:53.131+0000] {processor.py:830} INFO - Processing file /home/airflow/.local/lib/python3.12/site-packages/airflow/example_dags/example_xcomargs.py for tasks to queue
[2026-08-02T19:11:53.134+0000] {logging_mixin.py:188} INFO - [2026-08-02T19:11:53.133+0000] {dagbag.py:545} INFO - Filling up the DagBag from /home/airflow/.local/lib/python3.12/site-packages/airflow/example_dags/example_xcomargs.py
[2026-08-02T19:11:53.144+0000] {processor.py:840} INFO - DAG(s) 'example_xcom_args_with_operators', 'example_xcom_args' retrieved from /home/airflow/.local/lib/python3.12/site-packages/airflow/example_dags/example_xcomargs.py
[2026-08-02T19:11:53.172+0000] {logging_mixin.py:188} INFO - [2026-08-02T19:11:53.171+0000] {dag.py:3089} INFO - Sync 2 DAGs
[2026-08-02T19:11:53.186+0000] {logging_mixin.py:188} INFO - [2026-08-02T19:11:53.186+0000] {dag.py:3947} INFO - Setting next_dagrun for example_xcom_args to None, run_after=None
[2026-08-02T19:11:53.190+0000] {logging_mixin.py:188} INFO - [2026-08-02T19:11:53.190+0000] {dag.py:3947} INFO - Setting next_dagrun for example_xcom_args_with_operators to None, run_after=None
[2026-08-02T19:11:53.210+0000] {processor.py:183} INFO - Processing /home/airflow/.local/lib/python3.12/site-packages/airflow/example_dags/example_xcomargs.py took 0.087 seconds
[2026-08-02T19:12:23.817+0000] {processor.py:161} INFO - Started process (PID=410) to work on /home/airflow/.local/lib/python3.12/site-packages/airflow/example_dags/example_xcomargs.py
[2026-08-02T19:12:23.819+0000] {processor.py:830} INFO - Processing file /home/airflow/.local/lib/python3.12/site-packages/airflow/example_dags/example_xcomargs.py for tasks to queue
[2026-08-02T19:12:23.821+0000] {logging_mixin.py:188} INFO - [2026-08-02T19:12:23.821+0000] {dagbag.py:545} INFO - Filling up the DagBag from /home/airflow/.local/lib/python3.12/site-packages/airflow/example_dags/example_xcomargs.py
[2026-08-02T19:12:23.831+0000] {processor.py:840} INFO - DAG(s) 'example_xcom_args_with_operators', 'example_xcom_args' retrieved from /home/airflow/.local/lib/python3.12/site-packages/airflow/example_dags/example_xcomargs.py
[2026-08-02T19:12:23.856+0000] {logging_mixin.py:188} INFO - [2026-08-02T19:12:23.856+0000] {dag.py:3089} INFO - Sync 2 DAGs
[2026-08-02T19:12:23.869+0000] {logging_mixin.py:188} INFO - [2026-08-02T19:12:23.869+0000] {dag.py:3947} INFO - Setting next_dagrun for example_xcom_args to None, run_after=None
[2026-08-02T19:12:23.873+0000] {logging_mixin.py:188} INFO - [2026-08-02T19:12:23.873+0000] {dag.py:3947} INFO - Setting next_dagrun for example_xcom_args_with_operators to None, run_after=None
[2026-08-02T19:12:23.890+0000] {processor.py:183} INFO - Processing /home/airflow/.local/lib/python3.12/site-packages/airflow/example_dags/example_xcomargs.py took 0.079 seconds
[2026-08-02T19:12:54.093+0000] {processor.py:161} INFO - Started process (PID=469) to work on /home/airflow/.local/lib/python3.12/site-packages/airflow/example_dags/example_xcomargs.py
[2026-08-02T19:12:54.095+0000] {processor.py:830} INFO - Processing file /home/airflow/.local/lib/python3.12/site-packages/airflow/example_dags/example_xcomargs.py for tasks to queue
[2026-08-02T19:12:54.098+0000] {logging_mixin.py:188} INFO - [2026-08-02T19:12:54.098+0000] {dagbag.py:545} INFO - Filling up the DagBag from /home/airflow/.local/lib/python3.12/site-packages/airflow/example_dags/example_xcomargs.py
[2026-08-02T19:12:54.107+0000] {processor.py:840} INFO - DAG(s) 'example_xcom_args', 'example_xcom_args_with_operators' retrieved from /home/airflow/.local/lib/python3.12/site-packages/airflow/example_dags/example_xcomargs.py
[2026-08-02T19:12:54.137+0000] {logging_mixin.py:188} INFO - [2026-08-02T19:12:54.136+0000] {dag.py:3089} INFO - Sync 2 DAGs
[2026-08-02T19:12:54.151+0000] {logging_mixin.py:188} INFO - [2026-08-02T19:12:54.151+0000] {dag.py:3947} INFO - Setting next_dagrun for example_xcom_args to None, run_after=None
[2026-08-02T19:12:54.155+0000] {logging_mixin.py:188} INFO - [2026-08-02T19:12:54.155+0000] {dag.py:3947} INFO - Setting next_dagrun for example_xcom_args_with_operators to None, run_after=None
[2026-08-02T19:12:54.176+0000] {processor.py:183} INFO - Processing /home/airflow/.local/lib/python3.12/site-packages/airflow/example_dags/example_xcomargs.py took 0.092 seconds
[2026-08-02T19:13:24.562+0000] {processor.py:161} INFO - Started process (PID=528) to work on /home/airflow/.local/lib/python3.12/site-packages/airflow/example_dags/example_xcomargs.py
[2026-08-02T19:13:24.564+0000] {processor.py:830} INFO - Processing file /home/airflow/.local/lib/python3.12/site-packages/airflow/example_dags/example_xcomargs.py for tasks to queue
[2026-08-02T19:13:24.567+0000] {logging_mixin.py:188} INFO - [2026-08-02T19:13:24.567+0000] {dagbag.py:545} INFO - Filling up the DagBag from /home/airflow/.local/lib/python3.12/site-packages/airflow/example_dags/example_xcomargs.py
[2026-08-02T19:13:24.576+0000] {processor.py:840} INFO - DAG(s) 'example_xcom_args_with_operators', 'example_xcom_args' retrieved from /home/airflow/.local/lib/python3.12/site-packages/airflow/example_dags/example_xcomargs.py
[2026-08-02T19:13:24.608+0000] {logging_mixin.py:188} INFO - [2026-08-02T19:13:24.608+0000] {dag.py:3089} INFO - Sync 2 DAGs
[2026-08-02T19:13:24.630+0000] {logging_mixin.py:188} INFO - [2026-08-02T19:13:24.630+0000] {dag.py:3947} INFO - Setting next_dagrun for example_xcom_args to None, run_after=None
[2026-08-02T19:13:24.634+0000] {logging_mixin.py:188} INFO - [2026-08-02T19:13:24.634+0000] {dag.py:3947} INFO - Setting next_dagrun for example_xcom_args_with_operators to None, run_after=None
[2026-08-02T19:13:24.652+0000] {processor.py:183} INFO - Processing /home/airflow/.local/lib/python3.12/site-packages/airflow/example_dags/example_xcomargs.py took 0.099 seconds
[2026-08-02T19:13:54.843+0000] {processor.py:161} INFO - Started process (PID=587) to work on /home/airflow/.local/lib/python3.12/site-packages/airflow/example_dags/example_xcomargs.py
[2026-08-02T19:13:54.844+0000] {processor.py:830} INFO - Processing file /home/airflow/.local/lib/python3.12/site-packages/airflow/example_dags/example_xcomargs.py for tasks to queue
[2026-08-02T19:13:54.846+0000] {logging_mixin.py:188} INFO - [2026-08-02T19:13:54.846+0000] {dagbag.py:545} INFO - Filling up the DagBag from /home/airflow/.local/lib/python3.12/site-packages/airflow/example_dags/example_xcomargs.py
[2026-08-02T19:13:54.855+0000] {processor.py:840} INFO - DAG(s) 'example_xcom_args', 'example_xcom_args_with_operators' retrieved from /home/airflow/.local/lib/python3.12/site-packages/airflow/example_dags/example_xcomargs.py
[2026-08-02T19:13:54.881+0000] {logging_mixin.py:188} INFO - [2026-08-02T19:13:54.880+0000] {dag.py:3089} INFO - Sync 2 DAGs
[2026-08-02T19:13:54.894+0000] {logging_mixin.py:188} INFO - [2026-08-02T19:13:54.893+0000] {dag.py:3947} INFO - Setting next_dagrun for example_xcom_args to None, run_after=None
[2026-08-02T19:13:54.898+0000] {logging_mixin.py:188} INFO - [2026-08-02T19:13:54.898+0000] {dag.py:3947} INFO - Setting next_dagrun for example_xcom_args_with_operators to None, run_after=None
[2026-08-02T19:13:54.915+0000] {processor.py:183} INFO - Processing /home/airflow/.local/lib/python3.12/site-packages/airflow/example_dags/example_xcomargs.py took 0.078 seconds
[2026-08-02T19:14:25.115+0000] {processor.py:161} INFO - Started process (PID=646) to work on /home/airflow/.local/lib/python3.12/site-packages/airflow/example_dags/example_xcomargs.py
[2026-08-02T19:14:25.117+0000] {processor.py:830} INFO - Processing file /home/airflow/.local/lib/python3.12/site-packages/airflow/example_dags/example_xcomargs.py for tasks to queue
[2026-08-02T19:14:25.119+0000] {logging_mixin.py:188} INFO - [2026-08-02T19:14:25.119+0000] {dagbag.py:545} INFO - Filling up the DagBag from /home/airflow/.local/lib/python3.12/site-packages/airflow/example_dags/example_xcomargs.py
[2026-08-02T19:14:25.128+0000] {processor.py:840} INFO - DAG(s) 'example_xcom_args_with_operators', 'example_xcom_args' retrieved from /home/airflow/.local/lib/python3.12/site-packages/airflow/example_dags/example_xcomargs.py
[2026-08-02T19:14:25.158+0000] {logging_mixin.py:188} INFO - [2026-08-02T19:14:25.157+0000] {dag.py:3089} INFO - Sync 2 DAGs
[2026-08-02T19:14:25.176+0000] {logging_mixin.py:188} INFO - [2026-08-02T19:14:25.176+0000] {dag.py:3947} INFO - Setting next_dagrun for example_xcom_args to None, run_after=None
[2026-08-02T19:14:25.182+0000] {logging_mixin.py:188} INFO - [2026-08-02T19:14:25.182+0000] {dag.py:3947} INFO - Setting next_dagrun for example_xcom_args_with_operators to None, run_after=None
[2026-08-02T19:14:25.209+0000] {processor.py:183} INFO - Processing /home/airflow/.local/lib/python3.12/site-packages/airflow/example_dags/example_xcomargs.py took 0.103 seconds
[2026-08-02T19:14:55.625+0000] {processor.py:161} INFO - Started process (PID=705) to work on /home/airflow/.local/lib/python3.12/site-packages/airflow/example_dags/example_xcomargs.py
[2026-08-02T19:14:55.626+0000] {processor.py:830} INFO - Processing file /home/airflow/.local/lib/python3.12/site-packages/airflow/example_dags/example_xcomargs.py for tasks to queue
[2026-08-02T19:14:55.628+0000] {logging_mixin.py:188} INFO - [2026-08-02T19:14:55.628+0000] {dagbag.py:545} INFO - Filling up the DagBag from /home/airflow/.local/lib/python3.12/site-packages/airflow/example_dags/example_xcomargs.py
[2026-08-02T19:14:55.637+0000] {processor.py:840} INFO - DAG(s) 'example_xcom_args', 'example_xcom_args_with_operators' retrieved from /home/airflow/.local/lib/python3.12/site-packages/airflow/example_dags/example_xcomargs.py
[2026-08-02T19:14:55.659+0000] {logging_mixin.py:188} INFO - [2026-08-02T19:14:55.659+0000] {dag.py:3089} INFO - Sync 2 DAGs
[2026-08-02T19:14:55.672+0000] {logging_mixin.py:188} INFO - [2026-08-02T19:14:55.671+0000] {dag.py:3947} INFO - Setting next_dagrun for example_xcom_args to None, run_after=None
[2026-08-02T19:14:55.675+0000] {logging_mixin.py:188} INFO - [2026-08-02T19:14:55.675+0000] {dag.py:3947} INFO - Setting next_dagrun for example_xcom_args_with_operators to None, run_after=None
[2026-08-02T19:14:55.691+0000] {processor.py:183} INFO - Processing /home/airflow/.local/lib/python3.12/site-packages/airflow/example_dags/example_xcomargs.py took 0.072 seconds
[2026-08-02T19:15:26.223+0000] {processor.py:161} INFO - Started process (PID=764) to work on /home/airflow/.local/lib/python3.12/site-packages/airflow/example_dags/example_xcomargs.py
[2026-08-02T19:15:26.224+0000] {processor.py:830} INFO - Processing file /home/airflow/.local/lib/python3.12/site-packages/airflow/example_dags/example_xcomargs.py for tasks to queue
[2026-08-02T19:15:26.227+0000] {logging_mixin.py:188} INFO - [2026-08-02T19:15:26.227+0000] {dagbag.py:545} INFO - Filling up the DagBag from /home/airflow/.local/lib/python3.12/site-packages/airflow/example_dags/example_xcomargs.py
[2026-08-02T19:15:26.236+0000] {processor.py:840} INFO - DAG(s) 'example_xcom_args', 'example_xcom_args_with_operators' retrieved from /home/airflow/.local/lib/python3.12/site-packages/airflow/example_dags/example_xcomargs.py
[2026-08-02T19:15:26.260+0000] {logging_mixin.py:188} INFO - [2026-08-02T19:15:26.259+0000] {dag.py:3089} INFO - Sync 2 DAGs
[2026-08-02T19:15:26.272+0000] {logging_mixin.py:188} INFO - [2026-08-02T19:15:26.272+0000] {dag.py:3947} INFO - Setting next_dagrun for example_xcom_args to None, run_after=None
[2026-08-02T19:15:26.276+0000] {logging_mixin.py:188} INFO - [2026-08-02T19:15:26.276+0000] {dag.py:3947} INFO - Setting next_dagrun for example_xcom_args_with_operators to None, run_after=None
[2026-08-02T19:15:26.292+0000] {processor.py:183} INFO - Processing /home/airflow/.local/lib/python3.12/site-packages/airflow/example_dags/example_xcomargs.py took 0.077 seconds
[2026-08-02T19:15:56.949+0000] {processor.py:161} INFO - Started process (PID=823) to work on /home/airflow/.local/lib/python3.12/site-packages/airflow/example_dags/example_xcomargs.py
[2026-08-02T19:15:56.951+0000] {processor.py:830} INFO - Processing file /home/airflow/.local/lib/python3.12/site-packages/airflow/example_dags/example_xcomargs.py for tasks to queue
[2026-08-02T19:15:56.954+0000] {logging_mixin.py:188} INFO - [2026-08-02T19:15:56.953+0000] {dagbag.py:545} INFO - Filling up the DagBag from /home/airflow/.local/lib/python3.12/site-packages/airflow/example_dags/example_xcomargs.py
[2026-08-02T19:15:56.964+0000] {processor.py:840} INFO - DAG(s) 'example_xcom_args', 'example_xcom_args_with_operators' retrieved from /home/airflow/.local/lib/python3.12/site-packages/airflow/example_dags/example_xcomargs.py
[2026-08-02T19:15:56.994+0000] {logging_mixin.py:188} INFO - [2026-08-02T19:15:56.994+0000] {dag.py:3089} INFO - Sync 2 DAGs
[2026-08-02T19:15:57.017+0000] {logging_mixin.py:188} INFO - [2026-08-02T19:15:57.016+0000] {dag.py:3947} INFO - Setting next_dagrun for example_xcom_args to None, run_after=None
[2026-08-02T19:15:57.023+0000] {logging_mixin.py:188} INFO - [2026-08-02T19:15:57.023+0000] {dag.py:3947} INFO - Setting next_dagrun for example_xcom_args_with_operators to None, run_after=None
[2026-08-02T19:15:57.055+0000] {processor.py:183} INFO - Processing /home/airflow/.local/lib/python3.12/site-packages/airflow/example_dags/example_xcomargs.py took 0.118 seconds
[2026-08-02T19:16:27.371+0000] {processor.py:161} INFO - Started process (PID=882) to work on /home/airflow/.local/lib/python3.12/site-packages/airflow/example_dags/example_xcomargs.py
[2026-08-02T19:16:27.372+0000] {processor.py:830} INFO - Processing file /home/airflow/.local/lib/python3.12/site-packages/airflow/example_dags/example_xcomargs.py for tasks to queue
[2026-08-02T19:16:27.374+0000] {logging_mixin.py:188} INFO - [2026-08-02T19:16:27.374+0000] {dagbag.py:545} INFO - Filling up the DagBag from /home/airflow/.local/lib/python3.12/site-packages/airflow/example_dags/example_xcomargs.py
[2026-08-02T19:16:27.383+0000] {processor.py:840} INFO - DAG(s) 'example_xcom_args_with_operators', 'example_xcom_args' retrieved from /home/airflow/.local/lib/python3.12/site-packages/airflow/example_dags/example_xcomargs.py
[2026-08-02T19:16:27.407+0000] {logging_mixin.py:188} INFO - [2026-08-02T19:16:27.407+0000] {dag.py:3089} INFO - Sync 2 DAGs
[2026-08-02T19:16:27.419+0000] {logging_mixin.py:188} INFO - [2026-08-02T19:16:27.419+0000] {dag.py:3947} INFO - Setting next_dagrun for example_xcom_args to None, run_after=None
[2026-08-02T19:16:27.423+0000] {logging_mixin.py:188} INFO - [2026-08-02T19:16:27.422+0000] {dag.py:3947} INFO - Setting next_dagrun for example_xcom_args_with_operators to None, run_after=None
[2026-08-02T19:16:27.439+0000] {processor.py:183} INFO - Processing /home/airflow/.local/lib/python3.12/site-packages/airflow/example_dags/example_xcomargs.py took 0.074 seconds
[2026-08-02T19:16:58.189+0000] {processor.py:161} INFO - Started process (PID=941) to work on /home/airflow/.local/lib/python3.12/site-packages/airflow/example_dags/example_xcomargs.py
[2026-08-02T19:16:58.192+0000] {processor.py:830} INFO - Processing file /home/airflow/.local/lib/python3.12/site-packages/airflow/example_dags/example_xcomargs.py for tasks to queue
[2026-08-02T19:16:58.194+0000] {logging_mixin.py:188} INFO - [2026-08-02T19:16:58.194+0000] {dagbag.py:545} INFO - Filling up the DagBag from /home/airflow/.local/lib/python3.12/site-packages/airflow/example_dags/example_xcomargs.py
[2026-08-02T19:16:58.203+0000] {processor.py:840} INFO - DAG(s) 'example_xcom_args_with_operators', 'example_xcom_args' retrieved from /home/airflow/.local/lib/python3.12/site-packages/airflow/example_dags/example_xcomargs.py
[2026-08-02T19:16:58.230+0000] {logging_mixin.py:188} INFO - [2026-08-02T19:16:58.230+0000] {dag.py:3089} INFO - Sync 2 DAGs
[2026-08-02T19:16:58.245+0000] {logging_mixin.py:188} INFO - [2026-08-02T19:16:58.245+0000] {dag.py:3947} INFO - Setting next_dagrun for example_xcom_args to None, run_after=None
[2026-08-02T19:16:58.251+0000] {logging_mixin.py:188} INFO - [2026-08-02T19:16:58.251+0000] {dag.py:3947} INFO - Setting next_dagrun for example_xcom_args_with_operators to None, run_after=None
[2026-08-02T19:16:58.270+0000] {processor.py:183} INFO - Processing /home/airflow/.local/lib/python3.12/site-packages/airflow/example_dags/example_xcomargs.py took 0.088 seconds
[2026-08-02T19:17:28.948+0000] {processor.py:161} INFO - Started process (PID=1000) to work on /home/airflow/.local/lib/python3.12/site-packages/airflow/example_dags/example_xcomargs.py
[2026-08-02T19:17:28.950+0000] {processor.py:830} INFO - Processing file /home/airflow/.local/lib/python3.12/site-packages/airflow/example_dags/example_xcomargs.py for tasks to queue
[2026-08-02T19:17:28.954+0000] {logging_mixin.py:188} INFO - [2026-08-02T19:17:28.954+0000] {dagbag.py:545} INFO - Filling up the DagBag from /home/airflow/.local/lib/python3.12/site-packages/airflow/example_dags/example_xcomargs.py
[2026-08-02T19:17:28.968+0000] {processor.py:840} INFO - DAG(s) 'example_xcom_args', 'example_xcom_args_with_operators' retrieved from /home/airflow/.local/lib/python3.12/site-packages/airflow/example_dags/example_xcomargs.py
[2026-08-02T19:17:29.003+0000] {logging_mixin.py:188} INFO - [2026-08-02T19:17:29.002+0000] {dag.py:3089} INFO - Sync 2 DAGs
[2026-08-02T19:17:29.018+0000] {logging_mixin.py:188} INFO - [2026-08-02T19:17:29.017+0000] {dag.py:3947} INFO - Setting next_dagrun for example_xcom_args to None, run_after=None
[2026-08-02T19:17:29.022+0000] {logging_mixin.py:188} INFO - [2026-08-02T19:17:29.022+0000] {dag.py:3947} INFO - Setting next_dagrun for example_xcom_args_with_operators to None, run_after=None
[2026-08-02T19:17:29.043+0000] {processor.py:183} INFO - Processing /home/airflow/.local/lib/python3.12/site-packages/airflow/example_dags/example_xcomargs.py took 0.105 seconds
[2026-08-02T19:17:59.876+0000] {processor.py:161} INFO - Started process (PID=1059) to work on /home/airflow/.local/lib/python3.12/site-packages/airflow/example_dags/example_xcomargs.py
[2026-08-02T19:17:59.877+0000] {processor.py:830} INFO - Processing file /home/airflow/.local/lib/python3.12/site-packages/airflow/example_dags/example_xcomargs.py for tasks to queue
[2026-08-02T19:17:59.879+0000] {logging_mixin.py:188} INFO - [2026-08-02T19:17:59.879+0000] {dagbag.py:545} INFO - Filling up the DagBag from /home/airflow/.local/lib/python3.12/site-packages/airflow/example_dags/example_xcomargs.py
[2026-08-02T19:17:59.886+0000] {processor.py:840} INFO - DAG(s) 'example_xcom_args_with_operators', 'example_xcom_args' retrieved from /home/airflow/.local/lib/python3.12/site-packages/airflow/example_dags/example_xcomargs.py
[2026-08-02T19:17:59.905+0000] {logging_mixin.py:188} INFO - [2026-08-02T19:17:59.905+0000] {dag.py:3089} INFO - Sync 2 DAGs
[2026-08-02T19:17:59.916+0000] {logging_mixin.py:188} INFO - [2026-08-02T19:17:59.915+0000] {dag.py:3947} INFO - Setting next_dagrun for example_xcom_args to None, run_after=None
[2026-08-02T19:17:59.919+0000] {logging_mixin.py:188} INFO - [2026-08-02T19:17:59.919+0000] {dag.py:3947} INFO - Setting next_dagrun for example_xcom_args_with_operators to None, run_after=None
[2026-08-02T19:17:59.934+0000] {processor.py:183} INFO - Processing /home/airflow/.local/lib/python3.12/site-packages/airflow/example_dags/example_xcomargs.py took 0.063 seconds
[2026-08-02T19:18:30.423+0000] {processor.py:161} INFO - Started process (PID=1118) to work on /home/airflow/.local/lib/python3.12/site-packages/airflow/example_dags/example_xcomargs.py
[2026-08-02T19:18:30.424+0000] {processor.py:830} INFO - Processing file /home/airflow/.local/lib/python3.12/site-packages/airflow/example_dags/example_xcomargs.py for tasks to queue
[2026-08-02T19:18:30.427+0000] {logging_mixin.py:188} INFO - [2026-08-02T19:18:30.427+0000] {dagbag.py:545} INFO - Filling up the DagBag from /home/airflow/.local/lib/python3.12/site-packages/airflow/example_dags/example_xcomargs.py
[2026-08-02T19:18:30.437+0000] {processor.py:840} INFO - DAG(s) 'example_xcom_args_with_operators', 'example_xcom_args' retrieved from /home/airflow/.local/lib/python3.12/site-packages/airflow/example_dags/example_xcomargs.py
[2026-08-02T19:18:30.460+0000] {logging_mixin.py:188} INFO - [2026-08-02T19:18:30.460+0000] {dag.py:3089} INFO - Sync 2 DAGs
[2026-08-02T19:18:30.472+0000] {logging_mixin.py:188} INFO - [2026-08-02T19:18:30.472+0000] {dag.py:3947} INFO - Setting next_dagrun for example_xcom_args to None, run_after=None
[2026-08-02T19:18:30.476+0000] {logging_mixin.py:188} INFO - [2026-08-02T19:18:30.476+0000] {dag.py:3947} INFO - Setting next_dagrun for example_xcom_args_with_operators to None, run_after=None
[2026-08-02T19:18:30.493+0000] {processor.py:183} INFO - Processing /home/airflow/.local/lib/python3.12/site-packages/airflow/example_dags/example_xcomargs.py took 0.077 seconds
[2026-08-02T19:19:00.884+0000] {processor.py:161} INFO - Started process (PID=1177) to work on /home/airflow/.local/lib/python3.12/site-packages/airflow/example_dags/example_xcomargs.py
[2026-08-02T19:19:00.885+0000] {processor.py:830} INFO - Processing file /home/airflow/.local/lib/python3.12/site-packages/airflow/example_dags/example_xcomargs.py for tasks to queue
[2026-08-02T19:19:00.888+0000] {logging_mixin.py:188} INFO - [2026-08-02T19:19:00.887+0000] {dagbag.py:545} INFO - Filling up the DagBag from /home/airflow/.local/lib/python3.12/site-packages/airflow/example_dags/example_xcomargs.py
[2026-08-02T19:19:00.896+0000] {processor.py:840} INFO - DAG(s) 'example_xcom_args', 'example_xcom_args_with_operators' retrieved from /home/airflow/.local/lib/python3.12/site-packages/airflow/example_dags/example_xcomargs.py
[2026-08-02T19:19:00.918+0000] {logging_mixin.py:188} INFO - [2026-08-02T19:19:00.918+0000] {dag.py:3089} INFO - Sync 2 DAGs
[2026-08-02T19:19:00.931+0000] {logging_mixin.py:188} INFO - [2026-08-02T19:19:00.930+0000] {dag.py:3947} INFO - Setting next_dagrun for example_xcom_args to None, run_after=None
[2026-08-02T19:19:00.935+0000] {logging_mixin.py:188} INFO - [2026-08-02T19:19:00.935+0000] {dag.py:3947} INFO - Setting next_dagrun for example_xcom_args_with_operators to None, run_after=None
[2026-08-02T19:19:00.950+0000] {processor.py:183} INFO - Processing /home/airflow/.local/lib/python3.12/site-packages/airflow/example_dags/example_xcomargs.py took 0.072 seconds
[2026-08-02T19:19:31.436+0000] {processor.py:161} INFO - Started process (PID=1236) to work on /home/airflow/.local/lib/python3.12/site-packages/airflow/example_dags/example_xcomargs.py
[2026-08-02T19:19:31.438+0000] {processor.py:830} INFO - Processing file /home/airflow/.local/lib/python3.12/site-packages/airflow/example_dags/example_xcomargs.py for tasks to queue
[2026-08-02T19:19:31.440+0000] {logging_mixin.py:188} INFO - [2026-08-02T19:19:31.440+0000] {dagbag.py:545} INFO - Filling up the DagBag from /home/airflow/.local/lib/python3.12/site-packages/airflow/example_dags/example_xcomargs.py
[2026-08-02T19:19:31.449+0000] {processor.py:840} INFO - DAG(s) 'example_xcom_args', 'example_xcom_args_with_operators' retrieved from /home/airflow/.local/lib/python3.12/site-packages/airflow/example_dags/example_xcomargs.py
[2026-08-02T19:19:31.473+0000] {logging_mixin.py:188} INFO - [2026-08-02T19:19:31.472+0000] {dag.py:3089} INFO - Sync 2 DAGs
[2026-08-02T19:19:31.485+0000] {logging_mixin.py:188} INFO - [2026-08-02T19:19:31.485+0000] {dag.py:3947} INFO - Setting next_dagrun for example_xcom_args to None, run_after=None
[2026-08-02T19:19:31.489+0000] {logging_mixin.py:188} INFO - [2026-08-02T19:19:31.489+0000] {dag.py:3947} INFO - Setting next_dagrun for example_xcom_args_with_operators to None, run_after=None
[2026-08-02T19:19:31.504+0000] {processor.py:183} INFO - Processing /home/airflow/.local/lib/python3.12/site-packages/airflow/example_dags/example_xcomargs.py took 0.074 seconds
[2026-08-02T19:20:02.180+0000] {processor.py:161} INFO - Started process (PID=1295) to work on /home/airflow/.local/lib/python3.12/site-packages/airflow/example_dags/example_xcomargs.py
[2026-08-02T19:20:02.182+0000] {processor.py:830} INFO - Processing file /home/airflow/.local/lib/python3.12/site-packages/airflow/example_dags/example_xcomargs.py for tasks to queue
[2026-08-02T19:20:02.187+0000] {logging_mixin.py:188} INFO - [2026-08-02T19:20:02.186+0000] {dagbag.py:545} INFO - Filling up the DagBag from /home/airflow/.local/lib/python3.12/site-packages/airflow/example_dags/example_xcomargs.py
[2026-08-02T19:20:02.199+0000] {processor.py:840} INFO - DAG(s) 'example_xcom_args_with_operators', 'example_xcom_args' retrieved from /home/airflow/.local/lib/python3.12/site-packages/airflow/example_dags/example_xcomargs.py
[2026-08-02T19:20:02.226+0000] {logging_mixin.py:188} INFO - [2026-08-02T19:20:02.226+0000] {dag.py:3089} INFO - Sync 2 DAGs
[2026-08-02T19:20:02.240+0000] {logging_mixin.py:188} INFO - [2026-08-02T19:20:02.240+0000] {dag.py:3947} INFO - Setting next_dagrun for example_xcom_args to None, run_after=None
[2026-08-02T19:20:02.246+0000] {logging_mixin.py:188} INFO - [2026-08-02T19:20:02.246+0000] {dag.py:3947} INFO - Setting next_dagrun for example_xcom_args_with_operators to None, run_after=None
[2026-08-02T19:20:02.264+0000] {processor.py:183} INFO - Processing /home/airflow/.local/lib/python3.12/site-packages/airflow/example_dags/example_xcomargs.py took 0.094 seconds
[2026-08-02T19:20:32.388+0000] {processor.py:161} INFO - Started process (PID=1354) to work on /home/airflow/.local/lib/python3.12/site-packages/airflow/example_dags/example_xcomargs.py
[2026-08-02T19:20:32.390+0000] {processor.py:830} INFO - Processing file /home/airflow/.local/lib/python3.12/site-packages/airflow/example_dags/example_xcomargs.py for tasks to queue
[2026-08-02T19:20:32.392+0000] {logging_mixin.py:188} INFO - [2026-08-02T19:20:32.392+0000] {dagbag.py:545} INFO - Filling up the DagBag from /home/airflow/.local/lib/python3.12/site-packages/airflow/example_dags/example_xcomargs.py
[2026-08-02T19:20:32.401+0000] {processor.py:840} INFO - DAG(s) 'example_xcom_args_with_operators', 'example_xcom_args' retrieved from /home/airflow/.local/lib/python3.12/site-packages/airflow/example_dags/example_xcomargs.py
[2026-08-02T19:20:32.430+0000] {logging_mixin.py:188} INFO - [2026-08-02T19:20:32.430+0000] {dag.py:3089} INFO - Sync 2 DAGs
[2026-08-02T19:20:32.444+0000] {logging_mixin.py:188} INFO - [2026-08-02T19:20:32.444+0000] {dag.py:3947} INFO - Setting next_dagrun for example_xcom_args to None, run_after=None
[2026-08-02T19:20:32.449+0000] {logging_mixin.py:188} INFO - [2026-08-02T19:20:32.449+0000] {dag.py:3947} INFO - Setting next_dagrun for example_xcom_args_with_operators to None, run_after=None
[2026-08-02T19:20:32.469+0000] {processor.py:183} INFO - Processing /home/airflow/.local/lib/python3.12/site-packages/airflow/example_dags/example_xcomargs.py took 0.087 seconds
