[2026-08-02T18:55:11.786+0000] {processor.py:161} INFO - Started process (PID=79) to work on /home/airflow/.local/lib/python3.12/site-packages/airflow/example_dags/example_latest_only.py
[2026-08-02T18:55:11.790+0000] {processor.py:830} INFO - Processing file /home/airflow/.local/lib/python3.12/site-packages/airflow/example_dags/example_latest_only.py for tasks to queue
[2026-08-02T18:55:11.802+0000] {logging_mixin.py:188} INFO - [2026-08-02T18:55:11.801+0000] {dagbag.py:545} INFO - Filling up the DagBag from /home/airflow/.local/lib/python3.12/site-packages/airflow/example_dags/example_latest_only.py
[2026-08-02T18:55:11.832+0000] {processor.py:840} INFO - DAG(s) 'latest_only' retrieved from /home/airflow/.local/lib/python3.12/site-packages/airflow/example_dags/example_latest_only.py
[2026-08-02T18:55:12.157+0000] {logging_mixin.py:188} INFO - [2026-08-02T18:55:12.157+0000] {dag.py:3089} INFO - Sync 1 DAGs
[2026-08-02T18:55:12.217+0000] {logging_mixin.py:188} INFO - [2026-08-02T18:55:12.216+0000] {dag.py:3947} INFO - Setting next_dagrun for latest_only to 2026-08-02 12:00:00+00:00, run_after=2026-08-02 16:00:00+00:00
[2026-08-02T18:55:12.269+0000] {processor.py:183} INFO - Processing /home/airflow/.local/lib/python3.12/site-packages/airflow/example_dags/example_latest_only.py took 0.517 seconds
[2026-08-02T18:55:42.708+0000] {processor.py:161} INFO - Started process (PID=144) to work on /home/airflow/.local/lib/python3.12/site-packages/airflow/example_dags/example_latest_only.py
[2026-08-02T18:55:42.710+0000] {processor.py:830} INFO - Processing file /home/airflow/.local/lib/python3.12/site-packages/airflow/example_dags/example_latest_only.py for tasks to queue
[2026-08-02T18:55:42.713+0000] {logging_mixin.py:188} INFO - [2026-08-02T18:55:42.712+0000] {dagbag.py:545} INFO - Filling up the DagBag from /home/airflow/.local/lib/python3.12/site-packages/airflow/example_dags/example_latest_only.py
[2026-08-02T18:55:42.718+0000] {processor.py:840} INFO - DAG(s) 'latest_only' retrieved from /home/airflow/.local/lib/python3.12/site-packages/airflow/example_dags/example_latest_only.py
[2026-08-02T18:55:42.738+0000] {logging_mixin.py:188} INFO - [2026-08-02T18:55:42.738+0000] {dag.py:3089} INFO - Sync 1 DAGs
[2026-08-02T18:55:42.759+0000] {logging_mixin.py:188} INFO - [2026-08-02T18:55:42.759+0000] {dag.py:3947} INFO - Setting next_dagrun for latest_only to 2026-08-02 12:00:00+00:00, run_after=2026-08-02 16:00:00+00:00
[2026-08-02T18:55:42.784+0000] {processor.py:183} INFO - Processing /home/airflow/.local/lib/python3.12/site-packages/airflow/example_dags/example_latest_only.py took 0.082 seconds
[2026-08-02T18:56:13.556+0000] {processor.py:161} INFO - Started process (PID=203) to work on /home/airflow/.local/lib/python3.12/site-packages/airflow/example_dags/example_latest_only.py
[2026-08-02T18:56:13.558+0000] {processor.py:830} INFO - Processing file /home/airflow/.local/lib/python3.12/site-packages/airflow/example_dags/example_latest_only.py for tasks to queue
[2026-08-02T18:56:13.561+0000] {logging_mixin.py:188} INFO - [2026-08-02T18:56:13.561+0000] {dagbag.py:545} INFO - Filling up the DagBag from /home/airflow/.local/lib/python3.12/site-packages/airflow/example_dags/example_latest_only.py
[2026-08-02T18:56:13.570+0000] {processor.py:840} INFO - DAG(s) 'latest_only' retrieved from /home/airflow/.local/lib/python3.12/site-packages/airflow/example_dags/example_latest_only.py
[2026-08-02T18:56:13.608+0000] {logging_mixin.py:188} INFO - [2026-08-02T18:56:13.608+0000] {dag.py:3089} INFO - Sync 1 DAGs
[2026-08-02T18:56:13.642+0000] {logging_mixin.py:188} INFO - [2026-08-02T18:56:13.642+0000] {dag.py:3947} INFO - Setting next_dagrun for latest_only to 2026-08-02 12:00:00+00:00, run_after=2026-08-02 16:00:00+00:00
[2026-08-02T18:56:13.670+0000] {processor.py:183} INFO - Processing /home/airflow/.local/lib/python3.12/site-packages/airflow/example_dags/example_latest_only.py took 0.125 seconds
[2026-08-02T18:56:43.952+0000] {processor.py:161} INFO - Started process (PID=262) to work on /home/airflow/.local/lib/python3.12/site-packages/airflow/example_dags/example_latest_only.py
[2026-08-02T18:56:43.954+0000] {processor.py:830} INFO - Processing file /home/airflow/.local/lib/python3.12/site-packages/airflow/example_dags/example_latest_only.py for tasks to queue
[2026-08-02T18:56:43.957+0000] {logging_mixin.py:188} INFO - [2026-08-02T18:56:43.956+0000] {dagbag.py:545} INFO - Filling up the DagBag from /home/airflow/.local/lib/python3.12/site-packages/airflow/example_dags/example_latest_only.py
[2026-08-02T18:56:43.963+0000] {processor.py:840} INFO - DAG(s) 'latest_only' retrieved from /home/airflow/.local/lib/python3.12/site-packages/airflow/example_dags/example_latest_only.py
[2026-08-02T18:56:43.984+0000] {logging_mixin.py:188} INFO - [2026-08-02T18:56:43.984+0000] {dag.py:3089} INFO - Sync 1 DAGs
[2026-08-02T18:56:44.006+0000] {logging_mixin.py:188} INFO - [2026-08-02T18:56:44.006+0000] {dag.py:3947} INFO - Setting next_dagrun for latest_only to 2026-08-02 12:00:00+00:00, run_after=2026-08-02 16:00:00+00:00
[2026-08-02T18:56:44.029+0000] {processor.py:183} INFO - Processing /home/airflow/.local/lib/python3.12/site-packages/airflow/example_dags/example_latest_only.py took 0.084 seconds
[2026-08-02T18:57:14.482+0000] {processor.py:161} INFO - Started process (PID=321) to work on /home/airflow/.local/lib/python3.12/site-packages/airflow/example_dags/example_latest_only.py
[2026-08-02T18:57:14.483+0000] {processor.py:830} INFO - Processing file /home/airflow/.local/lib/python3.12/site-packages/airflow/example_dags/example_latest_only.py for tasks to queue
[2026-08-02T18:57:14.485+0000] {logging_mixin.py:188} INFO - [2026-08-02T18:57:14.485+0000] {dagbag.py:545} INFO - Filling up the DagBag from /home/airflow/.local/lib/python3.12/site-packages/airflow/example_dags/example_latest_only.py
[2026-08-02T18:57:14.490+0000] {processor.py:840} INFO - DAG(s) 'latest_only' retrieved from /home/airflow/.local/lib/python3.12/site-packages/airflow/example_dags/example_latest_only.py
[2026-08-02T18:57:14.510+0000] {logging_mixin.py:188} INFO - [2026-08-02T18:57:14.509+0000] {dag.py:3089} INFO - Sync 1 DAGs
[2026-08-02T18:57:14.530+0000] {logging_mixin.py:188} INFO - [2026-08-02T18:57:14.530+0000] {dag.py:3947} INFO - Setting next_dagrun for latest_only to 2026-08-02 12:00:00+00:00, run_after=2026-08-02 16:00:00+00:00
[2026-08-02T18:57:14.550+0000] {processor.py:183} INFO - Processing /home/airflow/.local/lib/python3.12/site-packages/airflow/example_dags/example_latest_only.py took 0.074 seconds
[2026-08-02T18:57:44.797+0000] {processor.py:161} INFO - Started process (PID=380) to work on /home/airflow/.local/lib/python3.12/site-packages/airflow/example_dags/example_latest_only.py
[2026-08-02T18:57:44.798+0000] {processor.py:830} INFO - Processing file /home/airflow/.local/lib/python3.12/site-packages/airflow/example_dags/example_latest_only.py for tasks to queue
[2026-08-02T18:57:44.801+0000] {logging_mixin.py:188} INFO - [2026-08-02T18:57:44.800+0000] {dagbag.py:545} INFO - Filling up the DagBag from /home/airflow/.local/lib/python3.12/site-packages/airflow/example_dags/example_latest_only.py
[2026-08-02T18:57:44.806+0000] {processor.py:840} INFO - DAG(s) 'latest_only' retrieved from /home/airflow/.local/lib/python3.12/site-packages/airflow/example_dags/example_latest_only.py
[2026-08-02T18:57:44.828+0000] {logging_mixin.py:188} INFO - [2026-08-02T18:57:44.827+0000] {dag.py:3089} INFO - Sync 1 DAGs
[2026-08-02T18:57:44.852+0000] {logging_mixin.py:188} INFO - [2026-08-02T18:57:44.851+0000] {dag.py:3947} INFO - Setting next_dagrun for latest_only to 2026-08-02 12:00:00+00:00, run_after=2026-08-02 16:00:00+00:00
[2026-08-02T18:57:44.872+0000] {processor.py:183} INFO - Processing /home/airflow/.local/lib/python3.12/site-packages/airflow/example_dags/example_latest_only.py took 0.082 seconds
[2026-08-02T19:00:09.370+0000] {processor.py:161} INFO - Started process (PID=72) to work on /home/airflow/.local/lib/python3.12/site-packages/airflow/example_dags/example_latest_only.py
[2026-08-02T19:00:09.373+0000] {processor.py:830} INFO - Processing file /home/airflow/.local/lib/python3.12/site-packages/airflow/example_dags/example_latest_only.py for tasks to queue
[2026-08-02T19:00:09.376+0000] {logging_mixin.py:188} INFO - [2026-08-02T19:00:09.376+0000] {dagbag.py:545} INFO - Filling up the DagBag from /home/airflow/.local/lib/python3.12/site-packages/airflow/example_dags/example_latest_only.py
[2026-08-02T19:00:09.390+0000] {processor.py:840} INFO - DAG(s) 'latest_only' retrieved from /home/airflow/.local/lib/python3.12/site-packages/airflow/example_dags/example_latest_only.py
[2026-08-02T19:00:09.415+0000] {logging_mixin.py:188} INFO - [2026-08-02T19:00:09.415+0000] {dag.py:3089} INFO - Sync 1 DAGs
[2026-08-02T19:00:09.448+0000] {logging_mixin.py:188} INFO - [2026-08-02T19:00:09.447+0000] {dag.py:3947} INFO - Setting next_dagrun for latest_only to 2026-08-02 12:00:00+00:00, run_after=2026-08-02 16:00:00+00:00
[2026-08-02T19:00:09.477+0000] {processor.py:183} INFO - Processing /home/airflow/.local/lib/python3.12/site-packages/airflow/example_dags/example_latest_only.py took 0.117 seconds
[2026-08-02T19:00:39.719+0000] {processor.py:161} INFO - Started process (PID=131) to work on /home/airflow/.local/lib/python3.12/site-packages/airflow/example_dags/example_latest_only.py
[2026-08-02T19:00:39.721+0000] {processor.py:830} INFO - Processing file /home/airflow/.local/lib/python3.12/site-packages/airflow/example_dags/example_latest_only.py for tasks to queue
[2026-08-02T19:00:39.723+0000] {logging_mixin.py:188} INFO - [2026-08-02T19:00:39.722+0000] {dagbag.py:545} INFO - Filling up the DagBag from /home/airflow/.local/lib/python3.12/site-packages/airflow/example_dags/example_latest_only.py
[2026-08-02T19:00:39.728+0000] {processor.py:840} INFO - DAG(s) 'latest_only' retrieved from /home/airflow/.local/lib/python3.12/site-packages/airflow/example_dags/example_latest_only.py
[2026-08-02T19:00:39.814+0000] {logging_mixin.py:188} INFO - [2026-08-02T19:00:39.814+0000] {dag.py:3089} INFO - Sync 1 DAGs
[2026-08-02T19:00:39.830+0000] {logging_mixin.py:188} INFO - [2026-08-02T19:00:39.830+0000] {dag.py:3947} INFO - Setting next_dagrun for latest_only to 2026-08-02 12:00:00+00:00, run_after=2026-08-02 16:00:00+00:00
[2026-08-02T19:00:39.849+0000] {processor.py:183} INFO - Processing /home/airflow/.local/lib/python3.12/site-packages/airflow/example_dags/example_latest_only.py took 0.134 seconds
[2026-08-02T19:01:10.288+0000] {processor.py:161} INFO - Started process (PID=190) to work on /home/airflow/.local/lib/python3.12/site-packages/airflow/example_dags/example_latest_only.py
[2026-08-02T19:01:10.290+0000] {processor.py:830} INFO - Processing file /home/airflow/.local/lib/python3.12/site-packages/airflow/example_dags/example_latest_only.py for tasks to queue
[2026-08-02T19:01:10.292+0000] {logging_mixin.py:188} INFO - [2026-08-02T19:01:10.292+0000] {dagbag.py:545} INFO - Filling up the DagBag from /home/airflow/.local/lib/python3.12/site-packages/airflow/example_dags/example_latest_only.py
[2026-08-02T19:01:10.301+0000] {processor.py:840} INFO - DAG(s) 'latest_only' retrieved from /home/airflow/.local/lib/python3.12/site-packages/airflow/example_dags/example_latest_only.py
[2026-08-02T19:01:10.332+0000] {logging_mixin.py:188} INFO - [2026-08-02T19:01:10.331+0000] {dag.py:3089} INFO - Sync 1 DAGs
[2026-08-02T19:01:10.353+0000] {logging_mixin.py:188} INFO - [2026-08-02T19:01:10.353+0000] {dag.py:3947} INFO - Setting next_dagrun for latest_only to 2026-08-02 12:00:00+00:00, run_after=2026-08-02 16:00:00+00:00
[2026-08-02T19:01:10.383+0000] {processor.py:183} INFO - Processing /home/airflow/.local/lib/python3.12/site-packages/airflow/example_dags/example_latest_only.py took 0.104 seconds
[2026-08-02T19:01:40.565+0000] {processor.py:161} INFO - Started process (PID=250) to work on /home/airflow/.local/lib/python3.12/site-packages/airflow/example_dags/example_latest_only.py
[2026-08-02T19:01:40.566+0000] {processor.py:830} INFO - Processing file /home/airflow/.local/lib/python3.12/site-packages/airflow/example_dags/example_latest_only.py for tasks to queue
[2026-08-02T19:01:40.569+0000] {logging_mixin.py:188} INFO - [2026-08-02T19:01:40.569+0000] {dagbag.py:545} INFO - Filling up the DagBag from /home/airflow/.local/lib/python3.12/site-packages/airflow/example_dags/example_latest_only.py
[2026-08-02T19:01:40.575+0000] {processor.py:840} INFO - DAG(s) 'latest_only' retrieved from /home/airflow/.local/lib/python3.12/site-packages/airflow/example_dags/example_latest_only.py
[2026-08-02T19:01:40.596+0000] {logging_mixin.py:188} INFO - [2026-08-02T19:01:40.596+0000] {dag.py:3089} INFO - Sync 1 DAGs
[2026-08-02T19:01:40.616+0000] {logging_mixin.py:188} INFO - [2026-08-02T19:01:40.616+0000] {dag.py:3947} INFO - Setting next_dagrun for latest_only to 2026-08-02 12:00:00+00:00, run_after=2026-08-02 16:00:00+00:00
[2026-08-02T19:01:40.633+0000] {processor.py:183} INFO - Processing /home/airflow/.local/lib/python3.12/site-packages/airflow/example_dags/example_latest_only.py took 0.076 seconds
[2026-08-02T19:02:10.829+0000] {processor.py:161} INFO - Started process (PID=309) to work on /home/airflow/.local/lib/python3.12/site-packages/airflow/example_dags/example_latest_only.py
[2026-08-02T19:02:10.831+0000] {processor.py:830} INFO - Processing file /home/airflow/.local/lib/python3.12/site-packages/airflow/example_dags/example_latest_only.py for tasks to queue
[2026-08-02T19:02:10.833+0000] {logging_mixin.py:188} INFO - [2026-08-02T19:02:10.832+0000] {dagbag.py:545} INFO - Filling up the DagBag from /home/airflow/.local/lib/python3.12/site-packages/airflow/example_dags/example_latest_only.py
[2026-08-02T19:02:10.838+0000] {processor.py:840} INFO - DAG(s) 'latest_only' retrieved from /home/airflow/.local/lib/python3.12/site-packages/airflow/example_dags/example_latest_only.py
[2026-08-02T19:02:10.861+0000] {logging_mixin.py:188} INFO - [2026-08-02T19:02:10.860+0000] {dag.py:3089} INFO - Sync 1 DAGs
[2026-08-02T19:02:10.883+0000] {logging_mixin.py:188} INFO - [2026-08-02T19:02:10.883+0000] {dag.py:3947} INFO - Setting next_dagrun for latest_only to 2026-08-02 12:00:00+00:00, run_after=2026-08-02 16:00:00+00:00
[2026-08-02T19:02:10.904+0000] {processor.py:183} INFO - Processing /home/airflow/.local/lib/python3.12/site-packages/airflow/example_dags/example_latest_only.py took 0.080 seconds
[2026-08-02T19:02:41.187+0000] {processor.py:161} INFO - Started process (PID=368) to work on /home/airflow/.local/lib/python3.12/site-packages/airflow/example_dags/example_latest_only.py
[2026-08-02T19:02:41.189+0000] {processor.py:830} INFO - Processing file /home/airflow/.local/lib/python3.12/site-packages/airflow/example_dags/example_latest_only.py for tasks to queue
[2026-08-02T19:02:41.191+0000] {logging_mixin.py:188} INFO - [2026-08-02T19:02:41.191+0000] {dagbag.py:545} INFO - Filling up the DagBag from /home/airflow/.local/lib/python3.12/site-packages/airflow/example_dags/example_latest_only.py
[2026-08-02T19:02:41.197+0000] {processor.py:840} INFO - DAG(s) 'latest_only' retrieved from /home/airflow/.local/lib/python3.12/site-packages/airflow/example_dags/example_latest_only.py
[2026-08-02T19:02:41.217+0000] {logging_mixin.py:188} INFO - [2026-08-02T19:02:41.216+0000] {dag.py:3089} INFO - Sync 1 DAGs
[2026-08-02T19:02:41.237+0000] {logging_mixin.py:188} INFO - [2026-08-02T19:02:41.237+0000] {dag.py:3947} INFO - Setting next_dagrun for latest_only to 2026-08-02 12:00:00+00:00, run_after=2026-08-02 16:00:00+00:00
[2026-08-02T19:02:41.258+0000] {processor.py:183} INFO - Processing /home/airflow/.local/lib/python3.12/site-packages/airflow/example_dags/example_latest_only.py took 0.078 seconds
[2026-08-02T19:03:11.634+0000] {processor.py:161} INFO - Started process (PID=427) to work on /home/airflow/.local/lib/python3.12/site-packages/airflow/example_dags/example_latest_only.py
[2026-08-02T19:03:11.636+0000] {processor.py:830} INFO - Processing file /home/airflow/.local/lib/python3.12/site-packages/airflow/example_dags/example_latest_only.py for tasks to queue
[2026-08-02T19:03:11.638+0000] {logging_mixin.py:188} INFO - [2026-08-02T19:03:11.638+0000] {dagbag.py:545} INFO - Filling up the DagBag from /home/airflow/.local/lib/python3.12/site-packages/airflow/example_dags/example_latest_only.py
[2026-08-02T19:03:11.644+0000] {processor.py:840} INFO - DAG(s) 'latest_only' retrieved from /home/airflow/.local/lib/python3.12/site-packages/airflow/example_dags/example_latest_only.py
[2026-08-02T19:03:11.664+0000] {logging_mixin.py:188} INFO - [2026-08-02T19:03:11.664+0000] {dag.py:3089} INFO - Sync 1 DAGs
[2026-08-02T19:03:11.684+0000] {logging_mixin.py:188} INFO - [2026-08-02T19:03:11.684+0000] {dag.py:3947} INFO - Setting next_dagrun for latest_only to 2026-08-02 12:00:00+00:00, run_after=2026-08-02 16:00:00+00:00
[2026-08-02T19:03:11.702+0000] {processor.py:183} INFO - Processing /home/airflow/.local/lib/python3.12/site-packages/airflow/example_dags/example_latest_only.py took 0.078 seconds
[2026-08-02T19:03:42.095+0000] {processor.py:161} INFO - Started process (PID=486) to work on /home/airflow/.local/lib/python3.12/site-packages/airflow/example_dags/example_latest_only.py
[2026-08-02T19:03:42.097+0000] {processor.py:830} INFO - Processing file /home/airflow/.local/lib/python3.12/site-packages/airflow/example_dags/example_latest_only.py for tasks to queue
[2026-08-02T19:03:42.099+0000] {logging_mixin.py:188} INFO - [2026-08-02T19:03:42.099+0000] {dagbag.py:545} INFO - Filling up the DagBag from /home/airflow/.local/lib/python3.12/site-packages/airflow/example_dags/example_latest_only.py
[2026-08-02T19:03:42.107+0000] {processor.py:840} INFO - DAG(s) 'latest_only' retrieved from /home/airflow/.local/lib/python3.12/site-packages/airflow/example_dags/example_latest_only.py
[2026-08-02T19:03:42.132+0000] {logging_mixin.py:188} INFO - [2026-08-02T19:03:42.132+0000] {dag.py:3089} INFO - Sync 1 DAGs
[2026-08-02T19:03:42.158+0000] {logging_mixin.py:188} INFO - [2026-08-02T19:03:42.158+0000] {dag.py:3947} INFO - Setting next_dagrun for latest_only to 2026-08-02 12:00:00+00:00, run_after=2026-08-02 16:00:00+00:00
[2026-08-02T19:03:42.180+0000] {processor.py:183} INFO - Processing /home/airflow/.local/lib/python3.12/site-packages/airflow/example_dags/example_latest_only.py took 0.092 seconds
[2026-08-02T19:04:12.593+0000] {processor.py:161} INFO - Started process (PID=545) to work on /home/airflow/.local/lib/python3.12/site-packages/airflow/example_dags/example_latest_only.py
[2026-08-02T19:04:12.594+0000] {processor.py:830} INFO - Processing file /home/airflow/.local/lib/python3.12/site-packages/airflow/example_dags/example_latest_only.py for tasks to queue
[2026-08-02T19:04:12.596+0000] {logging_mixin.py:188} INFO - [2026-08-02T19:04:12.596+0000] {dagbag.py:545} INFO - Filling up the DagBag from /home/airflow/.local/lib/python3.12/site-packages/airflow/example_dags/example_latest_only.py
[2026-08-02T19:04:12.602+0000] {processor.py:840} INFO - DAG(s) 'latest_only' retrieved from /home/airflow/.local/lib/python3.12/site-packages/airflow/example_dags/example_latest_only.py
[2026-08-02T19:04:12.621+0000] {logging_mixin.py:188} INFO - [2026-08-02T19:04:12.620+0000] {dag.py:3089} INFO - Sync 1 DAGs
[2026-08-02T19:04:12.639+0000] {logging_mixin.py:188} INFO - [2026-08-02T19:04:12.639+0000] {dag.py:3947} INFO - Setting next_dagrun for latest_only to 2026-08-02 12:00:00+00:00, run_after=2026-08-02 16:00:00+00:00
[2026-08-02T19:04:12.657+0000] {processor.py:183} INFO - Processing /home/airflow/.local/lib/python3.12/site-packages/airflow/example_dags/example_latest_only.py took 0.069 seconds
[2026-08-02T19:04:42.874+0000] {processor.py:161} INFO - Started process (PID=604) to work on /home/airflow/.local/lib/python3.12/site-packages/airflow/example_dags/example_latest_only.py
[2026-08-02T19:04:42.876+0000] {processor.py:830} INFO - Processing file /home/airflow/.local/lib/python3.12/site-packages/airflow/example_dags/example_latest_only.py for tasks to queue
[2026-08-02T19:04:42.879+0000] {logging_mixin.py:188} INFO - [2026-08-02T19:04:42.878+0000] {dagbag.py:545} INFO - Filling up the DagBag from /home/airflow/.local/lib/python3.12/site-packages/airflow/example_dags/example_latest_only.py
[2026-08-02T19:04:42.886+0000] {processor.py:840} INFO - DAG(s) 'latest_only' retrieved from /home/airflow/.local/lib/python3.12/site-packages/airflow/example_dags/example_latest_only.py
[2026-08-02T19:04:42.912+0000] {logging_mixin.py:188} INFO - [2026-08-02T19:04:42.912+0000] {dag.py:3089} INFO - Sync 1 DAGs
[2026-08-02T19:04:42.940+0000] {logging_mixin.py:188} INFO - [2026-08-02T19:04:42.939+0000] {dag.py:3947} INFO - Setting next_dagrun for latest_only to 2026-08-02 12:00:00+00:00, run_after=2026-08-02 16:00:00+00:00
[2026-08-02T19:04:42.973+0000] {processor.py:183} INFO - Processing /home/airflow/.local/lib/python3.12/site-packages/airflow/example_dags/example_latest_only.py took 0.106 seconds
[2026-08-02T19:05:13.091+0000] {processor.py:161} INFO - Started process (PID=663) to work on /home/airflow/.local/lib/python3.12/site-packages/airflow/example_dags/example_latest_only.py
[2026-08-02T19:05:13.093+0000] {processor.py:830} INFO - Processing file /home/airflow/.local/lib/python3.12/site-packages/airflow/example_dags/example_latest_only.py for tasks to queue
[2026-08-02T19:05:13.095+0000] {logging_mixin.py:188} INFO - [2026-08-02T19:05:13.095+0000] {dagbag.py:545} INFO - Filling up the DagBag from /home/airflow/.local/lib/python3.12/site-packages/airflow/example_dags/example_latest_only.py
[2026-08-02T19:05:13.101+0000] {processor.py:840} INFO - DAG(s) 'latest_only' retrieved from /home/airflow/.local/lib/python3.12/site-packages/airflow/example_dags/example_latest_only.py
[2026-08-02T19:05:13.117+0000] {logging_mixin.py:188} INFO - [2026-08-02T19:05:13.117+0000] {dag.py:3089} INFO - Sync 1 DAGs
[2026-08-02T19:05:13.134+0000] {logging_mixin.py:188} INFO - [2026-08-02T19:05:13.134+0000] {dag.py:3947} INFO - Setting next_dagrun for latest_only to 2026-08-02 12:00:00+00:00, run_after=2026-08-02 16:00:00+00:00
[2026-08-02T19:05:13.167+0000] {processor.py:183} INFO - Processing /home/airflow/.local/lib/python3.12/site-packages/airflow/example_dags/example_latest_only.py took 0.083 seconds
[2026-08-02T19:05:43.250+0000] {processor.py:161} INFO - Started process (PID=722) to work on /home/airflow/.local/lib/python3.12/site-packages/airflow/example_dags/example_latest_only.py
[2026-08-02T19:05:43.251+0000] {processor.py:830} INFO - Processing file /home/airflow/.local/lib/python3.12/site-packages/airflow/example_dags/example_latest_only.py for tasks to queue
[2026-08-02T19:05:43.254+0000] {logging_mixin.py:188} INFO - [2026-08-02T19:05:43.253+0000] {dagbag.py:545} INFO - Filling up the DagBag from /home/airflow/.local/lib/python3.12/site-packages/airflow/example_dags/example_latest_only.py
[2026-08-02T19:05:43.259+0000] {processor.py:840} INFO - DAG(s) 'latest_only' retrieved from /home/airflow/.local/lib/python3.12/site-packages/airflow/example_dags/example_latest_only.py
[2026-08-02T19:05:43.278+0000] {logging_mixin.py:188} INFO - [2026-08-02T19:05:43.278+0000] {dag.py:3089} INFO - Sync 1 DAGs
[2026-08-02T19:05:43.298+0000] {logging_mixin.py:188} INFO - [2026-08-02T19:05:43.298+0000] {dag.py:3947} INFO - Setting next_dagrun for latest_only to 2026-08-02 12:00:00+00:00, run_after=2026-08-02 16:00:00+00:00
[2026-08-02T19:05:43.317+0000] {processor.py:183} INFO - Processing /home/airflow/.local/lib/python3.12/site-packages/airflow/example_dags/example_latest_only.py took 0.073 seconds
[2026-08-02T19:06:13.714+0000] {processor.py:161} INFO - Started process (PID=781) to work on /home/airflow/.local/lib/python3.12/site-packages/airflow/example_dags/example_latest_only.py
[2026-08-02T19:06:13.715+0000] {processor.py:830} INFO - Processing file /home/airflow/.local/lib/python3.12/site-packages/airflow/example_dags/example_latest_only.py for tasks to queue
[2026-08-02T19:06:13.718+0000] {logging_mixin.py:188} INFO - [2026-08-02T19:06:13.717+0000] {dagbag.py:545} INFO - Filling up the DagBag from /home/airflow/.local/lib/python3.12/site-packages/airflow/example_dags/example_latest_only.py
[2026-08-02T19:06:13.723+0000] {processor.py:840} INFO - DAG(s) 'latest_only' retrieved from /home/airflow/.local/lib/python3.12/site-packages/airflow/example_dags/example_latest_only.py
[2026-08-02T19:06:13.742+0000] {logging_mixin.py:188} INFO - [2026-08-02T19:06:13.741+0000] {dag.py:3089} INFO - Sync 1 DAGs
[2026-08-02T19:06:13.762+0000] {logging_mixin.py:188} INFO - [2026-08-02T19:06:13.762+0000] {dag.py:3947} INFO - Setting next_dagrun for latest_only to 2026-08-02 12:00:00+00:00, run_after=2026-08-02 16:00:00+00:00
[2026-08-02T19:06:13.782+0000] {processor.py:183} INFO - Processing /home/airflow/.local/lib/python3.12/site-packages/airflow/example_dags/example_latest_only.py took 0.074 seconds
[2026-08-02T19:06:44.434+0000] {processor.py:161} INFO - Started process (PID=840) to work on /home/airflow/.local/lib/python3.12/site-packages/airflow/example_dags/example_latest_only.py
[2026-08-02T19:06:44.436+0000] {processor.py:830} INFO - Processing file /home/airflow/.local/lib/python3.12/site-packages/airflow/example_dags/example_latest_only.py for tasks to queue
[2026-08-02T19:06:44.438+0000] {logging_mixin.py:188} INFO - [2026-08-02T19:06:44.438+0000] {dagbag.py:545} INFO - Filling up the DagBag from /home/airflow/.local/lib/python3.12/site-packages/airflow/example_dags/example_latest_only.py
[2026-08-02T19:06:44.443+0000] {processor.py:840} INFO - DAG(s) 'latest_only' retrieved from /home/airflow/.local/lib/python3.12/site-packages/airflow/example_dags/example_latest_only.py
[2026-08-02T19:06:44.461+0000] {logging_mixin.py:188} INFO - [2026-08-02T19:06:44.461+0000] {dag.py:3089} INFO - Sync 1 DAGs
[2026-08-02T19:06:44.481+0000] {logging_mixin.py:188} INFO - [2026-08-02T19:06:44.481+0000] {dag.py:3947} INFO - Setting next_dagrun for latest_only to 2026-08-02 12:00:00+00:00, run_after=2026-08-02 16:00:00+00:00
[2026-08-02T19:06:44.500+0000] {processor.py:183} INFO - Processing /home/airflow/.local/lib/python3.12/site-packages/airflow/example_dags/example_latest_only.py took 0.071 seconds
[2026-08-02T19:07:15.186+0000] {processor.py:161} INFO - Started process (PID=899) to work on /home/airflow/.local/lib/python3.12/site-packages/airflow/example_dags/example_latest_only.py
[2026-08-02T19:07:15.187+0000] {processor.py:830} INFO - Processing file /home/airflow/.local/lib/python3.12/site-packages/airflow/example_dags/example_latest_only.py for tasks to queue
[2026-08-02T19:07:15.190+0000] {logging_mixin.py:188} INFO - [2026-08-02T19:07:15.189+0000] {dagbag.py:545} INFO - Filling up the DagBag from /home/airflow/.local/lib/python3.12/site-packages/airflow/example_dags/example_latest_only.py
[2026-08-02T19:07:15.195+0000] {processor.py:840} INFO - DAG(s) 'latest_only' retrieved from /home/airflow/.local/lib/python3.12/site-packages/airflow/example_dags/example_latest_only.py
[2026-08-02T19:07:15.215+0000] {logging_mixin.py:188} INFO - [2026-08-02T19:07:15.215+0000] {dag.py:3089} INFO - Sync 1 DAGs
[2026-08-02T19:07:15.239+0000] {logging_mixin.py:188} INFO - [2026-08-02T19:07:15.239+0000] {dag.py:3947} INFO - Setting next_dagrun for latest_only to 2026-08-02 12:00:00+00:00, run_after=2026-08-02 16:00:00+00:00
[2026-08-02T19:07:15.261+0000] {processor.py:183} INFO - Processing /home/airflow/.local/lib/python3.12/site-packages/airflow/example_dags/example_latest_only.py took 0.080 seconds
[2026-08-02T19:07:45.509+0000] {processor.py:161} INFO - Started process (PID=958) to work on /home/airflow/.local/lib/python3.12/site-packages/airflow/example_dags/example_latest_only.py
[2026-08-02T19:07:45.511+0000] {processor.py:830} INFO - Processing file /home/airflow/.local/lib/python3.12/site-packages/airflow/example_dags/example_latest_only.py for tasks to queue
[2026-08-02T19:07:45.514+0000] {logging_mixin.py:188} INFO - [2026-08-02T19:07:45.514+0000] {dagbag.py:545} INFO - Filling up the DagBag from /home/airflow/.local/lib/python3.12/site-packages/airflow/example_dags/example_latest_only.py
[2026-08-02T19:07:45.523+0000] {processor.py:840} INFO - DAG(s) 'latest_only' retrieved from /home/airflow/.local/lib/python3.12/site-packages/airflow/example_dags/example_latest_only.py
[2026-08-02T19:07:45.553+0000] {logging_mixin.py:188} INFO - [2026-08-02T19:07:45.553+0000] {dag.py:3089} INFO - Sync 1 DAGs
[2026-08-02T19:07:45.579+0000] {logging_mixin.py:188} INFO - [2026-08-02T19:07:45.579+0000] {dag.py:3947} INFO - Setting next_dagrun for latest_only to 2026-08-02 12:00:00+00:00, run_after=2026-08-02 16:00:00+00:00
[2026-08-02T19:07:45.603+0000] {processor.py:183} INFO - Processing /home/airflow/.local/lib/python3.12/site-packages/airflow/example_dags/example_latest_only.py took 0.104 seconds
[2026-08-02T19:08:16.015+0000] {processor.py:161} INFO - Started process (PID=1017) to work on /home/airflow/.local/lib/python3.12/site-packages/airflow/example_dags/example_latest_only.py
[2026-08-02T19:08:16.016+0000] {processor.py:830} INFO - Processing file /home/airflow/.local/lib/python3.12/site-packages/airflow/example_dags/example_latest_only.py for tasks to queue
[2026-08-02T19:08:16.019+0000] {logging_mixin.py:188} INFO - [2026-08-02T19:08:16.018+0000] {dagbag.py:545} INFO - Filling up the DagBag from /home/airflow/.local/lib/python3.12/site-packages/airflow/example_dags/example_latest_only.py
[2026-08-02T19:08:16.025+0000] {processor.py:840} INFO - DAG(s) 'latest_only' retrieved from /home/airflow/.local/lib/python3.12/site-packages/airflow/example_dags/example_latest_only.py
[2026-08-02T19:08:16.043+0000] {logging_mixin.py:188} INFO - [2026-08-02T19:08:16.043+0000] {dag.py:3089} INFO - Sync 1 DAGs
[2026-08-02T19:08:16.065+0000] {logging_mixin.py:188} INFO - [2026-08-02T19:08:16.065+0000] {dag.py:3947} INFO - Setting next_dagrun for latest_only to 2026-08-02 12:00:00+00:00, run_after=2026-08-02 16:00:00+00:00
[2026-08-02T19:08:16.084+0000] {processor.py:183} INFO - Processing /home/airflow/.local/lib/python3.12/site-packages/airflow/example_dags/example_latest_only.py took 0.075 seconds
[2026-08-02T19:09:47.988+0000] {processor.py:161} INFO - Started process (PID=102) to work on /home/airflow/.local/lib/python3.12/site-packages/airflow/example_dags/example_latest_only.py
[2026-08-02T19:09:47.991+0000] {processor.py:830} INFO - Processing file /home/airflow/.local/lib/python3.12/site-packages/airflow/example_dags/example_latest_only.py for tasks to queue
[2026-08-02T19:09:47.998+0000] {logging_mixin.py:188} INFO - [2026-08-02T19:09:47.997+0000] {dagbag.py:545} INFO - Filling up the DagBag from /home/airflow/.local/lib/python3.12/site-packages/airflow/example_dags/example_latest_only.py
[2026-08-02T19:09:48.017+0000] {processor.py:840} INFO - DAG(s) 'latest_only' retrieved from /home/airflow/.local/lib/python3.12/site-packages/airflow/example_dags/example_latest_only.py
[2026-08-02T19:09:48.229+0000] {logging_mixin.py:188} INFO - [2026-08-02T19:09:48.228+0000] {dag.py:3089} INFO - Sync 1 DAGs
[2026-08-02T19:09:48.268+0000] {logging_mixin.py:188} INFO - [2026-08-02T19:09:48.268+0000] {dag.py:3947} INFO - Setting next_dagrun for latest_only to 2026-08-02 12:00:00+00:00, run_after=2026-08-02 16:00:00+00:00
[2026-08-02T19:09:48.308+0000] {processor.py:183} INFO - Processing /home/airflow/.local/lib/python3.12/site-packages/airflow/example_dags/example_latest_only.py took 0.334 seconds
[2026-08-02T19:10:18.581+0000] {processor.py:161} INFO - Started process (PID=167) to work on /home/airflow/.local/lib/python3.12/site-packages/airflow/example_dags/example_latest_only.py
[2026-08-02T19:10:18.582+0000] {processor.py:830} INFO - Processing file /home/airflow/.local/lib/python3.12/site-packages/airflow/example_dags/example_latest_only.py for tasks to queue
[2026-08-02T19:10:18.585+0000] {logging_mixin.py:188} INFO - [2026-08-02T19:10:18.585+0000] {dagbag.py:545} INFO - Filling up the DagBag from /home/airflow/.local/lib/python3.12/site-packages/airflow/example_dags/example_latest_only.py
[2026-08-02T19:10:18.591+0000] {processor.py:840} INFO - DAG(s) 'latest_only' retrieved from /home/airflow/.local/lib/python3.12/site-packages/airflow/example_dags/example_latest_only.py
[2026-08-02T19:10:18.612+0000] {logging_mixin.py:188} INFO - [2026-08-02T19:10:18.611+0000] {dag.py:3089} INFO - Sync 1 DAGs
[2026-08-02T19:10:18.635+0000] {logging_mixin.py:188} INFO - [2026-08-02T19:10:18.634+0000] {dag.py:3947} INFO - Setting next_dagrun for latest_only to 2026-08-02 12:00:00+00:00, run_after=2026-08-02 16:00:00+00:00
[2026-08-02T19:10:18.654+0000] {processor.py:183} INFO - Processing /home/airflow/.local/lib/python3.12/site-packages/airflow/example_dags/example_latest_only.py took 0.079 seconds
[2026-08-02T19:10:49.031+0000] {processor.py:161} INFO - Started process (PID=226) to work on /home/airflow/.local/lib/python3.12/site-packages/airflow/example_dags/example_latest_only.py
[2026-08-02T19:10:49.032+0000] {processor.py:830} INFO - Processing file /home/airflow/.local/lib/python3.12/site-packages/airflow/example_dags/example_latest_only.py for tasks to queue
[2026-08-02T19:10:49.037+0000] {logging_mixin.py:188} INFO - [2026-08-02T19:10:49.036+0000] {dagbag.py:545} INFO - Filling up the DagBag from /home/airflow/.local/lib/python3.12/site-packages/airflow/example_dags/example_latest_only.py
[2026-08-02T19:10:49.044+0000] {processor.py:840} INFO - DAG(s) 'latest_only' retrieved from /home/airflow/.local/lib/python3.12/site-packages/airflow/example_dags/example_latest_only.py
[2026-08-02T19:10:49.065+0000] {logging_mixin.py:188} INFO - [2026-08-02T19:10:49.065+0000] {dag.py:3089} INFO - Sync 1 DAGs
[2026-08-02T19:10:49.085+0000] {logging_mixin.py:188} INFO - [2026-08-02T19:10:49.085+0000] {dag.py:3947} INFO - Setting next_dagrun for latest_only to 2026-08-02 12:00:00+00:00, run_after=2026-08-02 16:00:00+00:00
[2026-08-02T19:10:49.102+0000] {processor.py:183} INFO - Processing /home/airflow/.local/lib/python3.12/site-packages/airflow/example_dags/example_latest_only.py took 0.084 seconds
[2026-08-02T19:11:19.962+0000] {processor.py:161} INFO - Started process (PID=285) to work on /home/airflow/.local/lib/python3.12/site-packages/airflow/example_dags/example_latest_only.py
[2026-08-02T19:11:19.964+0000] {processor.py:830} INFO - Processing file /home/airflow/.local/lib/python3.12/site-packages/airflow/example_dags/example_latest_only.py for tasks to queue
[2026-08-02T19:11:19.966+0000] {logging_mixin.py:188} INFO - [2026-08-02T19:11:19.966+0000] {dagbag.py:545} INFO - Filling up the DagBag from /home/airflow/.local/lib/python3.12/site-packages/airflow/example_dags/example_latest_only.py
[2026-08-02T19:11:19.974+0000] {processor.py:840} INFO - DAG(s) 'latest_only' retrieved from /home/airflow/.local/lib/python3.12/site-packages/airflow/example_dags/example_latest_only.py
[2026-08-02T19:11:19.999+0000] {logging_mixin.py:188} INFO - [2026-08-02T19:11:19.998+0000] {dag.py:3089} INFO - Sync 1 DAGs
[2026-08-02T19:11:20.020+0000] {logging_mixin.py:188} INFO - [2026-08-02T19:11:20.020+0000] {dag.py:3947} INFO - Setting next_dagrun for latest_only to 2026-08-02 12:00:00+00:00, run_after=2026-08-02 16:00:00+00:00
[2026-08-02T19:11:20.037+0000] {processor.py:183} INFO - Processing /home/airflow/.local/lib/python3.12/site-packages/airflow/example_dags/example_latest_only.py took 0.082 seconds
[2026-08-02T19:11:50.693+0000] {processor.py:161} INFO - Started process (PID=344) to work on /home/airflow/.local/lib/python3.12/site-packages/airflow/example_dags/example_latest_only.py
[2026-08-02T19:11:50.694+0000] {processor.py:830} INFO - Processing file /home/airflow/.local/lib/python3.12/site-packages/airflow/example_dags/example_latest_only.py for tasks to queue
[2026-08-02T19:11:50.697+0000] {logging_mixin.py:188} INFO - [2026-08-02T19:11:50.697+0000] {dagbag.py:545} INFO - Filling up the DagBag from /home/airflow/.local/lib/python3.12/site-packages/airflow/example_dags/example_latest_only.py
[2026-08-02T19:11:50.704+0000] {processor.py:840} INFO - DAG(s) 'latest_only' retrieved from /home/airflow/.local/lib/python3.12/site-packages/airflow/example_dags/example_latest_only.py
[2026-08-02T19:11:50.724+0000] {logging_mixin.py:188} INFO - [2026-08-02T19:11:50.724+0000] {dag.py:3089} INFO - Sync 1 DAGs
[2026-08-02T19:11:50.744+0000] {logging_mixin.py:188} INFO - [2026-08-02T19:11:50.744+0000] {dag.py:3947} INFO - Setting next_dagrun for latest_only to 2026-08-02 12:00:00+00:00, run_after=2026-08-02 16:00:00+00:00
[2026-08-02T19:11:50.767+0000] {processor.py:183} INFO - Processing /home/airflow/.local/lib/python3.12/site-packages/airflow/example_dags/example_latest_only.py took 0.082 seconds
[2026-08-02T19:12:21.280+0000] {processor.py:161} INFO - Started process (PID=403) to work on /home/airflow/.local/lib/python3.12/site-packages/airflow/example_dags/example_latest_only.py
[2026-08-02T19:12:21.282+0000] {processor.py:830} INFO - Processing file /home/airflow/.local/lib/python3.12/site-packages/airflow/example_dags/example_latest_only.py for tasks to queue
[2026-08-02T19:12:21.284+0000] {logging_mixin.py:188} INFO - [2026-08-02T19:12:21.284+0000] {dagbag.py:545} INFO - Filling up the DagBag from /home/airflow/.local/lib/python3.12/site-packages/airflow/example_dags/example_latest_only.py
[2026-08-02T19:12:21.291+0000] {processor.py:840} INFO - DAG(s) 'latest_only' retrieved from /home/airflow/.local/lib/python3.12/site-packages/airflow/example_dags/example_latest_only.py
[2026-08-02T19:12:21.312+0000] {logging_mixin.py:188} INFO - [2026-08-02T19:12:21.311+0000] {dag.py:3089} INFO - Sync 1 DAGs
[2026-08-02T19:12:21.333+0000] {logging_mixin.py:188} INFO - [2026-08-02T19:12:21.332+0000] {dag.py:3947} INFO - Setting next_dagrun for latest_only to 2026-08-02 12:00:00+00:00, run_after=2026-08-02 16:00:00+00:00
[2026-08-02T19:12:21.352+0000] {processor.py:183} INFO - Processing /home/airflow/.local/lib/python3.12/site-packages/airflow/example_dags/example_latest_only.py took 0.080 seconds
[2026-08-02T19:12:51.612+0000] {processor.py:161} INFO - Started process (PID=462) to work on /home/airflow/.local/lib/python3.12/site-packages/airflow/example_dags/example_latest_only.py
[2026-08-02T19:12:51.613+0000] {processor.py:830} INFO - Processing file /home/airflow/.local/lib/python3.12/site-packages/airflow/example_dags/example_latest_only.py for tasks to queue
[2026-08-02T19:12:51.615+0000] {logging_mixin.py:188} INFO - [2026-08-02T19:12:51.615+0000] {dagbag.py:545} INFO - Filling up the DagBag from /home/airflow/.local/lib/python3.12/site-packages/airflow/example_dags/example_latest_only.py
[2026-08-02T19:12:51.621+0000] {processor.py:840} INFO - DAG(s) 'latest_only' retrieved from /home/airflow/.local/lib/python3.12/site-packages/airflow/example_dags/example_latest_only.py
[2026-08-02T19:12:51.641+0000] {logging_mixin.py:188} INFO - [2026-08-02T19:12:51.641+0000] {dag.py:3089} INFO - Sync 1 DAGs
[2026-08-02T19:12:51.663+0000] {logging_mixin.py:188} INFO - [2026-08-02T19:12:51.663+0000] {dag.py:3947} INFO - Setting next_dagrun for latest_only to 2026-08-02 12:00:00+00:00, run_after=2026-08-02 16:00:00+00:00
[2026-08-02T19:12:51.684+0000] {processor.py:183} INFO - Processing /home/airflow/.local/lib/python3.12/site-packages/airflow/example_dags/example_latest_only.py took 0.078 seconds
[2026-08-02T19:13:22.035+0000] {processor.py:161} INFO - Started process (PID=521) to work on /home/airflow/.local/lib/python3.12/site-packages/airflow/example_dags/example_latest_only.py
[2026-08-02T19:13:22.037+0000] {processor.py:830} INFO - Processing file /home/airflow/.local/lib/python3.12/site-packages/airflow/example_dags/example_latest_only.py for tasks to queue
[2026-08-02T19:13:22.039+0000] {logging_mixin.py:188} INFO - [2026-08-02T19:13:22.039+0000] {dagbag.py:545} INFO - Filling up the DagBag from /home/airflow/.local/lib/python3.12/site-packages/airflow/example_dags/example_latest_only.py
[2026-08-02T19:13:22.045+0000] {processor.py:840} INFO - DAG(s) 'latest_only' retrieved from /home/airflow/.local/lib/python3.12/site-packages/airflow/example_dags/example_latest_only.py
[2026-08-02T19:13:22.066+0000] {logging_mixin.py:188} INFO - [2026-08-02T19:13:22.066+0000] {dag.py:3089} INFO - Sync 1 DAGs
[2026-08-02T19:13:22.091+0000] {logging_mixin.py:188} INFO - [2026-08-02T19:13:22.091+0000] {dag.py:3947} INFO - Setting next_dagrun for latest_only to 2026-08-02 12:00:00+00:00, run_after=2026-08-02 16:00:00+00:00
[2026-08-02T19:13:22.113+0000] {processor.py:183} INFO - Processing /home/airflow/.local/lib/python3.12/site-packages/airflow/example_dags/example_latest_only.py took 0.084 seconds
[2026-08-02T19:13:52.253+0000] {processor.py:161} INFO - Started process (PID=580) to work on /home/airflow/.local/lib/python3.12/site-packages/airflow/example_dags/example_latest_only.py
[2026-08-02T19:13:52.256+0000] {processor.py:830} INFO - Processing file /home/airflow/.local/lib/python3.12/site-packages/airflow/example_dags/example_latest_only.py for tasks to queue
[2026-08-02T19:13:52.259+0000] {logging_mixin.py:188} INFO - [2026-08-02T19:13:52.259+0000] {dagbag.py:545} INFO - Filling up the DagBag from /home/airflow/.local/lib/python3.12/site-packages/airflow/example_dags/example_latest_only.py
[2026-08-02T19:13:52.268+0000] {processor.py:840} INFO - DAG(s) 'latest_only' retrieved from /home/airflow/.local/lib/python3.12/site-packages/airflow/example_dags/example_latest_only.py
[2026-08-02T19:13:52.295+0000] {logging_mixin.py:188} INFO - [2026-08-02T19:13:52.295+0000] {dag.py:3089} INFO - Sync 1 DAGs
[2026-08-02T19:13:52.315+0000] {logging_mixin.py:188} INFO - [2026-08-02T19:13:52.315+0000] {dag.py:3947} INFO - Setting next_dagrun for latest_only to 2026-08-02 12:00:00+00:00, run_after=2026-08-02 16:00:00+00:00
[2026-08-02T19:13:52.332+0000] {processor.py:183} INFO - Processing /home/airflow/.local/lib/python3.12/site-packages/airflow/example_dags/example_latest_only.py took 0.090 seconds
[2026-08-02T19:14:22.672+0000] {processor.py:161} INFO - Started process (PID=639) to work on /home/airflow/.local/lib/python3.12/site-packages/airflow/example_dags/example_latest_only.py
[2026-08-02T19:14:22.674+0000] {processor.py:830} INFO - Processing file /home/airflow/.local/lib/python3.12/site-packages/airflow/example_dags/example_latest_only.py for tasks to queue
[2026-08-02T19:14:22.677+0000] {logging_mixin.py:188} INFO - [2026-08-02T19:14:22.677+0000] {dagbag.py:545} INFO - Filling up the DagBag from /home/airflow/.local/lib/python3.12/site-packages/airflow/example_dags/example_latest_only.py
[2026-08-02T19:14:22.686+0000] {processor.py:840} INFO - DAG(s) 'latest_only' retrieved from /home/airflow/.local/lib/python3.12/site-packages/airflow/example_dags/example_latest_only.py
[2026-08-02T19:14:22.717+0000] {logging_mixin.py:188} INFO - [2026-08-02T19:14:22.717+0000] {dag.py:3089} INFO - Sync 1 DAGs
[2026-08-02T19:14:22.758+0000] {logging_mixin.py:188} INFO - [2026-08-02T19:14:22.757+0000] {dag.py:3947} INFO - Setting next_dagrun for latest_only to 2026-08-02 12:00:00+00:00, run_after=2026-08-02 16:00:00+00:00
[2026-08-02T19:14:22.792+0000] {processor.py:183} INFO - Processing /home/airflow/.local/lib/python3.12/site-packages/airflow/example_dags/example_latest_only.py took 0.129 seconds
[2026-08-02T19:14:53.225+0000] {processor.py:161} INFO - Started process (PID=698) to work on /home/airflow/.local/lib/python3.12/site-packages/airflow/example_dags/example_latest_only.py
[2026-08-02T19:14:53.226+0000] {processor.py:830} INFO - Processing file /home/airflow/.local/lib/python3.12/site-packages/airflow/example_dags/example_latest_only.py for tasks to queue
[2026-08-02T19:14:53.229+0000] {logging_mixin.py:188} INFO - [2026-08-02T19:14:53.228+0000] {dagbag.py:545} INFO - Filling up the DagBag from /home/airflow/.local/lib/python3.12/site-packages/airflow/example_dags/example_latest_only.py
[2026-08-02T19:14:53.234+0000] {processor.py:840} INFO - DAG(s) 'latest_only' retrieved from /home/airflow/.local/lib/python3.12/site-packages/airflow/example_dags/example_latest_only.py
[2026-08-02T19:14:53.253+0000] {logging_mixin.py:188} INFO - [2026-08-02T19:14:53.253+0000] {dag.py:3089} INFO - Sync 1 DAGs
[2026-08-02T19:14:53.273+0000] {logging_mixin.py:188} INFO - [2026-08-02T19:14:53.273+0000] {dag.py:3947} INFO - Setting next_dagrun for latest_only to 2026-08-02 12:00:00+00:00, run_after=2026-08-02 16:00:00+00:00
[2026-08-02T19:14:53.291+0000] {processor.py:183} INFO - Processing /home/airflow/.local/lib/python3.12/site-packages/airflow/example_dags/example_latest_only.py took 0.072 seconds
[2026-08-02T19:15:23.691+0000] {processor.py:161} INFO - Started process (PID=757) to work on /home/airflow/.local/lib/python3.12/site-packages/airflow/example_dags/example_latest_only.py
[2026-08-02T19:15:23.693+0000] {processor.py:830} INFO - Processing file /home/airflow/.local/lib/python3.12/site-packages/airflow/example_dags/example_latest_only.py for tasks to queue
[2026-08-02T19:15:23.695+0000] {logging_mixin.py:188} INFO - [2026-08-02T19:15:23.695+0000] {dagbag.py:545} INFO - Filling up the DagBag from /home/airflow/.local/lib/python3.12/site-packages/airflow/example_dags/example_latest_only.py
[2026-08-02T19:15:23.701+0000] {processor.py:840} INFO - DAG(s) 'latest_only' retrieved from /home/airflow/.local/lib/python3.12/site-packages/airflow/example_dags/example_latest_only.py
[2026-08-02T19:15:23.720+0000] {logging_mixin.py:188} INFO - [2026-08-02T19:15:23.720+0000] {dag.py:3089} INFO - Sync 1 DAGs
[2026-08-02T19:15:23.741+0000] {logging_mixin.py:188} INFO - [2026-08-02T19:15:23.741+0000] {dag.py:3947} INFO - Setting next_dagrun for latest_only to 2026-08-02 12:00:00+00:00, run_after=2026-08-02 16:00:00+00:00
[2026-08-02T19:15:23.761+0000] {processor.py:183} INFO - Processing /home/airflow/.local/lib/python3.12/site-packages/airflow/example_dags/example_latest_only.py took 0.076 seconds
[2026-08-02T19:15:54.411+0000] {processor.py:161} INFO - Started process (PID=816) to work on /home/airflow/.local/lib/python3.12/site-packages/airflow/example_dags/example_latest_only.py
[2026-08-02T19:15:54.413+0000] {processor.py:830} INFO - Processing file /home/airflow/.local/lib/python3.12/site-packages/airflow/example_dags/example_latest_only.py for tasks to queue
[2026-08-02T19:15:54.416+0000] {logging_mixin.py:188} INFO - [2026-08-02T19:15:54.415+0000] {dagbag.py:545} INFO - Filling up the DagBag from /home/airflow/.local/lib/python3.12/site-packages/airflow/example_dags/example_latest_only.py
[2026-08-02T19:15:54.423+0000] {processor.py:840} INFO - DAG(s) 'latest_only' retrieved from /home/airflow/.local/lib/python3.12/site-packages/airflow/example_dags/example_latest_only.py
[2026-08-02T19:15:54.445+0000] {logging_mixin.py:188} INFO - [2026-08-02T19:15:54.445+0000] {dag.py:3089} INFO - Sync 1 DAGs
[2026-08-02T19:15:54.464+0000] {logging_mixin.py:188} INFO - [2026-08-02T19:15:54.464+0000] {dag.py:3947} INFO - Setting next_dagrun for latest_only to 2026-08-02 12:00:00+00:00, run_after=2026-08-02 16:00:00+00:00
[2026-08-02T19:15:54.485+0000] {processor.py:183} INFO - Processing /home/airflow/.local/lib/python3.12/site-packages/airflow/example_dags/example_latest_only.py took 0.084 seconds
[2026-08-02T19:16:24.859+0000] {processor.py:161} INFO - Started process (PID=875) to work on /home/airflow/.local/lib/python3.12/site-packages/airflow/example_dags/example_latest_only.py
[2026-08-02T19:16:24.861+0000] {processor.py:830} INFO - Processing file /home/airflow/.local/lib/python3.12/site-packages/airflow/example_dags/example_latest_only.py for tasks to queue
[2026-08-02T19:16:24.865+0000] {logging_mixin.py:188} INFO - [2026-08-02T19:16:24.864+0000] {dagbag.py:545} INFO - Filling up the DagBag from /home/airflow/.local/lib/python3.12/site-packages/airflow/example_dags/example_latest_only.py
[2026-08-02T19:16:24.870+0000] {processor.py:840} INFO - DAG(s) 'latest_only' retrieved from /home/airflow/.local/lib/python3.12/site-packages/airflow/example_dags/example_latest_only.py
[2026-08-02T19:16:24.891+0000] {logging_mixin.py:188} INFO - [2026-08-02T19:16:24.890+0000] {dag.py:3089} INFO - Sync 1 DAGs
[2026-08-02T19:16:24.911+0000] {logging_mixin.py:188} INFO - [2026-08-02T19:16:24.911+0000] {dag.py:3947} INFO - Setting next_dagrun for latest_only to 2026-08-02 12:00:00+00:00, run_after=2026-08-02 16:00:00+00:00
[2026-08-02T19:16:24.930+0000] {processor.py:183} INFO - Processing /home/airflow/.local/lib/python3.12/site-packages/airflow/example_dags/example_latest_only.py took 0.080 seconds
[2026-08-02T19:16:55.682+0000] {processor.py:161} INFO - Started process (PID=934) to work on /home/airflow/.local/lib/python3.12/site-packages/airflow/example_dags/example_latest_only.py
[2026-08-02T19:16:55.683+0000] {processor.py:830} INFO - Processing file /home/airflow/.local/lib/python3.12/site-packages/airflow/example_dags/example_latest_only.py for tasks to queue
[2026-08-02T19:16:55.686+0000] {logging_mixin.py:188} INFO - [2026-08-02T19:16:55.685+0000] {dagbag.py:545} INFO - Filling up the DagBag from /home/airflow/.local/lib/python3.12/site-packages/airflow/example_dags/example_latest_only.py
[2026-08-02T19:16:55.691+0000] {processor.py:840} INFO - DAG(s) 'latest_only' retrieved from /home/airflow/.local/lib/python3.12/site-packages/airflow/example_dags/example_latest_only.py
[2026-08-02T19:16:55.709+0000] {logging_mixin.py:188} INFO - [2026-08-02T19:16:55.709+0000] {dag.py:3089} INFO - Sync 1 DAGs
[2026-08-02T19:16:55.729+0000] {logging_mixin.py:188} INFO - [2026-08-02T19:16:55.729+0000] {dag.py:3947} INFO - Setting next_dagrun for latest_only to 2026-08-02 12:00:00+00:00, run_after=2026-08-02 16:00:00+00:00
[2026-08-02T19:16:55.747+0000] {processor.py:183} INFO - Processing /home/airflow/.local/lib/python3.12/site-packages/airflow/example_dags/example_latest_only.py took 0.071 seconds
[2026-08-02T19:17:26.447+0000] {processor.py:161} INFO - Started process (PID=993) to work on /home/airflow/.local/lib/python3.12/site-packages/airflow/example_dags/example_latest_only.py
[2026-08-02T19:17:26.449+0000] {processor.py:830} INFO - Processing file /home/airflow/.local/lib/python3.12/site-packages/airflow/example_dags/example_latest_only.py for tasks to queue
[2026-08-02T19:17:26.452+0000] {logging_mixin.py:188} INFO - [2026-08-02T19:17:26.452+0000] {dagbag.py:545} INFO - Filling up the DagBag from /home/airflow/.local/lib/python3.12/site-packages/airflow/example_dags/example_latest_only.py
[2026-08-02T19:17:26.462+0000] {processor.py:840} INFO - DAG(s) 'latest_only' retrieved from /home/airflow/.local/lib/python3.12/site-packages/airflow/example_dags/example_latest_only.py
[2026-08-02T19:17:26.494+0000] {logging_mixin.py:188} INFO - [2026-08-02T19:17:26.494+0000] {dag.py:3089} INFO - Sync 1 DAGs
[2026-08-02T19:17:26.521+0000] {logging_mixin.py:188} INFO - [2026-08-02T19:17:26.521+0000] {dag.py:3947} INFO - Setting next_dagrun for latest_only to 2026-08-02 12:00:00+00:00, run_after=2026-08-02 16:00:00+00:00
[2026-08-02T19:17:26.548+0000] {processor.py:183} INFO - Processing /home/airflow/.local/lib/python3.12/site-packages/airflow/example_dags/example_latest_only.py took 0.115 seconds
[2026-08-02T19:17:56.600+0000] {processor.py:161} INFO - Started process (PID=1052) to work on /home/airflow/.local/lib/python3.12/site-packages/airflow/example_dags/example_latest_only.py
[2026-08-02T19:17:56.602+0000] {processor.py:830} INFO - Processing file /home/airflow/.local/lib/python3.12/site-packages/airflow/example_dags/example_latest_only.py for tasks to queue
[2026-08-02T19:17:56.604+0000] {logging_mixin.py:188} INFO - [2026-08-02T19:17:56.603+0000] {dagbag.py:545} INFO - Filling up the DagBag from /home/airflow/.local/lib/python3.12/site-packages/airflow/example_dags/example_latest_only.py
[2026-08-02T19:17:56.611+0000] {processor.py:840} INFO - DAG(s) 'latest_only' retrieved from /home/airflow/.local/lib/python3.12/site-packages/airflow/example_dags/example_latest_only.py
[2026-08-02T19:17:56.633+0000] {logging_mixin.py:188} INFO - [2026-08-02T19:17:56.633+0000] {dag.py:3089} INFO - Sync 1 DAGs
[2026-08-02T19:17:56.655+0000] {logging_mixin.py:188} INFO - [2026-08-02T19:17:56.655+0000] {dag.py:3947} INFO - Setting next_dagrun for latest_only to 2026-08-02 12:00:00+00:00, run_after=2026-08-02 16:00:00+00:00
[2026-08-02T19:17:56.677+0000] {processor.py:183} INFO - Processing /home/airflow/.local/lib/python3.12/site-packages/airflow/example_dags/example_latest_only.py took 0.084 seconds
[2026-08-02T19:18:26.964+0000] {processor.py:161} INFO - Started process (PID=1111) to work on /home/airflow/.local/lib/python3.12/site-packages/airflow/example_dags/example_latest_only.py
[2026-08-02T19:18:26.966+0000] {processor.py:830} INFO - Processing file /home/airflow/.local/lib/python3.12/site-packages/airflow/example_dags/example_latest_only.py for tasks to queue
[2026-08-02T19:18:26.968+0000] {logging_mixin.py:188} INFO - [2026-08-02T19:18:26.968+0000] {dagbag.py:545} INFO - Filling up the DagBag from /home/airflow/.local/lib/python3.12/site-packages/airflow/example_dags/example_latest_only.py
[2026-08-02T19:18:26.975+0000] {processor.py:840} INFO - DAG(s) 'latest_only' retrieved from /home/airflow/.local/lib/python3.12/site-packages/airflow/example_dags/example_latest_only.py
[2026-08-02T19:18:26.995+0000] {logging_mixin.py:188} INFO - [2026-08-02T19:18:26.995+0000] {dag.py:3089} INFO - Sync 1 DAGs
[2026-08-02T19:18:27.017+0000] {logging_mixin.py:188} INFO - [2026-08-02T19:18:27.016+0000] {dag.py:3947} INFO - Setting next_dagrun for latest_only to 2026-08-02 12:00:00+00:00, run_after=2026-08-02 16:00:00+00:00
[2026-08-02T19:18:27.037+0000] {processor.py:183} INFO - Processing /home/airflow/.local/lib/python3.12/site-packages/airflow/example_dags/example_latest_only.py took 0.079 seconds
[2026-08-02T19:18:57.510+0000] {processor.py:161} INFO - Started process (PID=1170) to work on /home/airflow/.local/lib/python3.12/site-packages/airflow/example_dags/example_latest_only.py
[2026-08-02T19:18:57.512+0000] {processor.py:830} INFO - Processing file /home/airflow/.local/lib/python3.12/site-packages/airflow/example_dags/example_latest_only.py for tasks to queue
[2026-08-02T19:18:57.515+0000] {logging_mixin.py:188} INFO - [2026-08-02T19:18:57.514+0000] {dagbag.py:545} INFO - Filling up the DagBag from /home/airflow/.local/lib/python3.12/site-packages/airflow/example_dags/example_latest_only.py
[2026-08-02T19:18:57.524+0000] {processor.py:840} INFO - DAG(s) 'latest_only' retrieved from /home/airflow/.local/lib/python3.12/site-packages/airflow/example_dags/example_latest_only.py
[2026-08-02T19:18:57.556+0000] {logging_mixin.py:188} INFO - [2026-08-02T19:18:57.556+0000] {dag.py:3089} INFO - Sync 1 DAGs
[2026-08-02T19:18:57.586+0000] {logging_mixin.py:188} INFO - [2026-08-02T19:18:57.585+0000] {dag.py:3947} INFO - Setting next_dagrun for latest_only to 2026-08-02 12:00:00+00:00, run_after=2026-08-02 16:00:00+00:00
[2026-08-02T19:18:57.614+0000] {processor.py:183} INFO - Processing /home/airflow/.local/lib/python3.12/site-packages/airflow/example_dags/example_latest_only.py took 0.115 seconds
[2026-08-02T19:19:28.091+0000] {processor.py:161} INFO - Started process (PID=1229) to work on /home/airflow/.local/lib/python3.12/site-packages/airflow/example_dags/example_latest_only.py
[2026-08-02T19:19:28.093+0000] {processor.py:830} INFO - Processing file /home/airflow/.local/lib/python3.12/site-packages/airflow/example_dags/example_latest_only.py for tasks to queue
[2026-08-02T19:19:28.097+0000] {logging_mixin.py:188} INFO - [2026-08-02T19:19:28.096+0000] {dagbag.py:545} INFO - Filling up the DagBag from /home/airflow/.local/lib/python3.12/site-packages/airflow/example_dags/example_latest_only.py
[2026-08-02T19:19:28.103+0000] {processor.py:840} INFO - DAG(s) 'latest_only' retrieved from /home/airflow/.local/lib/python3.12/site-packages/airflow/example_dags/example_latest_only.py
[2026-08-02T19:19:28.125+0000] {logging_mixin.py:188} INFO - [2026-08-02T19:19:28.124+0000] {dag.py:3089} INFO - Sync 1 DAGs
[2026-08-02T19:19:28.145+0000] {logging_mixin.py:188} INFO - [2026-08-02T19:19:28.145+0000] {dag.py:3947} INFO - Setting next_dagrun for latest_only to 2026-08-02 12:00:00+00:00, run_after=2026-08-02 16:00:00+00:00
[2026-08-02T19:19:28.165+0000] {processor.py:183} INFO - Processing /home/airflow/.local/lib/python3.12/site-packages/airflow/example_dags/example_latest_only.py took 0.084 seconds
[2026-08-02T19:19:58.776+0000] {processor.py:161} INFO - Started process (PID=1288) to work on /home/airflow/.local/lib/python3.12/site-packages/airflow/example_dags/example_latest_only.py
[2026-08-02T19:19:58.778+0000] {processor.py:830} INFO - Processing file /home/airflow/.local/lib/python3.12/site-packages/airflow/example_dags/example_latest_only.py for tasks to queue
[2026-08-02T19:19:58.781+0000] {logging_mixin.py:188} INFO - [2026-08-02T19:19:58.780+0000] {dagbag.py:545} INFO - Filling up the DagBag from /home/airflow/.local/lib/python3.12/site-packages/airflow/example_dags/example_latest_only.py
[2026-08-02T19:19:58.787+0000] {processor.py:840} INFO - DAG(s) 'latest_only' retrieved from /home/airflow/.local/lib/python3.12/site-packages/airflow/example_dags/example_latest_only.py
[2026-08-02T19:19:58.808+0000] {logging_mixin.py:188} INFO - [2026-08-02T19:19:58.807+0000] {dag.py:3089} INFO - Sync 1 DAGs
[2026-08-02T19:19:58.829+0000] {logging_mixin.py:188} INFO - [2026-08-02T19:19:58.829+0000] {dag.py:3947} INFO - Setting next_dagrun for latest_only to 2026-08-02 12:00:00+00:00, run_after=2026-08-02 16:00:00+00:00
[2026-08-02T19:19:58.849+0000] {processor.py:183} INFO - Processing /home/airflow/.local/lib/python3.12/site-packages/airflow/example_dags/example_latest_only.py took 0.082 seconds
[2026-08-02T19:20:28.901+0000] {processor.py:161} INFO - Started process (PID=1346) to work on /home/airflow/.local/lib/python3.12/site-packages/airflow/example_dags/example_latest_only.py
[2026-08-02T19:20:28.904+0000] {processor.py:830} INFO - Processing file /home/airflow/.local/lib/python3.12/site-packages/airflow/example_dags/example_latest_only.py for tasks to queue
[2026-08-02T19:20:28.910+0000] {logging_mixin.py:188} INFO - [2026-08-02T19:20:28.909+0000] {dagbag.py:545} INFO - Filling up the DagBag from /home/airflow/.local/lib/python3.12/site-packages/airflow/example_dags/example_latest_only.py
[2026-08-02T19:20:28.919+0000] {processor.py:840} INFO - DAG(s) 'latest_only' retrieved from /home/airflow/.local/lib/python3.12/site-packages/airflow/example_dags/example_latest_only.py
[2026-08-02T19:20:28.947+0000] {logging_mixin.py:188} INFO - [2026-08-02T19:20:28.946+0000] {dag.py:3089} INFO - Sync 1 DAGs
[2026-08-02T19:20:28.970+0000] {logging_mixin.py:188} INFO - [2026-08-02T19:20:28.970+0000] {dag.py:3947} INFO - Setting next_dagrun for latest_only to 2026-08-02 12:00:00+00:00, run_after=2026-08-02 16:00:00+00:00
[2026-08-02T19:20:28.993+0000] {processor.py:183} INFO - Processing /home/airflow/.local/lib/python3.12/site-packages/airflow/example_dags/example_latest_only.py took 0.102 seconds
