[2026-08-02T18:55:17.755+0000] {processor.py:161} INFO - Started process (PID=111) to work on /home/airflow/.local/lib/python3.12/site-packages/airflow/example_dags/example_short_circuit_decorator.py
[2026-08-02T18:55:17.756+0000] {processor.py:830} INFO - Processing file /home/airflow/.local/lib/python3.12/site-packages/airflow/example_dags/example_short_circuit_decorator.py for tasks to queue
[2026-08-02T18:55:17.759+0000] {logging_mixin.py:188} INFO - [2026-08-02T18:55:17.759+0000] {dagbag.py:545} INFO - Filling up the DagBag from /home/airflow/.local/lib/python3.12/site-packages/airflow/example_dags/example_short_circuit_decorator.py
[2026-08-02T18:55:17.779+0000] {processor.py:840} INFO - DAG(s) 'example_short_circuit_decorator' retrieved from /home/airflow/.local/lib/python3.12/site-packages/airflow/example_dags/example_short_circuit_decorator.py
[2026-08-02T18:55:17.915+0000] {logging_mixin.py:188} INFO - [2026-08-02T18:55:17.915+0000] {dag.py:3089} INFO - Sync 1 DAGs
[2026-08-02T18:55:17.938+0000] {logging_mixin.py:188} INFO - [2026-08-02T18:55:17.938+0000] {dag.py:3947} INFO - Setting next_dagrun for example_short_circuit_decorator to 2026-08-01 00:00:00+00:00, run_after=2026-08-02 00:00:00+00:00
[2026-08-02T18:55:17.961+0000] {processor.py:183} INFO - Processing /home/airflow/.local/lib/python3.12/site-packages/airflow/example_dags/example_short_circuit_decorator.py took 0.213 seconds
[2026-08-02T18:55:48.697+0000] {processor.py:161} INFO - Started process (PID=170) to work on /home/airflow/.local/lib/python3.12/site-packages/airflow/example_dags/example_short_circuit_decorator.py
[2026-08-02T18:55:48.698+0000] {processor.py:830} INFO - Processing file /home/airflow/.local/lib/python3.12/site-packages/airflow/example_dags/example_short_circuit_decorator.py for tasks to queue
[2026-08-02T18:55:48.702+0000] {logging_mixin.py:188} INFO - [2026-08-02T18:55:48.701+0000] {dagbag.py:545} INFO - Filling up the DagBag from /home/airflow/.local/lib/python3.12/site-packages/airflow/example_dags/example_short_circuit_decorator.py
[2026-08-02T18:55:48.715+0000] {processor.py:840} INFO - DAG(s) 'example_short_circuit_decorator' retrieved from /home/airflow/.local/lib/python3.12/site-packages/airflow/example_dags/example_short_circuit_decorator.py
[2026-08-02T18:55:48.751+0000] {logging_mixin.py:188} INFO - [2026-08-02T18:55:48.751+0000] {dag.py:3089} INFO - Sync 1 DAGs
[2026-08-02T18:55:48.778+0000] {logging_mixin.py:188} INFO - [2026-08-02T18:55:48.777+0000] {dag.py:3947} INFO - Setting next_dagrun for example_short_circuit_decorator to 2026-08-01 00:00:00+00:00, run_after=2026-08-02 00:00:00+00:00
[2026-08-02T18:55:48.805+0000] {processor.py:183} INFO - Processing /home/airflow/.local/lib/python3.12/site-packages/airflow/example_dags/example_short_circuit_decorator.py took 0.116 seconds
[2026-08-02T18:56:19.494+0000] {processor.py:161} INFO - Started process (PID=229) to work on /home/airflow/.local/lib/python3.12/site-packages/airflow/example_dags/example_short_circuit_decorator.py
[2026-08-02T18:56:19.496+0000] {processor.py:830} INFO - Processing file /home/airflow/.local/lib/python3.12/site-packages/airflow/example_dags/example_short_circuit_decorator.py for tasks to queue
[2026-08-02T18:56:19.499+0000] {logging_mixin.py:188} INFO - [2026-08-02T18:56:19.499+0000] {dagbag.py:545} INFO - Filling up the DagBag from /home/airflow/.local/lib/python3.12/site-packages/airflow/example_dags/example_short_circuit_decorator.py
[2026-08-02T18:56:19.509+0000] {processor.py:840} INFO - DAG(s) 'example_short_circuit_decorator' retrieved from /home/airflow/.local/lib/python3.12/site-packages/airflow/example_dags/example_short_circuit_decorator.py
[2026-08-02T18:56:19.538+0000] {logging_mixin.py:188} INFO - [2026-08-02T18:56:19.537+0000] {dag.py:3089} INFO - Sync 1 DAGs
[2026-08-02T18:56:19.562+0000] {logging_mixin.py:188} INFO - [2026-08-02T18:56:19.562+0000] {dag.py:3947} INFO - Setting next_dagrun for example_short_circuit_decorator to 2026-08-01 00:00:00+00:00, run_after=2026-08-02 00:00:00+00:00
[2026-08-02T18:56:19.583+0000] {processor.py:183} INFO - Processing /home/airflow/.local/lib/python3.12/site-packages/airflow/example_dags/example_short_circuit_decorator.py took 0.095 seconds
[2026-08-02T18:56:50.039+0000] {processor.py:161} INFO - Started process (PID=288) to work on /home/airflow/.local/lib/python3.12/site-packages/airflow/example_dags/example_short_circuit_decorator.py
[2026-08-02T18:56:50.041+0000] {processor.py:830} INFO - Processing file /home/airflow/.local/lib/python3.12/site-packages/airflow/example_dags/example_short_circuit_decorator.py for tasks to queue
[2026-08-02T18:56:50.043+0000] {logging_mixin.py:188} INFO - [2026-08-02T18:56:50.043+0000] {dagbag.py:545} INFO - Filling up the DagBag from /home/airflow/.local/lib/python3.12/site-packages/airflow/example_dags/example_short_circuit_decorator.py
[2026-08-02T18:56:50.052+0000] {processor.py:840} INFO - DAG(s) 'example_short_circuit_decorator' retrieved from /home/airflow/.local/lib/python3.12/site-packages/airflow/example_dags/example_short_circuit_decorator.py
[2026-08-02T18:56:50.073+0000] {logging_mixin.py:188} INFO - [2026-08-02T18:56:50.073+0000] {dag.py:3089} INFO - Sync 1 DAGs
[2026-08-02T18:56:50.093+0000] {logging_mixin.py:188} INFO - [2026-08-02T18:56:50.093+0000] {dag.py:3947} INFO - Setting next_dagrun for example_short_circuit_decorator to 2026-08-01 00:00:00+00:00, run_after=2026-08-02 00:00:00+00:00
[2026-08-02T18:56:50.113+0000] {processor.py:183} INFO - Processing /home/airflow/.local/lib/python3.12/site-packages/airflow/example_dags/example_short_circuit_decorator.py took 0.083 seconds
[2026-08-02T18:57:20.239+0000] {processor.py:161} INFO - Started process (PID=347) to work on /home/airflow/.local/lib/python3.12/site-packages/airflow/example_dags/example_short_circuit_decorator.py
[2026-08-02T18:57:20.241+0000] {processor.py:830} INFO - Processing file /home/airflow/.local/lib/python3.12/site-packages/airflow/example_dags/example_short_circuit_decorator.py for tasks to queue
[2026-08-02T18:57:20.243+0000] {logging_mixin.py:188} INFO - [2026-08-02T18:57:20.243+0000] {dagbag.py:545} INFO - Filling up the DagBag from /home/airflow/.local/lib/python3.12/site-packages/airflow/example_dags/example_short_circuit_decorator.py
[2026-08-02T18:57:20.252+0000] {processor.py:840} INFO - DAG(s) 'example_short_circuit_decorator' retrieved from /home/airflow/.local/lib/python3.12/site-packages/airflow/example_dags/example_short_circuit_decorator.py
[2026-08-02T18:57:20.277+0000] {logging_mixin.py:188} INFO - [2026-08-02T18:57:20.276+0000] {dag.py:3089} INFO - Sync 1 DAGs
[2026-08-02T18:57:20.297+0000] {logging_mixin.py:188} INFO - [2026-08-02T18:57:20.296+0000] {dag.py:3947} INFO - Setting next_dagrun for example_short_circuit_decorator to 2026-08-01 00:00:00+00:00, run_after=2026-08-02 00:00:00+00:00
[2026-08-02T18:57:20.316+0000] {processor.py:183} INFO - Processing /home/airflow/.local/lib/python3.12/site-packages/airflow/example_dags/example_short_circuit_decorator.py took 0.085 seconds
[2026-08-02T18:57:50.603+0000] {processor.py:161} INFO - Started process (PID=406) to work on /home/airflow/.local/lib/python3.12/site-packages/airflow/example_dags/example_short_circuit_decorator.py
[2026-08-02T18:57:50.604+0000] {processor.py:830} INFO - Processing file /home/airflow/.local/lib/python3.12/site-packages/airflow/example_dags/example_short_circuit_decorator.py for tasks to queue
[2026-08-02T18:57:50.607+0000] {logging_mixin.py:188} INFO - [2026-08-02T18:57:50.607+0000] {dagbag.py:545} INFO - Filling up the DagBag from /home/airflow/.local/lib/python3.12/site-packages/airflow/example_dags/example_short_circuit_decorator.py
[2026-08-02T18:57:50.615+0000] {processor.py:840} INFO - DAG(s) 'example_short_circuit_decorator' retrieved from /home/airflow/.local/lib/python3.12/site-packages/airflow/example_dags/example_short_circuit_decorator.py
[2026-08-02T18:57:50.637+0000] {logging_mixin.py:188} INFO - [2026-08-02T18:57:50.636+0000] {dag.py:3089} INFO - Sync 1 DAGs
[2026-08-02T18:57:50.656+0000] {logging_mixin.py:188} INFO - [2026-08-02T18:57:50.656+0000] {dag.py:3947} INFO - Setting next_dagrun for example_short_circuit_decorator to 2026-08-01 00:00:00+00:00, run_after=2026-08-02 00:00:00+00:00
[2026-08-02T18:57:50.677+0000] {processor.py:183} INFO - Processing /home/airflow/.local/lib/python3.12/site-packages/airflow/example_dags/example_short_circuit_decorator.py took 0.080 seconds
[2026-08-02T19:00:11.535+0000] {processor.py:161} INFO - Started process (PID=98) to work on /home/airflow/.local/lib/python3.12/site-packages/airflow/example_dags/example_short_circuit_decorator.py
[2026-08-02T19:00:11.536+0000] {processor.py:830} INFO - Processing file /home/airflow/.local/lib/python3.12/site-packages/airflow/example_dags/example_short_circuit_decorator.py for tasks to queue
[2026-08-02T19:00:11.539+0000] {logging_mixin.py:188} INFO - [2026-08-02T19:00:11.538+0000] {dagbag.py:545} INFO - Filling up the DagBag from /home/airflow/.local/lib/python3.12/site-packages/airflow/example_dags/example_short_circuit_decorator.py
[2026-08-02T19:00:11.548+0000] {processor.py:840} INFO - DAG(s) 'example_short_circuit_decorator' retrieved from /home/airflow/.local/lib/python3.12/site-packages/airflow/example_dags/example_short_circuit_decorator.py
[2026-08-02T19:00:11.561+0000] {logging_mixin.py:188} INFO - [2026-08-02T19:00:11.561+0000] {dag.py:3089} INFO - Sync 1 DAGs
[2026-08-02T19:00:11.583+0000] {logging_mixin.py:188} INFO - [2026-08-02T19:00:11.583+0000] {dag.py:3947} INFO - Setting next_dagrun for example_short_circuit_decorator to 2026-08-01 00:00:00+00:00, run_after=2026-08-02 00:00:00+00:00
[2026-08-02T19:00:11.604+0000] {processor.py:183} INFO - Processing /home/airflow/.local/lib/python3.12/site-packages/airflow/example_dags/example_short_circuit_decorator.py took 0.075 seconds
[2026-08-02T19:00:42.070+0000] {processor.py:161} INFO - Started process (PID=157) to work on /home/airflow/.local/lib/python3.12/site-packages/airflow/example_dags/example_short_circuit_decorator.py
[2026-08-02T19:00:42.071+0000] {processor.py:830} INFO - Processing file /home/airflow/.local/lib/python3.12/site-packages/airflow/example_dags/example_short_circuit_decorator.py for tasks to queue
[2026-08-02T19:00:42.074+0000] {logging_mixin.py:188} INFO - [2026-08-02T19:00:42.073+0000] {dagbag.py:545} INFO - Filling up the DagBag from /home/airflow/.local/lib/python3.12/site-packages/airflow/example_dags/example_short_circuit_decorator.py
[2026-08-02T19:00:42.082+0000] {processor.py:840} INFO - DAG(s) 'example_short_circuit_decorator' retrieved from /home/airflow/.local/lib/python3.12/site-packages/airflow/example_dags/example_short_circuit_decorator.py
[2026-08-02T19:00:42.173+0000] {logging_mixin.py:188} INFO - [2026-08-02T19:00:42.172+0000] {dag.py:3089} INFO - Sync 1 DAGs
[2026-08-02T19:00:42.193+0000] {logging_mixin.py:188} INFO - [2026-08-02T19:00:42.193+0000] {dag.py:3947} INFO - Setting next_dagrun for example_short_circuit_decorator to 2026-08-01 00:00:00+00:00, run_after=2026-08-02 00:00:00+00:00
[2026-08-02T19:00:42.212+0000] {processor.py:183} INFO - Processing /home/airflow/.local/lib/python3.12/site-packages/airflow/example_dags/example_short_circuit_decorator.py took 0.147 seconds
[2026-08-02T19:01:13.047+0000] {processor.py:161} INFO - Started process (PID=216) to work on /home/airflow/.local/lib/python3.12/site-packages/airflow/example_dags/example_short_circuit_decorator.py
[2026-08-02T19:01:13.049+0000] {processor.py:830} INFO - Processing file /home/airflow/.local/lib/python3.12/site-packages/airflow/example_dags/example_short_circuit_decorator.py for tasks to queue
[2026-08-02T19:01:13.051+0000] {logging_mixin.py:188} INFO - [2026-08-02T19:01:13.051+0000] {dagbag.py:545} INFO - Filling up the DagBag from /home/airflow/.local/lib/python3.12/site-packages/airflow/example_dags/example_short_circuit_decorator.py
[2026-08-02T19:01:13.059+0000] {processor.py:840} INFO - DAG(s) 'example_short_circuit_decorator' retrieved from /home/airflow/.local/lib/python3.12/site-packages/airflow/example_dags/example_short_circuit_decorator.py
[2026-08-02T19:01:13.080+0000] {logging_mixin.py:188} INFO - [2026-08-02T19:01:13.080+0000] {dag.py:3089} INFO - Sync 1 DAGs
[2026-08-02T19:01:13.099+0000] {logging_mixin.py:188} INFO - [2026-08-02T19:01:13.099+0000] {dag.py:3947} INFO - Setting next_dagrun for example_short_circuit_decorator to 2026-08-01 00:00:00+00:00, run_after=2026-08-02 00:00:00+00:00
[2026-08-02T19:01:13.117+0000] {processor.py:183} INFO - Processing /home/airflow/.local/lib/python3.12/site-packages/airflow/example_dags/example_short_circuit_decorator.py took 0.076 seconds
[2026-08-02T19:01:43.761+0000] {processor.py:161} INFO - Started process (PID=276) to work on /home/airflow/.local/lib/python3.12/site-packages/airflow/example_dags/example_short_circuit_decorator.py
[2026-08-02T19:01:43.765+0000] {processor.py:830} INFO - Processing file /home/airflow/.local/lib/python3.12/site-packages/airflow/example_dags/example_short_circuit_decorator.py for tasks to queue
[2026-08-02T19:01:43.769+0000] {logging_mixin.py:188} INFO - [2026-08-02T19:01:43.769+0000] {dagbag.py:545} INFO - Filling up the DagBag from /home/airflow/.local/lib/python3.12/site-packages/airflow/example_dags/example_short_circuit_decorator.py
[2026-08-02T19:01:43.781+0000] {processor.py:840} INFO - DAG(s) 'example_short_circuit_decorator' retrieved from /home/airflow/.local/lib/python3.12/site-packages/airflow/example_dags/example_short_circuit_decorator.py
[2026-08-02T19:01:43.807+0000] {logging_mixin.py:188} INFO - [2026-08-02T19:01:43.807+0000] {dag.py:3089} INFO - Sync 1 DAGs
[2026-08-02T19:01:43.826+0000] {logging_mixin.py:188} INFO - [2026-08-02T19:01:43.826+0000] {dag.py:3947} INFO - Setting next_dagrun for example_short_circuit_decorator to 2026-08-01 00:00:00+00:00, run_after=2026-08-02 00:00:00+00:00
[2026-08-02T19:01:43.846+0000] {processor.py:183} INFO - Processing /home/airflow/.local/lib/python3.12/site-packages/airflow/example_dags/example_short_circuit_decorator.py took 0.101 seconds
[2026-08-02T19:02:13.912+0000] {processor.py:161} INFO - Started process (PID=335) to work on /home/airflow/.local/lib/python3.12/site-packages/airflow/example_dags/example_short_circuit_decorator.py
[2026-08-02T19:02:13.914+0000] {processor.py:830} INFO - Processing file /home/airflow/.local/lib/python3.12/site-packages/airflow/example_dags/example_short_circuit_decorator.py for tasks to queue
[2026-08-02T19:02:13.916+0000] {logging_mixin.py:188} INFO - [2026-08-02T19:02:13.915+0000] {dagbag.py:545} INFO - Filling up the DagBag from /home/airflow/.local/lib/python3.12/site-packages/airflow/example_dags/example_short_circuit_decorator.py
[2026-08-02T19:02:13.922+0000] {processor.py:840} INFO - DAG(s) 'example_short_circuit_decorator' retrieved from /home/airflow/.local/lib/python3.12/site-packages/airflow/example_dags/example_short_circuit_decorator.py
[2026-08-02T19:02:13.942+0000] {logging_mixin.py:188} INFO - [2026-08-02T19:02:13.942+0000] {dag.py:3089} INFO - Sync 1 DAGs
[2026-08-02T19:02:13.962+0000] {logging_mixin.py:188} INFO - [2026-08-02T19:02:13.962+0000] {dag.py:3947} INFO - Setting next_dagrun for example_short_circuit_decorator to 2026-08-01 00:00:00+00:00, run_after=2026-08-02 00:00:00+00:00
[2026-08-02T19:02:13.981+0000] {processor.py:183} INFO - Processing /home/airflow/.local/lib/python3.12/site-packages/airflow/example_dags/example_short_circuit_decorator.py took 0.073 seconds
[2026-08-02T19:02:44.176+0000] {processor.py:161} INFO - Started process (PID=394) to work on /home/airflow/.local/lib/python3.12/site-packages/airflow/example_dags/example_short_circuit_decorator.py
[2026-08-02T19:02:44.178+0000] {processor.py:830} INFO - Processing file /home/airflow/.local/lib/python3.12/site-packages/airflow/example_dags/example_short_circuit_decorator.py for tasks to queue
[2026-08-02T19:02:44.180+0000] {logging_mixin.py:188} INFO - [2026-08-02T19:02:44.180+0000] {dagbag.py:545} INFO - Filling up the DagBag from /home/airflow/.local/lib/python3.12/site-packages/airflow/example_dags/example_short_circuit_decorator.py
[2026-08-02T19:02:44.189+0000] {processor.py:840} INFO - DAG(s) 'example_short_circuit_decorator' retrieved from /home/airflow/.local/lib/python3.12/site-packages/airflow/example_dags/example_short_circuit_decorator.py
[2026-08-02T19:02:44.211+0000] {logging_mixin.py:188} INFO - [2026-08-02T19:02:44.210+0000] {dag.py:3089} INFO - Sync 1 DAGs
[2026-08-02T19:02:44.230+0000] {logging_mixin.py:188} INFO - [2026-08-02T19:02:44.230+0000] {dag.py:3947} INFO - Setting next_dagrun for example_short_circuit_decorator to 2026-08-01 00:00:00+00:00, run_after=2026-08-02 00:00:00+00:00
[2026-08-02T19:02:44.248+0000] {processor.py:183} INFO - Processing /home/airflow/.local/lib/python3.12/site-packages/airflow/example_dags/example_short_circuit_decorator.py took 0.077 seconds
[2026-08-02T19:03:14.409+0000] {processor.py:161} INFO - Started process (PID=453) to work on /home/airflow/.local/lib/python3.12/site-packages/airflow/example_dags/example_short_circuit_decorator.py
[2026-08-02T19:03:14.411+0000] {processor.py:830} INFO - Processing file /home/airflow/.local/lib/python3.12/site-packages/airflow/example_dags/example_short_circuit_decorator.py for tasks to queue
[2026-08-02T19:03:14.413+0000] {logging_mixin.py:188} INFO - [2026-08-02T19:03:14.413+0000] {dagbag.py:545} INFO - Filling up the DagBag from /home/airflow/.local/lib/python3.12/site-packages/airflow/example_dags/example_short_circuit_decorator.py
[2026-08-02T19:03:14.422+0000] {processor.py:840} INFO - DAG(s) 'example_short_circuit_decorator' retrieved from /home/airflow/.local/lib/python3.12/site-packages/airflow/example_dags/example_short_circuit_decorator.py
[2026-08-02T19:03:14.448+0000] {logging_mixin.py:188} INFO - [2026-08-02T19:03:14.448+0000] {dag.py:3089} INFO - Sync 1 DAGs
[2026-08-02T19:03:14.468+0000] {logging_mixin.py:188} INFO - [2026-08-02T19:03:14.468+0000] {dag.py:3947} INFO - Setting next_dagrun for example_short_circuit_decorator to 2026-08-01 00:00:00+00:00, run_after=2026-08-02 00:00:00+00:00
[2026-08-02T19:03:14.487+0000] {processor.py:183} INFO - Processing /home/airflow/.local/lib/python3.12/site-packages/airflow/example_dags/example_short_circuit_decorator.py took 0.084 seconds
[2026-08-02T19:03:45.390+0000] {processor.py:161} INFO - Started process (PID=512) to work on /home/airflow/.local/lib/python3.12/site-packages/airflow/example_dags/example_short_circuit_decorator.py
[2026-08-02T19:03:45.393+0000] {processor.py:830} INFO - Processing file /home/airflow/.local/lib/python3.12/site-packages/airflow/example_dags/example_short_circuit_decorator.py for tasks to queue
[2026-08-02T19:03:45.396+0000] {logging_mixin.py:188} INFO - [2026-08-02T19:03:45.396+0000] {dagbag.py:545} INFO - Filling up the DagBag from /home/airflow/.local/lib/python3.12/site-packages/airflow/example_dags/example_short_circuit_decorator.py
[2026-08-02T19:03:45.408+0000] {processor.py:840} INFO - DAG(s) 'example_short_circuit_decorator' retrieved from /home/airflow/.local/lib/python3.12/site-packages/airflow/example_dags/example_short_circuit_decorator.py
[2026-08-02T19:03:45.428+0000] {logging_mixin.py:188} INFO - [2026-08-02T19:03:45.428+0000] {dag.py:3089} INFO - Sync 1 DAGs
[2026-08-02T19:03:45.450+0000] {logging_mixin.py:188} INFO - [2026-08-02T19:03:45.450+0000] {dag.py:3947} INFO - Setting next_dagrun for example_short_circuit_decorator to 2026-08-01 00:00:00+00:00, run_after=2026-08-02 00:00:00+00:00
[2026-08-02T19:03:45.470+0000] {processor.py:183} INFO - Processing /home/airflow/.local/lib/python3.12/site-packages/airflow/example_dags/example_short_circuit_decorator.py took 0.090 seconds
[2026-08-02T19:04:16.334+0000] {processor.py:161} INFO - Started process (PID=571) to work on /home/airflow/.local/lib/python3.12/site-packages/airflow/example_dags/example_short_circuit_decorator.py
[2026-08-02T19:04:16.335+0000] {processor.py:830} INFO - Processing file /home/airflow/.local/lib/python3.12/site-packages/airflow/example_dags/example_short_circuit_decorator.py for tasks to queue
[2026-08-02T19:04:16.338+0000] {logging_mixin.py:188} INFO - [2026-08-02T19:04:16.337+0000] {dagbag.py:545} INFO - Filling up the DagBag from /home/airflow/.local/lib/python3.12/site-packages/airflow/example_dags/example_short_circuit_decorator.py
[2026-08-02T19:04:16.351+0000] {processor.py:840} INFO - DAG(s) 'example_short_circuit_decorator' retrieved from /home/airflow/.local/lib/python3.12/site-packages/airflow/example_dags/example_short_circuit_decorator.py
[2026-08-02T19:04:16.381+0000] {logging_mixin.py:188} INFO - [2026-08-02T19:04:16.381+0000] {dag.py:3089} INFO - Sync 1 DAGs
[2026-08-02T19:04:16.402+0000] {logging_mixin.py:188} INFO - [2026-08-02T19:04:16.402+0000] {dag.py:3947} INFO - Setting next_dagrun for example_short_circuit_decorator to 2026-08-01 00:00:00+00:00, run_after=2026-08-02 00:00:00+00:00
[2026-08-02T19:04:16.422+0000] {processor.py:183} INFO - Processing /home/airflow/.local/lib/python3.12/site-packages/airflow/example_dags/example_short_circuit_decorator.py took 0.096 seconds
[2026-08-02T19:04:46.858+0000] {processor.py:161} INFO - Started process (PID=630) to work on /home/airflow/.local/lib/python3.12/site-packages/airflow/example_dags/example_short_circuit_decorator.py
[2026-08-02T19:04:46.859+0000] {processor.py:830} INFO - Processing file /home/airflow/.local/lib/python3.12/site-packages/airflow/example_dags/example_short_circuit_decorator.py for tasks to queue
[2026-08-02T19:04:46.862+0000] {logging_mixin.py:188} INFO - [2026-08-02T19:04:46.861+0000] {dagbag.py:545} INFO - Filling up the DagBag from /home/airflow/.local/lib/python3.12/site-packages/airflow/example_dags/example_short_circuit_decorator.py
[2026-08-02T19:04:46.870+0000] {processor.py:840} INFO - DAG(s) 'example_short_circuit_decorator' retrieved from /home/airflow/.local/lib/python3.12/site-packages/airflow/example_dags/example_short_circuit_decorator.py
[2026-08-02T19:04:46.896+0000] {logging_mixin.py:188} INFO - [2026-08-02T19:04:46.896+0000] {dag.py:3089} INFO - Sync 1 DAGs
[2026-08-02T19:04:46.917+0000] {logging_mixin.py:188} INFO - [2026-08-02T19:04:46.917+0000] {dag.py:3947} INFO - Setting next_dagrun for example_short_circuit_decorator to 2026-08-01 00:00:00+00:00, run_after=2026-08-02 00:00:00+00:00
[2026-08-02T19:04:46.936+0000] {processor.py:183} INFO - Processing /home/airflow/.local/lib/python3.12/site-packages/airflow/example_dags/example_short_circuit_decorator.py took 0.084 seconds
[2026-08-02T19:05:17.543+0000] {processor.py:161} INFO - Started process (PID=689) to work on /home/airflow/.local/lib/python3.12/site-packages/airflow/example_dags/example_short_circuit_decorator.py
[2026-08-02T19:05:17.544+0000] {processor.py:830} INFO - Processing file /home/airflow/.local/lib/python3.12/site-packages/airflow/example_dags/example_short_circuit_decorator.py for tasks to queue
[2026-08-02T19:05:17.546+0000] {logging_mixin.py:188} INFO - [2026-08-02T19:05:17.546+0000] {dagbag.py:545} INFO - Filling up the DagBag from /home/airflow/.local/lib/python3.12/site-packages/airflow/example_dags/example_short_circuit_decorator.py
[2026-08-02T19:05:17.555+0000] {processor.py:840} INFO - DAG(s) 'example_short_circuit_decorator' retrieved from /home/airflow/.local/lib/python3.12/site-packages/airflow/example_dags/example_short_circuit_decorator.py
[2026-08-02T19:05:17.577+0000] {logging_mixin.py:188} INFO - [2026-08-02T19:05:17.576+0000] {dag.py:3089} INFO - Sync 1 DAGs
[2026-08-02T19:05:17.595+0000] {logging_mixin.py:188} INFO - [2026-08-02T19:05:17.595+0000] {dag.py:3947} INFO - Setting next_dagrun for example_short_circuit_decorator to 2026-08-01 00:00:00+00:00, run_after=2026-08-02 00:00:00+00:00
[2026-08-02T19:05:17.612+0000] {processor.py:183} INFO - Processing /home/airflow/.local/lib/python3.12/site-packages/airflow/example_dags/example_short_circuit_decorator.py took 0.075 seconds
[2026-08-02T19:05:48.118+0000] {processor.py:161} INFO - Started process (PID=748) to work on /home/airflow/.local/lib/python3.12/site-packages/airflow/example_dags/example_short_circuit_decorator.py
[2026-08-02T19:05:48.119+0000] {processor.py:830} INFO - Processing file /home/airflow/.local/lib/python3.12/site-packages/airflow/example_dags/example_short_circuit_decorator.py for tasks to queue
[2026-08-02T19:05:48.122+0000] {logging_mixin.py:188} INFO - [2026-08-02T19:05:48.121+0000] {dagbag.py:545} INFO - Filling up the DagBag from /home/airflow/.local/lib/python3.12/site-packages/airflow/example_dags/example_short_circuit_decorator.py
[2026-08-02T19:05:48.131+0000] {processor.py:840} INFO - DAG(s) 'example_short_circuit_decorator' retrieved from /home/airflow/.local/lib/python3.12/site-packages/airflow/example_dags/example_short_circuit_decorator.py
[2026-08-02T19:05:48.155+0000] {logging_mixin.py:188} INFO - [2026-08-02T19:05:48.155+0000] {dag.py:3089} INFO - Sync 1 DAGs
[2026-08-02T19:05:48.174+0000] {logging_mixin.py:188} INFO - [2026-08-02T19:05:48.174+0000] {dag.py:3947} INFO - Setting next_dagrun for example_short_circuit_decorator to 2026-08-01 00:00:00+00:00, run_after=2026-08-02 00:00:00+00:00
[2026-08-02T19:05:48.192+0000] {processor.py:183} INFO - Processing /home/airflow/.local/lib/python3.12/site-packages/airflow/example_dags/example_short_circuit_decorator.py took 0.079 seconds
[2026-08-02T19:06:18.631+0000] {processor.py:161} INFO - Started process (PID=807) to work on /home/airflow/.local/lib/python3.12/site-packages/airflow/example_dags/example_short_circuit_decorator.py
[2026-08-02T19:06:18.632+0000] {processor.py:830} INFO - Processing file /home/airflow/.local/lib/python3.12/site-packages/airflow/example_dags/example_short_circuit_decorator.py for tasks to queue
[2026-08-02T19:06:18.634+0000] {logging_mixin.py:188} INFO - [2026-08-02T19:06:18.634+0000] {dagbag.py:545} INFO - Filling up the DagBag from /home/airflow/.local/lib/python3.12/site-packages/airflow/example_dags/example_short_circuit_decorator.py
[2026-08-02T19:06:18.642+0000] {processor.py:840} INFO - DAG(s) 'example_short_circuit_decorator' retrieved from /home/airflow/.local/lib/python3.12/site-packages/airflow/example_dags/example_short_circuit_decorator.py
[2026-08-02T19:06:18.663+0000] {logging_mixin.py:188} INFO - [2026-08-02T19:06:18.663+0000] {dag.py:3089} INFO - Sync 1 DAGs
[2026-08-02T19:06:18.682+0000] {logging_mixin.py:188} INFO - [2026-08-02T19:06:18.682+0000] {dag.py:3947} INFO - Setting next_dagrun for example_short_circuit_decorator to 2026-08-01 00:00:00+00:00, run_after=2026-08-02 00:00:00+00:00
[2026-08-02T19:06:18.700+0000] {processor.py:183} INFO - Processing /home/airflow/.local/lib/python3.12/site-packages/airflow/example_dags/example_short_circuit_decorator.py took 0.075 seconds
[2026-08-02T19:06:49.384+0000] {processor.py:161} INFO - Started process (PID=866) to work on /home/airflow/.local/lib/python3.12/site-packages/airflow/example_dags/example_short_circuit_decorator.py
[2026-08-02T19:06:49.386+0000] {processor.py:830} INFO - Processing file /home/airflow/.local/lib/python3.12/site-packages/airflow/example_dags/example_short_circuit_decorator.py for tasks to queue
[2026-08-02T19:06:49.388+0000] {logging_mixin.py:188} INFO - [2026-08-02T19:06:49.388+0000] {dagbag.py:545} INFO - Filling up the DagBag from /home/airflow/.local/lib/python3.12/site-packages/airflow/example_dags/example_short_circuit_decorator.py
[2026-08-02T19:06:49.397+0000] {processor.py:840} INFO - DAG(s) 'example_short_circuit_decorator' retrieved from /home/airflow/.local/lib/python3.12/site-packages/airflow/example_dags/example_short_circuit_decorator.py
[2026-08-02T19:06:49.420+0000] {logging_mixin.py:188} INFO - [2026-08-02T19:06:49.419+0000] {dag.py:3089} INFO - Sync 1 DAGs
[2026-08-02T19:06:49.442+0000] {logging_mixin.py:188} INFO - [2026-08-02T19:06:49.441+0000] {dag.py:3947} INFO - Setting next_dagrun for example_short_circuit_decorator to 2026-08-01 00:00:00+00:00, run_after=2026-08-02 00:00:00+00:00
[2026-08-02T19:06:49.464+0000] {processor.py:183} INFO - Processing /home/airflow/.local/lib/python3.12/site-packages/airflow/example_dags/example_short_circuit_decorator.py took 0.086 seconds
[2026-08-02T19:07:19.877+0000] {processor.py:161} INFO - Started process (PID=925) to work on /home/airflow/.local/lib/python3.12/site-packages/airflow/example_dags/example_short_circuit_decorator.py
[2026-08-02T19:07:19.878+0000] {processor.py:830} INFO - Processing file /home/airflow/.local/lib/python3.12/site-packages/airflow/example_dags/example_short_circuit_decorator.py for tasks to queue
[2026-08-02T19:07:19.880+0000] {logging_mixin.py:188} INFO - [2026-08-02T19:07:19.880+0000] {dagbag.py:545} INFO - Filling up the DagBag from /home/airflow/.local/lib/python3.12/site-packages/airflow/example_dags/example_short_circuit_decorator.py
[2026-08-02T19:07:19.887+0000] {processor.py:840} INFO - DAG(s) 'example_short_circuit_decorator' retrieved from /home/airflow/.local/lib/python3.12/site-packages/airflow/example_dags/example_short_circuit_decorator.py
[2026-08-02T19:07:19.905+0000] {logging_mixin.py:188} INFO - [2026-08-02T19:07:19.905+0000] {dag.py:3089} INFO - Sync 1 DAGs
[2026-08-02T19:07:19.921+0000] {logging_mixin.py:188} INFO - [2026-08-02T19:07:19.921+0000] {dag.py:3947} INFO - Setting next_dagrun for example_short_circuit_decorator to 2026-08-01 00:00:00+00:00, run_after=2026-08-02 00:00:00+00:00
[2026-08-02T19:07:19.937+0000] {processor.py:183} INFO - Processing /home/airflow/.local/lib/python3.12/site-packages/airflow/example_dags/example_short_circuit_decorator.py took 0.065 seconds
[2026-08-02T19:07:50.505+0000] {processor.py:161} INFO - Started process (PID=984) to work on /home/airflow/.local/lib/python3.12/site-packages/airflow/example_dags/example_short_circuit_decorator.py
[2026-08-02T19:07:50.506+0000] {processor.py:830} INFO - Processing file /home/airflow/.local/lib/python3.12/site-packages/airflow/example_dags/example_short_circuit_decorator.py for tasks to queue
[2026-08-02T19:07:50.509+0000] {logging_mixin.py:188} INFO - [2026-08-02T19:07:50.509+0000] {dagbag.py:545} INFO - Filling up the DagBag from /home/airflow/.local/lib/python3.12/site-packages/airflow/example_dags/example_short_circuit_decorator.py
[2026-08-02T19:07:50.519+0000] {processor.py:840} INFO - DAG(s) 'example_short_circuit_decorator' retrieved from /home/airflow/.local/lib/python3.12/site-packages/airflow/example_dags/example_short_circuit_decorator.py
[2026-08-02T19:07:50.543+0000] {logging_mixin.py:188} INFO - [2026-08-02T19:07:50.543+0000] {dag.py:3089} INFO - Sync 1 DAGs
[2026-08-02T19:07:50.566+0000] {logging_mixin.py:188} INFO - [2026-08-02T19:07:50.565+0000] {dag.py:3947} INFO - Setting next_dagrun for example_short_circuit_decorator to 2026-08-01 00:00:00+00:00, run_after=2026-08-02 00:00:00+00:00
[2026-08-02T19:07:50.586+0000] {processor.py:183} INFO - Processing /home/airflow/.local/lib/python3.12/site-packages/airflow/example_dags/example_short_circuit_decorator.py took 0.087 seconds
[2026-08-02T19:08:20.791+0000] {processor.py:161} INFO - Started process (PID=1043) to work on /home/airflow/.local/lib/python3.12/site-packages/airflow/example_dags/example_short_circuit_decorator.py
[2026-08-02T19:08:20.793+0000] {processor.py:830} INFO - Processing file /home/airflow/.local/lib/python3.12/site-packages/airflow/example_dags/example_short_circuit_decorator.py for tasks to queue
[2026-08-02T19:08:20.795+0000] {logging_mixin.py:188} INFO - [2026-08-02T19:08:20.795+0000] {dagbag.py:545} INFO - Filling up the DagBag from /home/airflow/.local/lib/python3.12/site-packages/airflow/example_dags/example_short_circuit_decorator.py
[2026-08-02T19:08:20.804+0000] {processor.py:840} INFO - DAG(s) 'example_short_circuit_decorator' retrieved from /home/airflow/.local/lib/python3.12/site-packages/airflow/example_dags/example_short_circuit_decorator.py
[2026-08-02T19:08:20.829+0000] {logging_mixin.py:188} INFO - [2026-08-02T19:08:20.829+0000] {dag.py:3089} INFO - Sync 1 DAGs
[2026-08-02T19:08:20.851+0000] {logging_mixin.py:188} INFO - [2026-08-02T19:08:20.850+0000] {dag.py:3947} INFO - Setting next_dagrun for example_short_circuit_decorator to 2026-08-01 00:00:00+00:00, run_after=2026-08-02 00:00:00+00:00
[2026-08-02T19:08:20.872+0000] {processor.py:183} INFO - Processing /home/airflow/.local/lib/python3.12/site-packages/airflow/example_dags/example_short_circuit_decorator.py took 0.087 seconds
[2026-08-02T19:09:52.863+0000] {processor.py:161} INFO - Started process (PID=134) to work on /home/airflow/.local/lib/python3.12/site-packages/airflow/example_dags/example_short_circuit_decorator.py
[2026-08-02T19:09:52.865+0000] {processor.py:830} INFO - Processing file /home/airflow/.local/lib/python3.12/site-packages/airflow/example_dags/example_short_circuit_decorator.py for tasks to queue
[2026-08-02T19:09:52.867+0000] {logging_mixin.py:188} INFO - [2026-08-02T19:09:52.867+0000] {dagbag.py:545} INFO - Filling up the DagBag from /home/airflow/.local/lib/python3.12/site-packages/airflow/example_dags/example_short_circuit_decorator.py
[2026-08-02T19:09:52.879+0000] {processor.py:840} INFO - DAG(s) 'example_short_circuit_decorator' retrieved from /home/airflow/.local/lib/python3.12/site-packages/airflow/example_dags/example_short_circuit_decorator.py
[2026-08-02T19:09:52.995+0000] {logging_mixin.py:188} INFO - [2026-08-02T19:09:52.994+0000] {dag.py:3089} INFO - Sync 1 DAGs
[2026-08-02T19:09:53.018+0000] {logging_mixin.py:188} INFO - [2026-08-02T19:09:53.018+0000] {dag.py:3947} INFO - Setting next_dagrun for example_short_circuit_decorator to 2026-08-01 00:00:00+00:00, run_after=2026-08-02 00:00:00+00:00
[2026-08-02T19:09:53.043+0000] {processor.py:183} INFO - Processing /home/airflow/.local/lib/python3.12/site-packages/airflow/example_dags/example_short_circuit_decorator.py took 0.186 seconds
[2026-08-02T19:10:23.200+0000] {processor.py:161} INFO - Started process (PID=193) to work on /home/airflow/.local/lib/python3.12/site-packages/airflow/example_dags/example_short_circuit_decorator.py
[2026-08-02T19:10:23.202+0000] {processor.py:830} INFO - Processing file /home/airflow/.local/lib/python3.12/site-packages/airflow/example_dags/example_short_circuit_decorator.py for tasks to queue
[2026-08-02T19:10:23.204+0000] {logging_mixin.py:188} INFO - [2026-08-02T19:10:23.204+0000] {dagbag.py:545} INFO - Filling up the DagBag from /home/airflow/.local/lib/python3.12/site-packages/airflow/example_dags/example_short_circuit_decorator.py
[2026-08-02T19:10:23.214+0000] {processor.py:840} INFO - DAG(s) 'example_short_circuit_decorator' retrieved from /home/airflow/.local/lib/python3.12/site-packages/airflow/example_dags/example_short_circuit_decorator.py
[2026-08-02T19:10:23.236+0000] {logging_mixin.py:188} INFO - [2026-08-02T19:10:23.236+0000] {dag.py:3089} INFO - Sync 1 DAGs
[2026-08-02T19:10:23.257+0000] {logging_mixin.py:188} INFO - [2026-08-02T19:10:23.256+0000] {dag.py:3947} INFO - Setting next_dagrun for example_short_circuit_decorator to 2026-08-01 00:00:00+00:00, run_after=2026-08-02 00:00:00+00:00
[2026-08-02T19:10:23.276+0000] {processor.py:183} INFO - Processing /home/airflow/.local/lib/python3.12/site-packages/airflow/example_dags/example_short_circuit_decorator.py took 0.081 seconds
[2026-08-02T19:10:53.811+0000] {processor.py:161} INFO - Started process (PID=252) to work on /home/airflow/.local/lib/python3.12/site-packages/airflow/example_dags/example_short_circuit_decorator.py
[2026-08-02T19:10:53.812+0000] {processor.py:830} INFO - Processing file /home/airflow/.local/lib/python3.12/site-packages/airflow/example_dags/example_short_circuit_decorator.py for tasks to queue
[2026-08-02T19:10:53.815+0000] {logging_mixin.py:188} INFO - [2026-08-02T19:10:53.814+0000] {dagbag.py:545} INFO - Filling up the DagBag from /home/airflow/.local/lib/python3.12/site-packages/airflow/example_dags/example_short_circuit_decorator.py
[2026-08-02T19:10:53.824+0000] {processor.py:840} INFO - DAG(s) 'example_short_circuit_decorator' retrieved from /home/airflow/.local/lib/python3.12/site-packages/airflow/example_dags/example_short_circuit_decorator.py
[2026-08-02T19:10:53.848+0000] {logging_mixin.py:188} INFO - [2026-08-02T19:10:53.848+0000] {dag.py:3089} INFO - Sync 1 DAGs
[2026-08-02T19:10:53.871+0000] {logging_mixin.py:188} INFO - [2026-08-02T19:10:53.870+0000] {dag.py:3947} INFO - Setting next_dagrun for example_short_circuit_decorator to 2026-08-01 00:00:00+00:00, run_after=2026-08-02 00:00:00+00:00
[2026-08-02T19:10:53.892+0000] {processor.py:183} INFO - Processing /home/airflow/.local/lib/python3.12/site-packages/airflow/example_dags/example_short_circuit_decorator.py took 0.089 seconds
[2026-08-02T19:11:24.097+0000] {processor.py:161} INFO - Started process (PID=311) to work on /home/airflow/.local/lib/python3.12/site-packages/airflow/example_dags/example_short_circuit_decorator.py
[2026-08-02T19:11:24.099+0000] {processor.py:830} INFO - Processing file /home/airflow/.local/lib/python3.12/site-packages/airflow/example_dags/example_short_circuit_decorator.py for tasks to queue
[2026-08-02T19:11:24.101+0000] {logging_mixin.py:188} INFO - [2026-08-02T19:11:24.101+0000] {dagbag.py:545} INFO - Filling up the DagBag from /home/airflow/.local/lib/python3.12/site-packages/airflow/example_dags/example_short_circuit_decorator.py
[2026-08-02T19:11:24.111+0000] {processor.py:840} INFO - DAG(s) 'example_short_circuit_decorator' retrieved from /home/airflow/.local/lib/python3.12/site-packages/airflow/example_dags/example_short_circuit_decorator.py
[2026-08-02T19:11:24.137+0000] {logging_mixin.py:188} INFO - [2026-08-02T19:11:24.137+0000] {dag.py:3089} INFO - Sync 1 DAGs
[2026-08-02T19:11:24.165+0000] {logging_mixin.py:188} INFO - [2026-08-02T19:11:24.165+0000] {dag.py:3947} INFO - Setting next_dagrun for example_short_circuit_decorator to 2026-08-01 00:00:00+00:00, run_after=2026-08-02 00:00:00+00:00
[2026-08-02T19:11:24.187+0000] {processor.py:183} INFO - Processing /home/airflow/.local/lib/python3.12/site-packages/airflow/example_dags/example_short_circuit_decorator.py took 0.097 seconds
[2026-08-02T19:11:54.751+0000] {processor.py:161} INFO - Started process (PID=370) to work on /home/airflow/.local/lib/python3.12/site-packages/airflow/example_dags/example_short_circuit_decorator.py
[2026-08-02T19:11:54.752+0000] {processor.py:830} INFO - Processing file /home/airflow/.local/lib/python3.12/site-packages/airflow/example_dags/example_short_circuit_decorator.py for tasks to queue
[2026-08-02T19:11:54.755+0000] {logging_mixin.py:188} INFO - [2026-08-02T19:11:54.754+0000] {dagbag.py:545} INFO - Filling up the DagBag from /home/airflow/.local/lib/python3.12/site-packages/airflow/example_dags/example_short_circuit_decorator.py
[2026-08-02T19:11:54.764+0000] {processor.py:840} INFO - DAG(s) 'example_short_circuit_decorator' retrieved from /home/airflow/.local/lib/python3.12/site-packages/airflow/example_dags/example_short_circuit_decorator.py
[2026-08-02T19:11:54.790+0000] {logging_mixin.py:188} INFO - [2026-08-02T19:11:54.790+0000] {dag.py:3089} INFO - Sync 1 DAGs
[2026-08-02T19:11:54.811+0000] {logging_mixin.py:188} INFO - [2026-08-02T19:11:54.811+0000] {dag.py:3947} INFO - Setting next_dagrun for example_short_circuit_decorator to 2026-08-01 00:00:00+00:00, run_after=2026-08-02 00:00:00+00:00
[2026-08-02T19:11:54.830+0000] {processor.py:183} INFO - Processing /home/airflow/.local/lib/python3.12/site-packages/airflow/example_dags/example_short_circuit_decorator.py took 0.085 seconds
[2026-08-02T19:12:25.068+0000] {processor.py:161} INFO - Started process (PID=429) to work on /home/airflow/.local/lib/python3.12/site-packages/airflow/example_dags/example_short_circuit_decorator.py
[2026-08-02T19:12:25.070+0000] {processor.py:830} INFO - Processing file /home/airflow/.local/lib/python3.12/site-packages/airflow/example_dags/example_short_circuit_decorator.py for tasks to queue
[2026-08-02T19:12:25.072+0000] {logging_mixin.py:188} INFO - [2026-08-02T19:12:25.071+0000] {dagbag.py:545} INFO - Filling up the DagBag from /home/airflow/.local/lib/python3.12/site-packages/airflow/example_dags/example_short_circuit_decorator.py
[2026-08-02T19:12:25.080+0000] {processor.py:840} INFO - DAG(s) 'example_short_circuit_decorator' retrieved from /home/airflow/.local/lib/python3.12/site-packages/airflow/example_dags/example_short_circuit_decorator.py
[2026-08-02T19:12:25.103+0000] {logging_mixin.py:188} INFO - [2026-08-02T19:12:25.102+0000] {dag.py:3089} INFO - Sync 1 DAGs
[2026-08-02T19:12:25.124+0000] {logging_mixin.py:188} INFO - [2026-08-02T19:12:25.123+0000] {dag.py:3947} INFO - Setting next_dagrun for example_short_circuit_decorator to 2026-08-01 00:00:00+00:00, run_after=2026-08-02 00:00:00+00:00
[2026-08-02T19:12:25.143+0000] {processor.py:183} INFO - Processing /home/airflow/.local/lib/python3.12/site-packages/airflow/example_dags/example_short_circuit_decorator.py took 0.081 seconds
[2026-08-02T19:12:55.634+0000] {processor.py:161} INFO - Started process (PID=488) to work on /home/airflow/.local/lib/python3.12/site-packages/airflow/example_dags/example_short_circuit_decorator.py
[2026-08-02T19:12:55.636+0000] {processor.py:830} INFO - Processing file /home/airflow/.local/lib/python3.12/site-packages/airflow/example_dags/example_short_circuit_decorator.py for tasks to queue
[2026-08-02T19:12:55.638+0000] {logging_mixin.py:188} INFO - [2026-08-02T19:12:55.638+0000] {dagbag.py:545} INFO - Filling up the DagBag from /home/airflow/.local/lib/python3.12/site-packages/airflow/example_dags/example_short_circuit_decorator.py
[2026-08-02T19:12:55.652+0000] {processor.py:840} INFO - DAG(s) 'example_short_circuit_decorator' retrieved from /home/airflow/.local/lib/python3.12/site-packages/airflow/example_dags/example_short_circuit_decorator.py
[2026-08-02T19:12:55.678+0000] {logging_mixin.py:188} INFO - [2026-08-02T19:12:55.678+0000] {dag.py:3089} INFO - Sync 1 DAGs
[2026-08-02T19:12:55.701+0000] {logging_mixin.py:188} INFO - [2026-08-02T19:12:55.701+0000] {dag.py:3947} INFO - Setting next_dagrun for example_short_circuit_decorator to 2026-08-01 00:00:00+00:00, run_after=2026-08-02 00:00:00+00:00
[2026-08-02T19:12:55.725+0000] {processor.py:183} INFO - Processing /home/airflow/.local/lib/python3.12/site-packages/airflow/example_dags/example_short_circuit_decorator.py took 0.098 seconds
[2026-08-02T19:13:26.154+0000] {processor.py:161} INFO - Started process (PID=547) to work on /home/airflow/.local/lib/python3.12/site-packages/airflow/example_dags/example_short_circuit_decorator.py
[2026-08-02T19:13:26.156+0000] {processor.py:830} INFO - Processing file /home/airflow/.local/lib/python3.12/site-packages/airflow/example_dags/example_short_circuit_decorator.py for tasks to queue
[2026-08-02T19:13:26.158+0000] {logging_mixin.py:188} INFO - [2026-08-02T19:13:26.157+0000] {dagbag.py:545} INFO - Filling up the DagBag from /home/airflow/.local/lib/python3.12/site-packages/airflow/example_dags/example_short_circuit_decorator.py
[2026-08-02T19:13:26.166+0000] {processor.py:840} INFO - DAG(s) 'example_short_circuit_decorator' retrieved from /home/airflow/.local/lib/python3.12/site-packages/airflow/example_dags/example_short_circuit_decorator.py
[2026-08-02T19:13:26.214+0000] {logging_mixin.py:188} INFO - [2026-08-02T19:13:26.214+0000] {dag.py:3089} INFO - Sync 1 DAGs
[2026-08-02T19:13:26.248+0000] {logging_mixin.py:188} INFO - [2026-08-02T19:13:26.248+0000] {dag.py:3947} INFO - Setting next_dagrun for example_short_circuit_decorator to 2026-08-01 00:00:00+00:00, run_after=2026-08-02 00:00:00+00:00
[2026-08-02T19:13:26.277+0000] {processor.py:183} INFO - Processing /home/airflow/.local/lib/python3.12/site-packages/airflow/example_dags/example_short_circuit_decorator.py took 0.129 seconds
[2026-08-02T19:13:56.752+0000] {processor.py:161} INFO - Started process (PID=606) to work on /home/airflow/.local/lib/python3.12/site-packages/airflow/example_dags/example_short_circuit_decorator.py
[2026-08-02T19:13:56.753+0000] {processor.py:830} INFO - Processing file /home/airflow/.local/lib/python3.12/site-packages/airflow/example_dags/example_short_circuit_decorator.py for tasks to queue
[2026-08-02T19:13:56.756+0000] {logging_mixin.py:188} INFO - [2026-08-02T19:13:56.755+0000] {dagbag.py:545} INFO - Filling up the DagBag from /home/airflow/.local/lib/python3.12/site-packages/airflow/example_dags/example_short_circuit_decorator.py
[2026-08-02T19:13:56.765+0000] {processor.py:840} INFO - DAG(s) 'example_short_circuit_decorator' retrieved from /home/airflow/.local/lib/python3.12/site-packages/airflow/example_dags/example_short_circuit_decorator.py
[2026-08-02T19:13:56.788+0000] {logging_mixin.py:188} INFO - [2026-08-02T19:13:56.788+0000] {dag.py:3089} INFO - Sync 1 DAGs
[2026-08-02T19:13:56.809+0000] {logging_mixin.py:188} INFO - [2026-08-02T19:13:56.809+0000] {dag.py:3947} INFO - Setting next_dagrun for example_short_circuit_decorator to 2026-08-01 00:00:00+00:00, run_after=2026-08-02 00:00:00+00:00
[2026-08-02T19:13:56.829+0000] {processor.py:183} INFO - Processing /home/airflow/.local/lib/python3.12/site-packages/airflow/example_dags/example_short_circuit_decorator.py took 0.083 seconds
[2026-08-02T19:14:27.626+0000] {processor.py:161} INFO - Started process (PID=665) to work on /home/airflow/.local/lib/python3.12/site-packages/airflow/example_dags/example_short_circuit_decorator.py
[2026-08-02T19:14:27.627+0000] {processor.py:830} INFO - Processing file /home/airflow/.local/lib/python3.12/site-packages/airflow/example_dags/example_short_circuit_decorator.py for tasks to queue
[2026-08-02T19:14:27.630+0000] {logging_mixin.py:188} INFO - [2026-08-02T19:14:27.629+0000] {dagbag.py:545} INFO - Filling up the DagBag from /home/airflow/.local/lib/python3.12/site-packages/airflow/example_dags/example_short_circuit_decorator.py
[2026-08-02T19:14:27.638+0000] {processor.py:840} INFO - DAG(s) 'example_short_circuit_decorator' retrieved from /home/airflow/.local/lib/python3.12/site-packages/airflow/example_dags/example_short_circuit_decorator.py
[2026-08-02T19:14:27.661+0000] {logging_mixin.py:188} INFO - [2026-08-02T19:14:27.660+0000] {dag.py:3089} INFO - Sync 1 DAGs
[2026-08-02T19:14:27.681+0000] {logging_mixin.py:188} INFO - [2026-08-02T19:14:27.681+0000] {dag.py:3947} INFO - Setting next_dagrun for example_short_circuit_decorator to 2026-08-01 00:00:00+00:00, run_after=2026-08-02 00:00:00+00:00
[2026-08-02T19:14:27.701+0000] {processor.py:183} INFO - Processing /home/airflow/.local/lib/python3.12/site-packages/airflow/example_dags/example_short_circuit_decorator.py took 0.082 seconds
[2026-08-02T19:14:58.028+0000] {processor.py:161} INFO - Started process (PID=724) to work on /home/airflow/.local/lib/python3.12/site-packages/airflow/example_dags/example_short_circuit_decorator.py
[2026-08-02T19:14:58.029+0000] {processor.py:830} INFO - Processing file /home/airflow/.local/lib/python3.12/site-packages/airflow/example_dags/example_short_circuit_decorator.py for tasks to queue
[2026-08-02T19:14:58.031+0000] {logging_mixin.py:188} INFO - [2026-08-02T19:14:58.031+0000] {dagbag.py:545} INFO - Filling up the DagBag from /home/airflow/.local/lib/python3.12/site-packages/airflow/example_dags/example_short_circuit_decorator.py
[2026-08-02T19:14:58.040+0000] {processor.py:840} INFO - DAG(s) 'example_short_circuit_decorator' retrieved from /home/airflow/.local/lib/python3.12/site-packages/airflow/example_dags/example_short_circuit_decorator.py
[2026-08-02T19:14:58.061+0000] {logging_mixin.py:188} INFO - [2026-08-02T19:14:58.061+0000] {dag.py:3089} INFO - Sync 1 DAGs
[2026-08-02T19:14:58.082+0000] {logging_mixin.py:188} INFO - [2026-08-02T19:14:58.082+0000] {dag.py:3947} INFO - Setting next_dagrun for example_short_circuit_decorator to 2026-08-01 00:00:00+00:00, run_after=2026-08-02 00:00:00+00:00
[2026-08-02T19:14:58.102+0000] {processor.py:183} INFO - Processing /home/airflow/.local/lib/python3.12/site-packages/airflow/example_dags/example_short_circuit_decorator.py took 0.079 seconds
[2026-08-02T19:15:28.395+0000] {processor.py:161} INFO - Started process (PID=783) to work on /home/airflow/.local/lib/python3.12/site-packages/airflow/example_dags/example_short_circuit_decorator.py
[2026-08-02T19:15:28.397+0000] {processor.py:830} INFO - Processing file /home/airflow/.local/lib/python3.12/site-packages/airflow/example_dags/example_short_circuit_decorator.py for tasks to queue
[2026-08-02T19:15:28.399+0000] {logging_mixin.py:188} INFO - [2026-08-02T19:15:28.399+0000] {dagbag.py:545} INFO - Filling up the DagBag from /home/airflow/.local/lib/python3.12/site-packages/airflow/example_dags/example_short_circuit_decorator.py
[2026-08-02T19:15:28.408+0000] {processor.py:840} INFO - DAG(s) 'example_short_circuit_decorator' retrieved from /home/airflow/.local/lib/python3.12/site-packages/airflow/example_dags/example_short_circuit_decorator.py
[2026-08-02T19:15:28.430+0000] {logging_mixin.py:188} INFO - [2026-08-02T19:15:28.430+0000] {dag.py:3089} INFO - Sync 1 DAGs
[2026-08-02T19:15:28.450+0000] {logging_mixin.py:188} INFO - [2026-08-02T19:15:28.450+0000] {dag.py:3947} INFO - Setting next_dagrun for example_short_circuit_decorator to 2026-08-01 00:00:00+00:00, run_after=2026-08-02 00:00:00+00:00
[2026-08-02T19:15:28.469+0000] {processor.py:183} INFO - Processing /home/airflow/.local/lib/python3.12/site-packages/airflow/example_dags/example_short_circuit_decorator.py took 0.080 seconds
[2026-08-02T19:15:59.337+0000] {processor.py:161} INFO - Started process (PID=842) to work on /home/airflow/.local/lib/python3.12/site-packages/airflow/example_dags/example_short_circuit_decorator.py
[2026-08-02T19:15:59.338+0000] {processor.py:830} INFO - Processing file /home/airflow/.local/lib/python3.12/site-packages/airflow/example_dags/example_short_circuit_decorator.py for tasks to queue
[2026-08-02T19:15:59.341+0000] {logging_mixin.py:188} INFO - [2026-08-02T19:15:59.341+0000] {dagbag.py:545} INFO - Filling up the DagBag from /home/airflow/.local/lib/python3.12/site-packages/airflow/example_dags/example_short_circuit_decorator.py
[2026-08-02T19:15:59.350+0000] {processor.py:840} INFO - DAG(s) 'example_short_circuit_decorator' retrieved from /home/airflow/.local/lib/python3.12/site-packages/airflow/example_dags/example_short_circuit_decorator.py
[2026-08-02T19:15:59.375+0000] {logging_mixin.py:188} INFO - [2026-08-02T19:15:59.375+0000] {dag.py:3089} INFO - Sync 1 DAGs
[2026-08-02T19:15:59.398+0000] {logging_mixin.py:188} INFO - [2026-08-02T19:15:59.398+0000] {dag.py:3947} INFO - Setting next_dagrun for example_short_circuit_decorator to 2026-08-01 00:00:00+00:00, run_after=2026-08-02 00:00:00+00:00
[2026-08-02T19:15:59.417+0000] {processor.py:183} INFO - Processing /home/airflow/.local/lib/python3.12/site-packages/airflow/example_dags/example_short_circuit_decorator.py took 0.087 seconds
[2026-08-02T19:16:29.988+0000] {processor.py:161} INFO - Started process (PID=901) to work on /home/airflow/.local/lib/python3.12/site-packages/airflow/example_dags/example_short_circuit_decorator.py
[2026-08-02T19:16:29.989+0000] {processor.py:830} INFO - Processing file /home/airflow/.local/lib/python3.12/site-packages/airflow/example_dags/example_short_circuit_decorator.py for tasks to queue
[2026-08-02T19:16:29.994+0000] {logging_mixin.py:188} INFO - [2026-08-02T19:16:29.993+0000] {dagbag.py:545} INFO - Filling up the DagBag from /home/airflow/.local/lib/python3.12/site-packages/airflow/example_dags/example_short_circuit_decorator.py
[2026-08-02T19:16:30.004+0000] {processor.py:840} INFO - DAG(s) 'example_short_circuit_decorator' retrieved from /home/airflow/.local/lib/python3.12/site-packages/airflow/example_dags/example_short_circuit_decorator.py
[2026-08-02T19:16:30.031+0000] {logging_mixin.py:188} INFO - [2026-08-02T19:16:30.030+0000] {dag.py:3089} INFO - Sync 1 DAGs
[2026-08-02T19:16:30.056+0000] {logging_mixin.py:188} INFO - [2026-08-02T19:16:30.055+0000] {dag.py:3947} INFO - Setting next_dagrun for example_short_circuit_decorator to 2026-08-01 00:00:00+00:00, run_after=2026-08-02 00:00:00+00:00
[2026-08-02T19:16:30.079+0000] {processor.py:183} INFO - Processing /home/airflow/.local/lib/python3.12/site-packages/airflow/example_dags/example_short_circuit_decorator.py took 0.099 seconds
[2026-08-02T19:17:00.527+0000] {processor.py:161} INFO - Started process (PID=960) to work on /home/airflow/.local/lib/python3.12/site-packages/airflow/example_dags/example_short_circuit_decorator.py
[2026-08-02T19:17:00.528+0000] {processor.py:830} INFO - Processing file /home/airflow/.local/lib/python3.12/site-packages/airflow/example_dags/example_short_circuit_decorator.py for tasks to queue
[2026-08-02T19:17:00.531+0000] {logging_mixin.py:188} INFO - [2026-08-02T19:17:00.531+0000] {dagbag.py:545} INFO - Filling up the DagBag from /home/airflow/.local/lib/python3.12/site-packages/airflow/example_dags/example_short_circuit_decorator.py
[2026-08-02T19:17:00.541+0000] {processor.py:840} INFO - DAG(s) 'example_short_circuit_decorator' retrieved from /home/airflow/.local/lib/python3.12/site-packages/airflow/example_dags/example_short_circuit_decorator.py
[2026-08-02T19:17:00.564+0000] {logging_mixin.py:188} INFO - [2026-08-02T19:17:00.564+0000] {dag.py:3089} INFO - Sync 1 DAGs
[2026-08-02T19:17:00.587+0000] {logging_mixin.py:188} INFO - [2026-08-02T19:17:00.587+0000] {dag.py:3947} INFO - Setting next_dagrun for example_short_circuit_decorator to 2026-08-01 00:00:00+00:00, run_after=2026-08-02 00:00:00+00:00
[2026-08-02T19:17:00.613+0000] {processor.py:183} INFO - Processing /home/airflow/.local/lib/python3.12/site-packages/airflow/example_dags/example_short_circuit_decorator.py took 0.092 seconds
[2026-08-02T19:17:31.231+0000] {processor.py:161} INFO - Started process (PID=1019) to work on /home/airflow/.local/lib/python3.12/site-packages/airflow/example_dags/example_short_circuit_decorator.py
[2026-08-02T19:17:31.233+0000] {processor.py:830} INFO - Processing file /home/airflow/.local/lib/python3.12/site-packages/airflow/example_dags/example_short_circuit_decorator.py for tasks to queue
[2026-08-02T19:17:31.235+0000] {logging_mixin.py:188} INFO - [2026-08-02T19:17:31.235+0000] {dagbag.py:545} INFO - Filling up the DagBag from /home/airflow/.local/lib/python3.12/site-packages/airflow/example_dags/example_short_circuit_decorator.py
[2026-08-02T19:17:31.244+0000] {processor.py:840} INFO - DAG(s) 'example_short_circuit_decorator' retrieved from /home/airflow/.local/lib/python3.12/site-packages/airflow/example_dags/example_short_circuit_decorator.py
[2026-08-02T19:17:31.265+0000] {logging_mixin.py:188} INFO - [2026-08-02T19:17:31.265+0000] {dag.py:3089} INFO - Sync 1 DAGs
[2026-08-02T19:17:31.286+0000] {logging_mixin.py:188} INFO - [2026-08-02T19:17:31.286+0000] {dag.py:3947} INFO - Setting next_dagrun for example_short_circuit_decorator to 2026-08-01 00:00:00+00:00, run_after=2026-08-02 00:00:00+00:00
[2026-08-02T19:17:31.304+0000] {processor.py:183} INFO - Processing /home/airflow/.local/lib/python3.12/site-packages/airflow/example_dags/example_short_circuit_decorator.py took 0.079 seconds
[2026-08-02T19:18:02.163+0000] {processor.py:161} INFO - Started process (PID=1078) to work on /home/airflow/.local/lib/python3.12/site-packages/airflow/example_dags/example_short_circuit_decorator.py
[2026-08-02T19:18:02.166+0000] {processor.py:830} INFO - Processing file /home/airflow/.local/lib/python3.12/site-packages/airflow/example_dags/example_short_circuit_decorator.py for tasks to queue
[2026-08-02T19:18:02.170+0000] {logging_mixin.py:188} INFO - [2026-08-02T19:18:02.169+0000] {dagbag.py:545} INFO - Filling up the DagBag from /home/airflow/.local/lib/python3.12/site-packages/airflow/example_dags/example_short_circuit_decorator.py
[2026-08-02T19:18:02.182+0000] {processor.py:840} INFO - DAG(s) 'example_short_circuit_decorator' retrieved from /home/airflow/.local/lib/python3.12/site-packages/airflow/example_dags/example_short_circuit_decorator.py
[2026-08-02T19:18:02.214+0000] {logging_mixin.py:188} INFO - [2026-08-02T19:18:02.214+0000] {dag.py:3089} INFO - Sync 1 DAGs
[2026-08-02T19:18:02.240+0000] {logging_mixin.py:188} INFO - [2026-08-02T19:18:02.240+0000] {dag.py:3947} INFO - Setting next_dagrun for example_short_circuit_decorator to 2026-08-01 00:00:00+00:00, run_after=2026-08-02 00:00:00+00:00
[2026-08-02T19:18:02.274+0000] {processor.py:183} INFO - Processing /home/airflow/.local/lib/python3.12/site-packages/airflow/example_dags/example_short_circuit_decorator.py took 0.119 seconds
[2026-08-02T19:18:32.740+0000] {processor.py:161} INFO - Started process (PID=1137) to work on /home/airflow/.local/lib/python3.12/site-packages/airflow/example_dags/example_short_circuit_decorator.py
[2026-08-02T19:18:32.742+0000] {processor.py:830} INFO - Processing file /home/airflow/.local/lib/python3.12/site-packages/airflow/example_dags/example_short_circuit_decorator.py for tasks to queue
[2026-08-02T19:18:32.744+0000] {logging_mixin.py:188} INFO - [2026-08-02T19:18:32.744+0000] {dagbag.py:545} INFO - Filling up the DagBag from /home/airflow/.local/lib/python3.12/site-packages/airflow/example_dags/example_short_circuit_decorator.py
[2026-08-02T19:18:32.753+0000] {processor.py:840} INFO - DAG(s) 'example_short_circuit_decorator' retrieved from /home/airflow/.local/lib/python3.12/site-packages/airflow/example_dags/example_short_circuit_decorator.py
[2026-08-02T19:18:32.778+0000] {logging_mixin.py:188} INFO - [2026-08-02T19:18:32.778+0000] {dag.py:3089} INFO - Sync 1 DAGs
[2026-08-02T19:18:32.802+0000] {logging_mixin.py:188} INFO - [2026-08-02T19:18:32.801+0000] {dag.py:3947} INFO - Setting next_dagrun for example_short_circuit_decorator to 2026-08-01 00:00:00+00:00, run_after=2026-08-02 00:00:00+00:00
[2026-08-02T19:18:32.824+0000] {processor.py:183} INFO - Processing /home/airflow/.local/lib/python3.12/site-packages/airflow/example_dags/example_short_circuit_decorator.py took 0.091 seconds
[2026-08-02T19:19:03.245+0000] {processor.py:161} INFO - Started process (PID=1196) to work on /home/airflow/.local/lib/python3.12/site-packages/airflow/example_dags/example_short_circuit_decorator.py
[2026-08-02T19:19:03.247+0000] {processor.py:830} INFO - Processing file /home/airflow/.local/lib/python3.12/site-packages/airflow/example_dags/example_short_circuit_decorator.py for tasks to queue
[2026-08-02T19:19:03.250+0000] {logging_mixin.py:188} INFO - [2026-08-02T19:19:03.249+0000] {dagbag.py:545} INFO - Filling up the DagBag from /home/airflow/.local/lib/python3.12/site-packages/airflow/example_dags/example_short_circuit_decorator.py
[2026-08-02T19:19:03.259+0000] {processor.py:840} INFO - DAG(s) 'example_short_circuit_decorator' retrieved from /home/airflow/.local/lib/python3.12/site-packages/airflow/example_dags/example_short_circuit_decorator.py
[2026-08-02T19:19:03.284+0000] {logging_mixin.py:188} INFO - [2026-08-02T19:19:03.284+0000] {dag.py:3089} INFO - Sync 1 DAGs
[2026-08-02T19:19:03.307+0000] {logging_mixin.py:188} INFO - [2026-08-02T19:19:03.307+0000] {dag.py:3947} INFO - Setting next_dagrun for example_short_circuit_decorator to 2026-08-01 00:00:00+00:00, run_after=2026-08-02 00:00:00+00:00
[2026-08-02T19:19:03.326+0000] {processor.py:183} INFO - Processing /home/airflow/.local/lib/python3.12/site-packages/airflow/example_dags/example_short_circuit_decorator.py took 0.087 seconds
[2026-08-02T19:19:33.835+0000] {processor.py:161} INFO - Started process (PID=1255) to work on /home/airflow/.local/lib/python3.12/site-packages/airflow/example_dags/example_short_circuit_decorator.py
[2026-08-02T19:19:33.837+0000] {processor.py:830} INFO - Processing file /home/airflow/.local/lib/python3.12/site-packages/airflow/example_dags/example_short_circuit_decorator.py for tasks to queue
[2026-08-02T19:19:33.839+0000] {logging_mixin.py:188} INFO - [2026-08-02T19:19:33.839+0000] {dagbag.py:545} INFO - Filling up the DagBag from /home/airflow/.local/lib/python3.12/site-packages/airflow/example_dags/example_short_circuit_decorator.py
[2026-08-02T19:19:33.848+0000] {processor.py:840} INFO - DAG(s) 'example_short_circuit_decorator' retrieved from /home/airflow/.local/lib/python3.12/site-packages/airflow/example_dags/example_short_circuit_decorator.py
[2026-08-02T19:19:33.871+0000] {logging_mixin.py:188} INFO - [2026-08-02T19:19:33.871+0000] {dag.py:3089} INFO - Sync 1 DAGs
[2026-08-02T19:19:33.892+0000] {logging_mixin.py:188} INFO - [2026-08-02T19:19:33.892+0000] {dag.py:3947} INFO - Setting next_dagrun for example_short_circuit_decorator to 2026-08-01 00:00:00+00:00, run_after=2026-08-02 00:00:00+00:00
[2026-08-02T19:19:33.912+0000] {processor.py:183} INFO - Processing /home/airflow/.local/lib/python3.12/site-packages/airflow/example_dags/example_short_circuit_decorator.py took 0.083 seconds
[2026-08-02T19:20:04.770+0000] {processor.py:161} INFO - Started process (PID=1314) to work on /home/airflow/.local/lib/python3.12/site-packages/airflow/example_dags/example_short_circuit_decorator.py
[2026-08-02T19:20:04.772+0000] {processor.py:830} INFO - Processing file /home/airflow/.local/lib/python3.12/site-packages/airflow/example_dags/example_short_circuit_decorator.py for tasks to queue
[2026-08-02T19:20:04.774+0000] {logging_mixin.py:188} INFO - [2026-08-02T19:20:04.774+0000] {dagbag.py:545} INFO - Filling up the DagBag from /home/airflow/.local/lib/python3.12/site-packages/airflow/example_dags/example_short_circuit_decorator.py
[2026-08-02T19:20:04.784+0000] {processor.py:840} INFO - DAG(s) 'example_short_circuit_decorator' retrieved from /home/airflow/.local/lib/python3.12/site-packages/airflow/example_dags/example_short_circuit_decorator.py
[2026-08-02T19:20:04.812+0000] {logging_mixin.py:188} INFO - [2026-08-02T19:20:04.812+0000] {dag.py:3089} INFO - Sync 1 DAGs
[2026-08-02T19:20:04.835+0000] {logging_mixin.py:188} INFO - [2026-08-02T19:20:04.835+0000] {dag.py:3947} INFO - Setting next_dagrun for example_short_circuit_decorator to 2026-08-01 00:00:00+00:00, run_after=2026-08-02 00:00:00+00:00
[2026-08-02T19:20:04.859+0000] {processor.py:183} INFO - Processing /home/airflow/.local/lib/python3.12/site-packages/airflow/example_dags/example_short_circuit_decorator.py took 0.095 seconds
[2026-08-02T19:20:35.465+0000] {processor.py:161} INFO - Started process (PID=1373) to work on /home/airflow/.local/lib/python3.12/site-packages/airflow/example_dags/example_short_circuit_decorator.py
[2026-08-02T19:20:35.466+0000] {processor.py:830} INFO - Processing file /home/airflow/.local/lib/python3.12/site-packages/airflow/example_dags/example_short_circuit_decorator.py for tasks to queue
[2026-08-02T19:20:35.469+0000] {logging_mixin.py:188} INFO - [2026-08-02T19:20:35.468+0000] {dagbag.py:545} INFO - Filling up the DagBag from /home/airflow/.local/lib/python3.12/site-packages/airflow/example_dags/example_short_circuit_decorator.py
[2026-08-02T19:20:35.479+0000] {processor.py:840} INFO - DAG(s) 'example_short_circuit_decorator' retrieved from /home/airflow/.local/lib/python3.12/site-packages/airflow/example_dags/example_short_circuit_decorator.py
[2026-08-02T19:20:35.503+0000] {logging_mixin.py:188} INFO - [2026-08-02T19:20:35.503+0000] {dag.py:3089} INFO - Sync 1 DAGs
[2026-08-02T19:20:35.525+0000] {logging_mixin.py:188} INFO - [2026-08-02T19:20:35.525+0000] {dag.py:3947} INFO - Setting next_dagrun for example_short_circuit_decorator to 2026-08-01 00:00:00+00:00, run_after=2026-08-02 00:00:00+00:00
[2026-08-02T19:20:35.544+0000] {processor.py:183} INFO - Processing /home/airflow/.local/lib/python3.12/site-packages/airflow/example_dags/example_short_circuit_decorator.py took 0.085 seconds
