[2026-08-02T18:55:16.436+0000] {processor.py:161} INFO - Started process (PID=105) to work on /home/airflow/.local/lib/python3.12/site-packages/airflow/example_dags/example_display_name.py
[2026-08-02T18:55:16.439+0000] {processor.py:830} INFO - Processing file /home/airflow/.local/lib/python3.12/site-packages/airflow/example_dags/example_display_name.py for tasks to queue
[2026-08-02T18:55:16.445+0000] {logging_mixin.py:188} INFO - [2026-08-02T18:55:16.443+0000] {dagbag.py:545} INFO - Filling up the DagBag from /home/airflow/.local/lib/python3.12/site-packages/airflow/example_dags/example_display_name.py
[2026-08-02T18:55:16.463+0000] {processor.py:840} INFO - DAG(s) 'example_display_name' retrieved from /home/airflow/.local/lib/python3.12/site-packages/airflow/example_dags/example_display_name.py
[2026-08-02T18:55:16.654+0000] {logging_mixin.py:188} INFO - [2026-08-02T18:55:16.654+0000] {dag.py:3089} INFO - Sync 1 DAGs
[2026-08-02T18:55:16.671+0000] {logging_mixin.py:188} INFO - [2026-08-02T18:55:16.671+0000] {dag.py:3947} INFO - Setting next_dagrun for example_display_name to None, run_after=None
[2026-08-02T18:55:16.707+0000] {processor.py:183} INFO - Processing /home/airflow/.local/lib/python3.12/site-packages/airflow/example_dags/example_display_name.py took 0.288 seconds
[2026-08-02T18:55:47.288+0000] {processor.py:161} INFO - Started process (PID=164) to work on /home/airflow/.local/lib/python3.12/site-packages/airflow/example_dags/example_display_name.py
[2026-08-02T18:55:47.289+0000] {processor.py:830} INFO - Processing file /home/airflow/.local/lib/python3.12/site-packages/airflow/example_dags/example_display_name.py for tasks to queue
[2026-08-02T18:55:47.291+0000] {logging_mixin.py:188} INFO - [2026-08-02T18:55:47.291+0000] {dagbag.py:545} INFO - Filling up the DagBag from /home/airflow/.local/lib/python3.12/site-packages/airflow/example_dags/example_display_name.py
[2026-08-02T18:55:47.297+0000] {processor.py:840} INFO - DAG(s) 'example_display_name' retrieved from /home/airflow/.local/lib/python3.12/site-packages/airflow/example_dags/example_display_name.py
[2026-08-02T18:55:47.316+0000] {logging_mixin.py:188} INFO - [2026-08-02T18:55:47.316+0000] {dag.py:3089} INFO - Sync 1 DAGs
[2026-08-02T18:55:47.328+0000] {logging_mixin.py:188} INFO - [2026-08-02T18:55:47.327+0000] {dag.py:3947} INFO - Setting next_dagrun for example_display_name to None, run_after=None
[2026-08-02T18:55:47.345+0000] {processor.py:183} INFO - Processing /home/airflow/.local/lib/python3.12/site-packages/airflow/example_dags/example_display_name.py took 0.063 seconds
[2026-08-02T18:56:18.112+0000] {processor.py:161} INFO - Started process (PID=223) to work on /home/airflow/.local/lib/python3.12/site-packages/airflow/example_dags/example_display_name.py
[2026-08-02T18:56:18.115+0000] {processor.py:830} INFO - Processing file /home/airflow/.local/lib/python3.12/site-packages/airflow/example_dags/example_display_name.py for tasks to queue
[2026-08-02T18:56:18.119+0000] {logging_mixin.py:188} INFO - [2026-08-02T18:56:18.119+0000] {dagbag.py:545} INFO - Filling up the DagBag from /home/airflow/.local/lib/python3.12/site-packages/airflow/example_dags/example_display_name.py
[2026-08-02T18:56:18.127+0000] {processor.py:840} INFO - DAG(s) 'example_display_name' retrieved from /home/airflow/.local/lib/python3.12/site-packages/airflow/example_dags/example_display_name.py
[2026-08-02T18:56:18.156+0000] {logging_mixin.py:188} INFO - [2026-08-02T18:56:18.156+0000] {dag.py:3089} INFO - Sync 1 DAGs
[2026-08-02T18:56:18.174+0000] {logging_mixin.py:188} INFO - [2026-08-02T18:56:18.173+0000] {dag.py:3947} INFO - Setting next_dagrun for example_display_name to None, run_after=None
[2026-08-02T18:56:18.199+0000] {processor.py:183} INFO - Processing /home/airflow/.local/lib/python3.12/site-packages/airflow/example_dags/example_display_name.py took 0.094 seconds
[2026-08-02T18:56:48.585+0000] {processor.py:161} INFO - Started process (PID=282) to work on /home/airflow/.local/lib/python3.12/site-packages/airflow/example_dags/example_display_name.py
[2026-08-02T18:56:48.587+0000] {processor.py:830} INFO - Processing file /home/airflow/.local/lib/python3.12/site-packages/airflow/example_dags/example_display_name.py for tasks to queue
[2026-08-02T18:56:48.589+0000] {logging_mixin.py:188} INFO - [2026-08-02T18:56:48.589+0000] {dagbag.py:545} INFO - Filling up the DagBag from /home/airflow/.local/lib/python3.12/site-packages/airflow/example_dags/example_display_name.py
[2026-08-02T18:56:48.596+0000] {processor.py:840} INFO - DAG(s) 'example_display_name' retrieved from /home/airflow/.local/lib/python3.12/site-packages/airflow/example_dags/example_display_name.py
[2026-08-02T18:56:48.617+0000] {logging_mixin.py:188} INFO - [2026-08-02T18:56:48.617+0000] {dag.py:3089} INFO - Sync 1 DAGs
[2026-08-02T18:56:48.630+0000] {logging_mixin.py:188} INFO - [2026-08-02T18:56:48.630+0000] {dag.py:3947} INFO - Setting next_dagrun for example_display_name to None, run_after=None
[2026-08-02T18:56:48.651+0000] {processor.py:183} INFO - Processing /home/airflow/.local/lib/python3.12/site-packages/airflow/example_dags/example_display_name.py took 0.071 seconds
[2026-08-02T18:57:18.821+0000] {processor.py:161} INFO - Started process (PID=341) to work on /home/airflow/.local/lib/python3.12/site-packages/airflow/example_dags/example_display_name.py
[2026-08-02T18:57:18.823+0000] {processor.py:830} INFO - Processing file /home/airflow/.local/lib/python3.12/site-packages/airflow/example_dags/example_display_name.py for tasks to queue
[2026-08-02T18:57:18.826+0000] {logging_mixin.py:188} INFO - [2026-08-02T18:57:18.825+0000] {dagbag.py:545} INFO - Filling up the DagBag from /home/airflow/.local/lib/python3.12/site-packages/airflow/example_dags/example_display_name.py
[2026-08-02T18:57:18.832+0000] {processor.py:840} INFO - DAG(s) 'example_display_name' retrieved from /home/airflow/.local/lib/python3.12/site-packages/airflow/example_dags/example_display_name.py
[2026-08-02T18:57:18.850+0000] {logging_mixin.py:188} INFO - [2026-08-02T18:57:18.850+0000] {dag.py:3089} INFO - Sync 1 DAGs
[2026-08-02T18:57:18.862+0000] {logging_mixin.py:188} INFO - [2026-08-02T18:57:18.862+0000] {dag.py:3947} INFO - Setting next_dagrun for example_display_name to None, run_after=None
[2026-08-02T18:57:18.880+0000] {processor.py:183} INFO - Processing /home/airflow/.local/lib/python3.12/site-packages/airflow/example_dags/example_display_name.py took 0.065 seconds
[2026-08-02T18:57:49.212+0000] {processor.py:161} INFO - Started process (PID=400) to work on /home/airflow/.local/lib/python3.12/site-packages/airflow/example_dags/example_display_name.py
[2026-08-02T18:57:49.214+0000] {processor.py:830} INFO - Processing file /home/airflow/.local/lib/python3.12/site-packages/airflow/example_dags/example_display_name.py for tasks to queue
[2026-08-02T18:57:49.217+0000] {logging_mixin.py:188} INFO - [2026-08-02T18:57:49.217+0000] {dagbag.py:545} INFO - Filling up the DagBag from /home/airflow/.local/lib/python3.12/site-packages/airflow/example_dags/example_display_name.py
[2026-08-02T18:57:49.223+0000] {processor.py:840} INFO - DAG(s) 'example_display_name' retrieved from /home/airflow/.local/lib/python3.12/site-packages/airflow/example_dags/example_display_name.py
[2026-08-02T18:57:49.244+0000] {logging_mixin.py:188} INFO - [2026-08-02T18:57:49.243+0000] {dag.py:3089} INFO - Sync 1 DAGs
[2026-08-02T18:57:49.256+0000] {logging_mixin.py:188} INFO - [2026-08-02T18:57:49.256+0000] {dag.py:3947} INFO - Setting next_dagrun for example_display_name to None, run_after=None
[2026-08-02T18:57:49.276+0000] {processor.py:183} INFO - Processing /home/airflow/.local/lib/python3.12/site-packages/airflow/example_dags/example_display_name.py took 0.070 seconds
[2026-08-02T19:00:11.074+0000] {processor.py:161} INFO - Started process (PID=92) to work on /home/airflow/.local/lib/python3.12/site-packages/airflow/example_dags/example_display_name.py
[2026-08-02T19:00:11.075+0000] {processor.py:830} INFO - Processing file /home/airflow/.local/lib/python3.12/site-packages/airflow/example_dags/example_display_name.py for tasks to queue
[2026-08-02T19:00:11.078+0000] {logging_mixin.py:188} INFO - [2026-08-02T19:00:11.077+0000] {dagbag.py:545} INFO - Filling up the DagBag from /home/airflow/.local/lib/python3.12/site-packages/airflow/example_dags/example_display_name.py
[2026-08-02T19:00:11.084+0000] {processor.py:840} INFO - DAG(s) 'example_display_name' retrieved from /home/airflow/.local/lib/python3.12/site-packages/airflow/example_dags/example_display_name.py
[2026-08-02T19:00:11.097+0000] {logging_mixin.py:188} INFO - [2026-08-02T19:00:11.097+0000] {dag.py:3089} INFO - Sync 1 DAGs
[2026-08-02T19:00:11.112+0000] {logging_mixin.py:188} INFO - [2026-08-02T19:00:11.112+0000] {dag.py:3947} INFO - Setting next_dagrun for example_display_name to None, run_after=None
[2026-08-02T19:00:11.142+0000] {processor.py:183} INFO - Processing /home/airflow/.local/lib/python3.12/site-packages/airflow/example_dags/example_display_name.py took 0.074 seconds
[2026-08-02T19:00:41.555+0000] {processor.py:161} INFO - Started process (PID=151) to work on /home/airflow/.local/lib/python3.12/site-packages/airflow/example_dags/example_display_name.py
[2026-08-02T19:00:41.556+0000] {processor.py:830} INFO - Processing file /home/airflow/.local/lib/python3.12/site-packages/airflow/example_dags/example_display_name.py for tasks to queue
[2026-08-02T19:00:41.558+0000] {logging_mixin.py:188} INFO - [2026-08-02T19:00:41.558+0000] {dagbag.py:545} INFO - Filling up the DagBag from /home/airflow/.local/lib/python3.12/site-packages/airflow/example_dags/example_display_name.py
[2026-08-02T19:00:41.564+0000] {processor.py:840} INFO - DAG(s) 'example_display_name' retrieved from /home/airflow/.local/lib/python3.12/site-packages/airflow/example_dags/example_display_name.py
[2026-08-02T19:00:41.653+0000] {logging_mixin.py:188} INFO - [2026-08-02T19:00:41.653+0000] {dag.py:3089} INFO - Sync 1 DAGs
[2026-08-02T19:00:41.663+0000] {logging_mixin.py:188} INFO - [2026-08-02T19:00:41.663+0000] {dag.py:3947} INFO - Setting next_dagrun for example_display_name to None, run_after=None
[2026-08-02T19:00:41.683+0000] {processor.py:183} INFO - Processing /home/airflow/.local/lib/python3.12/site-packages/airflow/example_dags/example_display_name.py took 0.133 seconds
[2026-08-02T19:01:11.741+0000] {processor.py:161} INFO - Started process (PID=210) to work on /home/airflow/.local/lib/python3.12/site-packages/airflow/example_dags/example_display_name.py
[2026-08-02T19:01:11.743+0000] {processor.py:830} INFO - Processing file /home/airflow/.local/lib/python3.12/site-packages/airflow/example_dags/example_display_name.py for tasks to queue
[2026-08-02T19:01:11.746+0000] {logging_mixin.py:188} INFO - [2026-08-02T19:01:11.745+0000] {dagbag.py:545} INFO - Filling up the DagBag from /home/airflow/.local/lib/python3.12/site-packages/airflow/example_dags/example_display_name.py
[2026-08-02T19:01:11.753+0000] {processor.py:840} INFO - DAG(s) 'example_display_name' retrieved from /home/airflow/.local/lib/python3.12/site-packages/airflow/example_dags/example_display_name.py
[2026-08-02T19:01:11.774+0000] {logging_mixin.py:188} INFO - [2026-08-02T19:01:11.774+0000] {dag.py:3089} INFO - Sync 1 DAGs
[2026-08-02T19:01:11.786+0000] {logging_mixin.py:188} INFO - [2026-08-02T19:01:11.786+0000] {dag.py:3947} INFO - Setting next_dagrun for example_display_name to None, run_after=None
[2026-08-02T19:01:11.805+0000] {processor.py:183} INFO - Processing /home/airflow/.local/lib/python3.12/site-packages/airflow/example_dags/example_display_name.py took 0.069 seconds
[2026-08-02T19:01:42.371+0000] {processor.py:161} INFO - Started process (PID=270) to work on /home/airflow/.local/lib/python3.12/site-packages/airflow/example_dags/example_display_name.py
[2026-08-02T19:01:42.373+0000] {processor.py:830} INFO - Processing file /home/airflow/.local/lib/python3.12/site-packages/airflow/example_dags/example_display_name.py for tasks to queue
[2026-08-02T19:01:42.375+0000] {logging_mixin.py:188} INFO - [2026-08-02T19:01:42.375+0000] {dagbag.py:545} INFO - Filling up the DagBag from /home/airflow/.local/lib/python3.12/site-packages/airflow/example_dags/example_display_name.py
[2026-08-02T19:01:42.382+0000] {processor.py:840} INFO - DAG(s) 'example_display_name' retrieved from /home/airflow/.local/lib/python3.12/site-packages/airflow/example_dags/example_display_name.py
[2026-08-02T19:01:42.402+0000] {logging_mixin.py:188} INFO - [2026-08-02T19:01:42.402+0000] {dag.py:3089} INFO - Sync 1 DAGs
[2026-08-02T19:01:42.414+0000] {logging_mixin.py:188} INFO - [2026-08-02T19:01:42.413+0000] {dag.py:3947} INFO - Setting next_dagrun for example_display_name to None, run_after=None
[2026-08-02T19:01:42.434+0000] {processor.py:183} INFO - Processing /home/airflow/.local/lib/python3.12/site-packages/airflow/example_dags/example_display_name.py took 0.068 seconds
[2026-08-02T19:02:12.571+0000] {processor.py:161} INFO - Started process (PID=329) to work on /home/airflow/.local/lib/python3.12/site-packages/airflow/example_dags/example_display_name.py
[2026-08-02T19:02:12.572+0000] {processor.py:830} INFO - Processing file /home/airflow/.local/lib/python3.12/site-packages/airflow/example_dags/example_display_name.py for tasks to queue
[2026-08-02T19:02:12.574+0000] {logging_mixin.py:188} INFO - [2026-08-02T19:02:12.574+0000] {dagbag.py:545} INFO - Filling up the DagBag from /home/airflow/.local/lib/python3.12/site-packages/airflow/example_dags/example_display_name.py
[2026-08-02T19:02:12.581+0000] {processor.py:840} INFO - DAG(s) 'example_display_name' retrieved from /home/airflow/.local/lib/python3.12/site-packages/airflow/example_dags/example_display_name.py
[2026-08-02T19:02:12.602+0000] {logging_mixin.py:188} INFO - [2026-08-02T19:02:12.602+0000] {dag.py:3089} INFO - Sync 1 DAGs
[2026-08-02T19:02:12.615+0000] {logging_mixin.py:188} INFO - [2026-08-02T19:02:12.615+0000] {dag.py:3947} INFO - Setting next_dagrun for example_display_name to None, run_after=None
[2026-08-02T19:02:12.638+0000] {processor.py:183} INFO - Processing /home/airflow/.local/lib/python3.12/site-packages/airflow/example_dags/example_display_name.py took 0.074 seconds
[2026-08-02T19:02:42.764+0000] {processor.py:161} INFO - Started process (PID=388) to work on /home/airflow/.local/lib/python3.12/site-packages/airflow/example_dags/example_display_name.py
[2026-08-02T19:02:42.766+0000] {processor.py:830} INFO - Processing file /home/airflow/.local/lib/python3.12/site-packages/airflow/example_dags/example_display_name.py for tasks to queue
[2026-08-02T19:02:42.768+0000] {logging_mixin.py:188} INFO - [2026-08-02T19:02:42.767+0000] {dagbag.py:545} INFO - Filling up the DagBag from /home/airflow/.local/lib/python3.12/site-packages/airflow/example_dags/example_display_name.py
[2026-08-02T19:02:42.773+0000] {processor.py:840} INFO - DAG(s) 'example_display_name' retrieved from /home/airflow/.local/lib/python3.12/site-packages/airflow/example_dags/example_display_name.py
[2026-08-02T19:02:42.792+0000] {logging_mixin.py:188} INFO - [2026-08-02T19:02:42.792+0000] {dag.py:3089} INFO - Sync 1 DAGs
[2026-08-02T19:02:42.804+0000] {logging_mixin.py:188} INFO - [2026-08-02T19:02:42.804+0000] {dag.py:3947} INFO - Setting next_dagrun for example_display_name to None, run_after=None
[2026-08-02T19:02:42.823+0000] {processor.py:183} INFO - Processing /home/airflow/.local/lib/python3.12/site-packages/airflow/example_dags/example_display_name.py took 0.065 seconds
[2026-08-02T19:03:12.995+0000] {processor.py:161} INFO - Started process (PID=446) to work on /home/airflow/.local/lib/python3.12/site-packages/airflow/example_dags/example_display_name.py
[2026-08-02T19:03:12.997+0000] {processor.py:830} INFO - Processing file /home/airflow/.local/lib/python3.12/site-packages/airflow/example_dags/example_display_name.py for tasks to queue
[2026-08-02T19:03:12.999+0000] {logging_mixin.py:188} INFO - [2026-08-02T19:03:12.999+0000] {dagbag.py:545} INFO - Filling up the DagBag from /home/airflow/.local/lib/python3.12/site-packages/airflow/example_dags/example_display_name.py
[2026-08-02T19:03:13.005+0000] {processor.py:840} INFO - DAG(s) 'example_display_name' retrieved from /home/airflow/.local/lib/python3.12/site-packages/airflow/example_dags/example_display_name.py
[2026-08-02T19:03:13.025+0000] {logging_mixin.py:188} INFO - [2026-08-02T19:03:13.025+0000] {dag.py:3089} INFO - Sync 1 DAGs
[2026-08-02T19:03:13.038+0000] {logging_mixin.py:188} INFO - [2026-08-02T19:03:13.037+0000] {dag.py:3947} INFO - Setting next_dagrun for example_display_name to None, run_after=None
[2026-08-02T19:03:13.059+0000] {processor.py:183} INFO - Processing /home/airflow/.local/lib/python3.12/site-packages/airflow/example_dags/example_display_name.py took 0.070 seconds
[2026-08-02T19:03:43.709+0000] {processor.py:161} INFO - Started process (PID=504) to work on /home/airflow/.local/lib/python3.12/site-packages/airflow/example_dags/example_display_name.py
[2026-08-02T19:03:43.711+0000] {processor.py:830} INFO - Processing file /home/airflow/.local/lib/python3.12/site-packages/airflow/example_dags/example_display_name.py for tasks to queue
[2026-08-02T19:03:43.715+0000] {logging_mixin.py:188} INFO - [2026-08-02T19:03:43.715+0000] {dagbag.py:545} INFO - Filling up the DagBag from /home/airflow/.local/lib/python3.12/site-packages/airflow/example_dags/example_display_name.py
[2026-08-02T19:03:43.728+0000] {processor.py:840} INFO - DAG(s) 'example_display_name' retrieved from /home/airflow/.local/lib/python3.12/site-packages/airflow/example_dags/example_display_name.py
[2026-08-02T19:03:43.760+0000] {logging_mixin.py:188} INFO - [2026-08-02T19:03:43.760+0000] {dag.py:3089} INFO - Sync 1 DAGs
[2026-08-02T19:03:43.779+0000] {logging_mixin.py:188} INFO - [2026-08-02T19:03:43.779+0000] {dag.py:3947} INFO - Setting next_dagrun for example_display_name to None, run_after=None
[2026-08-02T19:03:43.799+0000] {processor.py:183} INFO - Processing /home/airflow/.local/lib/python3.12/site-packages/airflow/example_dags/example_display_name.py took 0.102 seconds
[2026-08-02T19:04:14.928+0000] {processor.py:161} INFO - Started process (PID=565) to work on /home/airflow/.local/lib/python3.12/site-packages/airflow/example_dags/example_display_name.py
[2026-08-02T19:04:14.930+0000] {processor.py:830} INFO - Processing file /home/airflow/.local/lib/python3.12/site-packages/airflow/example_dags/example_display_name.py for tasks to queue
[2026-08-02T19:04:14.932+0000] {logging_mixin.py:188} INFO - [2026-08-02T19:04:14.932+0000] {dagbag.py:545} INFO - Filling up the DagBag from /home/airflow/.local/lib/python3.12/site-packages/airflow/example_dags/example_display_name.py
[2026-08-02T19:04:14.938+0000] {processor.py:840} INFO - DAG(s) 'example_display_name' retrieved from /home/airflow/.local/lib/python3.12/site-packages/airflow/example_dags/example_display_name.py
[2026-08-02T19:04:14.957+0000] {logging_mixin.py:188} INFO - [2026-08-02T19:04:14.956+0000] {dag.py:3089} INFO - Sync 1 DAGs
[2026-08-02T19:04:14.968+0000] {logging_mixin.py:188} INFO - [2026-08-02T19:04:14.968+0000] {dag.py:3947} INFO - Setting next_dagrun for example_display_name to None, run_after=None
[2026-08-02T19:04:14.988+0000] {processor.py:183} INFO - Processing /home/airflow/.local/lib/python3.12/site-packages/airflow/example_dags/example_display_name.py took 0.066 seconds
[2026-08-02T19:04:45.494+0000] {processor.py:161} INFO - Started process (PID=624) to work on /home/airflow/.local/lib/python3.12/site-packages/airflow/example_dags/example_display_name.py
[2026-08-02T19:04:45.495+0000] {processor.py:830} INFO - Processing file /home/airflow/.local/lib/python3.12/site-packages/airflow/example_dags/example_display_name.py for tasks to queue
[2026-08-02T19:04:45.498+0000] {logging_mixin.py:188} INFO - [2026-08-02T19:04:45.498+0000] {dagbag.py:545} INFO - Filling up the DagBag from /home/airflow/.local/lib/python3.12/site-packages/airflow/example_dags/example_display_name.py
[2026-08-02T19:04:45.504+0000] {processor.py:840} INFO - DAG(s) 'example_display_name' retrieved from /home/airflow/.local/lib/python3.12/site-packages/airflow/example_dags/example_display_name.py
[2026-08-02T19:04:45.525+0000] {logging_mixin.py:188} INFO - [2026-08-02T19:04:45.525+0000] {dag.py:3089} INFO - Sync 1 DAGs
[2026-08-02T19:04:45.538+0000] {logging_mixin.py:188} INFO - [2026-08-02T19:04:45.538+0000] {dag.py:3947} INFO - Setting next_dagrun for example_display_name to None, run_after=None
[2026-08-02T19:04:45.558+0000] {processor.py:183} INFO - Processing /home/airflow/.local/lib/python3.12/site-packages/airflow/example_dags/example_display_name.py took 0.070 seconds
[2026-08-02T19:05:16.195+0000] {processor.py:161} INFO - Started process (PID=683) to work on /home/airflow/.local/lib/python3.12/site-packages/airflow/example_dags/example_display_name.py
[2026-08-02T19:05:16.196+0000] {processor.py:830} INFO - Processing file /home/airflow/.local/lib/python3.12/site-packages/airflow/example_dags/example_display_name.py for tasks to queue
[2026-08-02T19:05:16.199+0000] {logging_mixin.py:188} INFO - [2026-08-02T19:05:16.199+0000] {dagbag.py:545} INFO - Filling up the DagBag from /home/airflow/.local/lib/python3.12/site-packages/airflow/example_dags/example_display_name.py
[2026-08-02T19:05:16.205+0000] {processor.py:840} INFO - DAG(s) 'example_display_name' retrieved from /home/airflow/.local/lib/python3.12/site-packages/airflow/example_dags/example_display_name.py
[2026-08-02T19:05:16.225+0000] {logging_mixin.py:188} INFO - [2026-08-02T19:05:16.225+0000] {dag.py:3089} INFO - Sync 1 DAGs
[2026-08-02T19:05:16.237+0000] {logging_mixin.py:188} INFO - [2026-08-02T19:05:16.237+0000] {dag.py:3947} INFO - Setting next_dagrun for example_display_name to None, run_after=None
[2026-08-02T19:05:16.259+0000] {processor.py:183} INFO - Processing /home/airflow/.local/lib/python3.12/site-packages/airflow/example_dags/example_display_name.py took 0.071 seconds
[2026-08-02T19:05:46.873+0000] {processor.py:161} INFO - Started process (PID=742) to work on /home/airflow/.local/lib/python3.12/site-packages/airflow/example_dags/example_display_name.py
[2026-08-02T19:05:46.876+0000] {processor.py:830} INFO - Processing file /home/airflow/.local/lib/python3.12/site-packages/airflow/example_dags/example_display_name.py for tasks to queue
[2026-08-02T19:05:46.878+0000] {logging_mixin.py:188} INFO - [2026-08-02T19:05:46.878+0000] {dagbag.py:545} INFO - Filling up the DagBag from /home/airflow/.local/lib/python3.12/site-packages/airflow/example_dags/example_display_name.py
[2026-08-02T19:05:46.884+0000] {processor.py:840} INFO - DAG(s) 'example_display_name' retrieved from /home/airflow/.local/lib/python3.12/site-packages/airflow/example_dags/example_display_name.py
[2026-08-02T19:05:46.904+0000] {logging_mixin.py:188} INFO - [2026-08-02T19:05:46.904+0000] {dag.py:3089} INFO - Sync 1 DAGs
[2026-08-02T19:05:46.919+0000] {logging_mixin.py:188} INFO - [2026-08-02T19:05:46.919+0000] {dag.py:3947} INFO - Setting next_dagrun for example_display_name to None, run_after=None
[2026-08-02T19:05:46.944+0000] {processor.py:183} INFO - Processing /home/airflow/.local/lib/python3.12/site-packages/airflow/example_dags/example_display_name.py took 0.077 seconds
[2026-08-02T19:06:17.278+0000] {processor.py:161} INFO - Started process (PID=801) to work on /home/airflow/.local/lib/python3.12/site-packages/airflow/example_dags/example_display_name.py
[2026-08-02T19:06:17.279+0000] {processor.py:830} INFO - Processing file /home/airflow/.local/lib/python3.12/site-packages/airflow/example_dags/example_display_name.py for tasks to queue
[2026-08-02T19:06:17.281+0000] {logging_mixin.py:188} INFO - [2026-08-02T19:06:17.281+0000] {dagbag.py:545} INFO - Filling up the DagBag from /home/airflow/.local/lib/python3.12/site-packages/airflow/example_dags/example_display_name.py
[2026-08-02T19:06:17.287+0000] {processor.py:840} INFO - DAG(s) 'example_display_name' retrieved from /home/airflow/.local/lib/python3.12/site-packages/airflow/example_dags/example_display_name.py
[2026-08-02T19:06:17.307+0000] {logging_mixin.py:188} INFO - [2026-08-02T19:06:17.306+0000] {dag.py:3089} INFO - Sync 1 DAGs
[2026-08-02T19:06:17.320+0000] {logging_mixin.py:188} INFO - [2026-08-02T19:06:17.320+0000] {dag.py:3947} INFO - Setting next_dagrun for example_display_name to None, run_after=None
[2026-08-02T19:06:17.340+0000] {processor.py:183} INFO - Processing /home/airflow/.local/lib/python3.12/site-packages/airflow/example_dags/example_display_name.py took 0.068 seconds
[2026-08-02T19:06:47.985+0000] {processor.py:161} INFO - Started process (PID=860) to work on /home/airflow/.local/lib/python3.12/site-packages/airflow/example_dags/example_display_name.py
[2026-08-02T19:06:47.987+0000] {processor.py:830} INFO - Processing file /home/airflow/.local/lib/python3.12/site-packages/airflow/example_dags/example_display_name.py for tasks to queue
[2026-08-02T19:06:47.989+0000] {logging_mixin.py:188} INFO - [2026-08-02T19:06:47.988+0000] {dagbag.py:545} INFO - Filling up the DagBag from /home/airflow/.local/lib/python3.12/site-packages/airflow/example_dags/example_display_name.py
[2026-08-02T19:06:47.995+0000] {processor.py:840} INFO - DAG(s) 'example_display_name' retrieved from /home/airflow/.local/lib/python3.12/site-packages/airflow/example_dags/example_display_name.py
[2026-08-02T19:06:48.014+0000] {logging_mixin.py:188} INFO - [2026-08-02T19:06:48.014+0000] {dag.py:3089} INFO - Sync 1 DAGs
[2026-08-02T19:06:48.025+0000] {logging_mixin.py:188} INFO - [2026-08-02T19:06:48.025+0000] {dag.py:3947} INFO - Setting next_dagrun for example_display_name to None, run_after=None
[2026-08-02T19:06:48.045+0000] {processor.py:183} INFO - Processing /home/airflow/.local/lib/python3.12/site-packages/airflow/example_dags/example_display_name.py took 0.066 seconds
[2026-08-02T19:07:18.521+0000] {processor.py:161} INFO - Started process (PID=919) to work on /home/airflow/.local/lib/python3.12/site-packages/airflow/example_dags/example_display_name.py
[2026-08-02T19:07:18.523+0000] {processor.py:830} INFO - Processing file /home/airflow/.local/lib/python3.12/site-packages/airflow/example_dags/example_display_name.py for tasks to queue
[2026-08-02T19:07:18.526+0000] {logging_mixin.py:188} INFO - [2026-08-02T19:07:18.525+0000] {dagbag.py:545} INFO - Filling up the DagBag from /home/airflow/.local/lib/python3.12/site-packages/airflow/example_dags/example_display_name.py
[2026-08-02T19:07:18.534+0000] {processor.py:840} INFO - DAG(s) 'example_display_name' retrieved from /home/airflow/.local/lib/python3.12/site-packages/airflow/example_dags/example_display_name.py
[2026-08-02T19:07:18.557+0000] {logging_mixin.py:188} INFO - [2026-08-02T19:07:18.557+0000] {dag.py:3089} INFO - Sync 1 DAGs
[2026-08-02T19:07:18.574+0000] {logging_mixin.py:188} INFO - [2026-08-02T19:07:18.573+0000] {dag.py:3947} INFO - Setting next_dagrun for example_display_name to None, run_after=None
[2026-08-02T19:07:18.597+0000] {processor.py:183} INFO - Processing /home/airflow/.local/lib/python3.12/site-packages/airflow/example_dags/example_display_name.py took 0.083 seconds
[2026-08-02T19:07:49.125+0000] {processor.py:161} INFO - Started process (PID=978) to work on /home/airflow/.local/lib/python3.12/site-packages/airflow/example_dags/example_display_name.py
[2026-08-02T19:07:49.126+0000] {processor.py:830} INFO - Processing file /home/airflow/.local/lib/python3.12/site-packages/airflow/example_dags/example_display_name.py for tasks to queue
[2026-08-02T19:07:49.129+0000] {logging_mixin.py:188} INFO - [2026-08-02T19:07:49.128+0000] {dagbag.py:545} INFO - Filling up the DagBag from /home/airflow/.local/lib/python3.12/site-packages/airflow/example_dags/example_display_name.py
[2026-08-02T19:07:49.135+0000] {processor.py:840} INFO - DAG(s) 'example_display_name' retrieved from /home/airflow/.local/lib/python3.12/site-packages/airflow/example_dags/example_display_name.py
[2026-08-02T19:07:49.156+0000] {logging_mixin.py:188} INFO - [2026-08-02T19:07:49.156+0000] {dag.py:3089} INFO - Sync 1 DAGs
[2026-08-02T19:07:49.168+0000] {logging_mixin.py:188} INFO - [2026-08-02T19:07:49.168+0000] {dag.py:3947} INFO - Setting next_dagrun for example_display_name to None, run_after=None
[2026-08-02T19:07:49.189+0000] {processor.py:183} INFO - Processing /home/airflow/.local/lib/python3.12/site-packages/airflow/example_dags/example_display_name.py took 0.070 seconds
[2026-08-02T19:08:19.455+0000] {processor.py:161} INFO - Started process (PID=1037) to work on /home/airflow/.local/lib/python3.12/site-packages/airflow/example_dags/example_display_name.py
[2026-08-02T19:08:19.457+0000] {processor.py:830} INFO - Processing file /home/airflow/.local/lib/python3.12/site-packages/airflow/example_dags/example_display_name.py for tasks to queue
[2026-08-02T19:08:19.459+0000] {logging_mixin.py:188} INFO - [2026-08-02T19:08:19.459+0000] {dagbag.py:545} INFO - Filling up the DagBag from /home/airflow/.local/lib/python3.12/site-packages/airflow/example_dags/example_display_name.py
[2026-08-02T19:08:19.466+0000] {processor.py:840} INFO - DAG(s) 'example_display_name' retrieved from /home/airflow/.local/lib/python3.12/site-packages/airflow/example_dags/example_display_name.py
[2026-08-02T19:08:19.485+0000] {logging_mixin.py:188} INFO - [2026-08-02T19:08:19.485+0000] {dag.py:3089} INFO - Sync 1 DAGs
[2026-08-02T19:08:19.497+0000] {logging_mixin.py:188} INFO - [2026-08-02T19:08:19.497+0000] {dag.py:3947} INFO - Setting next_dagrun for example_display_name to None, run_after=None
[2026-08-02T19:08:19.515+0000] {processor.py:183} INFO - Processing /home/airflow/.local/lib/python3.12/site-packages/airflow/example_dags/example_display_name.py took 0.066 seconds
[2026-08-02T19:09:51.953+0000] {processor.py:161} INFO - Started process (PID=128) to work on /home/airflow/.local/lib/python3.12/site-packages/airflow/example_dags/example_display_name.py
[2026-08-02T19:09:51.954+0000] {processor.py:830} INFO - Processing file /home/airflow/.local/lib/python3.12/site-packages/airflow/example_dags/example_display_name.py for tasks to queue
[2026-08-02T19:09:51.957+0000] {logging_mixin.py:188} INFO - [2026-08-02T19:09:51.956+0000] {dagbag.py:545} INFO - Filling up the DagBag from /home/airflow/.local/lib/python3.12/site-packages/airflow/example_dags/example_display_name.py
[2026-08-02T19:09:51.964+0000] {processor.py:840} INFO - DAG(s) 'example_display_name' retrieved from /home/airflow/.local/lib/python3.12/site-packages/airflow/example_dags/example_display_name.py
[2026-08-02T19:09:52.073+0000] {logging_mixin.py:188} INFO - [2026-08-02T19:09:52.073+0000] {dag.py:3089} INFO - Sync 1 DAGs
[2026-08-02T19:09:52.085+0000] {logging_mixin.py:188} INFO - [2026-08-02T19:09:52.085+0000] {dag.py:3947} INFO - Setting next_dagrun for example_display_name to None, run_after=None
[2026-08-02T19:09:52.108+0000] {processor.py:183} INFO - Processing /home/airflow/.local/lib/python3.12/site-packages/airflow/example_dags/example_display_name.py took 0.162 seconds
[2026-08-02T19:10:22.890+0000] {processor.py:161} INFO - Started process (PID=187) to work on /home/airflow/.local/lib/python3.12/site-packages/airflow/example_dags/example_display_name.py
[2026-08-02T19:10:22.891+0000] {processor.py:830} INFO - Processing file /home/airflow/.local/lib/python3.12/site-packages/airflow/example_dags/example_display_name.py for tasks to queue
[2026-08-02T19:10:22.894+0000] {logging_mixin.py:188} INFO - [2026-08-02T19:10:22.893+0000] {dagbag.py:545} INFO - Filling up the DagBag from /home/airflow/.local/lib/python3.12/site-packages/airflow/example_dags/example_display_name.py
[2026-08-02T19:10:22.900+0000] {processor.py:840} INFO - DAG(s) 'example_display_name' retrieved from /home/airflow/.local/lib/python3.12/site-packages/airflow/example_dags/example_display_name.py
[2026-08-02T19:10:22.918+0000] {logging_mixin.py:188} INFO - [2026-08-02T19:10:22.918+0000] {dag.py:3089} INFO - Sync 1 DAGs
[2026-08-02T19:10:22.930+0000] {logging_mixin.py:188} INFO - [2026-08-02T19:10:22.930+0000] {dag.py:3947} INFO - Setting next_dagrun for example_display_name to None, run_after=None
[2026-08-02T19:10:22.948+0000] {processor.py:183} INFO - Processing /home/airflow/.local/lib/python3.12/site-packages/airflow/example_dags/example_display_name.py took 0.063 seconds
[2026-08-02T19:10:53.468+0000] {processor.py:161} INFO - Started process (PID=246) to work on /home/airflow/.local/lib/python3.12/site-packages/airflow/example_dags/example_display_name.py
[2026-08-02T19:10:53.469+0000] {processor.py:830} INFO - Processing file /home/airflow/.local/lib/python3.12/site-packages/airflow/example_dags/example_display_name.py for tasks to queue
[2026-08-02T19:10:53.472+0000] {logging_mixin.py:188} INFO - [2026-08-02T19:10:53.472+0000] {dagbag.py:545} INFO - Filling up the DagBag from /home/airflow/.local/lib/python3.12/site-packages/airflow/example_dags/example_display_name.py
[2026-08-02T19:10:53.479+0000] {processor.py:840} INFO - DAG(s) 'example_display_name' retrieved from /home/airflow/.local/lib/python3.12/site-packages/airflow/example_dags/example_display_name.py
[2026-08-02T19:10:53.501+0000] {logging_mixin.py:188} INFO - [2026-08-02T19:10:53.501+0000] {dag.py:3089} INFO - Sync 1 DAGs
[2026-08-02T19:10:53.515+0000] {logging_mixin.py:188} INFO - [2026-08-02T19:10:53.514+0000] {dag.py:3947} INFO - Setting next_dagrun for example_display_name to None, run_after=None
[2026-08-02T19:10:53.535+0000] {processor.py:183} INFO - Processing /home/airflow/.local/lib/python3.12/site-packages/airflow/example_dags/example_display_name.py took 0.075 seconds
[2026-08-02T19:11:23.746+0000] {processor.py:161} INFO - Started process (PID=305) to work on /home/airflow/.local/lib/python3.12/site-packages/airflow/example_dags/example_display_name.py
[2026-08-02T19:11:23.748+0000] {processor.py:830} INFO - Processing file /home/airflow/.local/lib/python3.12/site-packages/airflow/example_dags/example_display_name.py for tasks to queue
[2026-08-02T19:11:23.750+0000] {logging_mixin.py:188} INFO - [2026-08-02T19:11:23.750+0000] {dagbag.py:545} INFO - Filling up the DagBag from /home/airflow/.local/lib/python3.12/site-packages/airflow/example_dags/example_display_name.py
[2026-08-02T19:11:23.756+0000] {processor.py:840} INFO - DAG(s) 'example_display_name' retrieved from /home/airflow/.local/lib/python3.12/site-packages/airflow/example_dags/example_display_name.py
[2026-08-02T19:11:23.776+0000] {logging_mixin.py:188} INFO - [2026-08-02T19:11:23.775+0000] {dag.py:3089} INFO - Sync 1 DAGs
[2026-08-02T19:11:23.788+0000] {logging_mixin.py:188} INFO - [2026-08-02T19:11:23.788+0000] {dag.py:3947} INFO - Setting next_dagrun for example_display_name to None, run_after=None
[2026-08-02T19:11:23.808+0000] {processor.py:183} INFO - Processing /home/airflow/.local/lib/python3.12/site-packages/airflow/example_dags/example_display_name.py took 0.069 seconds
[2026-08-02T19:11:54.202+0000] {processor.py:161} INFO - Started process (PID=364) to work on /home/airflow/.local/lib/python3.12/site-packages/airflow/example_dags/example_display_name.py
[2026-08-02T19:11:54.204+0000] {processor.py:830} INFO - Processing file /home/airflow/.local/lib/python3.12/site-packages/airflow/example_dags/example_display_name.py for tasks to queue
[2026-08-02T19:11:54.206+0000] {logging_mixin.py:188} INFO - [2026-08-02T19:11:54.206+0000] {dagbag.py:545} INFO - Filling up the DagBag from /home/airflow/.local/lib/python3.12/site-packages/airflow/example_dags/example_display_name.py
[2026-08-02T19:11:54.212+0000] {processor.py:840} INFO - DAG(s) 'example_display_name' retrieved from /home/airflow/.local/lib/python3.12/site-packages/airflow/example_dags/example_display_name.py
[2026-08-02T19:11:54.233+0000] {logging_mixin.py:188} INFO - [2026-08-02T19:11:54.232+0000] {dag.py:3089} INFO - Sync 1 DAGs
[2026-08-02T19:11:54.244+0000] {logging_mixin.py:188} INFO - [2026-08-02T19:11:54.244+0000] {dag.py:3947} INFO - Setting next_dagrun for example_display_name to None, run_after=None
[2026-08-02T19:11:54.263+0000] {processor.py:183} INFO - Processing /home/airflow/.local/lib/python3.12/site-packages/airflow/example_dags/example_display_name.py took 0.068 seconds
[2026-08-02T19:12:24.746+0000] {processor.py:161} INFO - Started process (PID=423) to work on /home/airflow/.local/lib/python3.12/site-packages/airflow/example_dags/example_display_name.py
[2026-08-02T19:12:24.748+0000] {processor.py:830} INFO - Processing file /home/airflow/.local/lib/python3.12/site-packages/airflow/example_dags/example_display_name.py for tasks to queue
[2026-08-02T19:12:24.750+0000] {logging_mixin.py:188} INFO - [2026-08-02T19:12:24.750+0000] {dagbag.py:545} INFO - Filling up the DagBag from /home/airflow/.local/lib/python3.12/site-packages/airflow/example_dags/example_display_name.py
[2026-08-02T19:12:24.756+0000] {processor.py:840} INFO - DAG(s) 'example_display_name' retrieved from /home/airflow/.local/lib/python3.12/site-packages/airflow/example_dags/example_display_name.py
[2026-08-02T19:12:24.776+0000] {logging_mixin.py:188} INFO - [2026-08-02T19:12:24.775+0000] {dag.py:3089} INFO - Sync 1 DAGs
[2026-08-02T19:12:24.789+0000] {logging_mixin.py:188} INFO - [2026-08-02T19:12:24.789+0000] {dag.py:3947} INFO - Setting next_dagrun for example_display_name to None, run_after=None
[2026-08-02T19:12:24.810+0000] {processor.py:183} INFO - Processing /home/airflow/.local/lib/python3.12/site-packages/airflow/example_dags/example_display_name.py took 0.069 seconds
[2026-08-02T19:12:55.279+0000] {processor.py:161} INFO - Started process (PID=482) to work on /home/airflow/.local/lib/python3.12/site-packages/airflow/example_dags/example_display_name.py
[2026-08-02T19:12:55.280+0000] {processor.py:830} INFO - Processing file /home/airflow/.local/lib/python3.12/site-packages/airflow/example_dags/example_display_name.py for tasks to queue
[2026-08-02T19:12:55.282+0000] {logging_mixin.py:188} INFO - [2026-08-02T19:12:55.282+0000] {dagbag.py:545} INFO - Filling up the DagBag from /home/airflow/.local/lib/python3.12/site-packages/airflow/example_dags/example_display_name.py
[2026-08-02T19:12:55.289+0000] {processor.py:840} INFO - DAG(s) 'example_display_name' retrieved from /home/airflow/.local/lib/python3.12/site-packages/airflow/example_dags/example_display_name.py
[2026-08-02T19:12:55.313+0000] {logging_mixin.py:188} INFO - [2026-08-02T19:12:55.312+0000] {dag.py:3089} INFO - Sync 1 DAGs
[2026-08-02T19:12:55.327+0000] {logging_mixin.py:188} INFO - [2026-08-02T19:12:55.327+0000] {dag.py:3947} INFO - Setting next_dagrun for example_display_name to None, run_after=None
[2026-08-02T19:12:55.348+0000] {processor.py:183} INFO - Processing /home/airflow/.local/lib/python3.12/site-packages/airflow/example_dags/example_display_name.py took 0.077 seconds
[2026-08-02T19:13:25.742+0000] {processor.py:161} INFO - Started process (PID=541) to work on /home/airflow/.local/lib/python3.12/site-packages/airflow/example_dags/example_display_name.py
[2026-08-02T19:13:25.744+0000] {processor.py:830} INFO - Processing file /home/airflow/.local/lib/python3.12/site-packages/airflow/example_dags/example_display_name.py for tasks to queue
[2026-08-02T19:13:25.747+0000] {logging_mixin.py:188} INFO - [2026-08-02T19:13:25.747+0000] {dagbag.py:545} INFO - Filling up the DagBag from /home/airflow/.local/lib/python3.12/site-packages/airflow/example_dags/example_display_name.py
[2026-08-02T19:13:25.755+0000] {processor.py:840} INFO - DAG(s) 'example_display_name' retrieved from /home/airflow/.local/lib/python3.12/site-packages/airflow/example_dags/example_display_name.py
[2026-08-02T19:13:25.777+0000] {logging_mixin.py:188} INFO - [2026-08-02T19:13:25.776+0000] {dag.py:3089} INFO - Sync 1 DAGs
[2026-08-02T19:13:25.790+0000] {logging_mixin.py:188} INFO - [2026-08-02T19:13:25.790+0000] {dag.py:3947} INFO - Setting next_dagrun for example_display_name to None, run_after=None
[2026-08-02T19:13:25.813+0000] {processor.py:183} INFO - Processing /home/airflow/.local/lib/python3.12/site-packages/airflow/example_dags/example_display_name.py took 0.077 seconds
[2026-08-02T19:13:56.404+0000] {processor.py:161} INFO - Started process (PID=600) to work on /home/airflow/.local/lib/python3.12/site-packages/airflow/example_dags/example_display_name.py
[2026-08-02T19:13:56.406+0000] {processor.py:830} INFO - Processing file /home/airflow/.local/lib/python3.12/site-packages/airflow/example_dags/example_display_name.py for tasks to queue
[2026-08-02T19:13:56.408+0000] {logging_mixin.py:188} INFO - [2026-08-02T19:13:56.408+0000] {dagbag.py:545} INFO - Filling up the DagBag from /home/airflow/.local/lib/python3.12/site-packages/airflow/example_dags/example_display_name.py
[2026-08-02T19:13:56.415+0000] {processor.py:840} INFO - DAG(s) 'example_display_name' retrieved from /home/airflow/.local/lib/python3.12/site-packages/airflow/example_dags/example_display_name.py
[2026-08-02T19:13:56.435+0000] {logging_mixin.py:188} INFO - [2026-08-02T19:13:56.435+0000] {dag.py:3089} INFO - Sync 1 DAGs
[2026-08-02T19:13:56.452+0000] {logging_mixin.py:188} INFO - [2026-08-02T19:13:56.451+0000] {dag.py:3947} INFO - Setting next_dagrun for example_display_name to None, run_after=None
[2026-08-02T19:13:56.471+0000] {processor.py:183} INFO - Processing /home/airflow/.local/lib/python3.12/site-packages/airflow/example_dags/example_display_name.py took 0.073 seconds
[2026-08-02T19:14:27.264+0000] {processor.py:161} INFO - Started process (PID=659) to work on /home/airflow/.local/lib/python3.12/site-packages/airflow/example_dags/example_display_name.py
[2026-08-02T19:14:27.265+0000] {processor.py:830} INFO - Processing file /home/airflow/.local/lib/python3.12/site-packages/airflow/example_dags/example_display_name.py for tasks to queue
[2026-08-02T19:14:27.267+0000] {logging_mixin.py:188} INFO - [2026-08-02T19:14:27.267+0000] {dagbag.py:545} INFO - Filling up the DagBag from /home/airflow/.local/lib/python3.12/site-packages/airflow/example_dags/example_display_name.py
[2026-08-02T19:14:27.273+0000] {processor.py:840} INFO - DAG(s) 'example_display_name' retrieved from /home/airflow/.local/lib/python3.12/site-packages/airflow/example_dags/example_display_name.py
[2026-08-02T19:14:27.291+0000] {logging_mixin.py:188} INFO - [2026-08-02T19:14:27.291+0000] {dag.py:3089} INFO - Sync 1 DAGs
[2026-08-02T19:14:27.304+0000] {logging_mixin.py:188} INFO - [2026-08-02T19:14:27.304+0000] {dag.py:3947} INFO - Setting next_dagrun for example_display_name to None, run_after=None
[2026-08-02T19:14:27.324+0000] {processor.py:183} INFO - Processing /home/airflow/.local/lib/python3.12/site-packages/airflow/example_dags/example_display_name.py took 0.066 seconds
[2026-08-02T19:14:57.706+0000] {processor.py:161} INFO - Started process (PID=718) to work on /home/airflow/.local/lib/python3.12/site-packages/airflow/example_dags/example_display_name.py
[2026-08-02T19:14:57.708+0000] {processor.py:830} INFO - Processing file /home/airflow/.local/lib/python3.12/site-packages/airflow/example_dags/example_display_name.py for tasks to queue
[2026-08-02T19:14:57.711+0000] {logging_mixin.py:188} INFO - [2026-08-02T19:14:57.710+0000] {dagbag.py:545} INFO - Filling up the DagBag from /home/airflow/.local/lib/python3.12/site-packages/airflow/example_dags/example_display_name.py
[2026-08-02T19:14:57.716+0000] {processor.py:840} INFO - DAG(s) 'example_display_name' retrieved from /home/airflow/.local/lib/python3.12/site-packages/airflow/example_dags/example_display_name.py
[2026-08-02T19:14:57.734+0000] {logging_mixin.py:188} INFO - [2026-08-02T19:14:57.733+0000] {dag.py:3089} INFO - Sync 1 DAGs
[2026-08-02T19:14:57.745+0000] {logging_mixin.py:188} INFO - [2026-08-02T19:14:57.745+0000] {dag.py:3947} INFO - Setting next_dagrun for example_display_name to None, run_after=None
[2026-08-02T19:14:57.761+0000] {processor.py:183} INFO - Processing /home/airflow/.local/lib/python3.12/site-packages/airflow/example_dags/example_display_name.py took 0.060 seconds
[2026-08-02T19:15:28.073+0000] {processor.py:161} INFO - Started process (PID=777) to work on /home/airflow/.local/lib/python3.12/site-packages/airflow/example_dags/example_display_name.py
[2026-08-02T19:15:28.074+0000] {processor.py:830} INFO - Processing file /home/airflow/.local/lib/python3.12/site-packages/airflow/example_dags/example_display_name.py for tasks to queue
[2026-08-02T19:15:28.076+0000] {logging_mixin.py:188} INFO - [2026-08-02T19:15:28.076+0000] {dagbag.py:545} INFO - Filling up the DagBag from /home/airflow/.local/lib/python3.12/site-packages/airflow/example_dags/example_display_name.py
[2026-08-02T19:15:28.082+0000] {processor.py:840} INFO - DAG(s) 'example_display_name' retrieved from /home/airflow/.local/lib/python3.12/site-packages/airflow/example_dags/example_display_name.py
[2026-08-02T19:15:28.101+0000] {logging_mixin.py:188} INFO - [2026-08-02T19:15:28.101+0000] {dag.py:3089} INFO - Sync 1 DAGs
[2026-08-02T19:15:28.113+0000] {logging_mixin.py:188} INFO - [2026-08-02T19:15:28.113+0000] {dag.py:3947} INFO - Setting next_dagrun for example_display_name to None, run_after=None
[2026-08-02T19:15:28.131+0000] {processor.py:183} INFO - Processing /home/airflow/.local/lib/python3.12/site-packages/airflow/example_dags/example_display_name.py took 0.064 seconds
[2026-08-02T19:15:58.987+0000] {processor.py:161} INFO - Started process (PID=836) to work on /home/airflow/.local/lib/python3.12/site-packages/airflow/example_dags/example_display_name.py
[2026-08-02T19:15:58.989+0000] {processor.py:830} INFO - Processing file /home/airflow/.local/lib/python3.12/site-packages/airflow/example_dags/example_display_name.py for tasks to queue
[2026-08-02T19:15:58.992+0000] {logging_mixin.py:188} INFO - [2026-08-02T19:15:58.992+0000] {dagbag.py:545} INFO - Filling up the DagBag from /home/airflow/.local/lib/python3.12/site-packages/airflow/example_dags/example_display_name.py
[2026-08-02T19:15:58.999+0000] {processor.py:840} INFO - DAG(s) 'example_display_name' retrieved from /home/airflow/.local/lib/python3.12/site-packages/airflow/example_dags/example_display_name.py
[2026-08-02T19:15:59.020+0000] {logging_mixin.py:188} INFO - [2026-08-02T19:15:59.020+0000] {dag.py:3089} INFO - Sync 1 DAGs
[2026-08-02T19:15:59.034+0000] {logging_mixin.py:188} INFO - [2026-08-02T19:15:59.034+0000] {dag.py:3947} INFO - Setting next_dagrun for example_display_name to None, run_after=None
[2026-08-02T19:15:59.054+0000] {processor.py:183} INFO - Processing /home/airflow/.local/lib/python3.12/site-packages/airflow/example_dags/example_display_name.py took 0.073 seconds
[2026-08-02T19:16:29.578+0000] {processor.py:161} INFO - Started process (PID=895) to work on /home/airflow/.local/lib/python3.12/site-packages/airflow/example_dags/example_display_name.py
[2026-08-02T19:16:29.580+0000] {processor.py:830} INFO - Processing file /home/airflow/.local/lib/python3.12/site-packages/airflow/example_dags/example_display_name.py for tasks to queue
[2026-08-02T19:16:29.584+0000] {logging_mixin.py:188} INFO - [2026-08-02T19:16:29.583+0000] {dagbag.py:545} INFO - Filling up the DagBag from /home/airflow/.local/lib/python3.12/site-packages/airflow/example_dags/example_display_name.py
[2026-08-02T19:16:29.593+0000] {processor.py:840} INFO - DAG(s) 'example_display_name' retrieved from /home/airflow/.local/lib/python3.12/site-packages/airflow/example_dags/example_display_name.py
[2026-08-02T19:16:29.622+0000] {logging_mixin.py:188} INFO - [2026-08-02T19:16:29.622+0000] {dag.py:3089} INFO - Sync 1 DAGs
[2026-08-02T19:16:29.639+0000] {logging_mixin.py:188} INFO - [2026-08-02T19:16:29.639+0000] {dag.py:3947} INFO - Setting next_dagrun for example_display_name to None, run_after=None
[2026-08-02T19:16:29.669+0000] {processor.py:183} INFO - Processing /home/airflow/.local/lib/python3.12/site-packages/airflow/example_dags/example_display_name.py took 0.101 seconds
[2026-08-02T19:17:00.185+0000] {processor.py:161} INFO - Started process (PID=954) to work on /home/airflow/.local/lib/python3.12/site-packages/airflow/example_dags/example_display_name.py
[2026-08-02T19:17:00.186+0000] {processor.py:830} INFO - Processing file /home/airflow/.local/lib/python3.12/site-packages/airflow/example_dags/example_display_name.py for tasks to queue
[2026-08-02T19:17:00.189+0000] {logging_mixin.py:188} INFO - [2026-08-02T19:17:00.188+0000] {dagbag.py:545} INFO - Filling up the DagBag from /home/airflow/.local/lib/python3.12/site-packages/airflow/example_dags/example_display_name.py
[2026-08-02T19:17:00.197+0000] {processor.py:840} INFO - DAG(s) 'example_display_name' retrieved from /home/airflow/.local/lib/python3.12/site-packages/airflow/example_dags/example_display_name.py
[2026-08-02T19:17:00.217+0000] {logging_mixin.py:188} INFO - [2026-08-02T19:17:00.217+0000] {dag.py:3089} INFO - Sync 1 DAGs
[2026-08-02T19:17:00.231+0000] {logging_mixin.py:188} INFO - [2026-08-02T19:17:00.230+0000] {dag.py:3947} INFO - Setting next_dagrun for example_display_name to None, run_after=None
[2026-08-02T19:17:00.253+0000] {processor.py:183} INFO - Processing /home/airflow/.local/lib/python3.12/site-packages/airflow/example_dags/example_display_name.py took 0.074 seconds
[2026-08-02T19:17:30.926+0000] {processor.py:161} INFO - Started process (PID=1013) to work on /home/airflow/.local/lib/python3.12/site-packages/airflow/example_dags/example_display_name.py
[2026-08-02T19:17:30.927+0000] {processor.py:830} INFO - Processing file /home/airflow/.local/lib/python3.12/site-packages/airflow/example_dags/example_display_name.py for tasks to queue
[2026-08-02T19:17:30.929+0000] {logging_mixin.py:188} INFO - [2026-08-02T19:17:30.929+0000] {dagbag.py:545} INFO - Filling up the DagBag from /home/airflow/.local/lib/python3.12/site-packages/airflow/example_dags/example_display_name.py
[2026-08-02T19:17:30.936+0000] {processor.py:840} INFO - DAG(s) 'example_display_name' retrieved from /home/airflow/.local/lib/python3.12/site-packages/airflow/example_dags/example_display_name.py
[2026-08-02T19:17:30.955+0000] {logging_mixin.py:188} INFO - [2026-08-02T19:17:30.955+0000] {dag.py:3089} INFO - Sync 1 DAGs
[2026-08-02T19:17:30.967+0000] {logging_mixin.py:188} INFO - [2026-08-02T19:17:30.966+0000] {dag.py:3947} INFO - Setting next_dagrun for example_display_name to None, run_after=None
[2026-08-02T19:17:30.984+0000] {processor.py:183} INFO - Processing /home/airflow/.local/lib/python3.12/site-packages/airflow/example_dags/example_display_name.py took 0.065 seconds
[2026-08-02T19:18:01.784+0000] {processor.py:161} INFO - Started process (PID=1072) to work on /home/airflow/.local/lib/python3.12/site-packages/airflow/example_dags/example_display_name.py
[2026-08-02T19:18:01.786+0000] {processor.py:830} INFO - Processing file /home/airflow/.local/lib/python3.12/site-packages/airflow/example_dags/example_display_name.py for tasks to queue
[2026-08-02T19:18:01.788+0000] {logging_mixin.py:188} INFO - [2026-08-02T19:18:01.788+0000] {dagbag.py:545} INFO - Filling up the DagBag from /home/airflow/.local/lib/python3.12/site-packages/airflow/example_dags/example_display_name.py
[2026-08-02T19:18:01.795+0000] {processor.py:840} INFO - DAG(s) 'example_display_name' retrieved from /home/airflow/.local/lib/python3.12/site-packages/airflow/example_dags/example_display_name.py
[2026-08-02T19:18:01.815+0000] {logging_mixin.py:188} INFO - [2026-08-02T19:18:01.814+0000] {dag.py:3089} INFO - Sync 1 DAGs
[2026-08-02T19:18:01.827+0000] {logging_mixin.py:188} INFO - [2026-08-02T19:18:01.827+0000] {dag.py:3947} INFO - Setting next_dagrun for example_display_name to None, run_after=None
[2026-08-02T19:18:01.846+0000] {processor.py:183} INFO - Processing /home/airflow/.local/lib/python3.12/site-packages/airflow/example_dags/example_display_name.py took 0.068 seconds
[2026-08-02T19:18:32.396+0000] {processor.py:161} INFO - Started process (PID=1131) to work on /home/airflow/.local/lib/python3.12/site-packages/airflow/example_dags/example_display_name.py
[2026-08-02T19:18:32.397+0000] {processor.py:830} INFO - Processing file /home/airflow/.local/lib/python3.12/site-packages/airflow/example_dags/example_display_name.py for tasks to queue
[2026-08-02T19:18:32.400+0000] {logging_mixin.py:188} INFO - [2026-08-02T19:18:32.399+0000] {dagbag.py:545} INFO - Filling up the DagBag from /home/airflow/.local/lib/python3.12/site-packages/airflow/example_dags/example_display_name.py
[2026-08-02T19:18:32.406+0000] {processor.py:840} INFO - DAG(s) 'example_display_name' retrieved from /home/airflow/.local/lib/python3.12/site-packages/airflow/example_dags/example_display_name.py
[2026-08-02T19:18:32.427+0000] {logging_mixin.py:188} INFO - [2026-08-02T19:18:32.427+0000] {dag.py:3089} INFO - Sync 1 DAGs
[2026-08-02T19:18:32.440+0000] {logging_mixin.py:188} INFO - [2026-08-02T19:18:32.440+0000] {dag.py:3947} INFO - Setting next_dagrun for example_display_name to None, run_after=None
[2026-08-02T19:18:32.462+0000] {processor.py:183} INFO - Processing /home/airflow/.local/lib/python3.12/site-packages/airflow/example_dags/example_display_name.py took 0.074 seconds
[2026-08-02T19:19:02.907+0000] {processor.py:161} INFO - Started process (PID=1190) to work on /home/airflow/.local/lib/python3.12/site-packages/airflow/example_dags/example_display_name.py
[2026-08-02T19:19:02.909+0000] {processor.py:830} INFO - Processing file /home/airflow/.local/lib/python3.12/site-packages/airflow/example_dags/example_display_name.py for tasks to queue
[2026-08-02T19:19:02.912+0000] {logging_mixin.py:188} INFO - [2026-08-02T19:19:02.911+0000] {dagbag.py:545} INFO - Filling up the DagBag from /home/airflow/.local/lib/python3.12/site-packages/airflow/example_dags/example_display_name.py
[2026-08-02T19:19:02.920+0000] {processor.py:840} INFO - DAG(s) 'example_display_name' retrieved from /home/airflow/.local/lib/python3.12/site-packages/airflow/example_dags/example_display_name.py
[2026-08-02T19:19:02.941+0000] {logging_mixin.py:188} INFO - [2026-08-02T19:19:02.940+0000] {dag.py:3089} INFO - Sync 1 DAGs
[2026-08-02T19:19:02.953+0000] {logging_mixin.py:188} INFO - [2026-08-02T19:19:02.953+0000] {dag.py:3947} INFO - Setting next_dagrun for example_display_name to None, run_after=None
[2026-08-02T19:19:02.976+0000] {processor.py:183} INFO - Processing /home/airflow/.local/lib/python3.12/site-packages/airflow/example_dags/example_display_name.py took 0.076 seconds
[2026-08-02T19:19:33.524+0000] {processor.py:161} INFO - Started process (PID=1249) to work on /home/airflow/.local/lib/python3.12/site-packages/airflow/example_dags/example_display_name.py
[2026-08-02T19:19:33.526+0000] {processor.py:830} INFO - Processing file /home/airflow/.local/lib/python3.12/site-packages/airflow/example_dags/example_display_name.py for tasks to queue
[2026-08-02T19:19:33.528+0000] {logging_mixin.py:188} INFO - [2026-08-02T19:19:33.528+0000] {dagbag.py:545} INFO - Filling up the DagBag from /home/airflow/.local/lib/python3.12/site-packages/airflow/example_dags/example_display_name.py
[2026-08-02T19:19:33.534+0000] {processor.py:840} INFO - DAG(s) 'example_display_name' retrieved from /home/airflow/.local/lib/python3.12/site-packages/airflow/example_dags/example_display_name.py
[2026-08-02T19:19:33.553+0000] {logging_mixin.py:188} INFO - [2026-08-02T19:19:33.553+0000] {dag.py:3089} INFO - Sync 1 DAGs
[2026-08-02T19:19:33.565+0000] {logging_mixin.py:188} INFO - [2026-08-02T19:19:33.564+0000] {dag.py:3947} INFO - Setting next_dagrun for example_display_name to None, run_after=None
[2026-08-02T19:19:33.583+0000] {processor.py:183} INFO - Processing /home/airflow/.local/lib/python3.12/site-packages/airflow/example_dags/example_display_name.py took 0.064 seconds
[2026-08-02T19:20:04.417+0000] {processor.py:161} INFO - Started process (PID=1308) to work on /home/airflow/.local/lib/python3.12/site-packages/airflow/example_dags/example_display_name.py
[2026-08-02T19:20:04.419+0000] {processor.py:830} INFO - Processing file /home/airflow/.local/lib/python3.12/site-packages/airflow/example_dags/example_display_name.py for tasks to queue
[2026-08-02T19:20:04.422+0000] {logging_mixin.py:188} INFO - [2026-08-02T19:20:04.421+0000] {dagbag.py:545} INFO - Filling up the DagBag from /home/airflow/.local/lib/python3.12/site-packages/airflow/example_dags/example_display_name.py
[2026-08-02T19:20:04.429+0000] {processor.py:840} INFO - DAG(s) 'example_display_name' retrieved from /home/airflow/.local/lib/python3.12/site-packages/airflow/example_dags/example_display_name.py
[2026-08-02T19:20:04.450+0000] {logging_mixin.py:188} INFO - [2026-08-02T19:20:04.450+0000] {dag.py:3089} INFO - Sync 1 DAGs
[2026-08-02T19:20:04.464+0000] {logging_mixin.py:188} INFO - [2026-08-02T19:20:04.464+0000] {dag.py:3947} INFO - Setting next_dagrun for example_display_name to None, run_after=None
[2026-08-02T19:20:04.487+0000] {processor.py:183} INFO - Processing /home/airflow/.local/lib/python3.12/site-packages/airflow/example_dags/example_display_name.py took 0.076 seconds
