[2026-08-02T18:55:12.763+0000] {processor.py:161} INFO - Started process (PID=88) to work on /home/airflow/.local/lib/python3.12/site-packages/airflow/example_dags/example_branch_python_dop_operator_3.py
[2026-08-02T18:55:12.766+0000] {processor.py:830} INFO - Processing file /home/airflow/.local/lib/python3.12/site-packages/airflow/example_dags/example_branch_python_dop_operator_3.py for tasks to queue
[2026-08-02T18:55:12.771+0000] {logging_mixin.py:188} INFO - [2026-08-02T18:55:12.771+0000] {dagbag.py:545} INFO - Filling up the DagBag from /home/airflow/.local/lib/python3.12/site-packages/airflow/example_dags/example_branch_python_dop_operator_3.py
[2026-08-02T18:55:12.799+0000] {processor.py:840} INFO - DAG(s) 'example_branch_dop_operator_v3' retrieved from /home/airflow/.local/lib/python3.12/site-packages/airflow/example_dags/example_branch_python_dop_operator_3.py
[2026-08-02T18:55:13.009+0000] {logging_mixin.py:188} INFO - [2026-08-02T18:55:13.008+0000] {dag.py:3089} INFO - Sync 1 DAGs
[2026-08-02T18:55:13.068+0000] {logging_mixin.py:188} INFO - [2026-08-02T18:55:13.067+0000] {dag.py:3947} INFO - Setting next_dagrun for example_branch_dop_operator_v3 to 2026-08-02 18:54:00+00:00, run_after=2026-08-02 18:55:00+00:00
[2026-08-02T18:55:13.110+0000] {processor.py:183} INFO - Processing /home/airflow/.local/lib/python3.12/site-packages/airflow/example_dags/example_branch_python_dop_operator_3.py took 0.362 seconds
[2026-08-02T18:55:43.220+0000] {processor.py:161} INFO - Started process (PID=147) to work on /home/airflow/.local/lib/python3.12/site-packages/airflow/example_dags/example_branch_python_dop_operator_3.py
[2026-08-02T18:55:43.222+0000] {processor.py:830} INFO - Processing file /home/airflow/.local/lib/python3.12/site-packages/airflow/example_dags/example_branch_python_dop_operator_3.py for tasks to queue
[2026-08-02T18:55:43.227+0000] {logging_mixin.py:188} INFO - [2026-08-02T18:55:43.226+0000] {dagbag.py:545} INFO - Filling up the DagBag from /home/airflow/.local/lib/python3.12/site-packages/airflow/example_dags/example_branch_python_dop_operator_3.py
[2026-08-02T18:55:43.245+0000] {processor.py:840} INFO - DAG(s) 'example_branch_dop_operator_v3' retrieved from /home/airflow/.local/lib/python3.12/site-packages/airflow/example_dags/example_branch_python_dop_operator_3.py
[2026-08-02T18:55:43.280+0000] {logging_mixin.py:188} INFO - [2026-08-02T18:55:43.280+0000] {dag.py:3089} INFO - Sync 1 DAGs
[2026-08-02T18:55:43.305+0000] {logging_mixin.py:188} INFO - [2026-08-02T18:55:43.305+0000] {dag.py:3947} INFO - Setting next_dagrun for example_branch_dop_operator_v3 to 2026-08-02 18:54:00+00:00, run_after=2026-08-02 18:55:00+00:00
[2026-08-02T18:55:43.326+0000] {processor.py:183} INFO - Processing /home/airflow/.local/lib/python3.12/site-packages/airflow/example_dags/example_branch_python_dop_operator_3.py took 0.117 seconds
[2026-08-02T18:56:13.849+0000] {processor.py:161} INFO - Started process (PID=206) to work on /home/airflow/.local/lib/python3.12/site-packages/airflow/example_dags/example_branch_python_dop_operator_3.py
[2026-08-02T18:56:13.850+0000] {processor.py:830} INFO - Processing file /home/airflow/.local/lib/python3.12/site-packages/airflow/example_dags/example_branch_python_dop_operator_3.py for tasks to queue
[2026-08-02T18:56:13.853+0000] {logging_mixin.py:188} INFO - [2026-08-02T18:56:13.852+0000] {dagbag.py:545} INFO - Filling up the DagBag from /home/airflow/.local/lib/python3.12/site-packages/airflow/example_dags/example_branch_python_dop_operator_3.py
[2026-08-02T18:56:13.862+0000] {processor.py:840} INFO - DAG(s) 'example_branch_dop_operator_v3' retrieved from /home/airflow/.local/lib/python3.12/site-packages/airflow/example_dags/example_branch_python_dop_operator_3.py
[2026-08-02T18:56:13.880+0000] {logging_mixin.py:188} INFO - [2026-08-02T18:56:13.879+0000] {dag.py:3089} INFO - Sync 1 DAGs
[2026-08-02T18:56:13.902+0000] {logging_mixin.py:188} INFO - [2026-08-02T18:56:13.902+0000] {dag.py:3947} INFO - Setting next_dagrun for example_branch_dop_operator_v3 to 2026-08-02 18:55:00+00:00, run_after=2026-08-02 18:56:00+00:00
[2026-08-02T18:56:13.919+0000] {processor.py:183} INFO - Processing /home/airflow/.local/lib/python3.12/site-packages/airflow/example_dags/example_branch_python_dop_operator_3.py took 0.075 seconds
[2026-08-02T18:56:44.198+0000] {processor.py:161} INFO - Started process (PID=265) to work on /home/airflow/.local/lib/python3.12/site-packages/airflow/example_dags/example_branch_python_dop_operator_3.py
[2026-08-02T18:56:44.200+0000] {processor.py:830} INFO - Processing file /home/airflow/.local/lib/python3.12/site-packages/airflow/example_dags/example_branch_python_dop_operator_3.py for tasks to queue
[2026-08-02T18:56:44.202+0000] {logging_mixin.py:188} INFO - [2026-08-02T18:56:44.202+0000] {dagbag.py:545} INFO - Filling up the DagBag from /home/airflow/.local/lib/python3.12/site-packages/airflow/example_dags/example_branch_python_dop_operator_3.py
[2026-08-02T18:56:44.211+0000] {processor.py:840} INFO - DAG(s) 'example_branch_dop_operator_v3' retrieved from /home/airflow/.local/lib/python3.12/site-packages/airflow/example_dags/example_branch_python_dop_operator_3.py
[2026-08-02T18:56:44.234+0000] {logging_mixin.py:188} INFO - [2026-08-02T18:56:44.233+0000] {dag.py:3089} INFO - Sync 1 DAGs
[2026-08-02T18:56:44.259+0000] {logging_mixin.py:188} INFO - [2026-08-02T18:56:44.258+0000] {dag.py:3947} INFO - Setting next_dagrun for example_branch_dop_operator_v3 to 2026-08-02 18:55:00+00:00, run_after=2026-08-02 18:56:00+00:00
[2026-08-02T18:56:44.278+0000] {processor.py:183} INFO - Processing /home/airflow/.local/lib/python3.12/site-packages/airflow/example_dags/example_branch_python_dop_operator_3.py took 0.086 seconds
[2026-08-02T18:57:14.613+0000] {processor.py:161} INFO - Started process (PID=324) to work on /home/airflow/.local/lib/python3.12/site-packages/airflow/example_dags/example_branch_python_dop_operator_3.py
[2026-08-02T18:57:14.615+0000] {processor.py:830} INFO - Processing file /home/airflow/.local/lib/python3.12/site-packages/airflow/example_dags/example_branch_python_dop_operator_3.py for tasks to queue
[2026-08-02T18:57:14.617+0000] {logging_mixin.py:188} INFO - [2026-08-02T18:57:14.617+0000] {dagbag.py:545} INFO - Filling up the DagBag from /home/airflow/.local/lib/python3.12/site-packages/airflow/example_dags/example_branch_python_dop_operator_3.py
[2026-08-02T18:57:14.626+0000] {processor.py:840} INFO - DAG(s) 'example_branch_dop_operator_v3' retrieved from /home/airflow/.local/lib/python3.12/site-packages/airflow/example_dags/example_branch_python_dop_operator_3.py
[2026-08-02T18:57:14.647+0000] {logging_mixin.py:188} INFO - [2026-08-02T18:57:14.646+0000] {dag.py:3089} INFO - Sync 1 DAGs
[2026-08-02T18:57:14.672+0000] {logging_mixin.py:188} INFO - [2026-08-02T18:57:14.671+0000] {dag.py:3947} INFO - Setting next_dagrun for example_branch_dop_operator_v3 to 2026-08-02 18:56:00+00:00, run_after=2026-08-02 18:57:00+00:00
[2026-08-02T18:57:14.692+0000] {processor.py:183} INFO - Processing /home/airflow/.local/lib/python3.12/site-packages/airflow/example_dags/example_branch_python_dop_operator_3.py took 0.084 seconds
[2026-08-02T18:57:45.085+0000] {processor.py:161} INFO - Started process (PID=383) to work on /home/airflow/.local/lib/python3.12/site-packages/airflow/example_dags/example_branch_python_dop_operator_3.py
[2026-08-02T18:57:45.087+0000] {processor.py:830} INFO - Processing file /home/airflow/.local/lib/python3.12/site-packages/airflow/example_dags/example_branch_python_dop_operator_3.py for tasks to queue
[2026-08-02T18:57:45.089+0000] {logging_mixin.py:188} INFO - [2026-08-02T18:57:45.089+0000] {dagbag.py:545} INFO - Filling up the DagBag from /home/airflow/.local/lib/python3.12/site-packages/airflow/example_dags/example_branch_python_dop_operator_3.py
[2026-08-02T18:57:45.097+0000] {processor.py:840} INFO - DAG(s) 'example_branch_dop_operator_v3' retrieved from /home/airflow/.local/lib/python3.12/site-packages/airflow/example_dags/example_branch_python_dop_operator_3.py
[2026-08-02T18:57:45.121+0000] {logging_mixin.py:188} INFO - [2026-08-02T18:57:45.120+0000] {dag.py:3089} INFO - Sync 1 DAGs
[2026-08-02T18:57:45.152+0000] {logging_mixin.py:188} INFO - [2026-08-02T18:57:45.152+0000] {dag.py:3947} INFO - Setting next_dagrun for example_branch_dop_operator_v3 to 2026-08-02 18:56:00+00:00, run_after=2026-08-02 18:57:00+00:00
[2026-08-02T18:57:45.172+0000] {processor.py:183} INFO - Processing /home/airflow/.local/lib/python3.12/site-packages/airflow/example_dags/example_branch_python_dop_operator_3.py took 0.092 seconds
[2026-08-02T19:00:09.670+0000] {processor.py:161} INFO - Started process (PID=75) to work on /home/airflow/.local/lib/python3.12/site-packages/airflow/example_dags/example_branch_python_dop_operator_3.py
[2026-08-02T19:00:09.672+0000] {processor.py:830} INFO - Processing file /home/airflow/.local/lib/python3.12/site-packages/airflow/example_dags/example_branch_python_dop_operator_3.py for tasks to queue
[2026-08-02T19:00:09.676+0000] {logging_mixin.py:188} INFO - [2026-08-02T19:00:09.675+0000] {dagbag.py:545} INFO - Filling up the DagBag from /home/airflow/.local/lib/python3.12/site-packages/airflow/example_dags/example_branch_python_dop_operator_3.py
[2026-08-02T19:00:09.698+0000] {processor.py:840} INFO - DAG(s) 'example_branch_dop_operator_v3' retrieved from /home/airflow/.local/lib/python3.12/site-packages/airflow/example_dags/example_branch_python_dop_operator_3.py
[2026-08-02T19:00:09.720+0000] {logging_mixin.py:188} INFO - [2026-08-02T19:00:09.720+0000] {dag.py:3089} INFO - Sync 1 DAGs
[2026-08-02T19:00:09.777+0000] {logging_mixin.py:188} INFO - [2026-08-02T19:00:09.777+0000] {dag.py:3947} INFO - Setting next_dagrun for example_branch_dop_operator_v3 to 2026-08-02 18:59:00+00:00, run_after=2026-08-02 19:00:00+00:00
[2026-08-02T19:00:09.813+0000] {processor.py:183} INFO - Processing /home/airflow/.local/lib/python3.12/site-packages/airflow/example_dags/example_branch_python_dop_operator_3.py took 0.153 seconds
[2026-08-02T19:00:39.938+0000] {processor.py:161} INFO - Started process (PID=134) to work on /home/airflow/.local/lib/python3.12/site-packages/airflow/example_dags/example_branch_python_dop_operator_3.py
[2026-08-02T19:00:39.940+0000] {processor.py:830} INFO - Processing file /home/airflow/.local/lib/python3.12/site-packages/airflow/example_dags/example_branch_python_dop_operator_3.py for tasks to queue
[2026-08-02T19:00:39.942+0000] {logging_mixin.py:188} INFO - [2026-08-02T19:00:39.942+0000] {dagbag.py:545} INFO - Filling up the DagBag from /home/airflow/.local/lib/python3.12/site-packages/airflow/example_dags/example_branch_python_dop_operator_3.py
[2026-08-02T19:00:39.950+0000] {processor.py:840} INFO - DAG(s) 'example_branch_dop_operator_v3' retrieved from /home/airflow/.local/lib/python3.12/site-packages/airflow/example_dags/example_branch_python_dop_operator_3.py
[2026-08-02T19:00:40.042+0000] {logging_mixin.py:188} INFO - [2026-08-02T19:00:40.042+0000] {dag.py:3089} INFO - Sync 1 DAGs
[2026-08-02T19:00:40.062+0000] {logging_mixin.py:188} INFO - [2026-08-02T19:00:40.062+0000] {dag.py:3947} INFO - Setting next_dagrun for example_branch_dop_operator_v3 to 2026-08-02 18:59:00+00:00, run_after=2026-08-02 19:00:00+00:00
[2026-08-02T19:00:40.080+0000] {processor.py:183} INFO - Processing /home/airflow/.local/lib/python3.12/site-packages/airflow/example_dags/example_branch_python_dop_operator_3.py took 0.147 seconds
[2026-08-02T19:01:10.550+0000] {processor.py:161} INFO - Started process (PID=193) to work on /home/airflow/.local/lib/python3.12/site-packages/airflow/example_dags/example_branch_python_dop_operator_3.py
[2026-08-02T19:01:10.552+0000] {processor.py:830} INFO - Processing file /home/airflow/.local/lib/python3.12/site-packages/airflow/example_dags/example_branch_python_dop_operator_3.py for tasks to queue
[2026-08-02T19:01:10.554+0000] {logging_mixin.py:188} INFO - [2026-08-02T19:01:10.554+0000] {dagbag.py:545} INFO - Filling up the DagBag from /home/airflow/.local/lib/python3.12/site-packages/airflow/example_dags/example_branch_python_dop_operator_3.py
[2026-08-02T19:01:10.562+0000] {processor.py:840} INFO - DAG(s) 'example_branch_dop_operator_v3' retrieved from /home/airflow/.local/lib/python3.12/site-packages/airflow/example_dags/example_branch_python_dop_operator_3.py
[2026-08-02T19:01:10.582+0000] {logging_mixin.py:188} INFO - [2026-08-02T19:01:10.582+0000] {dag.py:3089} INFO - Sync 1 DAGs
[2026-08-02T19:01:10.604+0000] {logging_mixin.py:188} INFO - [2026-08-02T19:01:10.604+0000] {dag.py:3947} INFO - Setting next_dagrun for example_branch_dop_operator_v3 to 2026-08-02 19:00:00+00:00, run_after=2026-08-02 19:01:00+00:00
[2026-08-02T19:01:10.623+0000] {processor.py:183} INFO - Processing /home/airflow/.local/lib/python3.12/site-packages/airflow/example_dags/example_branch_python_dop_operator_3.py took 0.078 seconds
[2026-08-02T19:01:40.844+0000] {processor.py:161} INFO - Started process (PID=253) to work on /home/airflow/.local/lib/python3.12/site-packages/airflow/example_dags/example_branch_python_dop_operator_3.py
[2026-08-02T19:01:40.846+0000] {processor.py:830} INFO - Processing file /home/airflow/.local/lib/python3.12/site-packages/airflow/example_dags/example_branch_python_dop_operator_3.py for tasks to queue
[2026-08-02T19:01:40.850+0000] {logging_mixin.py:188} INFO - [2026-08-02T19:01:40.849+0000] {dagbag.py:545} INFO - Filling up the DagBag from /home/airflow/.local/lib/python3.12/site-packages/airflow/example_dags/example_branch_python_dop_operator_3.py
[2026-08-02T19:01:40.863+0000] {processor.py:840} INFO - DAG(s) 'example_branch_dop_operator_v3' retrieved from /home/airflow/.local/lib/python3.12/site-packages/airflow/example_dags/example_branch_python_dop_operator_3.py
[2026-08-02T19:01:40.897+0000] {logging_mixin.py:188} INFO - [2026-08-02T19:01:40.897+0000] {dag.py:3089} INFO - Sync 1 DAGs
[2026-08-02T19:01:40.936+0000] {logging_mixin.py:188} INFO - [2026-08-02T19:01:40.936+0000] {dag.py:3947} INFO - Setting next_dagrun for example_branch_dop_operator_v3 to 2026-08-02 19:00:00+00:00, run_after=2026-08-02 19:01:00+00:00
[2026-08-02T19:01:40.961+0000] {processor.py:183} INFO - Processing /home/airflow/.local/lib/python3.12/site-packages/airflow/example_dags/example_branch_python_dop_operator_3.py took 0.126 seconds
[2026-08-02T19:02:11.052+0000] {processor.py:161} INFO - Started process (PID=312) to work on /home/airflow/.local/lib/python3.12/site-packages/airflow/example_dags/example_branch_python_dop_operator_3.py
[2026-08-02T19:02:11.053+0000] {processor.py:830} INFO - Processing file /home/airflow/.local/lib/python3.12/site-packages/airflow/example_dags/example_branch_python_dop_operator_3.py for tasks to queue
[2026-08-02T19:02:11.056+0000] {logging_mixin.py:188} INFO - [2026-08-02T19:02:11.055+0000] {dagbag.py:545} INFO - Filling up the DagBag from /home/airflow/.local/lib/python3.12/site-packages/airflow/example_dags/example_branch_python_dop_operator_3.py
[2026-08-02T19:02:11.064+0000] {processor.py:840} INFO - DAG(s) 'example_branch_dop_operator_v3' retrieved from /home/airflow/.local/lib/python3.12/site-packages/airflow/example_dags/example_branch_python_dop_operator_3.py
[2026-08-02T19:02:11.085+0000] {logging_mixin.py:188} INFO - [2026-08-02T19:02:11.084+0000] {dag.py:3089} INFO - Sync 1 DAGs
[2026-08-02T19:02:11.109+0000] {logging_mixin.py:188} INFO - [2026-08-02T19:02:11.109+0000] {dag.py:3947} INFO - Setting next_dagrun for example_branch_dop_operator_v3 to 2026-08-02 19:01:00+00:00, run_after=2026-08-02 19:02:00+00:00
[2026-08-02T19:02:11.129+0000] {processor.py:183} INFO - Processing /home/airflow/.local/lib/python3.12/site-packages/airflow/example_dags/example_branch_python_dop_operator_3.py took 0.084 seconds
[2026-08-02T19:02:41.321+0000] {processor.py:161} INFO - Started process (PID=371) to work on /home/airflow/.local/lib/python3.12/site-packages/airflow/example_dags/example_branch_python_dop_operator_3.py
[2026-08-02T19:02:41.323+0000] {processor.py:830} INFO - Processing file /home/airflow/.local/lib/python3.12/site-packages/airflow/example_dags/example_branch_python_dop_operator_3.py for tasks to queue
[2026-08-02T19:02:41.325+0000] {logging_mixin.py:188} INFO - [2026-08-02T19:02:41.325+0000] {dagbag.py:545} INFO - Filling up the DagBag from /home/airflow/.local/lib/python3.12/site-packages/airflow/example_dags/example_branch_python_dop_operator_3.py
[2026-08-02T19:02:41.334+0000] {processor.py:840} INFO - DAG(s) 'example_branch_dop_operator_v3' retrieved from /home/airflow/.local/lib/python3.12/site-packages/airflow/example_dags/example_branch_python_dop_operator_3.py
[2026-08-02T19:02:41.356+0000] {logging_mixin.py:188} INFO - [2026-08-02T19:02:41.355+0000] {dag.py:3089} INFO - Sync 1 DAGs
[2026-08-02T19:02:41.381+0000] {logging_mixin.py:188} INFO - [2026-08-02T19:02:41.381+0000] {dag.py:3947} INFO - Setting next_dagrun for example_branch_dop_operator_v3 to 2026-08-02 19:01:00+00:00, run_after=2026-08-02 19:02:00+00:00
[2026-08-02T19:02:41.404+0000] {processor.py:183} INFO - Processing /home/airflow/.local/lib/python3.12/site-packages/airflow/example_dags/example_branch_python_dop_operator_3.py took 0.088 seconds
[2026-08-02T19:03:11.757+0000] {processor.py:161} INFO - Started process (PID=430) to work on /home/airflow/.local/lib/python3.12/site-packages/airflow/example_dags/example_branch_python_dop_operator_3.py
[2026-08-02T19:03:11.759+0000] {processor.py:830} INFO - Processing file /home/airflow/.local/lib/python3.12/site-packages/airflow/example_dags/example_branch_python_dop_operator_3.py for tasks to queue
[2026-08-02T19:03:11.761+0000] {logging_mixin.py:188} INFO - [2026-08-02T19:03:11.761+0000] {dagbag.py:545} INFO - Filling up the DagBag from /home/airflow/.local/lib/python3.12/site-packages/airflow/example_dags/example_branch_python_dop_operator_3.py
[2026-08-02T19:03:11.769+0000] {processor.py:840} INFO - DAG(s) 'example_branch_dop_operator_v3' retrieved from /home/airflow/.local/lib/python3.12/site-packages/airflow/example_dags/example_branch_python_dop_operator_3.py
[2026-08-02T19:03:11.787+0000] {logging_mixin.py:188} INFO - [2026-08-02T19:03:11.787+0000] {dag.py:3089} INFO - Sync 1 DAGs
[2026-08-02T19:03:11.809+0000] {logging_mixin.py:188} INFO - [2026-08-02T19:03:11.808+0000] {dag.py:3947} INFO - Setting next_dagrun for example_branch_dop_operator_v3 to 2026-08-02 19:02:00+00:00, run_after=2026-08-02 19:03:00+00:00
[2026-08-02T19:03:11.827+0000] {processor.py:183} INFO - Processing /home/airflow/.local/lib/python3.12/site-packages/airflow/example_dags/example_branch_python_dop_operator_3.py took 0.076 seconds
[2026-08-02T19:03:42.357+0000] {processor.py:161} INFO - Started process (PID=489) to work on /home/airflow/.local/lib/python3.12/site-packages/airflow/example_dags/example_branch_python_dop_operator_3.py
[2026-08-02T19:03:42.358+0000] {processor.py:830} INFO - Processing file /home/airflow/.local/lib/python3.12/site-packages/airflow/example_dags/example_branch_python_dop_operator_3.py for tasks to queue
[2026-08-02T19:03:42.360+0000] {logging_mixin.py:188} INFO - [2026-08-02T19:03:42.360+0000] {dagbag.py:545} INFO - Filling up the DagBag from /home/airflow/.local/lib/python3.12/site-packages/airflow/example_dags/example_branch_python_dop_operator_3.py
[2026-08-02T19:03:42.368+0000] {processor.py:840} INFO - DAG(s) 'example_branch_dop_operator_v3' retrieved from /home/airflow/.local/lib/python3.12/site-packages/airflow/example_dags/example_branch_python_dop_operator_3.py
[2026-08-02T19:03:42.387+0000] {logging_mixin.py:188} INFO - [2026-08-02T19:03:42.387+0000] {dag.py:3089} INFO - Sync 1 DAGs
[2026-08-02T19:03:42.408+0000] {logging_mixin.py:188} INFO - [2026-08-02T19:03:42.408+0000] {dag.py:3947} INFO - Setting next_dagrun for example_branch_dop_operator_v3 to 2026-08-02 19:02:00+00:00, run_after=2026-08-02 19:03:00+00:00
[2026-08-02T19:03:42.427+0000] {processor.py:183} INFO - Processing /home/airflow/.local/lib/python3.12/site-packages/airflow/example_dags/example_branch_python_dop_operator_3.py took 0.076 seconds
[2026-08-02T19:04:12.713+0000] {processor.py:161} INFO - Started process (PID=548) to work on /home/airflow/.local/lib/python3.12/site-packages/airflow/example_dags/example_branch_python_dop_operator_3.py
[2026-08-02T19:04:12.715+0000] {processor.py:830} INFO - Processing file /home/airflow/.local/lib/python3.12/site-packages/airflow/example_dags/example_branch_python_dop_operator_3.py for tasks to queue
[2026-08-02T19:04:12.717+0000] {logging_mixin.py:188} INFO - [2026-08-02T19:04:12.716+0000] {dagbag.py:545} INFO - Filling up the DagBag from /home/airflow/.local/lib/python3.12/site-packages/airflow/example_dags/example_branch_python_dop_operator_3.py
[2026-08-02T19:04:12.724+0000] {processor.py:840} INFO - DAG(s) 'example_branch_dop_operator_v3' retrieved from /home/airflow/.local/lib/python3.12/site-packages/airflow/example_dags/example_branch_python_dop_operator_3.py
[2026-08-02T19:04:12.744+0000] {logging_mixin.py:188} INFO - [2026-08-02T19:04:12.744+0000] {dag.py:3089} INFO - Sync 1 DAGs
[2026-08-02T19:04:12.766+0000] {logging_mixin.py:188} INFO - [2026-08-02T19:04:12.765+0000] {dag.py:3947} INFO - Setting next_dagrun for example_branch_dop_operator_v3 to 2026-08-02 19:03:00+00:00, run_after=2026-08-02 19:04:00+00:00
[2026-08-02T19:04:12.785+0000] {processor.py:183} INFO - Processing /home/airflow/.local/lib/python3.12/site-packages/airflow/example_dags/example_branch_python_dop_operator_3.py took 0.077 seconds
[2026-08-02T19:04:43.190+0000] {processor.py:161} INFO - Started process (PID=607) to work on /home/airflow/.local/lib/python3.12/site-packages/airflow/example_dags/example_branch_python_dop_operator_3.py
[2026-08-02T19:04:43.192+0000] {processor.py:830} INFO - Processing file /home/airflow/.local/lib/python3.12/site-packages/airflow/example_dags/example_branch_python_dop_operator_3.py for tasks to queue
[2026-08-02T19:04:43.195+0000] {logging_mixin.py:188} INFO - [2026-08-02T19:04:43.194+0000] {dagbag.py:545} INFO - Filling up the DagBag from /home/airflow/.local/lib/python3.12/site-packages/airflow/example_dags/example_branch_python_dop_operator_3.py
[2026-08-02T19:04:43.205+0000] {processor.py:840} INFO - DAG(s) 'example_branch_dop_operator_v3' retrieved from /home/airflow/.local/lib/python3.12/site-packages/airflow/example_dags/example_branch_python_dop_operator_3.py
[2026-08-02T19:04:43.224+0000] {logging_mixin.py:188} INFO - [2026-08-02T19:04:43.224+0000] {dag.py:3089} INFO - Sync 1 DAGs
[2026-08-02T19:04:43.248+0000] {logging_mixin.py:188} INFO - [2026-08-02T19:04:43.247+0000] {dag.py:3947} INFO - Setting next_dagrun for example_branch_dop_operator_v3 to 2026-08-02 19:03:00+00:00, run_after=2026-08-02 19:04:00+00:00
[2026-08-02T19:04:43.268+0000] {processor.py:183} INFO - Processing /home/airflow/.local/lib/python3.12/site-packages/airflow/example_dags/example_branch_python_dop_operator_3.py took 0.085 seconds
[2026-08-02T19:05:13.378+0000] {processor.py:161} INFO - Started process (PID=666) to work on /home/airflow/.local/lib/python3.12/site-packages/airflow/example_dags/example_branch_python_dop_operator_3.py
[2026-08-02T19:05:13.379+0000] {processor.py:830} INFO - Processing file /home/airflow/.local/lib/python3.12/site-packages/airflow/example_dags/example_branch_python_dop_operator_3.py for tasks to queue
[2026-08-02T19:05:13.381+0000] {logging_mixin.py:188} INFO - [2026-08-02T19:05:13.381+0000] {dagbag.py:545} INFO - Filling up the DagBag from /home/airflow/.local/lib/python3.12/site-packages/airflow/example_dags/example_branch_python_dop_operator_3.py
[2026-08-02T19:05:13.390+0000] {processor.py:840} INFO - DAG(s) 'example_branch_dop_operator_v3' retrieved from /home/airflow/.local/lib/python3.12/site-packages/airflow/example_dags/example_branch_python_dop_operator_3.py
[2026-08-02T19:05:13.408+0000] {logging_mixin.py:188} INFO - [2026-08-02T19:05:13.408+0000] {dag.py:3089} INFO - Sync 1 DAGs
[2026-08-02T19:05:13.430+0000] {logging_mixin.py:188} INFO - [2026-08-02T19:05:13.430+0000] {dag.py:3947} INFO - Setting next_dagrun for example_branch_dop_operator_v3 to 2026-08-02 19:04:00+00:00, run_after=2026-08-02 19:05:00+00:00
[2026-08-02T19:05:13.449+0000] {processor.py:183} INFO - Processing /home/airflow/.local/lib/python3.12/site-packages/airflow/example_dags/example_branch_python_dop_operator_3.py took 0.079 seconds
[2026-08-02T19:05:43.514+0000] {processor.py:161} INFO - Started process (PID=725) to work on /home/airflow/.local/lib/python3.12/site-packages/airflow/example_dags/example_branch_python_dop_operator_3.py
[2026-08-02T19:05:43.516+0000] {processor.py:830} INFO - Processing file /home/airflow/.local/lib/python3.12/site-packages/airflow/example_dags/example_branch_python_dop_operator_3.py for tasks to queue
[2026-08-02T19:05:43.519+0000] {logging_mixin.py:188} INFO - [2026-08-02T19:05:43.518+0000] {dagbag.py:545} INFO - Filling up the DagBag from /home/airflow/.local/lib/python3.12/site-packages/airflow/example_dags/example_branch_python_dop_operator_3.py
[2026-08-02T19:05:43.528+0000] {processor.py:840} INFO - DAG(s) 'example_branch_dop_operator_v3' retrieved from /home/airflow/.local/lib/python3.12/site-packages/airflow/example_dags/example_branch_python_dop_operator_3.py
[2026-08-02T19:05:43.547+0000] {logging_mixin.py:188} INFO - [2026-08-02T19:05:43.546+0000] {dag.py:3089} INFO - Sync 1 DAGs
[2026-08-02T19:05:43.570+0000] {logging_mixin.py:188} INFO - [2026-08-02T19:05:43.570+0000] {dag.py:3947} INFO - Setting next_dagrun for example_branch_dop_operator_v3 to 2026-08-02 19:04:00+00:00, run_after=2026-08-02 19:05:00+00:00
[2026-08-02T19:05:43.588+0000] {processor.py:183} INFO - Processing /home/airflow/.local/lib/python3.12/site-packages/airflow/example_dags/example_branch_python_dop_operator_3.py took 0.084 seconds
[2026-08-02T19:06:13.851+0000] {processor.py:161} INFO - Started process (PID=784) to work on /home/airflow/.local/lib/python3.12/site-packages/airflow/example_dags/example_branch_python_dop_operator_3.py
[2026-08-02T19:06:13.852+0000] {processor.py:830} INFO - Processing file /home/airflow/.local/lib/python3.12/site-packages/airflow/example_dags/example_branch_python_dop_operator_3.py for tasks to queue
[2026-08-02T19:06:13.855+0000] {logging_mixin.py:188} INFO - [2026-08-02T19:06:13.854+0000] {dagbag.py:545} INFO - Filling up the DagBag from /home/airflow/.local/lib/python3.12/site-packages/airflow/example_dags/example_branch_python_dop_operator_3.py
[2026-08-02T19:06:13.863+0000] {processor.py:840} INFO - DAG(s) 'example_branch_dop_operator_v3' retrieved from /home/airflow/.local/lib/python3.12/site-packages/airflow/example_dags/example_branch_python_dop_operator_3.py
[2026-08-02T19:06:13.883+0000] {logging_mixin.py:188} INFO - [2026-08-02T19:06:13.883+0000] {dag.py:3089} INFO - Sync 1 DAGs
[2026-08-02T19:06:13.906+0000] {logging_mixin.py:188} INFO - [2026-08-02T19:06:13.906+0000] {dag.py:3947} INFO - Setting next_dagrun for example_branch_dop_operator_v3 to 2026-08-02 19:05:00+00:00, run_after=2026-08-02 19:06:00+00:00
[2026-08-02T19:06:13.926+0000] {processor.py:183} INFO - Processing /home/airflow/.local/lib/python3.12/site-packages/airflow/example_dags/example_branch_python_dop_operator_3.py took 0.080 seconds
[2026-08-02T19:06:44.669+0000] {processor.py:161} INFO - Started process (PID=843) to work on /home/airflow/.local/lib/python3.12/site-packages/airflow/example_dags/example_branch_python_dop_operator_3.py
[2026-08-02T19:06:44.671+0000] {processor.py:830} INFO - Processing file /home/airflow/.local/lib/python3.12/site-packages/airflow/example_dags/example_branch_python_dop_operator_3.py for tasks to queue
[2026-08-02T19:06:44.673+0000] {logging_mixin.py:188} INFO - [2026-08-02T19:06:44.673+0000] {dagbag.py:545} INFO - Filling up the DagBag from /home/airflow/.local/lib/python3.12/site-packages/airflow/example_dags/example_branch_python_dop_operator_3.py
[2026-08-02T19:06:44.682+0000] {processor.py:840} INFO - DAG(s) 'example_branch_dop_operator_v3' retrieved from /home/airflow/.local/lib/python3.12/site-packages/airflow/example_dags/example_branch_python_dop_operator_3.py
[2026-08-02T19:06:44.702+0000] {logging_mixin.py:188} INFO - [2026-08-02T19:06:44.702+0000] {dag.py:3089} INFO - Sync 1 DAGs
[2026-08-02T19:06:44.726+0000] {logging_mixin.py:188} INFO - [2026-08-02T19:06:44.726+0000] {dag.py:3947} INFO - Setting next_dagrun for example_branch_dop_operator_v3 to 2026-08-02 19:05:00+00:00, run_after=2026-08-02 19:06:00+00:00
[2026-08-02T19:06:44.747+0000] {processor.py:183} INFO - Processing /home/airflow/.local/lib/python3.12/site-packages/airflow/example_dags/example_branch_python_dop_operator_3.py took 0.084 seconds
[2026-08-02T19:07:15.425+0000] {processor.py:161} INFO - Started process (PID=902) to work on /home/airflow/.local/lib/python3.12/site-packages/airflow/example_dags/example_branch_python_dop_operator_3.py
[2026-08-02T19:07:15.426+0000] {processor.py:830} INFO - Processing file /home/airflow/.local/lib/python3.12/site-packages/airflow/example_dags/example_branch_python_dop_operator_3.py for tasks to queue
[2026-08-02T19:07:15.428+0000] {logging_mixin.py:188} INFO - [2026-08-02T19:07:15.428+0000] {dagbag.py:545} INFO - Filling up the DagBag from /home/airflow/.local/lib/python3.12/site-packages/airflow/example_dags/example_branch_python_dop_operator_3.py
[2026-08-02T19:07:15.436+0000] {processor.py:840} INFO - DAG(s) 'example_branch_dop_operator_v3' retrieved from /home/airflow/.local/lib/python3.12/site-packages/airflow/example_dags/example_branch_python_dop_operator_3.py
[2026-08-02T19:07:15.457+0000] {logging_mixin.py:188} INFO - [2026-08-02T19:07:15.456+0000] {dag.py:3089} INFO - Sync 1 DAGs
[2026-08-02T19:07:15.482+0000] {logging_mixin.py:188} INFO - [2026-08-02T19:07:15.482+0000] {dag.py:3947} INFO - Setting next_dagrun for example_branch_dop_operator_v3 to 2026-08-02 19:06:00+00:00, run_after=2026-08-02 19:07:00+00:00
[2026-08-02T19:07:15.503+0000] {processor.py:183} INFO - Processing /home/airflow/.local/lib/python3.12/site-packages/airflow/example_dags/example_branch_python_dop_operator_3.py took 0.083 seconds
[2026-08-02T19:07:45.791+0000] {processor.py:161} INFO - Started process (PID=961) to work on /home/airflow/.local/lib/python3.12/site-packages/airflow/example_dags/example_branch_python_dop_operator_3.py
[2026-08-02T19:07:45.793+0000] {processor.py:830} INFO - Processing file /home/airflow/.local/lib/python3.12/site-packages/airflow/example_dags/example_branch_python_dop_operator_3.py for tasks to queue
[2026-08-02T19:07:45.796+0000] {logging_mixin.py:188} INFO - [2026-08-02T19:07:45.796+0000] {dagbag.py:545} INFO - Filling up the DagBag from /home/airflow/.local/lib/python3.12/site-packages/airflow/example_dags/example_branch_python_dop_operator_3.py
[2026-08-02T19:07:45.807+0000] {processor.py:840} INFO - DAG(s) 'example_branch_dop_operator_v3' retrieved from /home/airflow/.local/lib/python3.12/site-packages/airflow/example_dags/example_branch_python_dop_operator_3.py
[2026-08-02T19:07:45.827+0000] {logging_mixin.py:188} INFO - [2026-08-02T19:07:45.826+0000] {dag.py:3089} INFO - Sync 1 DAGs
[2026-08-02T19:07:45.850+0000] {logging_mixin.py:188} INFO - [2026-08-02T19:07:45.850+0000] {dag.py:3947} INFO - Setting next_dagrun for example_branch_dop_operator_v3 to 2026-08-02 19:06:00+00:00, run_after=2026-08-02 19:07:00+00:00
[2026-08-02T19:07:45.868+0000] {processor.py:183} INFO - Processing /home/airflow/.local/lib/python3.12/site-packages/airflow/example_dags/example_branch_python_dop_operator_3.py took 0.086 seconds
[2026-08-02T19:08:16.160+0000] {processor.py:161} INFO - Started process (PID=1020) to work on /home/airflow/.local/lib/python3.12/site-packages/airflow/example_dags/example_branch_python_dop_operator_3.py
[2026-08-02T19:08:16.162+0000] {processor.py:830} INFO - Processing file /home/airflow/.local/lib/python3.12/site-packages/airflow/example_dags/example_branch_python_dop_operator_3.py for tasks to queue
[2026-08-02T19:08:16.164+0000] {logging_mixin.py:188} INFO - [2026-08-02T19:08:16.163+0000] {dagbag.py:545} INFO - Filling up the DagBag from /home/airflow/.local/lib/python3.12/site-packages/airflow/example_dags/example_branch_python_dop_operator_3.py
[2026-08-02T19:08:16.172+0000] {processor.py:840} INFO - DAG(s) 'example_branch_dop_operator_v3' retrieved from /home/airflow/.local/lib/python3.12/site-packages/airflow/example_dags/example_branch_python_dop_operator_3.py
[2026-08-02T19:08:16.193+0000] {logging_mixin.py:188} INFO - [2026-08-02T19:08:16.192+0000] {dag.py:3089} INFO - Sync 1 DAGs
[2026-08-02T19:08:16.216+0000] {logging_mixin.py:188} INFO - [2026-08-02T19:08:16.216+0000] {dag.py:3947} INFO - Setting next_dagrun for example_branch_dop_operator_v3 to 2026-08-02 19:07:00+00:00, run_after=2026-08-02 19:08:00+00:00
[2026-08-02T19:08:16.235+0000] {processor.py:183} INFO - Processing /home/airflow/.local/lib/python3.12/site-packages/airflow/example_dags/example_branch_python_dop_operator_3.py took 0.081 seconds
[2026-08-02T19:09:48.864+0000] {processor.py:161} INFO - Started process (PID=111) to work on /home/airflow/.local/lib/python3.12/site-packages/airflow/example_dags/example_branch_python_dop_operator_3.py
[2026-08-02T19:09:48.868+0000] {processor.py:830} INFO - Processing file /home/airflow/.local/lib/python3.12/site-packages/airflow/example_dags/example_branch_python_dop_operator_3.py for tasks to queue
[2026-08-02T19:09:48.872+0000] {logging_mixin.py:188} INFO - [2026-08-02T19:09:48.872+0000] {dagbag.py:545} INFO - Filling up the DagBag from /home/airflow/.local/lib/python3.12/site-packages/airflow/example_dags/example_branch_python_dop_operator_3.py
[2026-08-02T19:09:48.896+0000] {processor.py:840} INFO - DAG(s) 'example_branch_dop_operator_v3' retrieved from /home/airflow/.local/lib/python3.12/site-packages/airflow/example_dags/example_branch_python_dop_operator_3.py
[2026-08-02T19:09:49.104+0000] {logging_mixin.py:188} INFO - [2026-08-02T19:09:49.103+0000] {dag.py:3089} INFO - Sync 1 DAGs
[2026-08-02T19:09:49.161+0000] {logging_mixin.py:188} INFO - [2026-08-02T19:09:49.160+0000] {dag.py:3947} INFO - Setting next_dagrun for example_branch_dop_operator_v3 to 2026-08-02 19:08:00+00:00, run_after=2026-08-02 19:09:00+00:00
[2026-08-02T19:09:49.220+0000] {processor.py:183} INFO - Processing /home/airflow/.local/lib/python3.12/site-packages/airflow/example_dags/example_branch_python_dop_operator_3.py took 0.370 seconds
[2026-08-02T19:10:19.725+0000] {processor.py:161} INFO - Started process (PID=170) to work on /home/airflow/.local/lib/python3.12/site-packages/airflow/example_dags/example_branch_python_dop_operator_3.py
[2026-08-02T19:10:19.727+0000] {processor.py:830} INFO - Processing file /home/airflow/.local/lib/python3.12/site-packages/airflow/example_dags/example_branch_python_dop_operator_3.py for tasks to queue
[2026-08-02T19:10:19.729+0000] {logging_mixin.py:188} INFO - [2026-08-02T19:10:19.728+0000] {dagbag.py:545} INFO - Filling up the DagBag from /home/airflow/.local/lib/python3.12/site-packages/airflow/example_dags/example_branch_python_dop_operator_3.py
[2026-08-02T19:10:19.738+0000] {processor.py:840} INFO - DAG(s) 'example_branch_dop_operator_v3' retrieved from /home/airflow/.local/lib/python3.12/site-packages/airflow/example_dags/example_branch_python_dop_operator_3.py
[2026-08-02T19:10:19.760+0000] {logging_mixin.py:188} INFO - [2026-08-02T19:10:19.760+0000] {dag.py:3089} INFO - Sync 1 DAGs
[2026-08-02T19:10:19.784+0000] {logging_mixin.py:188} INFO - [2026-08-02T19:10:19.784+0000] {dag.py:3947} INFO - Setting next_dagrun for example_branch_dop_operator_v3 to 2026-08-02 19:09:00+00:00, run_after=2026-08-02 19:10:00+00:00
[2026-08-02T19:10:19.808+0000] {processor.py:183} INFO - Processing /home/airflow/.local/lib/python3.12/site-packages/airflow/example_dags/example_branch_python_dop_operator_3.py took 0.088 seconds
[2026-08-02T19:10:50.199+0000] {processor.py:161} INFO - Started process (PID=229) to work on /home/airflow/.local/lib/python3.12/site-packages/airflow/example_dags/example_branch_python_dop_operator_3.py
[2026-08-02T19:10:50.200+0000] {processor.py:830} INFO - Processing file /home/airflow/.local/lib/python3.12/site-packages/airflow/example_dags/example_branch_python_dop_operator_3.py for tasks to queue
[2026-08-02T19:10:50.203+0000] {logging_mixin.py:188} INFO - [2026-08-02T19:10:50.203+0000] {dagbag.py:545} INFO - Filling up the DagBag from /home/airflow/.local/lib/python3.12/site-packages/airflow/example_dags/example_branch_python_dop_operator_3.py
[2026-08-02T19:10:50.215+0000] {processor.py:840} INFO - DAG(s) 'example_branch_dop_operator_v3' retrieved from /home/airflow/.local/lib/python3.12/site-packages/airflow/example_dags/example_branch_python_dop_operator_3.py
[2026-08-02T19:10:50.242+0000] {logging_mixin.py:188} INFO - [2026-08-02T19:10:50.241+0000] {dag.py:3089} INFO - Sync 1 DAGs
[2026-08-02T19:10:50.282+0000] {logging_mixin.py:188} INFO - [2026-08-02T19:10:50.282+0000] {dag.py:3947} INFO - Setting next_dagrun for example_branch_dop_operator_v3 to 2026-08-02 19:09:00+00:00, run_after=2026-08-02 19:10:00+00:00
[2026-08-02T19:10:50.311+0000] {processor.py:183} INFO - Processing /home/airflow/.local/lib/python3.12/site-packages/airflow/example_dags/example_branch_python_dop_operator_3.py took 0.121 seconds
[2026-08-02T19:11:21.120+0000] {processor.py:161} INFO - Started process (PID=288) to work on /home/airflow/.local/lib/python3.12/site-packages/airflow/example_dags/example_branch_python_dop_operator_3.py
[2026-08-02T19:11:21.121+0000] {processor.py:830} INFO - Processing file /home/airflow/.local/lib/python3.12/site-packages/airflow/example_dags/example_branch_python_dop_operator_3.py for tasks to queue
[2026-08-02T19:11:21.124+0000] {logging_mixin.py:188} INFO - [2026-08-02T19:11:21.123+0000] {dagbag.py:545} INFO - Filling up the DagBag from /home/airflow/.local/lib/python3.12/site-packages/airflow/example_dags/example_branch_python_dop_operator_3.py
[2026-08-02T19:11:21.133+0000] {processor.py:840} INFO - DAG(s) 'example_branch_dop_operator_v3' retrieved from /home/airflow/.local/lib/python3.12/site-packages/airflow/example_dags/example_branch_python_dop_operator_3.py
[2026-08-02T19:11:21.157+0000] {logging_mixin.py:188} INFO - [2026-08-02T19:11:21.156+0000] {dag.py:3089} INFO - Sync 1 DAGs
[2026-08-02T19:11:21.186+0000] {logging_mixin.py:188} INFO - [2026-08-02T19:11:21.186+0000] {dag.py:3947} INFO - Setting next_dagrun for example_branch_dop_operator_v3 to 2026-08-02 19:10:00+00:00, run_after=2026-08-02 19:11:00+00:00
[2026-08-02T19:11:21.205+0000] {processor.py:183} INFO - Processing /home/airflow/.local/lib/python3.12/site-packages/airflow/example_dags/example_branch_python_dop_operator_3.py took 0.092 seconds
[2026-08-02T19:11:51.828+0000] {processor.py:161} INFO - Started process (PID=347) to work on /home/airflow/.local/lib/python3.12/site-packages/airflow/example_dags/example_branch_python_dop_operator_3.py
[2026-08-02T19:11:51.829+0000] {processor.py:830} INFO - Processing file /home/airflow/.local/lib/python3.12/site-packages/airflow/example_dags/example_branch_python_dop_operator_3.py for tasks to queue
[2026-08-02T19:11:51.833+0000] {logging_mixin.py:188} INFO - [2026-08-02T19:11:51.832+0000] {dagbag.py:545} INFO - Filling up the DagBag from /home/airflow/.local/lib/python3.12/site-packages/airflow/example_dags/example_branch_python_dop_operator_3.py
[2026-08-02T19:11:51.843+0000] {processor.py:840} INFO - DAG(s) 'example_branch_dop_operator_v3' retrieved from /home/airflow/.local/lib/python3.12/site-packages/airflow/example_dags/example_branch_python_dop_operator_3.py
[2026-08-02T19:11:51.866+0000] {logging_mixin.py:188} INFO - [2026-08-02T19:11:51.866+0000] {dag.py:3089} INFO - Sync 1 DAGs
[2026-08-02T19:11:51.890+0000] {logging_mixin.py:188} INFO - [2026-08-02T19:11:51.890+0000] {dag.py:3947} INFO - Setting next_dagrun for example_branch_dop_operator_v3 to 2026-08-02 19:10:00+00:00, run_after=2026-08-02 19:11:00+00:00
[2026-08-02T19:11:51.910+0000] {processor.py:183} INFO - Processing /home/airflow/.local/lib/python3.12/site-packages/airflow/example_dags/example_branch_python_dop_operator_3.py took 0.091 seconds
[2026-08-02T19:12:22.544+0000] {processor.py:161} INFO - Started process (PID=406) to work on /home/airflow/.local/lib/python3.12/site-packages/airflow/example_dags/example_branch_python_dop_operator_3.py
[2026-08-02T19:12:22.545+0000] {processor.py:830} INFO - Processing file /home/airflow/.local/lib/python3.12/site-packages/airflow/example_dags/example_branch_python_dop_operator_3.py for tasks to queue
[2026-08-02T19:12:22.548+0000] {logging_mixin.py:188} INFO - [2026-08-02T19:12:22.547+0000] {dagbag.py:545} INFO - Filling up the DagBag from /home/airflow/.local/lib/python3.12/site-packages/airflow/example_dags/example_branch_python_dop_operator_3.py
[2026-08-02T19:12:22.556+0000] {processor.py:840} INFO - DAG(s) 'example_branch_dop_operator_v3' retrieved from /home/airflow/.local/lib/python3.12/site-packages/airflow/example_dags/example_branch_python_dop_operator_3.py
[2026-08-02T19:12:22.576+0000] {logging_mixin.py:188} INFO - [2026-08-02T19:12:22.576+0000] {dag.py:3089} INFO - Sync 1 DAGs
[2026-08-02T19:12:22.601+0000] {logging_mixin.py:188} INFO - [2026-08-02T19:12:22.600+0000] {dag.py:3947} INFO - Setting next_dagrun for example_branch_dop_operator_v3 to 2026-08-02 19:11:00+00:00, run_after=2026-08-02 19:12:00+00:00
[2026-08-02T19:12:22.619+0000] {processor.py:183} INFO - Processing /home/airflow/.local/lib/python3.12/site-packages/airflow/example_dags/example_branch_python_dop_operator_3.py took 0.081 seconds
[2026-08-02T19:12:52.763+0000] {processor.py:161} INFO - Started process (PID=465) to work on /home/airflow/.local/lib/python3.12/site-packages/airflow/example_dags/example_branch_python_dop_operator_3.py
[2026-08-02T19:12:52.764+0000] {processor.py:830} INFO - Processing file /home/airflow/.local/lib/python3.12/site-packages/airflow/example_dags/example_branch_python_dop_operator_3.py for tasks to queue
[2026-08-02T19:12:52.767+0000] {logging_mixin.py:188} INFO - [2026-08-02T19:12:52.766+0000] {dagbag.py:545} INFO - Filling up the DagBag from /home/airflow/.local/lib/python3.12/site-packages/airflow/example_dags/example_branch_python_dop_operator_3.py
[2026-08-02T19:12:52.775+0000] {processor.py:840} INFO - DAG(s) 'example_branch_dop_operator_v3' retrieved from /home/airflow/.local/lib/python3.12/site-packages/airflow/example_dags/example_branch_python_dop_operator_3.py
[2026-08-02T19:12:52.795+0000] {logging_mixin.py:188} INFO - [2026-08-02T19:12:52.794+0000] {dag.py:3089} INFO - Sync 1 DAGs
[2026-08-02T19:12:52.820+0000] {logging_mixin.py:188} INFO - [2026-08-02T19:12:52.820+0000] {dag.py:3947} INFO - Setting next_dagrun for example_branch_dop_operator_v3 to 2026-08-02 19:11:00+00:00, run_after=2026-08-02 19:12:00+00:00
[2026-08-02T19:12:52.839+0000] {processor.py:183} INFO - Processing /home/airflow/.local/lib/python3.12/site-packages/airflow/example_dags/example_branch_python_dop_operator_3.py took 0.081 seconds
[2026-08-02T19:13:23.285+0000] {processor.py:161} INFO - Started process (PID=524) to work on /home/airflow/.local/lib/python3.12/site-packages/airflow/example_dags/example_branch_python_dop_operator_3.py
[2026-08-02T19:13:23.287+0000] {processor.py:830} INFO - Processing file /home/airflow/.local/lib/python3.12/site-packages/airflow/example_dags/example_branch_python_dop_operator_3.py for tasks to queue
[2026-08-02T19:13:23.289+0000] {logging_mixin.py:188} INFO - [2026-08-02T19:13:23.289+0000] {dagbag.py:545} INFO - Filling up the DagBag from /home/airflow/.local/lib/python3.12/site-packages/airflow/example_dags/example_branch_python_dop_operator_3.py
[2026-08-02T19:13:23.297+0000] {processor.py:840} INFO - DAG(s) 'example_branch_dop_operator_v3' retrieved from /home/airflow/.local/lib/python3.12/site-packages/airflow/example_dags/example_branch_python_dop_operator_3.py
[2026-08-02T19:13:23.316+0000] {logging_mixin.py:188} INFO - [2026-08-02T19:13:23.316+0000] {dag.py:3089} INFO - Sync 1 DAGs
[2026-08-02T19:13:23.338+0000] {logging_mixin.py:188} INFO - [2026-08-02T19:13:23.338+0000] {dag.py:3947} INFO - Setting next_dagrun for example_branch_dop_operator_v3 to 2026-08-02 19:12:00+00:00, run_after=2026-08-02 19:13:00+00:00
[2026-08-02T19:13:23.355+0000] {processor.py:183} INFO - Processing /home/airflow/.local/lib/python3.12/site-packages/airflow/example_dags/example_branch_python_dop_operator_3.py took 0.076 seconds
[2026-08-02T19:13:53.550+0000] {processor.py:161} INFO - Started process (PID=583) to work on /home/airflow/.local/lib/python3.12/site-packages/airflow/example_dags/example_branch_python_dop_operator_3.py
[2026-08-02T19:13:53.552+0000] {processor.py:830} INFO - Processing file /home/airflow/.local/lib/python3.12/site-packages/airflow/example_dags/example_branch_python_dop_operator_3.py for tasks to queue
[2026-08-02T19:13:53.556+0000] {logging_mixin.py:188} INFO - [2026-08-02T19:13:53.555+0000] {dagbag.py:545} INFO - Filling up the DagBag from /home/airflow/.local/lib/python3.12/site-packages/airflow/example_dags/example_branch_python_dop_operator_3.py
[2026-08-02T19:13:53.571+0000] {processor.py:840} INFO - DAG(s) 'example_branch_dop_operator_v3' retrieved from /home/airflow/.local/lib/python3.12/site-packages/airflow/example_dags/example_branch_python_dop_operator_3.py
[2026-08-02T19:13:53.606+0000] {logging_mixin.py:188} INFO - [2026-08-02T19:13:53.606+0000] {dag.py:3089} INFO - Sync 1 DAGs
[2026-08-02T19:13:53.634+0000] {logging_mixin.py:188} INFO - [2026-08-02T19:13:53.634+0000] {dag.py:3947} INFO - Setting next_dagrun for example_branch_dop_operator_v3 to 2026-08-02 19:12:00+00:00, run_after=2026-08-02 19:13:00+00:00
[2026-08-02T19:13:53.655+0000] {processor.py:183} INFO - Processing /home/airflow/.local/lib/python3.12/site-packages/airflow/example_dags/example_branch_python_dop_operator_3.py took 0.116 seconds
[2026-08-02T19:14:23.839+0000] {processor.py:161} INFO - Started process (PID=642) to work on /home/airflow/.local/lib/python3.12/site-packages/airflow/example_dags/example_branch_python_dop_operator_3.py
[2026-08-02T19:14:23.840+0000] {processor.py:830} INFO - Processing file /home/airflow/.local/lib/python3.12/site-packages/airflow/example_dags/example_branch_python_dop_operator_3.py for tasks to queue
[2026-08-02T19:14:23.843+0000] {logging_mixin.py:188} INFO - [2026-08-02T19:14:23.842+0000] {dagbag.py:545} INFO - Filling up the DagBag from /home/airflow/.local/lib/python3.12/site-packages/airflow/example_dags/example_branch_python_dop_operator_3.py
[2026-08-02T19:14:23.853+0000] {processor.py:840} INFO - DAG(s) 'example_branch_dop_operator_v3' retrieved from /home/airflow/.local/lib/python3.12/site-packages/airflow/example_dags/example_branch_python_dop_operator_3.py
[2026-08-02T19:14:23.876+0000] {logging_mixin.py:188} INFO - [2026-08-02T19:14:23.876+0000] {dag.py:3089} INFO - Sync 1 DAGs
[2026-08-02T19:14:23.903+0000] {logging_mixin.py:188} INFO - [2026-08-02T19:14:23.902+0000] {dag.py:3947} INFO - Setting next_dagrun for example_branch_dop_operator_v3 to 2026-08-02 19:13:00+00:00, run_after=2026-08-02 19:14:00+00:00
[2026-08-02T19:14:23.922+0000] {processor.py:183} INFO - Processing /home/airflow/.local/lib/python3.12/site-packages/airflow/example_dags/example_branch_python_dop_operator_3.py took 0.090 seconds
[2026-08-02T19:14:54.373+0000] {processor.py:161} INFO - Started process (PID=701) to work on /home/airflow/.local/lib/python3.12/site-packages/airflow/example_dags/example_branch_python_dop_operator_3.py
[2026-08-02T19:14:54.374+0000] {processor.py:830} INFO - Processing file /home/airflow/.local/lib/python3.12/site-packages/airflow/example_dags/example_branch_python_dop_operator_3.py for tasks to queue
[2026-08-02T19:14:54.376+0000] {logging_mixin.py:188} INFO - [2026-08-02T19:14:54.376+0000] {dagbag.py:545} INFO - Filling up the DagBag from /home/airflow/.local/lib/python3.12/site-packages/airflow/example_dags/example_branch_python_dop_operator_3.py
[2026-08-02T19:14:54.386+0000] {processor.py:840} INFO - DAG(s) 'example_branch_dop_operator_v3' retrieved from /home/airflow/.local/lib/python3.12/site-packages/airflow/example_dags/example_branch_python_dop_operator_3.py
[2026-08-02T19:14:54.410+0000] {logging_mixin.py:188} INFO - [2026-08-02T19:14:54.409+0000] {dag.py:3089} INFO - Sync 1 DAGs
[2026-08-02T19:14:54.438+0000] {logging_mixin.py:188} INFO - [2026-08-02T19:14:54.438+0000] {dag.py:3947} INFO - Setting next_dagrun for example_branch_dop_operator_v3 to 2026-08-02 19:13:00+00:00, run_after=2026-08-02 19:14:00+00:00
[2026-08-02T19:14:54.461+0000] {processor.py:183} INFO - Processing /home/airflow/.local/lib/python3.12/site-packages/airflow/example_dags/example_branch_python_dop_operator_3.py took 0.095 seconds
[2026-08-02T19:15:24.886+0000] {processor.py:161} INFO - Started process (PID=760) to work on /home/airflow/.local/lib/python3.12/site-packages/airflow/example_dags/example_branch_python_dop_operator_3.py
[2026-08-02T19:15:24.888+0000] {processor.py:830} INFO - Processing file /home/airflow/.local/lib/python3.12/site-packages/airflow/example_dags/example_branch_python_dop_operator_3.py for tasks to queue
[2026-08-02T19:15:24.890+0000] {logging_mixin.py:188} INFO - [2026-08-02T19:15:24.890+0000] {dagbag.py:545} INFO - Filling up the DagBag from /home/airflow/.local/lib/python3.12/site-packages/airflow/example_dags/example_branch_python_dop_operator_3.py
[2026-08-02T19:15:24.900+0000] {processor.py:840} INFO - DAG(s) 'example_branch_dop_operator_v3' retrieved from /home/airflow/.local/lib/python3.12/site-packages/airflow/example_dags/example_branch_python_dop_operator_3.py
[2026-08-02T19:15:24.928+0000] {logging_mixin.py:188} INFO - [2026-08-02T19:15:24.928+0000] {dag.py:3089} INFO - Sync 1 DAGs
[2026-08-02T19:15:24.993+0000] {logging_mixin.py:188} INFO - [2026-08-02T19:15:24.993+0000] {dag.py:3947} INFO - Setting next_dagrun for example_branch_dop_operator_v3 to 2026-08-02 19:14:00+00:00, run_after=2026-08-02 19:15:00+00:00
[2026-08-02T19:15:25.031+0000] {processor.py:183} INFO - Processing /home/airflow/.local/lib/python3.12/site-packages/airflow/example_dags/example_branch_python_dop_operator_3.py took 0.155 seconds
[2026-08-02T19:15:55.667+0000] {processor.py:161} INFO - Started process (PID=819) to work on /home/airflow/.local/lib/python3.12/site-packages/airflow/example_dags/example_branch_python_dop_operator_3.py
[2026-08-02T19:15:55.669+0000] {processor.py:830} INFO - Processing file /home/airflow/.local/lib/python3.12/site-packages/airflow/example_dags/example_branch_python_dop_operator_3.py for tasks to queue
[2026-08-02T19:15:55.672+0000] {logging_mixin.py:188} INFO - [2026-08-02T19:15:55.671+0000] {dagbag.py:545} INFO - Filling up the DagBag from /home/airflow/.local/lib/python3.12/site-packages/airflow/example_dags/example_branch_python_dop_operator_3.py
[2026-08-02T19:15:55.680+0000] {processor.py:840} INFO - DAG(s) 'example_branch_dop_operator_v3' retrieved from /home/airflow/.local/lib/python3.12/site-packages/airflow/example_dags/example_branch_python_dop_operator_3.py
[2026-08-02T19:15:55.701+0000] {logging_mixin.py:188} INFO - [2026-08-02T19:15:55.701+0000] {dag.py:3089} INFO - Sync 1 DAGs
[2026-08-02T19:15:55.725+0000] {logging_mixin.py:188} INFO - [2026-08-02T19:15:55.725+0000] {dag.py:3947} INFO - Setting next_dagrun for example_branch_dop_operator_v3 to 2026-08-02 19:14:00+00:00, run_after=2026-08-02 19:15:00+00:00
[2026-08-02T19:15:55.745+0000] {processor.py:183} INFO - Processing /home/airflow/.local/lib/python3.12/site-packages/airflow/example_dags/example_branch_python_dop_operator_3.py took 0.085 seconds
[2026-08-02T19:16:26.036+0000] {processor.py:161} INFO - Started process (PID=878) to work on /home/airflow/.local/lib/python3.12/site-packages/airflow/example_dags/example_branch_python_dop_operator_3.py
[2026-08-02T19:16:26.039+0000] {processor.py:830} INFO - Processing file /home/airflow/.local/lib/python3.12/site-packages/airflow/example_dags/example_branch_python_dop_operator_3.py for tasks to queue
[2026-08-02T19:16:26.043+0000] {logging_mixin.py:188} INFO - [2026-08-02T19:16:26.043+0000] {dagbag.py:545} INFO - Filling up the DagBag from /home/airflow/.local/lib/python3.12/site-packages/airflow/example_dags/example_branch_python_dop_operator_3.py
[2026-08-02T19:16:26.059+0000] {processor.py:840} INFO - DAG(s) 'example_branch_dop_operator_v3' retrieved from /home/airflow/.local/lib/python3.12/site-packages/airflow/example_dags/example_branch_python_dop_operator_3.py
[2026-08-02T19:16:26.094+0000] {logging_mixin.py:188} INFO - [2026-08-02T19:16:26.093+0000] {dag.py:3089} INFO - Sync 1 DAGs
[2026-08-02T19:16:26.131+0000] {logging_mixin.py:188} INFO - [2026-08-02T19:16:26.131+0000] {dag.py:3947} INFO - Setting next_dagrun for example_branch_dop_operator_v3 to 2026-08-02 19:15:00+00:00, run_after=2026-08-02 19:16:00+00:00
[2026-08-02T19:16:26.165+0000] {processor.py:183} INFO - Processing /home/airflow/.local/lib/python3.12/site-packages/airflow/example_dags/example_branch_python_dop_operator_3.py took 0.141 seconds
[2026-08-02T19:16:56.927+0000] {processor.py:161} INFO - Started process (PID=937) to work on /home/airflow/.local/lib/python3.12/site-packages/airflow/example_dags/example_branch_python_dop_operator_3.py
[2026-08-02T19:16:56.928+0000] {processor.py:830} INFO - Processing file /home/airflow/.local/lib/python3.12/site-packages/airflow/example_dags/example_branch_python_dop_operator_3.py for tasks to queue
[2026-08-02T19:16:56.930+0000] {logging_mixin.py:188} INFO - [2026-08-02T19:16:56.930+0000] {dagbag.py:545} INFO - Filling up the DagBag from /home/airflow/.local/lib/python3.12/site-packages/airflow/example_dags/example_branch_python_dop_operator_3.py
[2026-08-02T19:16:56.939+0000] {processor.py:840} INFO - DAG(s) 'example_branch_dop_operator_v3' retrieved from /home/airflow/.local/lib/python3.12/site-packages/airflow/example_dags/example_branch_python_dop_operator_3.py
[2026-08-02T19:16:56.957+0000] {logging_mixin.py:188} INFO - [2026-08-02T19:16:56.957+0000] {dag.py:3089} INFO - Sync 1 DAGs
[2026-08-02T19:16:56.978+0000] {logging_mixin.py:188} INFO - [2026-08-02T19:16:56.978+0000] {dag.py:3947} INFO - Setting next_dagrun for example_branch_dop_operator_v3 to 2026-08-02 19:15:00+00:00, run_after=2026-08-02 19:16:00+00:00
[2026-08-02T19:16:56.997+0000] {processor.py:183} INFO - Processing /home/airflow/.local/lib/python3.12/site-packages/airflow/example_dags/example_branch_python_dop_operator_3.py took 0.076 seconds
[2026-08-02T19:17:27.602+0000] {processor.py:161} INFO - Started process (PID=996) to work on /home/airflow/.local/lib/python3.12/site-packages/airflow/example_dags/example_branch_python_dop_operator_3.py
[2026-08-02T19:17:27.605+0000] {processor.py:830} INFO - Processing file /home/airflow/.local/lib/python3.12/site-packages/airflow/example_dags/example_branch_python_dop_operator_3.py for tasks to queue
[2026-08-02T19:17:27.608+0000] {logging_mixin.py:188} INFO - [2026-08-02T19:17:27.608+0000] {dagbag.py:545} INFO - Filling up the DagBag from /home/airflow/.local/lib/python3.12/site-packages/airflow/example_dags/example_branch_python_dop_operator_3.py
[2026-08-02T19:17:27.623+0000] {processor.py:840} INFO - DAG(s) 'example_branch_dop_operator_v3' retrieved from /home/airflow/.local/lib/python3.12/site-packages/airflow/example_dags/example_branch_python_dop_operator_3.py
[2026-08-02T19:17:27.660+0000] {logging_mixin.py:188} INFO - [2026-08-02T19:17:27.660+0000] {dag.py:3089} INFO - Sync 1 DAGs
[2026-08-02T19:17:27.694+0000] {logging_mixin.py:188} INFO - [2026-08-02T19:17:27.694+0000] {dag.py:3947} INFO - Setting next_dagrun for example_branch_dop_operator_v3 to 2026-08-02 19:16:00+00:00, run_after=2026-08-02 19:17:00+00:00
[2026-08-02T19:17:27.720+0000] {processor.py:183} INFO - Processing /home/airflow/.local/lib/python3.12/site-packages/airflow/example_dags/example_branch_python_dop_operator_3.py took 0.130 seconds
[2026-08-02T19:17:58.749+0000] {processor.py:161} INFO - Started process (PID=1055) to work on /home/airflow/.local/lib/python3.12/site-packages/airflow/example_dags/example_branch_python_dop_operator_3.py
[2026-08-02T19:17:58.750+0000] {processor.py:830} INFO - Processing file /home/airflow/.local/lib/python3.12/site-packages/airflow/example_dags/example_branch_python_dop_operator_3.py for tasks to queue
[2026-08-02T19:17:58.754+0000] {logging_mixin.py:188} INFO - [2026-08-02T19:17:58.754+0000] {dagbag.py:545} INFO - Filling up the DagBag from /home/airflow/.local/lib/python3.12/site-packages/airflow/example_dags/example_branch_python_dop_operator_3.py
[2026-08-02T19:17:58.769+0000] {processor.py:840} INFO - DAG(s) 'example_branch_dop_operator_v3' retrieved from /home/airflow/.local/lib/python3.12/site-packages/airflow/example_dags/example_branch_python_dop_operator_3.py
[2026-08-02T19:17:58.796+0000] {logging_mixin.py:188} INFO - [2026-08-02T19:17:58.795+0000] {dag.py:3089} INFO - Sync 1 DAGs
[2026-08-02T19:17:58.828+0000] {logging_mixin.py:188} INFO - [2026-08-02T19:17:58.828+0000] {dag.py:3947} INFO - Setting next_dagrun for example_branch_dop_operator_v3 to 2026-08-02 19:16:00+00:00, run_after=2026-08-02 19:17:00+00:00
[2026-08-02T19:17:58.850+0000] {processor.py:183} INFO - Processing /home/airflow/.local/lib/python3.12/site-packages/airflow/example_dags/example_branch_python_dop_operator_3.py took 0.109 seconds
[2026-08-02T19:18:29.155+0000] {processor.py:161} INFO - Started process (PID=1114) to work on /home/airflow/.local/lib/python3.12/site-packages/airflow/example_dags/example_branch_python_dop_operator_3.py
[2026-08-02T19:18:29.157+0000] {processor.py:830} INFO - Processing file /home/airflow/.local/lib/python3.12/site-packages/airflow/example_dags/example_branch_python_dop_operator_3.py for tasks to queue
[2026-08-02T19:18:29.161+0000] {logging_mixin.py:188} INFO - [2026-08-02T19:18:29.160+0000] {dagbag.py:545} INFO - Filling up the DagBag from /home/airflow/.local/lib/python3.12/site-packages/airflow/example_dags/example_branch_python_dop_operator_3.py
[2026-08-02T19:18:29.173+0000] {processor.py:840} INFO - DAG(s) 'example_branch_dop_operator_v3' retrieved from /home/airflow/.local/lib/python3.12/site-packages/airflow/example_dags/example_branch_python_dop_operator_3.py
[2026-08-02T19:18:29.200+0000] {logging_mixin.py:188} INFO - [2026-08-02T19:18:29.200+0000] {dag.py:3089} INFO - Sync 1 DAGs
[2026-08-02T19:18:29.230+0000] {logging_mixin.py:188} INFO - [2026-08-02T19:18:29.230+0000] {dag.py:3947} INFO - Setting next_dagrun for example_branch_dop_operator_v3 to 2026-08-02 19:17:00+00:00, run_after=2026-08-02 19:18:00+00:00
[2026-08-02T19:18:29.258+0000] {processor.py:183} INFO - Processing /home/airflow/.local/lib/python3.12/site-packages/airflow/example_dags/example_branch_python_dop_operator_3.py took 0.112 seconds
[2026-08-02T19:18:59.728+0000] {processor.py:161} INFO - Started process (PID=1173) to work on /home/airflow/.local/lib/python3.12/site-packages/airflow/example_dags/example_branch_python_dop_operator_3.py
[2026-08-02T19:18:59.730+0000] {processor.py:830} INFO - Processing file /home/airflow/.local/lib/python3.12/site-packages/airflow/example_dags/example_branch_python_dop_operator_3.py for tasks to queue
[2026-08-02T19:18:59.734+0000] {logging_mixin.py:188} INFO - [2026-08-02T19:18:59.733+0000] {dagbag.py:545} INFO - Filling up the DagBag from /home/airflow/.local/lib/python3.12/site-packages/airflow/example_dags/example_branch_python_dop_operator_3.py
[2026-08-02T19:18:59.743+0000] {processor.py:840} INFO - DAG(s) 'example_branch_dop_operator_v3' retrieved from /home/airflow/.local/lib/python3.12/site-packages/airflow/example_dags/example_branch_python_dop_operator_3.py
[2026-08-02T19:18:59.765+0000] {logging_mixin.py:188} INFO - [2026-08-02T19:18:59.764+0000] {dag.py:3089} INFO - Sync 1 DAGs
[2026-08-02T19:18:59.790+0000] {logging_mixin.py:188} INFO - [2026-08-02T19:18:59.790+0000] {dag.py:3947} INFO - Setting next_dagrun for example_branch_dop_operator_v3 to 2026-08-02 19:17:00+00:00, run_after=2026-08-02 19:18:00+00:00
[2026-08-02T19:18:59.808+0000] {processor.py:183} INFO - Processing /home/airflow/.local/lib/python3.12/site-packages/airflow/example_dags/example_branch_python_dop_operator_3.py took 0.085 seconds
[2026-08-02T19:19:30.273+0000] {processor.py:161} INFO - Started process (PID=1232) to work on /home/airflow/.local/lib/python3.12/site-packages/airflow/example_dags/example_branch_python_dop_operator_3.py
[2026-08-02T19:19:30.276+0000] {processor.py:830} INFO - Processing file /home/airflow/.local/lib/python3.12/site-packages/airflow/example_dags/example_branch_python_dop_operator_3.py for tasks to queue
[2026-08-02T19:19:30.279+0000] {logging_mixin.py:188} INFO - [2026-08-02T19:19:30.279+0000] {dagbag.py:545} INFO - Filling up the DagBag from /home/airflow/.local/lib/python3.12/site-packages/airflow/example_dags/example_branch_python_dop_operator_3.py
[2026-08-02T19:19:30.289+0000] {processor.py:840} INFO - DAG(s) 'example_branch_dop_operator_v3' retrieved from /home/airflow/.local/lib/python3.12/site-packages/airflow/example_dags/example_branch_python_dop_operator_3.py
[2026-08-02T19:19:30.306+0000] {logging_mixin.py:188} INFO - [2026-08-02T19:19:30.306+0000] {dag.py:3089} INFO - Sync 1 DAGs
[2026-08-02T19:19:30.328+0000] {logging_mixin.py:188} INFO - [2026-08-02T19:19:30.328+0000] {dag.py:3947} INFO - Setting next_dagrun for example_branch_dop_operator_v3 to 2026-08-02 19:18:00+00:00, run_after=2026-08-02 19:19:00+00:00
[2026-08-02T19:19:30.347+0000] {processor.py:183} INFO - Processing /home/airflow/.local/lib/python3.12/site-packages/airflow/example_dags/example_branch_python_dop_operator_3.py took 0.085 seconds
[2026-08-02T19:20:00.956+0000] {processor.py:161} INFO - Started process (PID=1291) to work on /home/airflow/.local/lib/python3.12/site-packages/airflow/example_dags/example_branch_python_dop_operator_3.py
[2026-08-02T19:20:00.957+0000] {processor.py:830} INFO - Processing file /home/airflow/.local/lib/python3.12/site-packages/airflow/example_dags/example_branch_python_dop_operator_3.py for tasks to queue
[2026-08-02T19:20:00.960+0000] {logging_mixin.py:188} INFO - [2026-08-02T19:20:00.959+0000] {dagbag.py:545} INFO - Filling up the DagBag from /home/airflow/.local/lib/python3.12/site-packages/airflow/example_dags/example_branch_python_dop_operator_3.py
[2026-08-02T19:20:00.969+0000] {processor.py:840} INFO - DAG(s) 'example_branch_dop_operator_v3' retrieved from /home/airflow/.local/lib/python3.12/site-packages/airflow/example_dags/example_branch_python_dop_operator_3.py
[2026-08-02T19:20:00.986+0000] {logging_mixin.py:188} INFO - [2026-08-02T19:20:00.986+0000] {dag.py:3089} INFO - Sync 1 DAGs
[2026-08-02T19:20:01.008+0000] {logging_mixin.py:188} INFO - [2026-08-02T19:20:01.008+0000] {dag.py:3947} INFO - Setting next_dagrun for example_branch_dop_operator_v3 to 2026-08-02 19:19:00+00:00, run_after=2026-08-02 19:20:00+00:00
[2026-08-02T19:20:01.026+0000] {processor.py:183} INFO - Processing /home/airflow/.local/lib/python3.12/site-packages/airflow/example_dags/example_branch_python_dop_operator_3.py took 0.077 seconds
[2026-08-02T19:20:31.235+0000] {processor.py:161} INFO - Started process (PID=1350) to work on /home/airflow/.local/lib/python3.12/site-packages/airflow/example_dags/example_branch_python_dop_operator_3.py
[2026-08-02T19:20:31.237+0000] {processor.py:830} INFO - Processing file /home/airflow/.local/lib/python3.12/site-packages/airflow/example_dags/example_branch_python_dop_operator_3.py for tasks to queue
[2026-08-02T19:20:31.241+0000] {logging_mixin.py:188} INFO - [2026-08-02T19:20:31.240+0000] {dagbag.py:545} INFO - Filling up the DagBag from /home/airflow/.local/lib/python3.12/site-packages/airflow/example_dags/example_branch_python_dop_operator_3.py
[2026-08-02T19:20:31.250+0000] {processor.py:840} INFO - DAG(s) 'example_branch_dop_operator_v3' retrieved from /home/airflow/.local/lib/python3.12/site-packages/airflow/example_dags/example_branch_python_dop_operator_3.py
[2026-08-02T19:20:31.272+0000] {logging_mixin.py:188} INFO - [2026-08-02T19:20:31.271+0000] {dag.py:3089} INFO - Sync 1 DAGs
[2026-08-02T19:20:31.297+0000] {logging_mixin.py:188} INFO - [2026-08-02T19:20:31.297+0000] {dag.py:3947} INFO - Setting next_dagrun for example_branch_dop_operator_v3 to 2026-08-02 19:19:00+00:00, run_after=2026-08-02 19:20:00+00:00
[2026-08-02T19:20:31.319+0000] {processor.py:183} INFO - Processing /home/airflow/.local/lib/python3.12/site-packages/airflow/example_dags/example_branch_python_dop_operator_3.py took 0.092 seconds
[2026-08-02T19:21:01.883+0000] {processor.py:161} INFO - Started process (PID=1409) to work on /home/airflow/.local/lib/python3.12/site-packages/airflow/example_dags/example_branch_python_dop_operator_3.py
[2026-08-02T19:21:01.885+0000] {processor.py:830} INFO - Processing file /home/airflow/.local/lib/python3.12/site-packages/airflow/example_dags/example_branch_python_dop_operator_3.py for tasks to queue
[2026-08-02T19:21:01.887+0000] {logging_mixin.py:188} INFO - [2026-08-02T19:21:01.887+0000] {dagbag.py:545} INFO - Filling up the DagBag from /home/airflow/.local/lib/python3.12/site-packages/airflow/example_dags/example_branch_python_dop_operator_3.py
[2026-08-02T19:21:01.895+0000] {processor.py:840} INFO - DAG(s) 'example_branch_dop_operator_v3' retrieved from /home/airflow/.local/lib/python3.12/site-packages/airflow/example_dags/example_branch_python_dop_operator_3.py
[2026-08-02T19:21:01.913+0000] {logging_mixin.py:188} INFO - [2026-08-02T19:21:01.912+0000] {dag.py:3089} INFO - Sync 1 DAGs
[2026-08-02T19:21:01.935+0000] {logging_mixin.py:188} INFO - [2026-08-02T19:21:01.934+0000] {dag.py:3947} INFO - Setting next_dagrun for example_branch_dop_operator_v3 to 2026-08-02 19:20:00+00:00, run_after=2026-08-02 19:21:00+00:00
[2026-08-02T19:21:01.954+0000] {processor.py:183} INFO - Processing /home/airflow/.local/lib/python3.12/site-packages/airflow/example_dags/example_branch_python_dop_operator_3.py took 0.078 seconds
