[2026-08-02T18:55:09.623+0000] {processor.py:161} INFO - Started process (PID=68) to work on /home/airflow/.local/lib/python3.12/site-packages/airflow/example_dags/example_task_group_decorator.py
[2026-08-02T18:55:09.626+0000] {processor.py:830} INFO - Processing file /home/airflow/.local/lib/python3.12/site-packages/airflow/example_dags/example_task_group_decorator.py for tasks to queue
[2026-08-02T18:55:09.636+0000] {logging_mixin.py:188} INFO - [2026-08-02T18:55:09.635+0000] {dagbag.py:545} INFO - Filling up the DagBag from /home/airflow/.local/lib/python3.12/site-packages/airflow/example_dags/example_task_group_decorator.py
[2026-08-02T18:55:09.673+0000] {processor.py:840} INFO - DAG(s) 'example_task_group_decorator' retrieved from /home/airflow/.local/lib/python3.12/site-packages/airflow/example_dags/example_task_group_decorator.py
[2026-08-02T18:55:09.911+0000] {logging_mixin.py:188} INFO - [2026-08-02T18:55:09.910+0000] {dag.py:3089} INFO - Sync 1 DAGs
[2026-08-02T18:55:09.946+0000] {logging_mixin.py:188} INFO - [2026-08-02T18:55:09.946+0000] {dag.py:3947} INFO - Setting next_dagrun for example_task_group_decorator to 2026-08-01 00:00:00+00:00, run_after=2026-08-02 00:00:00+00:00
[2026-08-02T18:55:09.995+0000] {processor.py:183} INFO - Processing /home/airflow/.local/lib/python3.12/site-packages/airflow/example_dags/example_task_group_decorator.py took 0.390 seconds
[2026-08-02T18:55:40.882+0000] {processor.py:161} INFO - Started process (PID=127) to work on /home/airflow/.local/lib/python3.12/site-packages/airflow/example_dags/example_task_group_decorator.py
[2026-08-02T18:55:40.884+0000] {processor.py:830} INFO - Processing file /home/airflow/.local/lib/python3.12/site-packages/airflow/example_dags/example_task_group_decorator.py for tasks to queue
[2026-08-02T18:55:40.887+0000] {logging_mixin.py:188} INFO - [2026-08-02T18:55:40.887+0000] {dagbag.py:545} INFO - Filling up the DagBag from /home/airflow/.local/lib/python3.12/site-packages/airflow/example_dags/example_task_group_decorator.py
[2026-08-02T18:55:40.903+0000] {processor.py:840} INFO - DAG(s) 'example_task_group_decorator' retrieved from /home/airflow/.local/lib/python3.12/site-packages/airflow/example_dags/example_task_group_decorator.py
[2026-08-02T18:55:40.929+0000] {logging_mixin.py:188} INFO - [2026-08-02T18:55:40.929+0000] {dag.py:3089} INFO - Sync 1 DAGs
[2026-08-02T18:55:40.952+0000] {logging_mixin.py:188} INFO - [2026-08-02T18:55:40.951+0000] {dag.py:3947} INFO - Setting next_dagrun for example_task_group_decorator to 2026-08-01 00:00:00+00:00, run_after=2026-08-02 00:00:00+00:00
[2026-08-02T18:55:40.971+0000] {processor.py:183} INFO - Processing /home/airflow/.local/lib/python3.12/site-packages/airflow/example_dags/example_task_group_decorator.py took 0.098 seconds
[2026-08-02T18:56:11.824+0000] {processor.py:161} INFO - Started process (PID=186) to work on /home/airflow/.local/lib/python3.12/site-packages/airflow/example_dags/example_task_group_decorator.py
[2026-08-02T18:56:11.827+0000] {processor.py:830} INFO - Processing file /home/airflow/.local/lib/python3.12/site-packages/airflow/example_dags/example_task_group_decorator.py for tasks to queue
[2026-08-02T18:56:11.830+0000] {logging_mixin.py:188} INFO - [2026-08-02T18:56:11.829+0000] {dagbag.py:545} INFO - Filling up the DagBag from /home/airflow/.local/lib/python3.12/site-packages/airflow/example_dags/example_task_group_decorator.py
[2026-08-02T18:56:11.846+0000] {processor.py:840} INFO - DAG(s) 'example_task_group_decorator' retrieved from /home/airflow/.local/lib/python3.12/site-packages/airflow/example_dags/example_task_group_decorator.py
[2026-08-02T18:56:11.872+0000] {logging_mixin.py:188} INFO - [2026-08-02T18:56:11.871+0000] {dag.py:3089} INFO - Sync 1 DAGs
[2026-08-02T18:56:11.898+0000] {logging_mixin.py:188} INFO - [2026-08-02T18:56:11.897+0000] {dag.py:3947} INFO - Setting next_dagrun for example_task_group_decorator to 2026-08-01 00:00:00+00:00, run_after=2026-08-02 00:00:00+00:00
[2026-08-02T18:56:11.922+0000] {processor.py:183} INFO - Processing /home/airflow/.local/lib/python3.12/site-packages/airflow/example_dags/example_task_group_decorator.py took 0.107 seconds
[2026-08-02T18:56:42.075+0000] {processor.py:161} INFO - Started process (PID=245) to work on /home/airflow/.local/lib/python3.12/site-packages/airflow/example_dags/example_task_group_decorator.py
[2026-08-02T18:56:42.077+0000] {processor.py:830} INFO - Processing file /home/airflow/.local/lib/python3.12/site-packages/airflow/example_dags/example_task_group_decorator.py for tasks to queue
[2026-08-02T18:56:42.081+0000] {logging_mixin.py:188} INFO - [2026-08-02T18:56:42.080+0000] {dagbag.py:545} INFO - Filling up the DagBag from /home/airflow/.local/lib/python3.12/site-packages/airflow/example_dags/example_task_group_decorator.py
[2026-08-02T18:56:42.096+0000] {processor.py:840} INFO - DAG(s) 'example_task_group_decorator' retrieved from /home/airflow/.local/lib/python3.12/site-packages/airflow/example_dags/example_task_group_decorator.py
[2026-08-02T18:56:42.127+0000] {logging_mixin.py:188} INFO - [2026-08-02T18:56:42.126+0000] {dag.py:3089} INFO - Sync 1 DAGs
[2026-08-02T18:56:42.155+0000] {logging_mixin.py:188} INFO - [2026-08-02T18:56:42.154+0000] {dag.py:3947} INFO - Setting next_dagrun for example_task_group_decorator to 2026-08-01 00:00:00+00:00, run_after=2026-08-02 00:00:00+00:00
[2026-08-02T18:56:42.179+0000] {processor.py:183} INFO - Processing /home/airflow/.local/lib/python3.12/site-packages/airflow/example_dags/example_task_group_decorator.py took 0.110 seconds
[2026-08-02T18:57:12.669+0000] {processor.py:161} INFO - Started process (PID=310) to work on /home/airflow/.local/lib/python3.12/site-packages/airflow/example_dags/example_task_group_decorator.py
[2026-08-02T18:57:12.671+0000] {processor.py:830} INFO - Processing file /home/airflow/.local/lib/python3.12/site-packages/airflow/example_dags/example_task_group_decorator.py for tasks to queue
[2026-08-02T18:57:12.673+0000] {logging_mixin.py:188} INFO - [2026-08-02T18:57:12.673+0000] {dagbag.py:545} INFO - Filling up the DagBag from /home/airflow/.local/lib/python3.12/site-packages/airflow/example_dags/example_task_group_decorator.py
[2026-08-02T18:57:12.686+0000] {processor.py:840} INFO - DAG(s) 'example_task_group_decorator' retrieved from /home/airflow/.local/lib/python3.12/site-packages/airflow/example_dags/example_task_group_decorator.py
[2026-08-02T18:57:12.711+0000] {logging_mixin.py:188} INFO - [2026-08-02T18:57:12.710+0000] {dag.py:3089} INFO - Sync 1 DAGs
[2026-08-02T18:57:12.734+0000] {logging_mixin.py:188} INFO - [2026-08-02T18:57:12.733+0000] {dag.py:3947} INFO - Setting next_dagrun for example_task_group_decorator to 2026-08-01 00:00:00+00:00, run_after=2026-08-02 00:00:00+00:00
[2026-08-02T18:57:12.768+0000] {processor.py:183} INFO - Processing /home/airflow/.local/lib/python3.12/site-packages/airflow/example_dags/example_task_group_decorator.py took 0.104 seconds
[2026-08-02T18:57:42.945+0000] {processor.py:161} INFO - Started process (PID=369) to work on /home/airflow/.local/lib/python3.12/site-packages/airflow/example_dags/example_task_group_decorator.py
[2026-08-02T18:57:42.948+0000] {processor.py:830} INFO - Processing file /home/airflow/.local/lib/python3.12/site-packages/airflow/example_dags/example_task_group_decorator.py for tasks to queue
[2026-08-02T18:57:42.952+0000] {logging_mixin.py:188} INFO - [2026-08-02T18:57:42.952+0000] {dagbag.py:545} INFO - Filling up the DagBag from /home/airflow/.local/lib/python3.12/site-packages/airflow/example_dags/example_task_group_decorator.py
[2026-08-02T18:57:42.967+0000] {processor.py:840} INFO - DAG(s) 'example_task_group_decorator' retrieved from /home/airflow/.local/lib/python3.12/site-packages/airflow/example_dags/example_task_group_decorator.py
[2026-08-02T18:57:42.991+0000] {logging_mixin.py:188} INFO - [2026-08-02T18:57:42.990+0000] {dag.py:3089} INFO - Sync 1 DAGs
[2026-08-02T18:57:43.011+0000] {logging_mixin.py:188} INFO - [2026-08-02T18:57:43.011+0000] {dag.py:3947} INFO - Setting next_dagrun for example_task_group_decorator to 2026-08-01 00:00:00+00:00, run_after=2026-08-02 00:00:00+00:00
[2026-08-02T18:57:43.044+0000] {processor.py:183} INFO - Processing /home/airflow/.local/lib/python3.12/site-packages/airflow/example_dags/example_task_group_decorator.py took 0.107 seconds
[2026-08-02T19:00:08.212+0000] {processor.py:161} INFO - Started process (PID=55) to work on /home/airflow/.local/lib/python3.12/site-packages/airflow/example_dags/example_task_group_decorator.py
[2026-08-02T19:00:08.216+0000] {processor.py:830} INFO - Processing file /home/airflow/.local/lib/python3.12/site-packages/airflow/example_dags/example_task_group_decorator.py for tasks to queue
[2026-08-02T19:00:08.222+0000] {logging_mixin.py:188} INFO - [2026-08-02T19:00:08.221+0000] {dagbag.py:545} INFO - Filling up the DagBag from /home/airflow/.local/lib/python3.12/site-packages/airflow/example_dags/example_task_group_decorator.py
[2026-08-02T19:00:08.255+0000] {processor.py:840} INFO - DAG(s) 'example_task_group_decorator' retrieved from /home/airflow/.local/lib/python3.12/site-packages/airflow/example_dags/example_task_group_decorator.py
[2026-08-02T19:00:08.300+0000] {logging_mixin.py:188} INFO - [2026-08-02T19:00:08.299+0000] {dag.py:3089} INFO - Sync 1 DAGs
[2026-08-02T19:00:08.373+0000] {logging_mixin.py:188} INFO - [2026-08-02T19:00:08.372+0000] {dag.py:3947} INFO - Setting next_dagrun for example_task_group_decorator to 2026-08-01 00:00:00+00:00, run_after=2026-08-02 00:00:00+00:00
[2026-08-02T19:00:08.428+0000] {processor.py:183} INFO - Processing /home/airflow/.local/lib/python3.12/site-packages/airflow/example_dags/example_task_group_decorator.py took 0.232 seconds
[2026-08-02T19:00:38.715+0000] {processor.py:161} INFO - Started process (PID=120) to work on /home/airflow/.local/lib/python3.12/site-packages/airflow/example_dags/example_task_group_decorator.py
[2026-08-02T19:00:38.717+0000] {processor.py:830} INFO - Processing file /home/airflow/.local/lib/python3.12/site-packages/airflow/example_dags/example_task_group_decorator.py for tasks to queue
[2026-08-02T19:00:38.719+0000] {logging_mixin.py:188} INFO - [2026-08-02T19:00:38.718+0000] {dagbag.py:545} INFO - Filling up the DagBag from /home/airflow/.local/lib/python3.12/site-packages/airflow/example_dags/example_task_group_decorator.py
[2026-08-02T19:00:38.732+0000] {processor.py:840} INFO - DAG(s) 'example_task_group_decorator' retrieved from /home/airflow/.local/lib/python3.12/site-packages/airflow/example_dags/example_task_group_decorator.py
[2026-08-02T19:00:38.826+0000] {logging_mixin.py:188} INFO - [2026-08-02T19:00:38.825+0000] {dag.py:3089} INFO - Sync 1 DAGs
[2026-08-02T19:00:38.843+0000] {logging_mixin.py:188} INFO - [2026-08-02T19:00:38.842+0000] {dag.py:3947} INFO - Setting next_dagrun for example_task_group_decorator to 2026-08-01 00:00:00+00:00, run_after=2026-08-02 00:00:00+00:00
[2026-08-02T19:00:38.861+0000] {processor.py:183} INFO - Processing /home/airflow/.local/lib/python3.12/site-packages/airflow/example_dags/example_task_group_decorator.py took 0.151 seconds
[2026-08-02T19:01:09.360+0000] {processor.py:161} INFO - Started process (PID=179) to work on /home/airflow/.local/lib/python3.12/site-packages/airflow/example_dags/example_task_group_decorator.py
[2026-08-02T19:01:09.362+0000] {processor.py:830} INFO - Processing file /home/airflow/.local/lib/python3.12/site-packages/airflow/example_dags/example_task_group_decorator.py for tasks to queue
[2026-08-02T19:01:09.366+0000] {logging_mixin.py:188} INFO - [2026-08-02T19:01:09.365+0000] {dagbag.py:545} INFO - Filling up the DagBag from /home/airflow/.local/lib/python3.12/site-packages/airflow/example_dags/example_task_group_decorator.py
[2026-08-02T19:01:09.381+0000] {processor.py:840} INFO - DAG(s) 'example_task_group_decorator' retrieved from /home/airflow/.local/lib/python3.12/site-packages/airflow/example_dags/example_task_group_decorator.py
[2026-08-02T19:01:09.407+0000] {logging_mixin.py:188} INFO - [2026-08-02T19:01:09.407+0000] {dag.py:3089} INFO - Sync 1 DAGs
[2026-08-02T19:01:09.426+0000] {logging_mixin.py:188} INFO - [2026-08-02T19:01:09.426+0000] {dag.py:3947} INFO - Setting next_dagrun for example_task_group_decorator to 2026-08-01 00:00:00+00:00, run_after=2026-08-02 00:00:00+00:00
[2026-08-02T19:01:09.446+0000] {processor.py:183} INFO - Processing /home/airflow/.local/lib/python3.12/site-packages/airflow/example_dags/example_task_group_decorator.py took 0.097 seconds
[2026-08-02T19:01:39.645+0000] {processor.py:161} INFO - Started process (PID=239) to work on /home/airflow/.local/lib/python3.12/site-packages/airflow/example_dags/example_task_group_decorator.py
[2026-08-02T19:01:39.647+0000] {processor.py:830} INFO - Processing file /home/airflow/.local/lib/python3.12/site-packages/airflow/example_dags/example_task_group_decorator.py for tasks to queue
[2026-08-02T19:01:39.650+0000] {logging_mixin.py:188} INFO - [2026-08-02T19:01:39.650+0000] {dagbag.py:545} INFO - Filling up the DagBag from /home/airflow/.local/lib/python3.12/site-packages/airflow/example_dags/example_task_group_decorator.py
[2026-08-02T19:01:39.665+0000] {processor.py:840} INFO - DAG(s) 'example_task_group_decorator' retrieved from /home/airflow/.local/lib/python3.12/site-packages/airflow/example_dags/example_task_group_decorator.py
[2026-08-02T19:01:39.690+0000] {logging_mixin.py:188} INFO - [2026-08-02T19:01:39.690+0000] {dag.py:3089} INFO - Sync 1 DAGs
[2026-08-02T19:01:39.712+0000] {logging_mixin.py:188} INFO - [2026-08-02T19:01:39.712+0000] {dag.py:3947} INFO - Setting next_dagrun for example_task_group_decorator to 2026-08-01 00:00:00+00:00, run_after=2026-08-02 00:00:00+00:00
[2026-08-02T19:01:39.732+0000] {processor.py:183} INFO - Processing /home/airflow/.local/lib/python3.12/site-packages/airflow/example_dags/example_task_group_decorator.py took 0.093 seconds
[2026-08-02T19:02:09.917+0000] {processor.py:161} INFO - Started process (PID=298) to work on /home/airflow/.local/lib/python3.12/site-packages/airflow/example_dags/example_task_group_decorator.py
[2026-08-02T19:02:09.919+0000] {processor.py:830} INFO - Processing file /home/airflow/.local/lib/python3.12/site-packages/airflow/example_dags/example_task_group_decorator.py for tasks to queue
[2026-08-02T19:02:09.921+0000] {logging_mixin.py:188} INFO - [2026-08-02T19:02:09.921+0000] {dagbag.py:545} INFO - Filling up the DagBag from /home/airflow/.local/lib/python3.12/site-packages/airflow/example_dags/example_task_group_decorator.py
[2026-08-02T19:02:09.933+0000] {processor.py:840} INFO - DAG(s) 'example_task_group_decorator' retrieved from /home/airflow/.local/lib/python3.12/site-packages/airflow/example_dags/example_task_group_decorator.py
[2026-08-02T19:02:09.956+0000] {logging_mixin.py:188} INFO - [2026-08-02T19:02:09.956+0000] {dag.py:3089} INFO - Sync 1 DAGs
[2026-08-02T19:02:09.975+0000] {logging_mixin.py:188} INFO - [2026-08-02T19:02:09.975+0000] {dag.py:3947} INFO - Setting next_dagrun for example_task_group_decorator to 2026-08-01 00:00:00+00:00, run_after=2026-08-02 00:00:00+00:00
[2026-08-02T19:02:09.993+0000] {processor.py:183} INFO - Processing /home/airflow/.local/lib/python3.12/site-packages/airflow/example_dags/example_task_group_decorator.py took 0.082 seconds
[2026-08-02T19:02:40.264+0000] {processor.py:161} INFO - Started process (PID=357) to work on /home/airflow/.local/lib/python3.12/site-packages/airflow/example_dags/example_task_group_decorator.py
[2026-08-02T19:02:40.266+0000] {processor.py:830} INFO - Processing file /home/airflow/.local/lib/python3.12/site-packages/airflow/example_dags/example_task_group_decorator.py for tasks to queue
[2026-08-02T19:02:40.270+0000] {logging_mixin.py:188} INFO - [2026-08-02T19:02:40.269+0000] {dagbag.py:545} INFO - Filling up the DagBag from /home/airflow/.local/lib/python3.12/site-packages/airflow/example_dags/example_task_group_decorator.py
[2026-08-02T19:02:40.286+0000] {processor.py:840} INFO - DAG(s) 'example_task_group_decorator' retrieved from /home/airflow/.local/lib/python3.12/site-packages/airflow/example_dags/example_task_group_decorator.py
[2026-08-02T19:02:40.311+0000] {logging_mixin.py:188} INFO - [2026-08-02T19:02:40.311+0000] {dag.py:3089} INFO - Sync 1 DAGs
[2026-08-02T19:02:40.331+0000] {logging_mixin.py:188} INFO - [2026-08-02T19:02:40.331+0000] {dag.py:3947} INFO - Setting next_dagrun for example_task_group_decorator to 2026-08-01 00:00:00+00:00, run_after=2026-08-02 00:00:00+00:00
[2026-08-02T19:02:40.350+0000] {processor.py:183} INFO - Processing /home/airflow/.local/lib/python3.12/site-packages/airflow/example_dags/example_task_group_decorator.py took 0.095 seconds
[2026-08-02T19:03:10.522+0000] {processor.py:161} INFO - Started process (PID=416) to work on /home/airflow/.local/lib/python3.12/site-packages/airflow/example_dags/example_task_group_decorator.py
[2026-08-02T19:03:10.524+0000] {processor.py:830} INFO - Processing file /home/airflow/.local/lib/python3.12/site-packages/airflow/example_dags/example_task_group_decorator.py for tasks to queue
[2026-08-02T19:03:10.528+0000] {logging_mixin.py:188} INFO - [2026-08-02T19:03:10.528+0000] {dagbag.py:545} INFO - Filling up the DagBag from /home/airflow/.local/lib/python3.12/site-packages/airflow/example_dags/example_task_group_decorator.py
[2026-08-02T19:03:10.548+0000] {processor.py:840} INFO - DAG(s) 'example_task_group_decorator' retrieved from /home/airflow/.local/lib/python3.12/site-packages/airflow/example_dags/example_task_group_decorator.py
[2026-08-02T19:03:10.578+0000] {logging_mixin.py:188} INFO - [2026-08-02T19:03:10.577+0000] {dag.py:3089} INFO - Sync 1 DAGs
[2026-08-02T19:03:10.598+0000] {logging_mixin.py:188} INFO - [2026-08-02T19:03:10.598+0000] {dag.py:3947} INFO - Setting next_dagrun for example_task_group_decorator to 2026-08-01 00:00:00+00:00, run_after=2026-08-02 00:00:00+00:00
[2026-08-02T19:03:10.624+0000] {processor.py:183} INFO - Processing /home/airflow/.local/lib/python3.12/site-packages/airflow/example_dags/example_task_group_decorator.py took 0.113 seconds
[2026-08-02T19:03:41.149+0000] {processor.py:161} INFO - Started process (PID=475) to work on /home/airflow/.local/lib/python3.12/site-packages/airflow/example_dags/example_task_group_decorator.py
[2026-08-02T19:03:41.151+0000] {processor.py:830} INFO - Processing file /home/airflow/.local/lib/python3.12/site-packages/airflow/example_dags/example_task_group_decorator.py for tasks to queue
[2026-08-02T19:03:41.154+0000] {logging_mixin.py:188} INFO - [2026-08-02T19:03:41.154+0000] {dagbag.py:545} INFO - Filling up the DagBag from /home/airflow/.local/lib/python3.12/site-packages/airflow/example_dags/example_task_group_decorator.py
[2026-08-02T19:03:41.170+0000] {processor.py:840} INFO - DAG(s) 'example_task_group_decorator' retrieved from /home/airflow/.local/lib/python3.12/site-packages/airflow/example_dags/example_task_group_decorator.py
[2026-08-02T19:03:41.202+0000] {logging_mixin.py:188} INFO - [2026-08-02T19:03:41.202+0000] {dag.py:3089} INFO - Sync 1 DAGs
[2026-08-02T19:03:41.230+0000] {logging_mixin.py:188} INFO - [2026-08-02T19:03:41.230+0000] {dag.py:3947} INFO - Setting next_dagrun for example_task_group_decorator to 2026-08-01 00:00:00+00:00, run_after=2026-08-02 00:00:00+00:00
[2026-08-02T19:03:41.264+0000] {processor.py:183} INFO - Processing /home/airflow/.local/lib/python3.12/site-packages/airflow/example_dags/example_task_group_decorator.py took 0.122 seconds
[2026-08-02T19:04:11.680+0000] {processor.py:161} INFO - Started process (PID=534) to work on /home/airflow/.local/lib/python3.12/site-packages/airflow/example_dags/example_task_group_decorator.py
[2026-08-02T19:04:11.682+0000] {processor.py:830} INFO - Processing file /home/airflow/.local/lib/python3.12/site-packages/airflow/example_dags/example_task_group_decorator.py for tasks to queue
[2026-08-02T19:04:11.685+0000] {logging_mixin.py:188} INFO - [2026-08-02T19:04:11.684+0000] {dagbag.py:545} INFO - Filling up the DagBag from /home/airflow/.local/lib/python3.12/site-packages/airflow/example_dags/example_task_group_decorator.py
[2026-08-02T19:04:11.700+0000] {processor.py:840} INFO - DAG(s) 'example_task_group_decorator' retrieved from /home/airflow/.local/lib/python3.12/site-packages/airflow/example_dags/example_task_group_decorator.py
[2026-08-02T19:04:11.724+0000] {logging_mixin.py:188} INFO - [2026-08-02T19:04:11.724+0000] {dag.py:3089} INFO - Sync 1 DAGs
[2026-08-02T19:04:11.749+0000] {logging_mixin.py:188} INFO - [2026-08-02T19:04:11.749+0000] {dag.py:3947} INFO - Setting next_dagrun for example_task_group_decorator to 2026-08-01 00:00:00+00:00, run_after=2026-08-02 00:00:00+00:00
[2026-08-02T19:04:11.773+0000] {processor.py:183} INFO - Processing /home/airflow/.local/lib/python3.12/site-packages/airflow/example_dags/example_task_group_decorator.py took 0.102 seconds
[2026-08-02T19:04:41.933+0000] {processor.py:161} INFO - Started process (PID=593) to work on /home/airflow/.local/lib/python3.12/site-packages/airflow/example_dags/example_task_group_decorator.py
[2026-08-02T19:04:41.934+0000] {processor.py:830} INFO - Processing file /home/airflow/.local/lib/python3.12/site-packages/airflow/example_dags/example_task_group_decorator.py for tasks to queue
[2026-08-02T19:04:41.937+0000] {logging_mixin.py:188} INFO - [2026-08-02T19:04:41.936+0000] {dagbag.py:545} INFO - Filling up the DagBag from /home/airflow/.local/lib/python3.12/site-packages/airflow/example_dags/example_task_group_decorator.py
[2026-08-02T19:04:41.953+0000] {processor.py:840} INFO - DAG(s) 'example_task_group_decorator' retrieved from /home/airflow/.local/lib/python3.12/site-packages/airflow/example_dags/example_task_group_decorator.py
[2026-08-02T19:04:41.989+0000] {logging_mixin.py:188} INFO - [2026-08-02T19:04:41.988+0000] {dag.py:3089} INFO - Sync 1 DAGs
[2026-08-02T19:04:42.026+0000] {logging_mixin.py:188} INFO - [2026-08-02T19:04:42.026+0000] {dag.py:3947} INFO - Setting next_dagrun for example_task_group_decorator to 2026-08-01 00:00:00+00:00, run_after=2026-08-02 00:00:00+00:00
[2026-08-02T19:04:42.060+0000] {processor.py:183} INFO - Processing /home/airflow/.local/lib/python3.12/site-packages/airflow/example_dags/example_task_group_decorator.py took 0.135 seconds
[2026-08-02T19:05:12.198+0000] {processor.py:161} INFO - Started process (PID=652) to work on /home/airflow/.local/lib/python3.12/site-packages/airflow/example_dags/example_task_group_decorator.py
[2026-08-02T19:05:12.199+0000] {processor.py:830} INFO - Processing file /home/airflow/.local/lib/python3.12/site-packages/airflow/example_dags/example_task_group_decorator.py for tasks to queue
[2026-08-02T19:05:12.201+0000] {logging_mixin.py:188} INFO - [2026-08-02T19:05:12.201+0000] {dagbag.py:545} INFO - Filling up the DagBag from /home/airflow/.local/lib/python3.12/site-packages/airflow/example_dags/example_task_group_decorator.py
[2026-08-02T19:05:12.213+0000] {processor.py:840} INFO - DAG(s) 'example_task_group_decorator' retrieved from /home/airflow/.local/lib/python3.12/site-packages/airflow/example_dags/example_task_group_decorator.py
[2026-08-02T19:05:12.235+0000] {logging_mixin.py:188} INFO - [2026-08-02T19:05:12.234+0000] {dag.py:3089} INFO - Sync 1 DAGs
[2026-08-02T19:05:12.253+0000] {logging_mixin.py:188} INFO - [2026-08-02T19:05:12.253+0000] {dag.py:3947} INFO - Setting next_dagrun for example_task_group_decorator to 2026-08-01 00:00:00+00:00, run_after=2026-08-02 00:00:00+00:00
[2026-08-02T19:05:12.272+0000] {processor.py:183} INFO - Processing /home/airflow/.local/lib/python3.12/site-packages/airflow/example_dags/example_task_group_decorator.py took 0.081 seconds
[2026-08-02T19:05:42.489+0000] {processor.py:161} INFO - Started process (PID=711) to work on /home/airflow/.local/lib/python3.12/site-packages/airflow/example_dags/example_task_group_decorator.py
[2026-08-02T19:05:42.490+0000] {processor.py:830} INFO - Processing file /home/airflow/.local/lib/python3.12/site-packages/airflow/example_dags/example_task_group_decorator.py for tasks to queue
[2026-08-02T19:05:42.492+0000] {logging_mixin.py:188} INFO - [2026-08-02T19:05:42.491+0000] {dagbag.py:545} INFO - Filling up the DagBag from /home/airflow/.local/lib/python3.12/site-packages/airflow/example_dags/example_task_group_decorator.py
[2026-08-02T19:05:42.502+0000] {processor.py:840} INFO - DAG(s) 'example_task_group_decorator' retrieved from /home/airflow/.local/lib/python3.12/site-packages/airflow/example_dags/example_task_group_decorator.py
[2026-08-02T19:05:42.522+0000] {logging_mixin.py:188} INFO - [2026-08-02T19:05:42.522+0000] {dag.py:3089} INFO - Sync 1 DAGs
[2026-08-02T19:05:42.541+0000] {logging_mixin.py:188} INFO - [2026-08-02T19:05:42.541+0000] {dag.py:3947} INFO - Setting next_dagrun for example_task_group_decorator to 2026-08-01 00:00:00+00:00, run_after=2026-08-02 00:00:00+00:00
[2026-08-02T19:05:42.560+0000] {processor.py:183} INFO - Processing /home/airflow/.local/lib/python3.12/site-packages/airflow/example_dags/example_task_group_decorator.py took 0.076 seconds
[2026-08-02T19:06:13.069+0000] {processor.py:161} INFO - Started process (PID=770) to work on /home/airflow/.local/lib/python3.12/site-packages/airflow/example_dags/example_task_group_decorator.py
[2026-08-02T19:06:13.071+0000] {processor.py:830} INFO - Processing file /home/airflow/.local/lib/python3.12/site-packages/airflow/example_dags/example_task_group_decorator.py for tasks to queue
[2026-08-02T19:06:13.073+0000] {logging_mixin.py:188} INFO - [2026-08-02T19:06:13.073+0000] {dagbag.py:545} INFO - Filling up the DagBag from /home/airflow/.local/lib/python3.12/site-packages/airflow/example_dags/example_task_group_decorator.py
[2026-08-02T19:06:13.086+0000] {processor.py:840} INFO - DAG(s) 'example_task_group_decorator' retrieved from /home/airflow/.local/lib/python3.12/site-packages/airflow/example_dags/example_task_group_decorator.py
[2026-08-02T19:06:13.110+0000] {logging_mixin.py:188} INFO - [2026-08-02T19:06:13.110+0000] {dag.py:3089} INFO - Sync 1 DAGs
[2026-08-02T19:06:13.130+0000] {logging_mixin.py:188} INFO - [2026-08-02T19:06:13.130+0000] {dag.py:3947} INFO - Setting next_dagrun for example_task_group_decorator to 2026-08-01 00:00:00+00:00, run_after=2026-08-02 00:00:00+00:00
[2026-08-02T19:06:13.151+0000] {processor.py:183} INFO - Processing /home/airflow/.local/lib/python3.12/site-packages/airflow/example_dags/example_task_group_decorator.py took 0.087 seconds
[2026-08-02T19:06:43.680+0000] {processor.py:161} INFO - Started process (PID=829) to work on /home/airflow/.local/lib/python3.12/site-packages/airflow/example_dags/example_task_group_decorator.py
[2026-08-02T19:06:43.681+0000] {processor.py:830} INFO - Processing file /home/airflow/.local/lib/python3.12/site-packages/airflow/example_dags/example_task_group_decorator.py for tasks to queue
[2026-08-02T19:06:43.683+0000] {logging_mixin.py:188} INFO - [2026-08-02T19:06:43.683+0000] {dagbag.py:545} INFO - Filling up the DagBag from /home/airflow/.local/lib/python3.12/site-packages/airflow/example_dags/example_task_group_decorator.py
[2026-08-02T19:06:43.695+0000] {processor.py:840} INFO - DAG(s) 'example_task_group_decorator' retrieved from /home/airflow/.local/lib/python3.12/site-packages/airflow/example_dags/example_task_group_decorator.py
[2026-08-02T19:06:43.719+0000] {logging_mixin.py:188} INFO - [2026-08-02T19:06:43.719+0000] {dag.py:3089} INFO - Sync 1 DAGs
[2026-08-02T19:06:43.740+0000] {logging_mixin.py:188} INFO - [2026-08-02T19:06:43.740+0000] {dag.py:3947} INFO - Setting next_dagrun for example_task_group_decorator to 2026-08-01 00:00:00+00:00, run_after=2026-08-02 00:00:00+00:00
[2026-08-02T19:06:43.759+0000] {processor.py:183} INFO - Processing /home/airflow/.local/lib/python3.12/site-packages/airflow/example_dags/example_task_group_decorator.py took 0.085 seconds
[2026-08-02T19:07:14.269+0000] {processor.py:161} INFO - Started process (PID=888) to work on /home/airflow/.local/lib/python3.12/site-packages/airflow/example_dags/example_task_group_decorator.py
[2026-08-02T19:07:14.271+0000] {processor.py:830} INFO - Processing file /home/airflow/.local/lib/python3.12/site-packages/airflow/example_dags/example_task_group_decorator.py for tasks to queue
[2026-08-02T19:07:14.273+0000] {logging_mixin.py:188} INFO - [2026-08-02T19:07:14.272+0000] {dagbag.py:545} INFO - Filling up the DagBag from /home/airflow/.local/lib/python3.12/site-packages/airflow/example_dags/example_task_group_decorator.py
[2026-08-02T19:07:14.285+0000] {processor.py:840} INFO - DAG(s) 'example_task_group_decorator' retrieved from /home/airflow/.local/lib/python3.12/site-packages/airflow/example_dags/example_task_group_decorator.py
[2026-08-02T19:07:14.309+0000] {logging_mixin.py:188} INFO - [2026-08-02T19:07:14.308+0000] {dag.py:3089} INFO - Sync 1 DAGs
[2026-08-02T19:07:14.327+0000] {logging_mixin.py:188} INFO - [2026-08-02T19:07:14.327+0000] {dag.py:3947} INFO - Setting next_dagrun for example_task_group_decorator to 2026-08-01 00:00:00+00:00, run_after=2026-08-02 00:00:00+00:00
[2026-08-02T19:07:14.346+0000] {processor.py:183} INFO - Processing /home/airflow/.local/lib/python3.12/site-packages/airflow/example_dags/example_task_group_decorator.py took 0.083 seconds
[2026-08-02T19:07:44.514+0000] {processor.py:161} INFO - Started process (PID=947) to work on /home/airflow/.local/lib/python3.12/site-packages/airflow/example_dags/example_task_group_decorator.py
[2026-08-02T19:07:44.518+0000] {processor.py:830} INFO - Processing file /home/airflow/.local/lib/python3.12/site-packages/airflow/example_dags/example_task_group_decorator.py for tasks to queue
[2026-08-02T19:07:44.524+0000] {logging_mixin.py:188} INFO - [2026-08-02T19:07:44.523+0000] {dagbag.py:545} INFO - Filling up the DagBag from /home/airflow/.local/lib/python3.12/site-packages/airflow/example_dags/example_task_group_decorator.py
[2026-08-02T19:07:44.551+0000] {processor.py:840} INFO - DAG(s) 'example_task_group_decorator' retrieved from /home/airflow/.local/lib/python3.12/site-packages/airflow/example_dags/example_task_group_decorator.py
[2026-08-02T19:07:44.580+0000] {logging_mixin.py:188} INFO - [2026-08-02T19:07:44.580+0000] {dag.py:3089} INFO - Sync 1 DAGs
[2026-08-02T19:07:44.602+0000] {logging_mixin.py:188} INFO - [2026-08-02T19:07:44.601+0000] {dag.py:3947} INFO - Setting next_dagrun for example_task_group_decorator to 2026-08-01 00:00:00+00:00, run_after=2026-08-02 00:00:00+00:00
[2026-08-02T19:07:44.619+0000] {processor.py:183} INFO - Processing /home/airflow/.local/lib/python3.12/site-packages/airflow/example_dags/example_task_group_decorator.py took 0.120 seconds
[2026-08-02T19:08:15.100+0000] {processor.py:161} INFO - Started process (PID=1006) to work on /home/airflow/.local/lib/python3.12/site-packages/airflow/example_dags/example_task_group_decorator.py
[2026-08-02T19:08:15.101+0000] {processor.py:830} INFO - Processing file /home/airflow/.local/lib/python3.12/site-packages/airflow/example_dags/example_task_group_decorator.py for tasks to queue
[2026-08-02T19:08:15.104+0000] {logging_mixin.py:188} INFO - [2026-08-02T19:08:15.103+0000] {dagbag.py:545} INFO - Filling up the DagBag from /home/airflow/.local/lib/python3.12/site-packages/airflow/example_dags/example_task_group_decorator.py
[2026-08-02T19:08:15.119+0000] {processor.py:840} INFO - DAG(s) 'example_task_group_decorator' retrieved from /home/airflow/.local/lib/python3.12/site-packages/airflow/example_dags/example_task_group_decorator.py
[2026-08-02T19:08:15.148+0000] {logging_mixin.py:188} INFO - [2026-08-02T19:08:15.147+0000] {dag.py:3089} INFO - Sync 1 DAGs
[2026-08-02T19:08:15.171+0000] {logging_mixin.py:188} INFO - [2026-08-02T19:08:15.171+0000] {dag.py:3947} INFO - Setting next_dagrun for example_task_group_decorator to 2026-08-01 00:00:00+00:00, run_after=2026-08-02 00:00:00+00:00
[2026-08-02T19:08:15.194+0000] {processor.py:183} INFO - Processing /home/airflow/.local/lib/python3.12/site-packages/airflow/example_dags/example_task_group_decorator.py took 0.101 seconds
[2026-08-02T19:09:45.483+0000] {processor.py:161} INFO - Started process (PID=91) to work on /home/airflow/.local/lib/python3.12/site-packages/airflow/example_dags/example_task_group_decorator.py
[2026-08-02T19:09:45.485+0000] {processor.py:830} INFO - Processing file /home/airflow/.local/lib/python3.12/site-packages/airflow/example_dags/example_task_group_decorator.py for tasks to queue
[2026-08-02T19:09:45.489+0000] {logging_mixin.py:188} INFO - [2026-08-02T19:09:45.488+0000] {dagbag.py:545} INFO - Filling up the DagBag from /home/airflow/.local/lib/python3.12/site-packages/airflow/example_dags/example_task_group_decorator.py
[2026-08-02T19:09:45.520+0000] {processor.py:840} INFO - DAG(s) 'example_task_group_decorator' retrieved from /home/airflow/.local/lib/python3.12/site-packages/airflow/example_dags/example_task_group_decorator.py
[2026-08-02T19:09:45.729+0000] {logging_mixin.py:188} INFO - [2026-08-02T19:09:45.728+0000] {dag.py:3089} INFO - Sync 1 DAGs
[2026-08-02T19:09:45.763+0000] {logging_mixin.py:188} INFO - [2026-08-02T19:09:45.762+0000] {dag.py:3947} INFO - Setting next_dagrun for example_task_group_decorator to 2026-08-01 00:00:00+00:00, run_after=2026-08-02 00:00:00+00:00
[2026-08-02T19:09:45.801+0000] {processor.py:183} INFO - Processing /home/airflow/.local/lib/python3.12/site-packages/airflow/example_dags/example_task_group_decorator.py took 0.330 seconds
[2026-08-02T19:10:16.662+0000] {processor.py:161} INFO - Started process (PID=150) to work on /home/airflow/.local/lib/python3.12/site-packages/airflow/example_dags/example_task_group_decorator.py
[2026-08-02T19:10:16.664+0000] {processor.py:830} INFO - Processing file /home/airflow/.local/lib/python3.12/site-packages/airflow/example_dags/example_task_group_decorator.py for tasks to queue
[2026-08-02T19:10:16.667+0000] {logging_mixin.py:188} INFO - [2026-08-02T19:10:16.667+0000] {dagbag.py:545} INFO - Filling up the DagBag from /home/airflow/.local/lib/python3.12/site-packages/airflow/example_dags/example_task_group_decorator.py
[2026-08-02T19:10:16.682+0000] {processor.py:840} INFO - DAG(s) 'example_task_group_decorator' retrieved from /home/airflow/.local/lib/python3.12/site-packages/airflow/example_dags/example_task_group_decorator.py
[2026-08-02T19:10:16.706+0000] {logging_mixin.py:188} INFO - [2026-08-02T19:10:16.706+0000] {dag.py:3089} INFO - Sync 1 DAGs
[2026-08-02T19:10:16.730+0000] {logging_mixin.py:188} INFO - [2026-08-02T19:10:16.730+0000] {dag.py:3947} INFO - Setting next_dagrun for example_task_group_decorator to 2026-08-01 00:00:00+00:00, run_after=2026-08-02 00:00:00+00:00
[2026-08-02T19:10:16.755+0000] {processor.py:183} INFO - Processing /home/airflow/.local/lib/python3.12/site-packages/airflow/example_dags/example_task_group_decorator.py took 0.103 seconds
[2026-08-02T19:10:47.282+0000] {processor.py:161} INFO - Started process (PID=209) to work on /home/airflow/.local/lib/python3.12/site-packages/airflow/example_dags/example_task_group_decorator.py
[2026-08-02T19:10:47.284+0000] {processor.py:830} INFO - Processing file /home/airflow/.local/lib/python3.12/site-packages/airflow/example_dags/example_task_group_decorator.py for tasks to queue
[2026-08-02T19:10:47.286+0000] {logging_mixin.py:188} INFO - [2026-08-02T19:10:47.286+0000] {dagbag.py:545} INFO - Filling up the DagBag from /home/airflow/.local/lib/python3.12/site-packages/airflow/example_dags/example_task_group_decorator.py
[2026-08-02T19:10:47.302+0000] {processor.py:840} INFO - DAG(s) 'example_task_group_decorator' retrieved from /home/airflow/.local/lib/python3.12/site-packages/airflow/example_dags/example_task_group_decorator.py
[2026-08-02T19:10:47.328+0000] {logging_mixin.py:188} INFO - [2026-08-02T19:10:47.328+0000] {dag.py:3089} INFO - Sync 1 DAGs
[2026-08-02T19:10:47.353+0000] {logging_mixin.py:188} INFO - [2026-08-02T19:10:47.352+0000] {dag.py:3947} INFO - Setting next_dagrun for example_task_group_decorator to 2026-08-01 00:00:00+00:00, run_after=2026-08-02 00:00:00+00:00
[2026-08-02T19:10:47.373+0000] {processor.py:183} INFO - Processing /home/airflow/.local/lib/python3.12/site-packages/airflow/example_dags/example_task_group_decorator.py took 0.097 seconds
[2026-08-02T19:11:17.793+0000] {processor.py:161} INFO - Started process (PID=268) to work on /home/airflow/.local/lib/python3.12/site-packages/airflow/example_dags/example_task_group_decorator.py
[2026-08-02T19:11:17.798+0000] {processor.py:830} INFO - Processing file /home/airflow/.local/lib/python3.12/site-packages/airflow/example_dags/example_task_group_decorator.py for tasks to queue
[2026-08-02T19:11:17.812+0000] {logging_mixin.py:188} INFO - [2026-08-02T19:11:17.809+0000] {dagbag.py:545} INFO - Filling up the DagBag from /home/airflow/.local/lib/python3.12/site-packages/airflow/example_dags/example_task_group_decorator.py
[2026-08-02T19:11:17.882+0000] {processor.py:840} INFO - DAG(s) 'example_task_group_decorator' retrieved from /home/airflow/.local/lib/python3.12/site-packages/airflow/example_dags/example_task_group_decorator.py
[2026-08-02T19:11:17.957+0000] {logging_mixin.py:188} INFO - [2026-08-02T19:11:17.956+0000] {dag.py:3089} INFO - Sync 1 DAGs
[2026-08-02T19:11:18.007+0000] {logging_mixin.py:188} INFO - [2026-08-02T19:11:18.007+0000] {dag.py:3947} INFO - Setting next_dagrun for example_task_group_decorator to 2026-08-01 00:00:00+00:00, run_after=2026-08-02 00:00:00+00:00
[2026-08-02T19:11:18.040+0000] {processor.py:183} INFO - Processing /home/airflow/.local/lib/python3.12/site-packages/airflow/example_dags/example_task_group_decorator.py took 0.276 seconds
[2026-08-02T19:11:48.151+0000] {processor.py:161} INFO - Started process (PID=327) to work on /home/airflow/.local/lib/python3.12/site-packages/airflow/example_dags/example_task_group_decorator.py
[2026-08-02T19:11:48.153+0000] {processor.py:830} INFO - Processing file /home/airflow/.local/lib/python3.12/site-packages/airflow/example_dags/example_task_group_decorator.py for tasks to queue
[2026-08-02T19:11:48.156+0000] {logging_mixin.py:188} INFO - [2026-08-02T19:11:48.155+0000] {dagbag.py:545} INFO - Filling up the DagBag from /home/airflow/.local/lib/python3.12/site-packages/airflow/example_dags/example_task_group_decorator.py
[2026-08-02T19:11:48.169+0000] {processor.py:840} INFO - DAG(s) 'example_task_group_decorator' retrieved from /home/airflow/.local/lib/python3.12/site-packages/airflow/example_dags/example_task_group_decorator.py
[2026-08-02T19:11:48.193+0000] {logging_mixin.py:188} INFO - [2026-08-02T19:11:48.193+0000] {dag.py:3089} INFO - Sync 1 DAGs
[2026-08-02T19:11:48.213+0000] {logging_mixin.py:188} INFO - [2026-08-02T19:11:48.213+0000] {dag.py:3947} INFO - Setting next_dagrun for example_task_group_decorator to 2026-08-01 00:00:00+00:00, run_after=2026-08-02 00:00:00+00:00
[2026-08-02T19:11:48.231+0000] {processor.py:183} INFO - Processing /home/airflow/.local/lib/python3.12/site-packages/airflow/example_dags/example_task_group_decorator.py took 0.085 seconds
[2026-08-02T19:12:18.430+0000] {processor.py:161} INFO - Started process (PID=386) to work on /home/airflow/.local/lib/python3.12/site-packages/airflow/example_dags/example_task_group_decorator.py
[2026-08-02T19:12:18.432+0000] {processor.py:830} INFO - Processing file /home/airflow/.local/lib/python3.12/site-packages/airflow/example_dags/example_task_group_decorator.py for tasks to queue
[2026-08-02T19:12:18.435+0000] {logging_mixin.py:188} INFO - [2026-08-02T19:12:18.435+0000] {dagbag.py:545} INFO - Filling up the DagBag from /home/airflow/.local/lib/python3.12/site-packages/airflow/example_dags/example_task_group_decorator.py
[2026-08-02T19:12:18.449+0000] {processor.py:840} INFO - DAG(s) 'example_task_group_decorator' retrieved from /home/airflow/.local/lib/python3.12/site-packages/airflow/example_dags/example_task_group_decorator.py
[2026-08-02T19:12:18.472+0000] {logging_mixin.py:188} INFO - [2026-08-02T19:12:18.472+0000] {dag.py:3089} INFO - Sync 1 DAGs
[2026-08-02T19:12:18.493+0000] {logging_mixin.py:188} INFO - [2026-08-02T19:12:18.492+0000] {dag.py:3947} INFO - Setting next_dagrun for example_task_group_decorator to 2026-08-01 00:00:00+00:00, run_after=2026-08-02 00:00:00+00:00
[2026-08-02T19:12:18.511+0000] {processor.py:183} INFO - Processing /home/airflow/.local/lib/python3.12/site-packages/airflow/example_dags/example_task_group_decorator.py took 0.089 seconds
[2026-08-02T19:12:49.017+0000] {processor.py:161} INFO - Started process (PID=451) to work on /home/airflow/.local/lib/python3.12/site-packages/airflow/example_dags/example_task_group_decorator.py
[2026-08-02T19:12:49.019+0000] {processor.py:830} INFO - Processing file /home/airflow/.local/lib/python3.12/site-packages/airflow/example_dags/example_task_group_decorator.py for tasks to queue
[2026-08-02T19:12:49.021+0000] {logging_mixin.py:188} INFO - [2026-08-02T19:12:49.021+0000] {dagbag.py:545} INFO - Filling up the DagBag from /home/airflow/.local/lib/python3.12/site-packages/airflow/example_dags/example_task_group_decorator.py
[2026-08-02T19:12:49.039+0000] {processor.py:840} INFO - DAG(s) 'example_task_group_decorator' retrieved from /home/airflow/.local/lib/python3.12/site-packages/airflow/example_dags/example_task_group_decorator.py
[2026-08-02T19:12:49.063+0000] {logging_mixin.py:188} INFO - [2026-08-02T19:12:49.063+0000] {dag.py:3089} INFO - Sync 1 DAGs
[2026-08-02T19:12:49.083+0000] {logging_mixin.py:188} INFO - [2026-08-02T19:12:49.083+0000] {dag.py:3947} INFO - Setting next_dagrun for example_task_group_decorator to 2026-08-01 00:00:00+00:00, run_after=2026-08-02 00:00:00+00:00
[2026-08-02T19:12:49.107+0000] {processor.py:183} INFO - Processing /home/airflow/.local/lib/python3.12/site-packages/airflow/example_dags/example_task_group_decorator.py took 0.101 seconds
[2026-08-02T19:13:19.257+0000] {processor.py:161} INFO - Started process (PID=510) to work on /home/airflow/.local/lib/python3.12/site-packages/airflow/example_dags/example_task_group_decorator.py
[2026-08-02T19:13:19.259+0000] {processor.py:830} INFO - Processing file /home/airflow/.local/lib/python3.12/site-packages/airflow/example_dags/example_task_group_decorator.py for tasks to queue
[2026-08-02T19:13:19.262+0000] {logging_mixin.py:188} INFO - [2026-08-02T19:13:19.262+0000] {dagbag.py:545} INFO - Filling up the DagBag from /home/airflow/.local/lib/python3.12/site-packages/airflow/example_dags/example_task_group_decorator.py
[2026-08-02T19:13:19.277+0000] {processor.py:840} INFO - DAG(s) 'example_task_group_decorator' retrieved from /home/airflow/.local/lib/python3.12/site-packages/airflow/example_dags/example_task_group_decorator.py
[2026-08-02T19:13:19.300+0000] {logging_mixin.py:188} INFO - [2026-08-02T19:13:19.300+0000] {dag.py:3089} INFO - Sync 1 DAGs
[2026-08-02T19:13:19.320+0000] {logging_mixin.py:188} INFO - [2026-08-02T19:13:19.320+0000] {dag.py:3947} INFO - Setting next_dagrun for example_task_group_decorator to 2026-08-01 00:00:00+00:00, run_after=2026-08-02 00:00:00+00:00
[2026-08-02T19:13:19.338+0000] {processor.py:183} INFO - Processing /home/airflow/.local/lib/python3.12/site-packages/airflow/example_dags/example_task_group_decorator.py took 0.091 seconds
[2026-08-02T19:13:50.217+0000] {processor.py:161} INFO - Started process (PID=569) to work on /home/airflow/.local/lib/python3.12/site-packages/airflow/example_dags/example_task_group_decorator.py
[2026-08-02T19:13:50.218+0000] {processor.py:830} INFO - Processing file /home/airflow/.local/lib/python3.12/site-packages/airflow/example_dags/example_task_group_decorator.py for tasks to queue
[2026-08-02T19:13:50.221+0000] {logging_mixin.py:188} INFO - [2026-08-02T19:13:50.221+0000] {dagbag.py:545} INFO - Filling up the DagBag from /home/airflow/.local/lib/python3.12/site-packages/airflow/example_dags/example_task_group_decorator.py
[2026-08-02T19:13:50.236+0000] {processor.py:840} INFO - DAG(s) 'example_task_group_decorator' retrieved from /home/airflow/.local/lib/python3.12/site-packages/airflow/example_dags/example_task_group_decorator.py
[2026-08-02T19:13:50.260+0000] {logging_mixin.py:188} INFO - [2026-08-02T19:13:50.260+0000] {dag.py:3089} INFO - Sync 1 DAGs
[2026-08-02T19:13:50.280+0000] {logging_mixin.py:188} INFO - [2026-08-02T19:13:50.280+0000] {dag.py:3947} INFO - Setting next_dagrun for example_task_group_decorator to 2026-08-01 00:00:00+00:00, run_after=2026-08-02 00:00:00+00:00
[2026-08-02T19:13:50.300+0000] {processor.py:183} INFO - Processing /home/airflow/.local/lib/python3.12/site-packages/airflow/example_dags/example_task_group_decorator.py took 0.092 seconds
[2026-08-02T19:14:20.835+0000] {processor.py:161} INFO - Started process (PID=628) to work on /home/airflow/.local/lib/python3.12/site-packages/airflow/example_dags/example_task_group_decorator.py
[2026-08-02T19:14:20.836+0000] {processor.py:830} INFO - Processing file /home/airflow/.local/lib/python3.12/site-packages/airflow/example_dags/example_task_group_decorator.py for tasks to queue
[2026-08-02T19:14:20.839+0000] {logging_mixin.py:188} INFO - [2026-08-02T19:14:20.838+0000] {dagbag.py:545} INFO - Filling up the DagBag from /home/airflow/.local/lib/python3.12/site-packages/airflow/example_dags/example_task_group_decorator.py
[2026-08-02T19:14:20.852+0000] {processor.py:840} INFO - DAG(s) 'example_task_group_decorator' retrieved from /home/airflow/.local/lib/python3.12/site-packages/airflow/example_dags/example_task_group_decorator.py
[2026-08-02T19:14:20.873+0000] {logging_mixin.py:188} INFO - [2026-08-02T19:14:20.873+0000] {dag.py:3089} INFO - Sync 1 DAGs
[2026-08-02T19:14:20.893+0000] {logging_mixin.py:188} INFO - [2026-08-02T19:14:20.892+0000] {dag.py:3947} INFO - Setting next_dagrun for example_task_group_decorator to 2026-08-01 00:00:00+00:00, run_after=2026-08-02 00:00:00+00:00
[2026-08-02T19:14:20.909+0000] {processor.py:183} INFO - Processing /home/airflow/.local/lib/python3.12/site-packages/airflow/example_dags/example_task_group_decorator.py took 0.080 seconds
[2026-08-02T19:14:51.477+0000] {processor.py:161} INFO - Started process (PID=687) to work on /home/airflow/.local/lib/python3.12/site-packages/airflow/example_dags/example_task_group_decorator.py
[2026-08-02T19:14:51.484+0000] {processor.py:830} INFO - Processing file /home/airflow/.local/lib/python3.12/site-packages/airflow/example_dags/example_task_group_decorator.py for tasks to queue
[2026-08-02T19:14:51.491+0000] {logging_mixin.py:188} INFO - [2026-08-02T19:14:51.490+0000] {dagbag.py:545} INFO - Filling up the DagBag from /home/airflow/.local/lib/python3.12/site-packages/airflow/example_dags/example_task_group_decorator.py
[2026-08-02T19:14:51.523+0000] {processor.py:840} INFO - DAG(s) 'example_task_group_decorator' retrieved from /home/airflow/.local/lib/python3.12/site-packages/airflow/example_dags/example_task_group_decorator.py
[2026-08-02T19:14:51.551+0000] {logging_mixin.py:188} INFO - [2026-08-02T19:14:51.551+0000] {dag.py:3089} INFO - Sync 1 DAGs
[2026-08-02T19:14:51.588+0000] {logging_mixin.py:188} INFO - [2026-08-02T19:14:51.588+0000] {dag.py:3947} INFO - Setting next_dagrun for example_task_group_decorator to 2026-08-01 00:00:00+00:00, run_after=2026-08-02 00:00:00+00:00
[2026-08-02T19:14:51.614+0000] {processor.py:183} INFO - Processing /home/airflow/.local/lib/python3.12/site-packages/airflow/example_dags/example_task_group_decorator.py took 0.161 seconds
[2026-08-02T19:15:22.024+0000] {processor.py:161} INFO - Started process (PID=746) to work on /home/airflow/.local/lib/python3.12/site-packages/airflow/example_dags/example_task_group_decorator.py
[2026-08-02T19:15:22.026+0000] {processor.py:830} INFO - Processing file /home/airflow/.local/lib/python3.12/site-packages/airflow/example_dags/example_task_group_decorator.py for tasks to queue
[2026-08-02T19:15:22.030+0000] {logging_mixin.py:188} INFO - [2026-08-02T19:15:22.029+0000] {dagbag.py:545} INFO - Filling up the DagBag from /home/airflow/.local/lib/python3.12/site-packages/airflow/example_dags/example_task_group_decorator.py
[2026-08-02T19:15:22.045+0000] {processor.py:840} INFO - DAG(s) 'example_task_group_decorator' retrieved from /home/airflow/.local/lib/python3.12/site-packages/airflow/example_dags/example_task_group_decorator.py
[2026-08-02T19:15:22.070+0000] {logging_mixin.py:188} INFO - [2026-08-02T19:15:22.069+0000] {dag.py:3089} INFO - Sync 1 DAGs
[2026-08-02T19:15:22.089+0000] {logging_mixin.py:188} INFO - [2026-08-02T19:15:22.089+0000] {dag.py:3947} INFO - Setting next_dagrun for example_task_group_decorator to 2026-08-01 00:00:00+00:00, run_after=2026-08-02 00:00:00+00:00
[2026-08-02T19:15:22.106+0000] {processor.py:183} INFO - Processing /home/airflow/.local/lib/python3.12/site-packages/airflow/example_dags/example_task_group_decorator.py took 0.093 seconds
[2026-08-02T19:15:52.507+0000] {processor.py:161} INFO - Started process (PID=805) to work on /home/airflow/.local/lib/python3.12/site-packages/airflow/example_dags/example_task_group_decorator.py
[2026-08-02T19:15:52.509+0000] {processor.py:830} INFO - Processing file /home/airflow/.local/lib/python3.12/site-packages/airflow/example_dags/example_task_group_decorator.py for tasks to queue
[2026-08-02T19:15:52.511+0000] {logging_mixin.py:188} INFO - [2026-08-02T19:15:52.511+0000] {dagbag.py:545} INFO - Filling up the DagBag from /home/airflow/.local/lib/python3.12/site-packages/airflow/example_dags/example_task_group_decorator.py
[2026-08-02T19:15:52.525+0000] {processor.py:840} INFO - DAG(s) 'example_task_group_decorator' retrieved from /home/airflow/.local/lib/python3.12/site-packages/airflow/example_dags/example_task_group_decorator.py
[2026-08-02T19:15:52.549+0000] {logging_mixin.py:188} INFO - [2026-08-02T19:15:52.548+0000] {dag.py:3089} INFO - Sync 1 DAGs
[2026-08-02T19:15:52.568+0000] {logging_mixin.py:188} INFO - [2026-08-02T19:15:52.568+0000] {dag.py:3947} INFO - Setting next_dagrun for example_task_group_decorator to 2026-08-01 00:00:00+00:00, run_after=2026-08-02 00:00:00+00:00
[2026-08-02T19:15:52.586+0000] {processor.py:183} INFO - Processing /home/airflow/.local/lib/python3.12/site-packages/airflow/example_dags/example_task_group_decorator.py took 0.088 seconds
[2026-08-02T19:16:22.783+0000] {processor.py:161} INFO - Started process (PID=864) to work on /home/airflow/.local/lib/python3.12/site-packages/airflow/example_dags/example_task_group_decorator.py
[2026-08-02T19:16:22.785+0000] {processor.py:830} INFO - Processing file /home/airflow/.local/lib/python3.12/site-packages/airflow/example_dags/example_task_group_decorator.py for tasks to queue
[2026-08-02T19:16:22.788+0000] {logging_mixin.py:188} INFO - [2026-08-02T19:16:22.787+0000] {dagbag.py:545} INFO - Filling up the DagBag from /home/airflow/.local/lib/python3.12/site-packages/airflow/example_dags/example_task_group_decorator.py
[2026-08-02T19:16:22.802+0000] {processor.py:840} INFO - DAG(s) 'example_task_group_decorator' retrieved from /home/airflow/.local/lib/python3.12/site-packages/airflow/example_dags/example_task_group_decorator.py
[2026-08-02T19:16:22.825+0000] {logging_mixin.py:188} INFO - [2026-08-02T19:16:22.825+0000] {dag.py:3089} INFO - Sync 1 DAGs
[2026-08-02T19:16:22.845+0000] {logging_mixin.py:188} INFO - [2026-08-02T19:16:22.844+0000] {dag.py:3947} INFO - Setting next_dagrun for example_task_group_decorator to 2026-08-01 00:00:00+00:00, run_after=2026-08-02 00:00:00+00:00
[2026-08-02T19:16:22.861+0000] {processor.py:183} INFO - Processing /home/airflow/.local/lib/python3.12/site-packages/airflow/example_dags/example_task_group_decorator.py took 0.084 seconds
[2026-08-02T19:16:53.062+0000] {processor.py:161} INFO - Started process (PID=923) to work on /home/airflow/.local/lib/python3.12/site-packages/airflow/example_dags/example_task_group_decorator.py
[2026-08-02T19:16:53.064+0000] {processor.py:830} INFO - Processing file /home/airflow/.local/lib/python3.12/site-packages/airflow/example_dags/example_task_group_decorator.py for tasks to queue
[2026-08-02T19:16:53.066+0000] {logging_mixin.py:188} INFO - [2026-08-02T19:16:53.066+0000] {dagbag.py:545} INFO - Filling up the DagBag from /home/airflow/.local/lib/python3.12/site-packages/airflow/example_dags/example_task_group_decorator.py
[2026-08-02T19:16:53.080+0000] {processor.py:840} INFO - DAG(s) 'example_task_group_decorator' retrieved from /home/airflow/.local/lib/python3.12/site-packages/airflow/example_dags/example_task_group_decorator.py
[2026-08-02T19:16:53.102+0000] {logging_mixin.py:188} INFO - [2026-08-02T19:16:53.102+0000] {dag.py:3089} INFO - Sync 1 DAGs
[2026-08-02T19:16:53.124+0000] {logging_mixin.py:188} INFO - [2026-08-02T19:16:53.123+0000] {dag.py:3947} INFO - Setting next_dagrun for example_task_group_decorator to 2026-08-01 00:00:00+00:00, run_after=2026-08-02 00:00:00+00:00
[2026-08-02T19:16:53.142+0000] {processor.py:183} INFO - Processing /home/airflow/.local/lib/python3.12/site-packages/airflow/example_dags/example_task_group_decorator.py took 0.086 seconds
[2026-08-02T19:17:23.458+0000] {processor.py:161} INFO - Started process (PID=982) to work on /home/airflow/.local/lib/python3.12/site-packages/airflow/example_dags/example_task_group_decorator.py
[2026-08-02T19:17:23.459+0000] {processor.py:830} INFO - Processing file /home/airflow/.local/lib/python3.12/site-packages/airflow/example_dags/example_task_group_decorator.py for tasks to queue
[2026-08-02T19:17:23.462+0000] {logging_mixin.py:188} INFO - [2026-08-02T19:17:23.461+0000] {dagbag.py:545} INFO - Filling up the DagBag from /home/airflow/.local/lib/python3.12/site-packages/airflow/example_dags/example_task_group_decorator.py
[2026-08-02T19:17:23.475+0000] {processor.py:840} INFO - DAG(s) 'example_task_group_decorator' retrieved from /home/airflow/.local/lib/python3.12/site-packages/airflow/example_dags/example_task_group_decorator.py
[2026-08-02T19:17:23.497+0000] {logging_mixin.py:188} INFO - [2026-08-02T19:17:23.497+0000] {dag.py:3089} INFO - Sync 1 DAGs
[2026-08-02T19:17:23.519+0000] {logging_mixin.py:188} INFO - [2026-08-02T19:17:23.519+0000] {dag.py:3947} INFO - Setting next_dagrun for example_task_group_decorator to 2026-08-01 00:00:00+00:00, run_after=2026-08-02 00:00:00+00:00
[2026-08-02T19:17:23.537+0000] {processor.py:183} INFO - Processing /home/airflow/.local/lib/python3.12/site-packages/airflow/example_dags/example_task_group_decorator.py took 0.086 seconds
[2026-08-02T19:17:53.623+0000] {processor.py:161} INFO - Started process (PID=1041) to work on /home/airflow/.local/lib/python3.12/site-packages/airflow/example_dags/example_task_group_decorator.py
[2026-08-02T19:17:53.625+0000] {processor.py:830} INFO - Processing file /home/airflow/.local/lib/python3.12/site-packages/airflow/example_dags/example_task_group_decorator.py for tasks to queue
[2026-08-02T19:17:53.627+0000] {logging_mixin.py:188} INFO - [2026-08-02T19:17:53.627+0000] {dagbag.py:545} INFO - Filling up the DagBag from /home/airflow/.local/lib/python3.12/site-packages/airflow/example_dags/example_task_group_decorator.py
[2026-08-02T19:17:53.641+0000] {processor.py:840} INFO - DAG(s) 'example_task_group_decorator' retrieved from /home/airflow/.local/lib/python3.12/site-packages/airflow/example_dags/example_task_group_decorator.py
[2026-08-02T19:17:53.665+0000] {logging_mixin.py:188} INFO - [2026-08-02T19:17:53.665+0000] {dag.py:3089} INFO - Sync 1 DAGs
[2026-08-02T19:17:53.690+0000] {logging_mixin.py:188} INFO - [2026-08-02T19:17:53.689+0000] {dag.py:3947} INFO - Setting next_dagrun for example_task_group_decorator to 2026-08-01 00:00:00+00:00, run_after=2026-08-02 00:00:00+00:00
[2026-08-02T19:17:53.709+0000] {processor.py:183} INFO - Processing /home/airflow/.local/lib/python3.12/site-packages/airflow/example_dags/example_task_group_decorator.py took 0.092 seconds
[2026-08-02T19:18:24.086+0000] {processor.py:161} INFO - Started process (PID=1100) to work on /home/airflow/.local/lib/python3.12/site-packages/airflow/example_dags/example_task_group_decorator.py
[2026-08-02T19:18:24.088+0000] {processor.py:830} INFO - Processing file /home/airflow/.local/lib/python3.12/site-packages/airflow/example_dags/example_task_group_decorator.py for tasks to queue
[2026-08-02T19:18:24.090+0000] {logging_mixin.py:188} INFO - [2026-08-02T19:18:24.089+0000] {dagbag.py:545} INFO - Filling up the DagBag from /home/airflow/.local/lib/python3.12/site-packages/airflow/example_dags/example_task_group_decorator.py
[2026-08-02T19:18:24.103+0000] {processor.py:840} INFO - DAG(s) 'example_task_group_decorator' retrieved from /home/airflow/.local/lib/python3.12/site-packages/airflow/example_dags/example_task_group_decorator.py
[2026-08-02T19:18:24.126+0000] {logging_mixin.py:188} INFO - [2026-08-02T19:18:24.126+0000] {dag.py:3089} INFO - Sync 1 DAGs
[2026-08-02T19:18:24.148+0000] {logging_mixin.py:188} INFO - [2026-08-02T19:18:24.148+0000] {dag.py:3947} INFO - Setting next_dagrun for example_task_group_decorator to 2026-08-01 00:00:00+00:00, run_after=2026-08-02 00:00:00+00:00
[2026-08-02T19:18:24.166+0000] {processor.py:183} INFO - Processing /home/airflow/.local/lib/python3.12/site-packages/airflow/example_dags/example_task_group_decorator.py took 0.086 seconds
[2026-08-02T19:18:54.655+0000] {processor.py:161} INFO - Started process (PID=1159) to work on /home/airflow/.local/lib/python3.12/site-packages/airflow/example_dags/example_task_group_decorator.py
[2026-08-02T19:18:54.657+0000] {processor.py:830} INFO - Processing file /home/airflow/.local/lib/python3.12/site-packages/airflow/example_dags/example_task_group_decorator.py for tasks to queue
[2026-08-02T19:18:54.660+0000] {logging_mixin.py:188} INFO - [2026-08-02T19:18:54.660+0000] {dagbag.py:545} INFO - Filling up the DagBag from /home/airflow/.local/lib/python3.12/site-packages/airflow/example_dags/example_task_group_decorator.py
[2026-08-02T19:18:54.676+0000] {processor.py:840} INFO - DAG(s) 'example_task_group_decorator' retrieved from /home/airflow/.local/lib/python3.12/site-packages/airflow/example_dags/example_task_group_decorator.py
[2026-08-02T19:18:54.701+0000] {logging_mixin.py:188} INFO - [2026-08-02T19:18:54.701+0000] {dag.py:3089} INFO - Sync 1 DAGs
[2026-08-02T19:18:54.724+0000] {logging_mixin.py:188} INFO - [2026-08-02T19:18:54.723+0000] {dag.py:3947} INFO - Setting next_dagrun for example_task_group_decorator to 2026-08-01 00:00:00+00:00, run_after=2026-08-02 00:00:00+00:00
[2026-08-02T19:18:54.753+0000] {processor.py:183} INFO - Processing /home/airflow/.local/lib/python3.12/site-packages/airflow/example_dags/example_task_group_decorator.py took 0.106 seconds
[2026-08-02T19:19:25.313+0000] {processor.py:161} INFO - Started process (PID=1218) to work on /home/airflow/.local/lib/python3.12/site-packages/airflow/example_dags/example_task_group_decorator.py
[2026-08-02T19:19:25.315+0000] {processor.py:830} INFO - Processing file /home/airflow/.local/lib/python3.12/site-packages/airflow/example_dags/example_task_group_decorator.py for tasks to queue
[2026-08-02T19:19:25.318+0000] {logging_mixin.py:188} INFO - [2026-08-02T19:19:25.317+0000] {dagbag.py:545} INFO - Filling up the DagBag from /home/airflow/.local/lib/python3.12/site-packages/airflow/example_dags/example_task_group_decorator.py
[2026-08-02T19:19:25.331+0000] {processor.py:840} INFO - DAG(s) 'example_task_group_decorator' retrieved from /home/airflow/.local/lib/python3.12/site-packages/airflow/example_dags/example_task_group_decorator.py
[2026-08-02T19:19:25.353+0000] {logging_mixin.py:188} INFO - [2026-08-02T19:19:25.353+0000] {dag.py:3089} INFO - Sync 1 DAGs
[2026-08-02T19:19:25.372+0000] {logging_mixin.py:188} INFO - [2026-08-02T19:19:25.372+0000] {dag.py:3947} INFO - Setting next_dagrun for example_task_group_decorator to 2026-08-01 00:00:00+00:00, run_after=2026-08-02 00:00:00+00:00
[2026-08-02T19:19:25.400+0000] {processor.py:183} INFO - Processing /home/airflow/.local/lib/python3.12/site-packages/airflow/example_dags/example_task_group_decorator.py took 0.095 seconds
[2026-08-02T19:19:55.891+0000] {processor.py:161} INFO - Started process (PID=1277) to work on /home/airflow/.local/lib/python3.12/site-packages/airflow/example_dags/example_task_group_decorator.py
[2026-08-02T19:19:55.893+0000] {processor.py:830} INFO - Processing file /home/airflow/.local/lib/python3.12/site-packages/airflow/example_dags/example_task_group_decorator.py for tasks to queue
[2026-08-02T19:19:55.897+0000] {logging_mixin.py:188} INFO - [2026-08-02T19:19:55.896+0000] {dagbag.py:545} INFO - Filling up the DagBag from /home/airflow/.local/lib/python3.12/site-packages/airflow/example_dags/example_task_group_decorator.py
[2026-08-02T19:19:55.911+0000] {processor.py:840} INFO - DAG(s) 'example_task_group_decorator' retrieved from /home/airflow/.local/lib/python3.12/site-packages/airflow/example_dags/example_task_group_decorator.py
[2026-08-02T19:19:55.933+0000] {logging_mixin.py:188} INFO - [2026-08-02T19:19:55.933+0000] {dag.py:3089} INFO - Sync 1 DAGs
[2026-08-02T19:19:55.952+0000] {logging_mixin.py:188} INFO - [2026-08-02T19:19:55.952+0000] {dag.py:3947} INFO - Setting next_dagrun for example_task_group_decorator to 2026-08-01 00:00:00+00:00, run_after=2026-08-02 00:00:00+00:00
[2026-08-02T19:19:55.969+0000] {processor.py:183} INFO - Processing /home/airflow/.local/lib/python3.12/site-packages/airflow/example_dags/example_task_group_decorator.py took 0.089 seconds
[2026-08-02T19:20:26.112+0000] {processor.py:161} INFO - Started process (PID=1336) to work on /home/airflow/.local/lib/python3.12/site-packages/airflow/example_dags/example_task_group_decorator.py
[2026-08-02T19:20:26.114+0000] {processor.py:830} INFO - Processing file /home/airflow/.local/lib/python3.12/site-packages/airflow/example_dags/example_task_group_decorator.py for tasks to queue
[2026-08-02T19:20:26.117+0000] {logging_mixin.py:188} INFO - [2026-08-02T19:20:26.117+0000] {dagbag.py:545} INFO - Filling up the DagBag from /home/airflow/.local/lib/python3.12/site-packages/airflow/example_dags/example_task_group_decorator.py
[2026-08-02T19:20:26.133+0000] {processor.py:840} INFO - DAG(s) 'example_task_group_decorator' retrieved from /home/airflow/.local/lib/python3.12/site-packages/airflow/example_dags/example_task_group_decorator.py
[2026-08-02T19:20:26.163+0000] {logging_mixin.py:188} INFO - [2026-08-02T19:20:26.162+0000] {dag.py:3089} INFO - Sync 1 DAGs
[2026-08-02T19:20:26.186+0000] {logging_mixin.py:188} INFO - [2026-08-02T19:20:26.186+0000] {dag.py:3947} INFO - Setting next_dagrun for example_task_group_decorator to 2026-08-01 00:00:00+00:00, run_after=2026-08-02 00:00:00+00:00
[2026-08-02T19:20:26.210+0000] {processor.py:183} INFO - Processing /home/airflow/.local/lib/python3.12/site-packages/airflow/example_dags/example_task_group_decorator.py took 0.103 seconds
[2026-08-02T19:20:56.938+0000] {processor.py:161} INFO - Started process (PID=1395) to work on /home/airflow/.local/lib/python3.12/site-packages/airflow/example_dags/example_task_group_decorator.py
[2026-08-02T19:20:56.939+0000] {processor.py:830} INFO - Processing file /home/airflow/.local/lib/python3.12/site-packages/airflow/example_dags/example_task_group_decorator.py for tasks to queue
[2026-08-02T19:20:56.942+0000] {logging_mixin.py:188} INFO - [2026-08-02T19:20:56.942+0000] {dagbag.py:545} INFO - Filling up the DagBag from /home/airflow/.local/lib/python3.12/site-packages/airflow/example_dags/example_task_group_decorator.py
[2026-08-02T19:20:56.966+0000] {processor.py:840} INFO - DAG(s) 'example_task_group_decorator' retrieved from /home/airflow/.local/lib/python3.12/site-packages/airflow/example_dags/example_task_group_decorator.py
[2026-08-02T19:20:56.992+0000] {logging_mixin.py:188} INFO - [2026-08-02T19:20:56.992+0000] {dag.py:3089} INFO - Sync 1 DAGs
[2026-08-02T19:20:57.015+0000] {logging_mixin.py:188} INFO - [2026-08-02T19:20:57.015+0000] {dag.py:3947} INFO - Setting next_dagrun for example_task_group_decorator to 2026-08-01 00:00:00+00:00, run_after=2026-08-02 00:00:00+00:00
[2026-08-02T19:20:57.036+0000] {processor.py:183} INFO - Processing /home/airflow/.local/lib/python3.12/site-packages/airflow/example_dags/example_task_group_decorator.py took 0.108 seconds
