[2026-08-02T18:55:12.863+0000] {processor.py:161} INFO - Started process (PID=89) to work on /home/airflow/.local/lib/python3.12/site-packages/airflow/example_dags/example_short_circuit_operator.py
[2026-08-02T18:55:12.865+0000] {processor.py:830} INFO - Processing file /home/airflow/.local/lib/python3.12/site-packages/airflow/example_dags/example_short_circuit_operator.py for tasks to queue
[2026-08-02T18:55:12.871+0000] {logging_mixin.py:188} INFO - [2026-08-02T18:55:12.870+0000] {dagbag.py:545} INFO - Filling up the DagBag from /home/airflow/.local/lib/python3.12/site-packages/airflow/example_dags/example_short_circuit_operator.py
[2026-08-02T18:55:12.895+0000] {processor.py:840} INFO - DAG(s) 'example_short_circuit_operator' retrieved from /home/airflow/.local/lib/python3.12/site-packages/airflow/example_dags/example_short_circuit_operator.py
[2026-08-02T18:55:13.105+0000] {logging_mixin.py:188} INFO - [2026-08-02T18:55:13.105+0000] {dag.py:3089} INFO - Sync 1 DAGs
[2026-08-02T18:55:13.131+0000] {logging_mixin.py:188} INFO - [2026-08-02T18:55:13.130+0000] {dag.py:3947} INFO - Setting next_dagrun for example_short_circuit_operator to 2026-08-01 00:00:00+00:00, run_after=2026-08-02 00:00:00+00:00
[2026-08-02T18:55:13.160+0000] {processor.py:183} INFO - Processing /home/airflow/.local/lib/python3.12/site-packages/airflow/example_dags/example_short_circuit_operator.py took 0.307 seconds
[2026-08-02T18:55:43.387+0000] {processor.py:161} INFO - Started process (PID=148) to work on /home/airflow/.local/lib/python3.12/site-packages/airflow/example_dags/example_short_circuit_operator.py
[2026-08-02T18:55:43.389+0000] {processor.py:830} INFO - Processing file /home/airflow/.local/lib/python3.12/site-packages/airflow/example_dags/example_short_circuit_operator.py for tasks to queue
[2026-08-02T18:55:43.394+0000] {logging_mixin.py:188} INFO - [2026-08-02T18:55:43.393+0000] {dagbag.py:545} INFO - Filling up the DagBag from /home/airflow/.local/lib/python3.12/site-packages/airflow/example_dags/example_short_circuit_operator.py
[2026-08-02T18:55:43.408+0000] {processor.py:840} INFO - DAG(s) 'example_short_circuit_operator' retrieved from /home/airflow/.local/lib/python3.12/site-packages/airflow/example_dags/example_short_circuit_operator.py
[2026-08-02T18:55:43.441+0000] {logging_mixin.py:188} INFO - [2026-08-02T18:55:43.440+0000] {dag.py:3089} INFO - Sync 1 DAGs
[2026-08-02T18:55:43.466+0000] {logging_mixin.py:188} INFO - [2026-08-02T18:55:43.465+0000] {dag.py:3947} INFO - Setting next_dagrun for example_short_circuit_operator to 2026-08-01 00:00:00+00:00, run_after=2026-08-02 00:00:00+00:00
[2026-08-02T18:55:43.493+0000] {processor.py:183} INFO - Processing /home/airflow/.local/lib/python3.12/site-packages/airflow/example_dags/example_short_circuit_operator.py took 0.118 seconds
[2026-08-02T18:56:13.867+0000] {processor.py:161} INFO - Started process (PID=207) to work on /home/airflow/.local/lib/python3.12/site-packages/airflow/example_dags/example_short_circuit_operator.py
[2026-08-02T18:56:13.868+0000] {processor.py:830} INFO - Processing file /home/airflow/.local/lib/python3.12/site-packages/airflow/example_dags/example_short_circuit_operator.py for tasks to queue
[2026-08-02T18:56:13.870+0000] {logging_mixin.py:188} INFO - [2026-08-02T18:56:13.870+0000] {dagbag.py:545} INFO - Filling up the DagBag from /home/airflow/.local/lib/python3.12/site-packages/airflow/example_dags/example_short_circuit_operator.py
[2026-08-02T18:56:13.877+0000] {processor.py:840} INFO - DAG(s) 'example_short_circuit_operator' retrieved from /home/airflow/.local/lib/python3.12/site-packages/airflow/example_dags/example_short_circuit_operator.py
[2026-08-02T18:56:13.899+0000] {logging_mixin.py:188} INFO - [2026-08-02T18:56:13.899+0000] {dag.py:3089} INFO - Sync 1 DAGs
[2026-08-02T18:56:13.918+0000] {logging_mixin.py:188} INFO - [2026-08-02T18:56:13.918+0000] {dag.py:3947} INFO - Setting next_dagrun for example_short_circuit_operator to 2026-08-01 00:00:00+00:00, run_after=2026-08-02 00:00:00+00:00
[2026-08-02T18:56:13.936+0000] {processor.py:183} INFO - Processing /home/airflow/.local/lib/python3.12/site-packages/airflow/example_dags/example_short_circuit_operator.py took 0.075 seconds
[2026-08-02T18:56:44.217+0000] {processor.py:161} INFO - Started process (PID=266) to work on /home/airflow/.local/lib/python3.12/site-packages/airflow/example_dags/example_short_circuit_operator.py
[2026-08-02T18:56:44.219+0000] {processor.py:830} INFO - Processing file /home/airflow/.local/lib/python3.12/site-packages/airflow/example_dags/example_short_circuit_operator.py for tasks to queue
[2026-08-02T18:56:44.221+0000] {logging_mixin.py:188} INFO - [2026-08-02T18:56:44.221+0000] {dagbag.py:545} INFO - Filling up the DagBag from /home/airflow/.local/lib/python3.12/site-packages/airflow/example_dags/example_short_circuit_operator.py
[2026-08-02T18:56:44.230+0000] {processor.py:840} INFO - DAG(s) 'example_short_circuit_operator' retrieved from /home/airflow/.local/lib/python3.12/site-packages/airflow/example_dags/example_short_circuit_operator.py
[2026-08-02T18:56:44.255+0000] {logging_mixin.py:188} INFO - [2026-08-02T18:56:44.255+0000] {dag.py:3089} INFO - Sync 1 DAGs
[2026-08-02T18:56:44.279+0000] {logging_mixin.py:188} INFO - [2026-08-02T18:56:44.279+0000] {dag.py:3947} INFO - Setting next_dagrun for example_short_circuit_operator to 2026-08-01 00:00:00+00:00, run_after=2026-08-02 00:00:00+00:00
[2026-08-02T18:56:44.300+0000] {processor.py:183} INFO - Processing /home/airflow/.local/lib/python3.12/site-packages/airflow/example_dags/example_short_circuit_operator.py took 0.089 seconds
[2026-08-02T18:57:14.695+0000] {processor.py:161} INFO - Started process (PID=325) to work on /home/airflow/.local/lib/python3.12/site-packages/airflow/example_dags/example_short_circuit_operator.py
[2026-08-02T18:57:14.696+0000] {processor.py:830} INFO - Processing file /home/airflow/.local/lib/python3.12/site-packages/airflow/example_dags/example_short_circuit_operator.py for tasks to queue
[2026-08-02T18:57:14.699+0000] {logging_mixin.py:188} INFO - [2026-08-02T18:57:14.698+0000] {dagbag.py:545} INFO - Filling up the DagBag from /home/airflow/.local/lib/python3.12/site-packages/airflow/example_dags/example_short_circuit_operator.py
[2026-08-02T18:57:14.706+0000] {processor.py:840} INFO - DAG(s) 'example_short_circuit_operator' retrieved from /home/airflow/.local/lib/python3.12/site-packages/airflow/example_dags/example_short_circuit_operator.py
[2026-08-02T18:57:14.730+0000] {logging_mixin.py:188} INFO - [2026-08-02T18:57:14.730+0000] {dag.py:3089} INFO - Sync 1 DAGs
[2026-08-02T18:57:14.752+0000] {logging_mixin.py:188} INFO - [2026-08-02T18:57:14.752+0000] {dag.py:3947} INFO - Setting next_dagrun for example_short_circuit_operator to 2026-08-01 00:00:00+00:00, run_after=2026-08-02 00:00:00+00:00
[2026-08-02T18:57:14.771+0000] {processor.py:183} INFO - Processing /home/airflow/.local/lib/python3.12/site-packages/airflow/example_dags/example_short_circuit_operator.py took 0.083 seconds
[2026-08-02T18:57:45.216+0000] {processor.py:161} INFO - Started process (PID=384) to work on /home/airflow/.local/lib/python3.12/site-packages/airflow/example_dags/example_short_circuit_operator.py
[2026-08-02T18:57:45.217+0000] {processor.py:830} INFO - Processing file /home/airflow/.local/lib/python3.12/site-packages/airflow/example_dags/example_short_circuit_operator.py for tasks to queue
[2026-08-02T18:57:45.220+0000] {logging_mixin.py:188} INFO - [2026-08-02T18:57:45.219+0000] {dagbag.py:545} INFO - Filling up the DagBag from /home/airflow/.local/lib/python3.12/site-packages/airflow/example_dags/example_short_circuit_operator.py
[2026-08-02T18:57:45.227+0000] {processor.py:840} INFO - DAG(s) 'example_short_circuit_operator' retrieved from /home/airflow/.local/lib/python3.12/site-packages/airflow/example_dags/example_short_circuit_operator.py
[2026-08-02T18:57:45.252+0000] {logging_mixin.py:188} INFO - [2026-08-02T18:57:45.252+0000] {dag.py:3089} INFO - Sync 1 DAGs
[2026-08-02T18:57:45.272+0000] {logging_mixin.py:188} INFO - [2026-08-02T18:57:45.272+0000] {dag.py:3947} INFO - Setting next_dagrun for example_short_circuit_operator to 2026-08-01 00:00:00+00:00, run_after=2026-08-02 00:00:00+00:00
[2026-08-02T18:57:45.290+0000] {processor.py:183} INFO - Processing /home/airflow/.local/lib/python3.12/site-packages/airflow/example_dags/example_short_circuit_operator.py took 0.080 seconds
[2026-08-02T19:00:09.718+0000] {processor.py:161} INFO - Started process (PID=76) to work on /home/airflow/.local/lib/python3.12/site-packages/airflow/example_dags/example_short_circuit_operator.py
[2026-08-02T19:00:09.720+0000] {processor.py:830} INFO - Processing file /home/airflow/.local/lib/python3.12/site-packages/airflow/example_dags/example_short_circuit_operator.py for tasks to queue
[2026-08-02T19:00:09.727+0000] {logging_mixin.py:188} INFO - [2026-08-02T19:00:09.726+0000] {dagbag.py:545} INFO - Filling up the DagBag from /home/airflow/.local/lib/python3.12/site-packages/airflow/example_dags/example_short_circuit_operator.py
[2026-08-02T19:00:09.744+0000] {processor.py:840} INFO - DAG(s) 'example_short_circuit_operator' retrieved from /home/airflow/.local/lib/python3.12/site-packages/airflow/example_dags/example_short_circuit_operator.py
[2026-08-02T19:00:09.768+0000] {logging_mixin.py:188} INFO - [2026-08-02T19:00:09.767+0000] {dag.py:3089} INFO - Sync 1 DAGs
[2026-08-02T19:00:09.803+0000] {logging_mixin.py:188} INFO - [2026-08-02T19:00:09.803+0000] {dag.py:3947} INFO - Setting next_dagrun for example_short_circuit_operator to 2026-08-01 00:00:00+00:00, run_after=2026-08-02 00:00:00+00:00
[2026-08-02T19:00:09.833+0000] {processor.py:183} INFO - Processing /home/airflow/.local/lib/python3.12/site-packages/airflow/example_dags/example_short_circuit_operator.py took 0.127 seconds
[2026-08-02T19:00:40.053+0000] {processor.py:161} INFO - Started process (PID=135) to work on /home/airflow/.local/lib/python3.12/site-packages/airflow/example_dags/example_short_circuit_operator.py
[2026-08-02T19:00:40.054+0000] {processor.py:830} INFO - Processing file /home/airflow/.local/lib/python3.12/site-packages/airflow/example_dags/example_short_circuit_operator.py for tasks to queue
[2026-08-02T19:00:40.056+0000] {logging_mixin.py:188} INFO - [2026-08-02T19:00:40.056+0000] {dagbag.py:545} INFO - Filling up the DagBag from /home/airflow/.local/lib/python3.12/site-packages/airflow/example_dags/example_short_circuit_operator.py
[2026-08-02T19:00:40.064+0000] {processor.py:840} INFO - DAG(s) 'example_short_circuit_operator' retrieved from /home/airflow/.local/lib/python3.12/site-packages/airflow/example_dags/example_short_circuit_operator.py
[2026-08-02T19:00:40.156+0000] {logging_mixin.py:188} INFO - [2026-08-02T19:00:40.156+0000] {dag.py:3089} INFO - Sync 1 DAGs
[2026-08-02T19:00:40.174+0000] {logging_mixin.py:188} INFO - [2026-08-02T19:00:40.174+0000] {dag.py:3947} INFO - Setting next_dagrun for example_short_circuit_operator to 2026-08-01 00:00:00+00:00, run_after=2026-08-02 00:00:00+00:00
[2026-08-02T19:00:40.193+0000] {processor.py:183} INFO - Processing /home/airflow/.local/lib/python3.12/site-packages/airflow/example_dags/example_short_circuit_operator.py took 0.146 seconds
[2026-08-02T19:01:10.565+0000] {processor.py:161} INFO - Started process (PID=194) to work on /home/airflow/.local/lib/python3.12/site-packages/airflow/example_dags/example_short_circuit_operator.py
[2026-08-02T19:01:10.567+0000] {processor.py:830} INFO - Processing file /home/airflow/.local/lib/python3.12/site-packages/airflow/example_dags/example_short_circuit_operator.py for tasks to queue
[2026-08-02T19:01:10.570+0000] {logging_mixin.py:188} INFO - [2026-08-02T19:01:10.569+0000] {dagbag.py:545} INFO - Filling up the DagBag from /home/airflow/.local/lib/python3.12/site-packages/airflow/example_dags/example_short_circuit_operator.py
[2026-08-02T19:01:10.577+0000] {processor.py:840} INFO - DAG(s) 'example_short_circuit_operator' retrieved from /home/airflow/.local/lib/python3.12/site-packages/airflow/example_dags/example_short_circuit_operator.py
[2026-08-02T19:01:10.599+0000] {logging_mixin.py:188} INFO - [2026-08-02T19:01:10.599+0000] {dag.py:3089} INFO - Sync 1 DAGs
[2026-08-02T19:01:10.620+0000] {logging_mixin.py:188} INFO - [2026-08-02T19:01:10.619+0000] {dag.py:3947} INFO - Setting next_dagrun for example_short_circuit_operator to 2026-08-01 00:00:00+00:00, run_after=2026-08-02 00:00:00+00:00
[2026-08-02T19:01:10.639+0000] {processor.py:183} INFO - Processing /home/airflow/.local/lib/python3.12/site-packages/airflow/example_dags/example_short_circuit_operator.py took 0.079 seconds
[2026-08-02T19:01:41.029+0000] {processor.py:161} INFO - Started process (PID=254) to work on /home/airflow/.local/lib/python3.12/site-packages/airflow/example_dags/example_short_circuit_operator.py
[2026-08-02T19:01:41.032+0000] {processor.py:830} INFO - Processing file /home/airflow/.local/lib/python3.12/site-packages/airflow/example_dags/example_short_circuit_operator.py for tasks to queue
[2026-08-02T19:01:41.036+0000] {logging_mixin.py:188} INFO - [2026-08-02T19:01:41.035+0000] {dagbag.py:545} INFO - Filling up the DagBag from /home/airflow/.local/lib/python3.12/site-packages/airflow/example_dags/example_short_circuit_operator.py
[2026-08-02T19:01:41.046+0000] {processor.py:840} INFO - DAG(s) 'example_short_circuit_operator' retrieved from /home/airflow/.local/lib/python3.12/site-packages/airflow/example_dags/example_short_circuit_operator.py
[2026-08-02T19:01:41.070+0000] {logging_mixin.py:188} INFO - [2026-08-02T19:01:41.070+0000] {dag.py:3089} INFO - Sync 1 DAGs
[2026-08-02T19:01:41.089+0000] {logging_mixin.py:188} INFO - [2026-08-02T19:01:41.089+0000] {dag.py:3947} INFO - Setting next_dagrun for example_short_circuit_operator to 2026-08-01 00:00:00+00:00, run_after=2026-08-02 00:00:00+00:00
[2026-08-02T19:01:41.106+0000] {processor.py:183} INFO - Processing /home/airflow/.local/lib/python3.12/site-packages/airflow/example_dags/example_short_circuit_operator.py took 0.088 seconds
[2026-08-02T19:02:11.173+0000] {processor.py:161} INFO - Started process (PID=313) to work on /home/airflow/.local/lib/python3.12/site-packages/airflow/example_dags/example_short_circuit_operator.py
[2026-08-02T19:02:11.174+0000] {processor.py:830} INFO - Processing file /home/airflow/.local/lib/python3.12/site-packages/airflow/example_dags/example_short_circuit_operator.py for tasks to queue
[2026-08-02T19:02:11.176+0000] {logging_mixin.py:188} INFO - [2026-08-02T19:02:11.176+0000] {dagbag.py:545} INFO - Filling up the DagBag from /home/airflow/.local/lib/python3.12/site-packages/airflow/example_dags/example_short_circuit_operator.py
[2026-08-02T19:02:11.184+0000] {processor.py:840} INFO - DAG(s) 'example_short_circuit_operator' retrieved from /home/airflow/.local/lib/python3.12/site-packages/airflow/example_dags/example_short_circuit_operator.py
[2026-08-02T19:02:11.207+0000] {logging_mixin.py:188} INFO - [2026-08-02T19:02:11.207+0000] {dag.py:3089} INFO - Sync 1 DAGs
[2026-08-02T19:02:11.231+0000] {logging_mixin.py:188} INFO - [2026-08-02T19:02:11.230+0000] {dag.py:3947} INFO - Setting next_dagrun for example_short_circuit_operator to 2026-08-01 00:00:00+00:00, run_after=2026-08-02 00:00:00+00:00
[2026-08-02T19:02:11.252+0000] {processor.py:183} INFO - Processing /home/airflow/.local/lib/python3.12/site-packages/airflow/example_dags/example_short_circuit_operator.py took 0.084 seconds
[2026-08-02T19:02:41.418+0000] {processor.py:161} INFO - Started process (PID=372) to work on /home/airflow/.local/lib/python3.12/site-packages/airflow/example_dags/example_short_circuit_operator.py
[2026-08-02T19:02:41.420+0000] {processor.py:830} INFO - Processing file /home/airflow/.local/lib/python3.12/site-packages/airflow/example_dags/example_short_circuit_operator.py for tasks to queue
[2026-08-02T19:02:41.422+0000] {logging_mixin.py:188} INFO - [2026-08-02T19:02:41.422+0000] {dagbag.py:545} INFO - Filling up the DagBag from /home/airflow/.local/lib/python3.12/site-packages/airflow/example_dags/example_short_circuit_operator.py
[2026-08-02T19:02:41.430+0000] {processor.py:840} INFO - DAG(s) 'example_short_circuit_operator' retrieved from /home/airflow/.local/lib/python3.12/site-packages/airflow/example_dags/example_short_circuit_operator.py
[2026-08-02T19:02:41.453+0000] {logging_mixin.py:188} INFO - [2026-08-02T19:02:41.452+0000] {dag.py:3089} INFO - Sync 1 DAGs
[2026-08-02T19:02:41.473+0000] {logging_mixin.py:188} INFO - [2026-08-02T19:02:41.473+0000] {dag.py:3947} INFO - Setting next_dagrun for example_short_circuit_operator to 2026-08-01 00:00:00+00:00, run_after=2026-08-02 00:00:00+00:00
[2026-08-02T19:02:41.492+0000] {processor.py:183} INFO - Processing /home/airflow/.local/lib/python3.12/site-packages/airflow/example_dags/example_short_circuit_operator.py took 0.080 seconds
[2026-08-02T19:03:11.840+0000] {processor.py:161} INFO - Started process (PID=431) to work on /home/airflow/.local/lib/python3.12/site-packages/airflow/example_dags/example_short_circuit_operator.py
[2026-08-02T19:03:11.841+0000] {processor.py:830} INFO - Processing file /home/airflow/.local/lib/python3.12/site-packages/airflow/example_dags/example_short_circuit_operator.py for tasks to queue
[2026-08-02T19:03:11.843+0000] {logging_mixin.py:188} INFO - [2026-08-02T19:03:11.843+0000] {dagbag.py:545} INFO - Filling up the DagBag from /home/airflow/.local/lib/python3.12/site-packages/airflow/example_dags/example_short_circuit_operator.py
[2026-08-02T19:03:11.850+0000] {processor.py:840} INFO - DAG(s) 'example_short_circuit_operator' retrieved from /home/airflow/.local/lib/python3.12/site-packages/airflow/example_dags/example_short_circuit_operator.py
[2026-08-02T19:03:11.871+0000] {logging_mixin.py:188} INFO - [2026-08-02T19:03:11.871+0000] {dag.py:3089} INFO - Sync 1 DAGs
[2026-08-02T19:03:11.893+0000] {logging_mixin.py:188} INFO - [2026-08-02T19:03:11.893+0000] {dag.py:3947} INFO - Setting next_dagrun for example_short_circuit_operator to 2026-08-01 00:00:00+00:00, run_after=2026-08-02 00:00:00+00:00
[2026-08-02T19:03:11.914+0000] {processor.py:183} INFO - Processing /home/airflow/.local/lib/python3.12/site-packages/airflow/example_dags/example_short_circuit_operator.py took 0.079 seconds
[2026-08-02T19:03:42.367+0000] {processor.py:161} INFO - Started process (PID=490) to work on /home/airflow/.local/lib/python3.12/site-packages/airflow/example_dags/example_short_circuit_operator.py
[2026-08-02T19:03:42.369+0000] {processor.py:830} INFO - Processing file /home/airflow/.local/lib/python3.12/site-packages/airflow/example_dags/example_short_circuit_operator.py for tasks to queue
[2026-08-02T19:03:42.371+0000] {logging_mixin.py:188} INFO - [2026-08-02T19:03:42.371+0000] {dagbag.py:545} INFO - Filling up the DagBag from /home/airflow/.local/lib/python3.12/site-packages/airflow/example_dags/example_short_circuit_operator.py
[2026-08-02T19:03:42.378+0000] {processor.py:840} INFO - DAG(s) 'example_short_circuit_operator' retrieved from /home/airflow/.local/lib/python3.12/site-packages/airflow/example_dags/example_short_circuit_operator.py
[2026-08-02T19:03:42.400+0000] {logging_mixin.py:188} INFO - [2026-08-02T19:03:42.400+0000] {dag.py:3089} INFO - Sync 1 DAGs
[2026-08-02T19:03:42.420+0000] {logging_mixin.py:188} INFO - [2026-08-02T19:03:42.419+0000] {dag.py:3947} INFO - Setting next_dagrun for example_short_circuit_operator to 2026-08-01 00:00:00+00:00, run_after=2026-08-02 00:00:00+00:00
[2026-08-02T19:03:42.437+0000] {processor.py:183} INFO - Processing /home/airflow/.local/lib/python3.12/site-packages/airflow/example_dags/example_short_circuit_operator.py took 0.075 seconds
[2026-08-02T19:04:12.796+0000] {processor.py:161} INFO - Started process (PID=549) to work on /home/airflow/.local/lib/python3.12/site-packages/airflow/example_dags/example_short_circuit_operator.py
[2026-08-02T19:04:12.797+0000] {processor.py:830} INFO - Processing file /home/airflow/.local/lib/python3.12/site-packages/airflow/example_dags/example_short_circuit_operator.py for tasks to queue
[2026-08-02T19:04:12.800+0000] {logging_mixin.py:188} INFO - [2026-08-02T19:04:12.799+0000] {dagbag.py:545} INFO - Filling up the DagBag from /home/airflow/.local/lib/python3.12/site-packages/airflow/example_dags/example_short_circuit_operator.py
[2026-08-02T19:04:12.807+0000] {processor.py:840} INFO - DAG(s) 'example_short_circuit_operator' retrieved from /home/airflow/.local/lib/python3.12/site-packages/airflow/example_dags/example_short_circuit_operator.py
[2026-08-02T19:04:12.829+0000] {logging_mixin.py:188} INFO - [2026-08-02T19:04:12.829+0000] {dag.py:3089} INFO - Sync 1 DAGs
[2026-08-02T19:04:12.848+0000] {logging_mixin.py:188} INFO - [2026-08-02T19:04:12.848+0000] {dag.py:3947} INFO - Setting next_dagrun for example_short_circuit_operator to 2026-08-01 00:00:00+00:00, run_after=2026-08-02 00:00:00+00:00
[2026-08-02T19:04:12.865+0000] {processor.py:183} INFO - Processing /home/airflow/.local/lib/python3.12/site-packages/airflow/example_dags/example_short_circuit_operator.py took 0.075 seconds
[2026-08-02T19:04:43.330+0000] {processor.py:161} INFO - Started process (PID=608) to work on /home/airflow/.local/lib/python3.12/site-packages/airflow/example_dags/example_short_circuit_operator.py
[2026-08-02T19:04:43.333+0000] {processor.py:830} INFO - Processing file /home/airflow/.local/lib/python3.12/site-packages/airflow/example_dags/example_short_circuit_operator.py for tasks to queue
[2026-08-02T19:04:43.336+0000] {logging_mixin.py:188} INFO - [2026-08-02T19:04:43.336+0000] {dagbag.py:545} INFO - Filling up the DagBag from /home/airflow/.local/lib/python3.12/site-packages/airflow/example_dags/example_short_circuit_operator.py
[2026-08-02T19:04:43.346+0000] {processor.py:840} INFO - DAG(s) 'example_short_circuit_operator' retrieved from /home/airflow/.local/lib/python3.12/site-packages/airflow/example_dags/example_short_circuit_operator.py
[2026-08-02T19:04:43.371+0000] {logging_mixin.py:188} INFO - [2026-08-02T19:04:43.371+0000] {dag.py:3089} INFO - Sync 1 DAGs
[2026-08-02T19:04:43.404+0000] {logging_mixin.py:188} INFO - [2026-08-02T19:04:43.403+0000] {dag.py:3947} INFO - Setting next_dagrun for example_short_circuit_operator to 2026-08-01 00:00:00+00:00, run_after=2026-08-02 00:00:00+00:00
[2026-08-02T19:04:43.437+0000] {processor.py:183} INFO - Processing /home/airflow/.local/lib/python3.12/site-packages/airflow/example_dags/example_short_circuit_operator.py took 0.117 seconds
[2026-08-02T19:05:13.505+0000] {processor.py:161} INFO - Started process (PID=667) to work on /home/airflow/.local/lib/python3.12/site-packages/airflow/example_dags/example_short_circuit_operator.py
[2026-08-02T19:05:13.507+0000] {processor.py:830} INFO - Processing file /home/airflow/.local/lib/python3.12/site-packages/airflow/example_dags/example_short_circuit_operator.py for tasks to queue
[2026-08-02T19:05:13.510+0000] {logging_mixin.py:188} INFO - [2026-08-02T19:05:13.509+0000] {dagbag.py:545} INFO - Filling up the DagBag from /home/airflow/.local/lib/python3.12/site-packages/airflow/example_dags/example_short_circuit_operator.py
[2026-08-02T19:05:13.517+0000] {processor.py:840} INFO - DAG(s) 'example_short_circuit_operator' retrieved from /home/airflow/.local/lib/python3.12/site-packages/airflow/example_dags/example_short_circuit_operator.py
[2026-08-02T19:05:13.543+0000] {logging_mixin.py:188} INFO - [2026-08-02T19:05:13.542+0000] {dag.py:3089} INFO - Sync 1 DAGs
[2026-08-02T19:05:13.567+0000] {logging_mixin.py:188} INFO - [2026-08-02T19:05:13.566+0000] {dag.py:3947} INFO - Setting next_dagrun for example_short_circuit_operator to 2026-08-01 00:00:00+00:00, run_after=2026-08-02 00:00:00+00:00
[2026-08-02T19:05:13.596+0000] {processor.py:183} INFO - Processing /home/airflow/.local/lib/python3.12/site-packages/airflow/example_dags/example_short_circuit_operator.py took 0.099 seconds
[2026-08-02T19:05:44.556+0000] {processor.py:161} INFO - Started process (PID=726) to work on /home/airflow/.local/lib/python3.12/site-packages/airflow/example_dags/example_short_circuit_operator.py
[2026-08-02T19:05:44.558+0000] {processor.py:830} INFO - Processing file /home/airflow/.local/lib/python3.12/site-packages/airflow/example_dags/example_short_circuit_operator.py for tasks to queue
[2026-08-02T19:05:44.563+0000] {logging_mixin.py:188} INFO - [2026-08-02T19:05:44.562+0000] {dagbag.py:545} INFO - Filling up the DagBag from /home/airflow/.local/lib/python3.12/site-packages/airflow/example_dags/example_short_circuit_operator.py
[2026-08-02T19:05:44.579+0000] {processor.py:840} INFO - DAG(s) 'example_short_circuit_operator' retrieved from /home/airflow/.local/lib/python3.12/site-packages/airflow/example_dags/example_short_circuit_operator.py
[2026-08-02T19:05:44.609+0000] {logging_mixin.py:188} INFO - [2026-08-02T19:05:44.609+0000] {dag.py:3089} INFO - Sync 1 DAGs
[2026-08-02T19:05:44.635+0000] {logging_mixin.py:188} INFO - [2026-08-02T19:05:44.635+0000] {dag.py:3947} INFO - Setting next_dagrun for example_short_circuit_operator to 2026-08-01 00:00:00+00:00, run_after=2026-08-02 00:00:00+00:00
[2026-08-02T19:05:44.669+0000] {processor.py:183} INFO - Processing /home/airflow/.local/lib/python3.12/site-packages/airflow/example_dags/example_short_circuit_operator.py took 0.124 seconds
[2026-08-02T19:06:14.986+0000] {processor.py:161} INFO - Started process (PID=785) to work on /home/airflow/.local/lib/python3.12/site-packages/airflow/example_dags/example_short_circuit_operator.py
[2026-08-02T19:06:14.988+0000] {processor.py:830} INFO - Processing file /home/airflow/.local/lib/python3.12/site-packages/airflow/example_dags/example_short_circuit_operator.py for tasks to queue
[2026-08-02T19:06:14.991+0000] {logging_mixin.py:188} INFO - [2026-08-02T19:06:14.990+0000] {dagbag.py:545} INFO - Filling up the DagBag from /home/airflow/.local/lib/python3.12/site-packages/airflow/example_dags/example_short_circuit_operator.py
[2026-08-02T19:06:14.998+0000] {processor.py:840} INFO - DAG(s) 'example_short_circuit_operator' retrieved from /home/airflow/.local/lib/python3.12/site-packages/airflow/example_dags/example_short_circuit_operator.py
[2026-08-02T19:06:15.022+0000] {logging_mixin.py:188} INFO - [2026-08-02T19:06:15.022+0000] {dag.py:3089} INFO - Sync 1 DAGs
[2026-08-02T19:06:15.045+0000] {logging_mixin.py:188} INFO - [2026-08-02T19:06:15.045+0000] {dag.py:3947} INFO - Setting next_dagrun for example_short_circuit_operator to 2026-08-01 00:00:00+00:00, run_after=2026-08-02 00:00:00+00:00
[2026-08-02T19:06:15.073+0000] {processor.py:183} INFO - Processing /home/airflow/.local/lib/python3.12/site-packages/airflow/example_dags/example_short_circuit_operator.py took 0.094 seconds
[2026-08-02T19:06:45.721+0000] {processor.py:161} INFO - Started process (PID=844) to work on /home/airflow/.local/lib/python3.12/site-packages/airflow/example_dags/example_short_circuit_operator.py
[2026-08-02T19:06:45.723+0000] {processor.py:830} INFO - Processing file /home/airflow/.local/lib/python3.12/site-packages/airflow/example_dags/example_short_circuit_operator.py for tasks to queue
[2026-08-02T19:06:45.725+0000] {logging_mixin.py:188} INFO - [2026-08-02T19:06:45.725+0000] {dagbag.py:545} INFO - Filling up the DagBag from /home/airflow/.local/lib/python3.12/site-packages/airflow/example_dags/example_short_circuit_operator.py
[2026-08-02T19:06:45.733+0000] {processor.py:840} INFO - DAG(s) 'example_short_circuit_operator' retrieved from /home/airflow/.local/lib/python3.12/site-packages/airflow/example_dags/example_short_circuit_operator.py
[2026-08-02T19:06:45.755+0000] {logging_mixin.py:188} INFO - [2026-08-02T19:06:45.755+0000] {dag.py:3089} INFO - Sync 1 DAGs
[2026-08-02T19:06:45.775+0000] {logging_mixin.py:188} INFO - [2026-08-02T19:06:45.775+0000] {dag.py:3947} INFO - Setting next_dagrun for example_short_circuit_operator to 2026-08-01 00:00:00+00:00, run_after=2026-08-02 00:00:00+00:00
[2026-08-02T19:06:45.793+0000] {processor.py:183} INFO - Processing /home/airflow/.local/lib/python3.12/site-packages/airflow/example_dags/example_short_circuit_operator.py took 0.085 seconds
[2026-08-02T19:07:16.449+0000] {processor.py:161} INFO - Started process (PID=903) to work on /home/airflow/.local/lib/python3.12/site-packages/airflow/example_dags/example_short_circuit_operator.py
[2026-08-02T19:07:16.451+0000] {processor.py:830} INFO - Processing file /home/airflow/.local/lib/python3.12/site-packages/airflow/example_dags/example_short_circuit_operator.py for tasks to queue
[2026-08-02T19:07:16.453+0000] {logging_mixin.py:188} INFO - [2026-08-02T19:07:16.453+0000] {dagbag.py:545} INFO - Filling up the DagBag from /home/airflow/.local/lib/python3.12/site-packages/airflow/example_dags/example_short_circuit_operator.py
[2026-08-02T19:07:16.462+0000] {processor.py:840} INFO - DAG(s) 'example_short_circuit_operator' retrieved from /home/airflow/.local/lib/python3.12/site-packages/airflow/example_dags/example_short_circuit_operator.py
[2026-08-02T19:07:16.489+0000] {logging_mixin.py:188} INFO - [2026-08-02T19:07:16.489+0000] {dag.py:3089} INFO - Sync 1 DAGs
[2026-08-02T19:07:16.511+0000] {logging_mixin.py:188} INFO - [2026-08-02T19:07:16.511+0000] {dag.py:3947} INFO - Setting next_dagrun for example_short_circuit_operator to 2026-08-01 00:00:00+00:00, run_after=2026-08-02 00:00:00+00:00
[2026-08-02T19:07:16.540+0000] {processor.py:183} INFO - Processing /home/airflow/.local/lib/python3.12/site-packages/airflow/example_dags/example_short_circuit_operator.py took 0.099 seconds
[2026-08-02T19:07:46.824+0000] {processor.py:161} INFO - Started process (PID=962) to work on /home/airflow/.local/lib/python3.12/site-packages/airflow/example_dags/example_short_circuit_operator.py
[2026-08-02T19:07:46.826+0000] {processor.py:830} INFO - Processing file /home/airflow/.local/lib/python3.12/site-packages/airflow/example_dags/example_short_circuit_operator.py for tasks to queue
[2026-08-02T19:07:46.830+0000] {logging_mixin.py:188} INFO - [2026-08-02T19:07:46.829+0000] {dagbag.py:545} INFO - Filling up the DagBag from /home/airflow/.local/lib/python3.12/site-packages/airflow/example_dags/example_short_circuit_operator.py
[2026-08-02T19:07:46.838+0000] {processor.py:840} INFO - DAG(s) 'example_short_circuit_operator' retrieved from /home/airflow/.local/lib/python3.12/site-packages/airflow/example_dags/example_short_circuit_operator.py
[2026-08-02T19:07:46.864+0000] {logging_mixin.py:188} INFO - [2026-08-02T19:07:46.864+0000] {dag.py:3089} INFO - Sync 1 DAGs
[2026-08-02T19:07:46.887+0000] {logging_mixin.py:188} INFO - [2026-08-02T19:07:46.887+0000] {dag.py:3947} INFO - Setting next_dagrun for example_short_circuit_operator to 2026-08-01 00:00:00+00:00, run_after=2026-08-02 00:00:00+00:00
[2026-08-02T19:07:46.917+0000] {processor.py:183} INFO - Processing /home/airflow/.local/lib/python3.12/site-packages/airflow/example_dags/example_short_circuit_operator.py took 0.104 seconds
[2026-08-02T19:08:17.271+0000] {processor.py:161} INFO - Started process (PID=1021) to work on /home/airflow/.local/lib/python3.12/site-packages/airflow/example_dags/example_short_circuit_operator.py
[2026-08-02T19:08:17.274+0000] {processor.py:830} INFO - Processing file /home/airflow/.local/lib/python3.12/site-packages/airflow/example_dags/example_short_circuit_operator.py for tasks to queue
[2026-08-02T19:08:17.280+0000] {logging_mixin.py:188} INFO - [2026-08-02T19:08:17.279+0000] {dagbag.py:545} INFO - Filling up the DagBag from /home/airflow/.local/lib/python3.12/site-packages/airflow/example_dags/example_short_circuit_operator.py
[2026-08-02T19:08:17.295+0000] {processor.py:840} INFO - DAG(s) 'example_short_circuit_operator' retrieved from /home/airflow/.local/lib/python3.12/site-packages/airflow/example_dags/example_short_circuit_operator.py
[2026-08-02T19:08:17.322+0000] {logging_mixin.py:188} INFO - [2026-08-02T19:08:17.322+0000] {dag.py:3089} INFO - Sync 1 DAGs
[2026-08-02T19:08:17.350+0000] {logging_mixin.py:188} INFO - [2026-08-02T19:08:17.350+0000] {dag.py:3947} INFO - Setting next_dagrun for example_short_circuit_operator to 2026-08-01 00:00:00+00:00, run_after=2026-08-02 00:00:00+00:00
[2026-08-02T19:08:17.374+0000] {processor.py:183} INFO - Processing /home/airflow/.local/lib/python3.12/site-packages/airflow/example_dags/example_short_circuit_operator.py took 0.122 seconds
[2026-08-02T19:09:49.290+0000] {processor.py:161} INFO - Started process (PID=112) to work on /home/airflow/.local/lib/python3.12/site-packages/airflow/example_dags/example_short_circuit_operator.py
[2026-08-02T19:09:49.292+0000] {processor.py:830} INFO - Processing file /home/airflow/.local/lib/python3.12/site-packages/airflow/example_dags/example_short_circuit_operator.py for tasks to queue
[2026-08-02T19:09:49.296+0000] {logging_mixin.py:188} INFO - [2026-08-02T19:09:49.295+0000] {dagbag.py:545} INFO - Filling up the DagBag from /home/airflow/.local/lib/python3.12/site-packages/airflow/example_dags/example_short_circuit_operator.py
[2026-08-02T19:09:49.316+0000] {processor.py:840} INFO - DAG(s) 'example_short_circuit_operator' retrieved from /home/airflow/.local/lib/python3.12/site-packages/airflow/example_dags/example_short_circuit_operator.py
[2026-08-02T19:09:49.522+0000] {logging_mixin.py:188} INFO - [2026-08-02T19:09:49.521+0000] {dag.py:3089} INFO - Sync 1 DAGs
[2026-08-02T19:09:49.554+0000] {logging_mixin.py:188} INFO - [2026-08-02T19:09:49.553+0000] {dag.py:3947} INFO - Setting next_dagrun for example_short_circuit_operator to 2026-08-01 00:00:00+00:00, run_after=2026-08-02 00:00:00+00:00
[2026-08-02T19:09:49.601+0000] {processor.py:183} INFO - Processing /home/airflow/.local/lib/python3.12/site-packages/airflow/example_dags/example_short_circuit_operator.py took 0.321 seconds
[2026-08-02T19:10:19.746+0000] {processor.py:161} INFO - Started process (PID=171) to work on /home/airflow/.local/lib/python3.12/site-packages/airflow/example_dags/example_short_circuit_operator.py
[2026-08-02T19:10:19.748+0000] {processor.py:830} INFO - Processing file /home/airflow/.local/lib/python3.12/site-packages/airflow/example_dags/example_short_circuit_operator.py for tasks to queue
[2026-08-02T19:10:19.751+0000] {logging_mixin.py:188} INFO - [2026-08-02T19:10:19.751+0000] {dagbag.py:545} INFO - Filling up the DagBag from /home/airflow/.local/lib/python3.12/site-packages/airflow/example_dags/example_short_circuit_operator.py
[2026-08-02T19:10:19.759+0000] {processor.py:840} INFO - DAG(s) 'example_short_circuit_operator' retrieved from /home/airflow/.local/lib/python3.12/site-packages/airflow/example_dags/example_short_circuit_operator.py
[2026-08-02T19:10:19.782+0000] {logging_mixin.py:188} INFO - [2026-08-02T19:10:19.782+0000] {dag.py:3089} INFO - Sync 1 DAGs
[2026-08-02T19:10:19.805+0000] {logging_mixin.py:188} INFO - [2026-08-02T19:10:19.805+0000] {dag.py:3947} INFO - Setting next_dagrun for example_short_circuit_operator to 2026-08-01 00:00:00+00:00, run_after=2026-08-02 00:00:00+00:00
[2026-08-02T19:10:19.826+0000] {processor.py:183} INFO - Processing /home/airflow/.local/lib/python3.12/site-packages/airflow/example_dags/example_short_circuit_operator.py took 0.085 seconds
[2026-08-02T19:10:50.394+0000] {processor.py:161} INFO - Started process (PID=230) to work on /home/airflow/.local/lib/python3.12/site-packages/airflow/example_dags/example_short_circuit_operator.py
[2026-08-02T19:10:50.396+0000] {processor.py:830} INFO - Processing file /home/airflow/.local/lib/python3.12/site-packages/airflow/example_dags/example_short_circuit_operator.py for tasks to queue
[2026-08-02T19:10:50.399+0000] {logging_mixin.py:188} INFO - [2026-08-02T19:10:50.399+0000] {dagbag.py:545} INFO - Filling up the DagBag from /home/airflow/.local/lib/python3.12/site-packages/airflow/example_dags/example_short_circuit_operator.py
[2026-08-02T19:10:50.408+0000] {processor.py:840} INFO - DAG(s) 'example_short_circuit_operator' retrieved from /home/airflow/.local/lib/python3.12/site-packages/airflow/example_dags/example_short_circuit_operator.py
[2026-08-02T19:10:50.433+0000] {logging_mixin.py:188} INFO - [2026-08-02T19:10:50.432+0000] {dag.py:3089} INFO - Sync 1 DAGs
[2026-08-02T19:10:50.454+0000] {logging_mixin.py:188} INFO - [2026-08-02T19:10:50.454+0000] {dag.py:3947} INFO - Setting next_dagrun for example_short_circuit_operator to 2026-08-01 00:00:00+00:00, run_after=2026-08-02 00:00:00+00:00
[2026-08-02T19:10:50.475+0000] {processor.py:183} INFO - Processing /home/airflow/.local/lib/python3.12/site-packages/airflow/example_dags/example_short_circuit_operator.py took 0.092 seconds
[2026-08-02T19:11:21.143+0000] {processor.py:161} INFO - Started process (PID=289) to work on /home/airflow/.local/lib/python3.12/site-packages/airflow/example_dags/example_short_circuit_operator.py
[2026-08-02T19:11:21.145+0000] {processor.py:830} INFO - Processing file /home/airflow/.local/lib/python3.12/site-packages/airflow/example_dags/example_short_circuit_operator.py for tasks to queue
[2026-08-02T19:11:21.147+0000] {logging_mixin.py:188} INFO - [2026-08-02T19:11:21.147+0000] {dagbag.py:545} INFO - Filling up the DagBag from /home/airflow/.local/lib/python3.12/site-packages/airflow/example_dags/example_short_circuit_operator.py
[2026-08-02T19:11:21.158+0000] {processor.py:840} INFO - DAG(s) 'example_short_circuit_operator' retrieved from /home/airflow/.local/lib/python3.12/site-packages/airflow/example_dags/example_short_circuit_operator.py
[2026-08-02T19:11:21.187+0000] {logging_mixin.py:188} INFO - [2026-08-02T19:11:21.187+0000] {dag.py:3089} INFO - Sync 1 DAGs
[2026-08-02T19:11:21.206+0000] {logging_mixin.py:188} INFO - [2026-08-02T19:11:21.206+0000] {dag.py:3947} INFO - Setting next_dagrun for example_short_circuit_operator to 2026-08-01 00:00:00+00:00, run_after=2026-08-02 00:00:00+00:00
[2026-08-02T19:11:21.226+0000] {processor.py:183} INFO - Processing /home/airflow/.local/lib/python3.12/site-packages/airflow/example_dags/example_short_circuit_operator.py took 0.088 seconds
[2026-08-02T19:11:51.849+0000] {processor.py:161} INFO - Started process (PID=348) to work on /home/airflow/.local/lib/python3.12/site-packages/airflow/example_dags/example_short_circuit_operator.py
[2026-08-02T19:11:51.851+0000] {processor.py:830} INFO - Processing file /home/airflow/.local/lib/python3.12/site-packages/airflow/example_dags/example_short_circuit_operator.py for tasks to queue
[2026-08-02T19:11:51.854+0000] {logging_mixin.py:188} INFO - [2026-08-02T19:11:51.853+0000] {dagbag.py:545} INFO - Filling up the DagBag from /home/airflow/.local/lib/python3.12/site-packages/airflow/example_dags/example_short_circuit_operator.py
[2026-08-02T19:11:51.862+0000] {processor.py:840} INFO - DAG(s) 'example_short_circuit_operator' retrieved from /home/airflow/.local/lib/python3.12/site-packages/airflow/example_dags/example_short_circuit_operator.py
[2026-08-02T19:11:51.885+0000] {logging_mixin.py:188} INFO - [2026-08-02T19:11:51.885+0000] {dag.py:3089} INFO - Sync 1 DAGs
[2026-08-02T19:11:51.907+0000] {logging_mixin.py:188} INFO - [2026-08-02T19:11:51.907+0000] {dag.py:3947} INFO - Setting next_dagrun for example_short_circuit_operator to 2026-08-01 00:00:00+00:00, run_after=2026-08-02 00:00:00+00:00
[2026-08-02T19:11:51.928+0000] {processor.py:183} INFO - Processing /home/airflow/.local/lib/python3.12/site-packages/airflow/example_dags/example_short_circuit_operator.py took 0.086 seconds
[2026-08-02T19:12:22.674+0000] {processor.py:161} INFO - Started process (PID=407) to work on /home/airflow/.local/lib/python3.12/site-packages/airflow/example_dags/example_short_circuit_operator.py
[2026-08-02T19:12:22.676+0000] {processor.py:830} INFO - Processing file /home/airflow/.local/lib/python3.12/site-packages/airflow/example_dags/example_short_circuit_operator.py for tasks to queue
[2026-08-02T19:12:22.680+0000] {logging_mixin.py:188} INFO - [2026-08-02T19:12:22.680+0000] {dagbag.py:545} INFO - Filling up the DagBag from /home/airflow/.local/lib/python3.12/site-packages/airflow/example_dags/example_short_circuit_operator.py
[2026-08-02T19:12:22.695+0000] {processor.py:840} INFO - DAG(s) 'example_short_circuit_operator' retrieved from /home/airflow/.local/lib/python3.12/site-packages/airflow/example_dags/example_short_circuit_operator.py
[2026-08-02T19:12:22.737+0000] {logging_mixin.py:188} INFO - [2026-08-02T19:12:22.736+0000] {dag.py:3089} INFO - Sync 1 DAGs
[2026-08-02T19:12:22.770+0000] {logging_mixin.py:188} INFO - [2026-08-02T19:12:22.769+0000] {dag.py:3947} INFO - Setting next_dagrun for example_short_circuit_operator to 2026-08-01 00:00:00+00:00, run_after=2026-08-02 00:00:00+00:00
[2026-08-02T19:12:22.792+0000] {processor.py:183} INFO - Processing /home/airflow/.local/lib/python3.12/site-packages/airflow/example_dags/example_short_circuit_operator.py took 0.131 seconds
[2026-08-02T19:12:52.920+0000] {processor.py:161} INFO - Started process (PID=466) to work on /home/airflow/.local/lib/python3.12/site-packages/airflow/example_dags/example_short_circuit_operator.py
[2026-08-02T19:12:52.921+0000] {processor.py:830} INFO - Processing file /home/airflow/.local/lib/python3.12/site-packages/airflow/example_dags/example_short_circuit_operator.py for tasks to queue
[2026-08-02T19:12:52.924+0000] {logging_mixin.py:188} INFO - [2026-08-02T19:12:52.924+0000] {dagbag.py:545} INFO - Filling up the DagBag from /home/airflow/.local/lib/python3.12/site-packages/airflow/example_dags/example_short_circuit_operator.py
[2026-08-02T19:12:52.932+0000] {processor.py:840} INFO - DAG(s) 'example_short_circuit_operator' retrieved from /home/airflow/.local/lib/python3.12/site-packages/airflow/example_dags/example_short_circuit_operator.py
[2026-08-02T19:12:52.955+0000] {logging_mixin.py:188} INFO - [2026-08-02T19:12:52.954+0000] {dag.py:3089} INFO - Sync 1 DAGs
[2026-08-02T19:12:52.977+0000] {logging_mixin.py:188} INFO - [2026-08-02T19:12:52.976+0000] {dag.py:3947} INFO - Setting next_dagrun for example_short_circuit_operator to 2026-08-01 00:00:00+00:00, run_after=2026-08-02 00:00:00+00:00
[2026-08-02T19:12:52.997+0000] {processor.py:183} INFO - Processing /home/airflow/.local/lib/python3.12/site-packages/airflow/example_dags/example_short_circuit_operator.py took 0.087 seconds
[2026-08-02T19:13:23.399+0000] {processor.py:161} INFO - Started process (PID=525) to work on /home/airflow/.local/lib/python3.12/site-packages/airflow/example_dags/example_short_circuit_operator.py
[2026-08-02T19:13:23.401+0000] {processor.py:830} INFO - Processing file /home/airflow/.local/lib/python3.12/site-packages/airflow/example_dags/example_short_circuit_operator.py for tasks to queue
[2026-08-02T19:13:23.403+0000] {logging_mixin.py:188} INFO - [2026-08-02T19:13:23.403+0000] {dagbag.py:545} INFO - Filling up the DagBag from /home/airflow/.local/lib/python3.12/site-packages/airflow/example_dags/example_short_circuit_operator.py
[2026-08-02T19:13:23.410+0000] {processor.py:840} INFO - DAG(s) 'example_short_circuit_operator' retrieved from /home/airflow/.local/lib/python3.12/site-packages/airflow/example_dags/example_short_circuit_operator.py
[2026-08-02T19:13:23.431+0000] {logging_mixin.py:188} INFO - [2026-08-02T19:13:23.431+0000] {dag.py:3089} INFO - Sync 1 DAGs
[2026-08-02T19:13:23.450+0000] {logging_mixin.py:188} INFO - [2026-08-02T19:13:23.450+0000] {dag.py:3947} INFO - Setting next_dagrun for example_short_circuit_operator to 2026-08-01 00:00:00+00:00, run_after=2026-08-02 00:00:00+00:00
[2026-08-02T19:13:23.468+0000] {processor.py:183} INFO - Processing /home/airflow/.local/lib/python3.12/site-packages/airflow/example_dags/example_short_circuit_operator.py took 0.074 seconds
[2026-08-02T19:13:53.709+0000] {processor.py:161} INFO - Started process (PID=584) to work on /home/airflow/.local/lib/python3.12/site-packages/airflow/example_dags/example_short_circuit_operator.py
[2026-08-02T19:13:53.711+0000] {processor.py:830} INFO - Processing file /home/airflow/.local/lib/python3.12/site-packages/airflow/example_dags/example_short_circuit_operator.py for tasks to queue
[2026-08-02T19:13:53.713+0000] {logging_mixin.py:188} INFO - [2026-08-02T19:13:53.713+0000] {dagbag.py:545} INFO - Filling up the DagBag from /home/airflow/.local/lib/python3.12/site-packages/airflow/example_dags/example_short_circuit_operator.py
[2026-08-02T19:13:53.721+0000] {processor.py:840} INFO - DAG(s) 'example_short_circuit_operator' retrieved from /home/airflow/.local/lib/python3.12/site-packages/airflow/example_dags/example_short_circuit_operator.py
[2026-08-02T19:13:53.746+0000] {logging_mixin.py:188} INFO - [2026-08-02T19:13:53.745+0000] {dag.py:3089} INFO - Sync 1 DAGs
[2026-08-02T19:13:53.767+0000] {logging_mixin.py:188} INFO - [2026-08-02T19:13:53.767+0000] {dag.py:3947} INFO - Setting next_dagrun for example_short_circuit_operator to 2026-08-01 00:00:00+00:00, run_after=2026-08-02 00:00:00+00:00
[2026-08-02T19:13:53.789+0000] {processor.py:183} INFO - Processing /home/airflow/.local/lib/python3.12/site-packages/airflow/example_dags/example_short_circuit_operator.py took 0.086 seconds
[2026-08-02T19:14:23.851+0000] {processor.py:161} INFO - Started process (PID=643) to work on /home/airflow/.local/lib/python3.12/site-packages/airflow/example_dags/example_short_circuit_operator.py
[2026-08-02T19:14:23.852+0000] {processor.py:830} INFO - Processing file /home/airflow/.local/lib/python3.12/site-packages/airflow/example_dags/example_short_circuit_operator.py for tasks to queue
[2026-08-02T19:14:23.854+0000] {logging_mixin.py:188} INFO - [2026-08-02T19:14:23.854+0000] {dagbag.py:545} INFO - Filling up the DagBag from /home/airflow/.local/lib/python3.12/site-packages/airflow/example_dags/example_short_circuit_operator.py
[2026-08-02T19:14:23.864+0000] {processor.py:840} INFO - DAG(s) 'example_short_circuit_operator' retrieved from /home/airflow/.local/lib/python3.12/site-packages/airflow/example_dags/example_short_circuit_operator.py
[2026-08-02T19:14:23.889+0000] {logging_mixin.py:188} INFO - [2026-08-02T19:14:23.889+0000] {dag.py:3089} INFO - Sync 1 DAGs
[2026-08-02T19:14:23.911+0000] {logging_mixin.py:188} INFO - [2026-08-02T19:14:23.911+0000] {dag.py:3947} INFO - Setting next_dagrun for example_short_circuit_operator to 2026-08-01 00:00:00+00:00, run_after=2026-08-02 00:00:00+00:00
[2026-08-02T19:14:23.930+0000] {processor.py:183} INFO - Processing /home/airflow/.local/lib/python3.12/site-packages/airflow/example_dags/example_short_circuit_operator.py took 0.087 seconds
[2026-08-02T19:14:54.394+0000] {processor.py:161} INFO - Started process (PID=702) to work on /home/airflow/.local/lib/python3.12/site-packages/airflow/example_dags/example_short_circuit_operator.py
[2026-08-02T19:14:54.396+0000] {processor.py:830} INFO - Processing file /home/airflow/.local/lib/python3.12/site-packages/airflow/example_dags/example_short_circuit_operator.py for tasks to queue
[2026-08-02T19:14:54.398+0000] {logging_mixin.py:188} INFO - [2026-08-02T19:14:54.398+0000] {dagbag.py:545} INFO - Filling up the DagBag from /home/airflow/.local/lib/python3.12/site-packages/airflow/example_dags/example_short_circuit_operator.py
[2026-08-02T19:14:54.406+0000] {processor.py:840} INFO - DAG(s) 'example_short_circuit_operator' retrieved from /home/airflow/.local/lib/python3.12/site-packages/airflow/example_dags/example_short_circuit_operator.py
[2026-08-02T19:14:54.434+0000] {logging_mixin.py:188} INFO - [2026-08-02T19:14:54.434+0000] {dag.py:3089} INFO - Sync 1 DAGs
[2026-08-02T19:14:54.459+0000] {logging_mixin.py:188} INFO - [2026-08-02T19:14:54.458+0000] {dag.py:3947} INFO - Setting next_dagrun for example_short_circuit_operator to 2026-08-01 00:00:00+00:00, run_after=2026-08-02 00:00:00+00:00
[2026-08-02T19:14:54.481+0000] {processor.py:183} INFO - Processing /home/airflow/.local/lib/python3.12/site-packages/airflow/example_dags/example_short_circuit_operator.py took 0.094 seconds
[2026-08-02T19:15:24.911+0000] {processor.py:161} INFO - Started process (PID=761) to work on /home/airflow/.local/lib/python3.12/site-packages/airflow/example_dags/example_short_circuit_operator.py
[2026-08-02T19:15:24.913+0000] {processor.py:830} INFO - Processing file /home/airflow/.local/lib/python3.12/site-packages/airflow/example_dags/example_short_circuit_operator.py for tasks to queue
[2026-08-02T19:15:24.915+0000] {logging_mixin.py:188} INFO - [2026-08-02T19:15:24.914+0000] {dagbag.py:545} INFO - Filling up the DagBag from /home/airflow/.local/lib/python3.12/site-packages/airflow/example_dags/example_short_circuit_operator.py
[2026-08-02T19:15:24.927+0000] {processor.py:840} INFO - DAG(s) 'example_short_circuit_operator' retrieved from /home/airflow/.local/lib/python3.12/site-packages/airflow/example_dags/example_short_circuit_operator.py
[2026-08-02T19:15:24.987+0000] {logging_mixin.py:188} INFO - [2026-08-02T19:15:24.986+0000] {dag.py:3089} INFO - Sync 1 DAGs
[2026-08-02T19:15:25.029+0000] {logging_mixin.py:188} INFO - [2026-08-02T19:15:25.029+0000] {dag.py:3947} INFO - Setting next_dagrun for example_short_circuit_operator to 2026-08-01 00:00:00+00:00, run_after=2026-08-02 00:00:00+00:00
[2026-08-02T19:15:25.060+0000] {processor.py:183} INFO - Processing /home/airflow/.local/lib/python3.12/site-packages/airflow/example_dags/example_short_circuit_operator.py took 0.158 seconds
[2026-08-02T19:15:55.679+0000] {processor.py:161} INFO - Started process (PID=820) to work on /home/airflow/.local/lib/python3.12/site-packages/airflow/example_dags/example_short_circuit_operator.py
[2026-08-02T19:15:55.680+0000] {processor.py:830} INFO - Processing file /home/airflow/.local/lib/python3.12/site-packages/airflow/example_dags/example_short_circuit_operator.py for tasks to queue
[2026-08-02T19:15:55.683+0000] {logging_mixin.py:188} INFO - [2026-08-02T19:15:55.682+0000] {dagbag.py:545} INFO - Filling up the DagBag from /home/airflow/.local/lib/python3.12/site-packages/airflow/example_dags/example_short_circuit_operator.py
[2026-08-02T19:15:55.690+0000] {processor.py:840} INFO - DAG(s) 'example_short_circuit_operator' retrieved from /home/airflow/.local/lib/python3.12/site-packages/airflow/example_dags/example_short_circuit_operator.py
[2026-08-02T19:15:55.715+0000] {logging_mixin.py:188} INFO - [2026-08-02T19:15:55.715+0000] {dag.py:3089} INFO - Sync 1 DAGs
[2026-08-02T19:15:55.737+0000] {logging_mixin.py:188} INFO - [2026-08-02T19:15:55.737+0000] {dag.py:3947} INFO - Setting next_dagrun for example_short_circuit_operator to 2026-08-01 00:00:00+00:00, run_after=2026-08-02 00:00:00+00:00
[2026-08-02T19:15:55.758+0000] {processor.py:183} INFO - Processing /home/airflow/.local/lib/python3.12/site-packages/airflow/example_dags/example_short_circuit_operator.py took 0.085 seconds
[2026-08-02T19:16:26.244+0000] {processor.py:161} INFO - Started process (PID=879) to work on /home/airflow/.local/lib/python3.12/site-packages/airflow/example_dags/example_short_circuit_operator.py
[2026-08-02T19:16:26.246+0000] {processor.py:830} INFO - Processing file /home/airflow/.local/lib/python3.12/site-packages/airflow/example_dags/example_short_circuit_operator.py for tasks to queue
[2026-08-02T19:16:26.249+0000] {logging_mixin.py:188} INFO - [2026-08-02T19:16:26.248+0000] {dagbag.py:545} INFO - Filling up the DagBag from /home/airflow/.local/lib/python3.12/site-packages/airflow/example_dags/example_short_circuit_operator.py
[2026-08-02T19:16:26.259+0000] {processor.py:840} INFO - DAG(s) 'example_short_circuit_operator' retrieved from /home/airflow/.local/lib/python3.12/site-packages/airflow/example_dags/example_short_circuit_operator.py
[2026-08-02T19:16:26.286+0000] {logging_mixin.py:188} INFO - [2026-08-02T19:16:26.286+0000] {dag.py:3089} INFO - Sync 1 DAGs
[2026-08-02T19:16:26.311+0000] {logging_mixin.py:188} INFO - [2026-08-02T19:16:26.311+0000] {dag.py:3947} INFO - Setting next_dagrun for example_short_circuit_operator to 2026-08-01 00:00:00+00:00, run_after=2026-08-02 00:00:00+00:00
[2026-08-02T19:16:26.332+0000] {processor.py:183} INFO - Processing /home/airflow/.local/lib/python3.12/site-packages/airflow/example_dags/example_short_circuit_operator.py took 0.100 seconds
[2026-08-02T19:16:56.946+0000] {processor.py:161} INFO - Started process (PID=938) to work on /home/airflow/.local/lib/python3.12/site-packages/airflow/example_dags/example_short_circuit_operator.py
[2026-08-02T19:16:56.947+0000] {processor.py:830} INFO - Processing file /home/airflow/.local/lib/python3.12/site-packages/airflow/example_dags/example_short_circuit_operator.py for tasks to queue
[2026-08-02T19:16:56.950+0000] {logging_mixin.py:188} INFO - [2026-08-02T19:16:56.949+0000] {dagbag.py:545} INFO - Filling up the DagBag from /home/airflow/.local/lib/python3.12/site-packages/airflow/example_dags/example_short_circuit_operator.py
[2026-08-02T19:16:56.957+0000] {processor.py:840} INFO - DAG(s) 'example_short_circuit_operator' retrieved from /home/airflow/.local/lib/python3.12/site-packages/airflow/example_dags/example_short_circuit_operator.py
[2026-08-02T19:16:56.978+0000] {logging_mixin.py:188} INFO - [2026-08-02T19:16:56.978+0000] {dag.py:3089} INFO - Sync 1 DAGs
[2026-08-02T19:16:56.998+0000] {logging_mixin.py:188} INFO - [2026-08-02T19:16:56.997+0000] {dag.py:3947} INFO - Setting next_dagrun for example_short_circuit_operator to 2026-08-01 00:00:00+00:00, run_after=2026-08-02 00:00:00+00:00
[2026-08-02T19:16:57.017+0000] {processor.py:183} INFO - Processing /home/airflow/.local/lib/python3.12/site-packages/airflow/example_dags/example_short_circuit_operator.py took 0.077 seconds
[2026-08-02T19:17:27.807+0000] {processor.py:161} INFO - Started process (PID=997) to work on /home/airflow/.local/lib/python3.12/site-packages/airflow/example_dags/example_short_circuit_operator.py
[2026-08-02T19:17:27.809+0000] {processor.py:830} INFO - Processing file /home/airflow/.local/lib/python3.12/site-packages/airflow/example_dags/example_short_circuit_operator.py for tasks to queue
[2026-08-02T19:17:27.813+0000] {logging_mixin.py:188} INFO - [2026-08-02T19:17:27.813+0000] {dagbag.py:545} INFO - Filling up the DagBag from /home/airflow/.local/lib/python3.12/site-packages/airflow/example_dags/example_short_circuit_operator.py
[2026-08-02T19:17:27.825+0000] {processor.py:840} INFO - DAG(s) 'example_short_circuit_operator' retrieved from /home/airflow/.local/lib/python3.12/site-packages/airflow/example_dags/example_short_circuit_operator.py
[2026-08-02T19:17:27.848+0000] {logging_mixin.py:188} INFO - [2026-08-02T19:17:27.848+0000] {dag.py:3089} INFO - Sync 1 DAGs
[2026-08-02T19:17:27.868+0000] {logging_mixin.py:188} INFO - [2026-08-02T19:17:27.868+0000] {dag.py:3947} INFO - Setting next_dagrun for example_short_circuit_operator to 2026-08-01 00:00:00+00:00, run_after=2026-08-02 00:00:00+00:00
[2026-08-02T19:17:27.888+0000] {processor.py:183} INFO - Processing /home/airflow/.local/lib/python3.12/site-packages/airflow/example_dags/example_short_circuit_operator.py took 0.092 seconds
[2026-08-02T19:17:58.750+0000] {processor.py:161} INFO - Started process (PID=1056) to work on /home/airflow/.local/lib/python3.12/site-packages/airflow/example_dags/example_short_circuit_operator.py
[2026-08-02T19:17:58.753+0000] {processor.py:830} INFO - Processing file /home/airflow/.local/lib/python3.12/site-packages/airflow/example_dags/example_short_circuit_operator.py for tasks to queue
[2026-08-02T19:17:58.756+0000] {logging_mixin.py:188} INFO - [2026-08-02T19:17:58.756+0000] {dagbag.py:545} INFO - Filling up the DagBag from /home/airflow/.local/lib/python3.12/site-packages/airflow/example_dags/example_short_circuit_operator.py
[2026-08-02T19:17:58.769+0000] {processor.py:840} INFO - DAG(s) 'example_short_circuit_operator' retrieved from /home/airflow/.local/lib/python3.12/site-packages/airflow/example_dags/example_short_circuit_operator.py
[2026-08-02T19:17:58.799+0000] {logging_mixin.py:188} INFO - [2026-08-02T19:17:58.799+0000] {dag.py:3089} INFO - Sync 1 DAGs
[2026-08-02T19:17:58.827+0000] {logging_mixin.py:188} INFO - [2026-08-02T19:17:58.827+0000] {dag.py:3947} INFO - Setting next_dagrun for example_short_circuit_operator to 2026-08-01 00:00:00+00:00, run_after=2026-08-02 00:00:00+00:00
[2026-08-02T19:17:58.850+0000] {processor.py:183} INFO - Processing /home/airflow/.local/lib/python3.12/site-packages/airflow/example_dags/example_short_circuit_operator.py took 0.107 seconds
[2026-08-02T19:18:29.155+0000] {processor.py:161} INFO - Started process (PID=1115) to work on /home/airflow/.local/lib/python3.12/site-packages/airflow/example_dags/example_short_circuit_operator.py
[2026-08-02T19:18:29.157+0000] {processor.py:830} INFO - Processing file /home/airflow/.local/lib/python3.12/site-packages/airflow/example_dags/example_short_circuit_operator.py for tasks to queue
[2026-08-02T19:18:29.160+0000] {logging_mixin.py:188} INFO - [2026-08-02T19:18:29.159+0000] {dagbag.py:545} INFO - Filling up the DagBag from /home/airflow/.local/lib/python3.12/site-packages/airflow/example_dags/example_short_circuit_operator.py
[2026-08-02T19:18:29.172+0000] {processor.py:840} INFO - DAG(s) 'example_short_circuit_operator' retrieved from /home/airflow/.local/lib/python3.12/site-packages/airflow/example_dags/example_short_circuit_operator.py
[2026-08-02T19:18:29.200+0000] {logging_mixin.py:188} INFO - [2026-08-02T19:18:29.200+0000] {dag.py:3089} INFO - Sync 1 DAGs
[2026-08-02T19:18:29.224+0000] {logging_mixin.py:188} INFO - [2026-08-02T19:18:29.224+0000] {dag.py:3947} INFO - Setting next_dagrun for example_short_circuit_operator to 2026-08-01 00:00:00+00:00, run_after=2026-08-02 00:00:00+00:00
[2026-08-02T19:18:29.246+0000] {processor.py:183} INFO - Processing /home/airflow/.local/lib/python3.12/site-packages/airflow/example_dags/example_short_circuit_operator.py took 0.099 seconds
[2026-08-02T19:18:59.728+0000] {processor.py:161} INFO - Started process (PID=1174) to work on /home/airflow/.local/lib/python3.12/site-packages/airflow/example_dags/example_short_circuit_operator.py
[2026-08-02T19:18:59.730+0000] {processor.py:830} INFO - Processing file /home/airflow/.local/lib/python3.12/site-packages/airflow/example_dags/example_short_circuit_operator.py for tasks to queue
[2026-08-02T19:18:59.732+0000] {logging_mixin.py:188} INFO - [2026-08-02T19:18:59.732+0000] {dagbag.py:545} INFO - Filling up the DagBag from /home/airflow/.local/lib/python3.12/site-packages/airflow/example_dags/example_short_circuit_operator.py
[2026-08-02T19:18:59.740+0000] {processor.py:840} INFO - DAG(s) 'example_short_circuit_operator' retrieved from /home/airflow/.local/lib/python3.12/site-packages/airflow/example_dags/example_short_circuit_operator.py
[2026-08-02T19:18:59.764+0000] {logging_mixin.py:188} INFO - [2026-08-02T19:18:59.764+0000] {dag.py:3089} INFO - Sync 1 DAGs
[2026-08-02T19:18:59.788+0000] {logging_mixin.py:188} INFO - [2026-08-02T19:18:59.787+0000] {dag.py:3947} INFO - Setting next_dagrun for example_short_circuit_operator to 2026-08-01 00:00:00+00:00, run_after=2026-08-02 00:00:00+00:00
[2026-08-02T19:18:59.808+0000] {processor.py:183} INFO - Processing /home/airflow/.local/lib/python3.12/site-packages/airflow/example_dags/example_short_circuit_operator.py took 0.085 seconds
[2026-08-02T19:19:30.273+0000] {processor.py:161} INFO - Started process (PID=1233) to work on /home/airflow/.local/lib/python3.12/site-packages/airflow/example_dags/example_short_circuit_operator.py
[2026-08-02T19:19:30.276+0000] {processor.py:830} INFO - Processing file /home/airflow/.local/lib/python3.12/site-packages/airflow/example_dags/example_short_circuit_operator.py for tasks to queue
[2026-08-02T19:19:30.279+0000] {logging_mixin.py:188} INFO - [2026-08-02T19:19:30.279+0000] {dagbag.py:545} INFO - Filling up the DagBag from /home/airflow/.local/lib/python3.12/site-packages/airflow/example_dags/example_short_circuit_operator.py
[2026-08-02T19:19:30.288+0000] {processor.py:840} INFO - DAG(s) 'example_short_circuit_operator' retrieved from /home/airflow/.local/lib/python3.12/site-packages/airflow/example_dags/example_short_circuit_operator.py
[2026-08-02T19:19:30.308+0000] {logging_mixin.py:188} INFO - [2026-08-02T19:19:30.308+0000] {dag.py:3089} INFO - Sync 1 DAGs
[2026-08-02T19:19:30.327+0000] {logging_mixin.py:188} INFO - [2026-08-02T19:19:30.327+0000] {dag.py:3947} INFO - Setting next_dagrun for example_short_circuit_operator to 2026-08-01 00:00:00+00:00, run_after=2026-08-02 00:00:00+00:00
[2026-08-02T19:19:30.347+0000] {processor.py:183} INFO - Processing /home/airflow/.local/lib/python3.12/site-packages/airflow/example_dags/example_short_circuit_operator.py took 0.084 seconds
[2026-08-02T19:20:00.956+0000] {processor.py:161} INFO - Started process (PID=1292) to work on /home/airflow/.local/lib/python3.12/site-packages/airflow/example_dags/example_short_circuit_operator.py
[2026-08-02T19:20:00.957+0000] {processor.py:830} INFO - Processing file /home/airflow/.local/lib/python3.12/site-packages/airflow/example_dags/example_short_circuit_operator.py for tasks to queue
[2026-08-02T19:20:00.960+0000] {logging_mixin.py:188} INFO - [2026-08-02T19:20:00.959+0000] {dagbag.py:545} INFO - Filling up the DagBag from /home/airflow/.local/lib/python3.12/site-packages/airflow/example_dags/example_short_circuit_operator.py
[2026-08-02T19:20:00.967+0000] {processor.py:840} INFO - DAG(s) 'example_short_circuit_operator' retrieved from /home/airflow/.local/lib/python3.12/site-packages/airflow/example_dags/example_short_circuit_operator.py
[2026-08-02T19:20:00.988+0000] {logging_mixin.py:188} INFO - [2026-08-02T19:20:00.988+0000] {dag.py:3089} INFO - Sync 1 DAGs
[2026-08-02T19:20:01.007+0000] {logging_mixin.py:188} INFO - [2026-08-02T19:20:01.007+0000] {dag.py:3947} INFO - Setting next_dagrun for example_short_circuit_operator to 2026-08-01 00:00:00+00:00, run_after=2026-08-02 00:00:00+00:00
[2026-08-02T19:20:01.028+0000] {processor.py:183} INFO - Processing /home/airflow/.local/lib/python3.12/site-packages/airflow/example_dags/example_short_circuit_operator.py took 0.079 seconds
[2026-08-02T19:20:31.235+0000] {processor.py:161} INFO - Started process (PID=1351) to work on /home/airflow/.local/lib/python3.12/site-packages/airflow/example_dags/example_short_circuit_operator.py
[2026-08-02T19:20:31.237+0000] {processor.py:830} INFO - Processing file /home/airflow/.local/lib/python3.12/site-packages/airflow/example_dags/example_short_circuit_operator.py for tasks to queue
[2026-08-02T19:20:31.241+0000] {logging_mixin.py:188} INFO - [2026-08-02T19:20:31.240+0000] {dagbag.py:545} INFO - Filling up the DagBag from /home/airflow/.local/lib/python3.12/site-packages/airflow/example_dags/example_short_circuit_operator.py
[2026-08-02T19:20:31.249+0000] {processor.py:840} INFO - DAG(s) 'example_short_circuit_operator' retrieved from /home/airflow/.local/lib/python3.12/site-packages/airflow/example_dags/example_short_circuit_operator.py
[2026-08-02T19:20:31.274+0000] {logging_mixin.py:188} INFO - [2026-08-02T19:20:31.274+0000] {dag.py:3089} INFO - Sync 1 DAGs
[2026-08-02T19:20:31.297+0000] {logging_mixin.py:188} INFO - [2026-08-02T19:20:31.297+0000] {dag.py:3947} INFO - Setting next_dagrun for example_short_circuit_operator to 2026-08-01 00:00:00+00:00, run_after=2026-08-02 00:00:00+00:00
[2026-08-02T19:20:31.320+0000] {processor.py:183} INFO - Processing /home/airflow/.local/lib/python3.12/site-packages/airflow/example_dags/example_short_circuit_operator.py took 0.093 seconds
