[2026-08-02T18:55:13.205+0000] {processor.py:161} INFO - Started process (PID=91) to work on /home/airflow/.local/lib/python3.12/site-packages/airflow/example_dags/example_python_operator.py
[2026-08-02T18:55:13.207+0000] {processor.py:830} INFO - Processing file /home/airflow/.local/lib/python3.12/site-packages/airflow/example_dags/example_python_operator.py for tasks to queue
[2026-08-02T18:55:13.211+0000] {logging_mixin.py:188} INFO - [2026-08-02T18:55:13.210+0000] {dagbag.py:545} INFO - Filling up the DagBag from /home/airflow/.local/lib/python3.12/site-packages/airflow/example_dags/example_python_operator.py
[2026-08-02T18:55:13.231+0000] {processor.py:840} INFO - DAG(s) 'example_python_operator' retrieved from /home/airflow/.local/lib/python3.12/site-packages/airflow/example_dags/example_python_operator.py
[2026-08-02T18:55:13.451+0000] {logging_mixin.py:188} INFO - [2026-08-02T18:55:13.451+0000] {dag.py:3089} INFO - Sync 1 DAGs
[2026-08-02T18:55:13.478+0000] {logging_mixin.py:188} INFO - [2026-08-02T18:55:13.477+0000] {dag.py:3947} INFO - Setting next_dagrun for example_python_operator to None, run_after=None
[2026-08-02T18:55:13.525+0000] {processor.py:183} INFO - Processing /home/airflow/.local/lib/python3.12/site-packages/airflow/example_dags/example_python_operator.py took 0.326 seconds
[2026-08-02T18:55:43.761+0000] {processor.py:161} INFO - Started process (PID=150) to work on /home/airflow/.local/lib/python3.12/site-packages/airflow/example_dags/example_python_operator.py
[2026-08-02T18:55:43.763+0000] {processor.py:830} INFO - Processing file /home/airflow/.local/lib/python3.12/site-packages/airflow/example_dags/example_python_operator.py for tasks to queue
[2026-08-02T18:55:43.766+0000] {logging_mixin.py:188} INFO - [2026-08-02T18:55:43.765+0000] {dagbag.py:545} INFO - Filling up the DagBag from /home/airflow/.local/lib/python3.12/site-packages/airflow/example_dags/example_python_operator.py
[2026-08-02T18:55:43.777+0000] {processor.py:840} INFO - DAG(s) 'example_python_operator' retrieved from /home/airflow/.local/lib/python3.12/site-packages/airflow/example_dags/example_python_operator.py
[2026-08-02T18:55:43.805+0000] {logging_mixin.py:188} INFO - [2026-08-02T18:55:43.805+0000] {dag.py:3089} INFO - Sync 1 DAGs
[2026-08-02T18:55:43.828+0000] {logging_mixin.py:188} INFO - [2026-08-02T18:55:43.828+0000] {dag.py:3947} INFO - Setting next_dagrun for example_python_operator to None, run_after=None
[2026-08-02T18:55:43.865+0000] {processor.py:183} INFO - Processing /home/airflow/.local/lib/python3.12/site-packages/airflow/example_dags/example_python_operator.py took 0.113 seconds
[2026-08-02T18:56:13.974+0000] {processor.py:161} INFO - Started process (PID=209) to work on /home/airflow/.local/lib/python3.12/site-packages/airflow/example_dags/example_python_operator.py
[2026-08-02T18:56:13.976+0000] {processor.py:830} INFO - Processing file /home/airflow/.local/lib/python3.12/site-packages/airflow/example_dags/example_python_operator.py for tasks to queue
[2026-08-02T18:56:13.978+0000] {logging_mixin.py:188} INFO - [2026-08-02T18:56:13.977+0000] {dagbag.py:545} INFO - Filling up the DagBag from /home/airflow/.local/lib/python3.12/site-packages/airflow/example_dags/example_python_operator.py
[2026-08-02T18:56:13.988+0000] {processor.py:840} INFO - DAG(s) 'example_python_operator' retrieved from /home/airflow/.local/lib/python3.12/site-packages/airflow/example_dags/example_python_operator.py
[2026-08-02T18:56:14.008+0000] {logging_mixin.py:188} INFO - [2026-08-02T18:56:14.008+0000] {dag.py:3089} INFO - Sync 1 DAGs
[2026-08-02T18:56:14.019+0000] {logging_mixin.py:188} INFO - [2026-08-02T18:56:14.019+0000] {dag.py:3947} INFO - Setting next_dagrun for example_python_operator to None, run_after=None
[2026-08-02T18:56:14.037+0000] {processor.py:183} INFO - Processing /home/airflow/.local/lib/python3.12/site-packages/airflow/example_dags/example_python_operator.py took 0.069 seconds
[2026-08-02T18:56:44.340+0000] {processor.py:161} INFO - Started process (PID=268) to work on /home/airflow/.local/lib/python3.12/site-packages/airflow/example_dags/example_python_operator.py
[2026-08-02T18:56:44.341+0000] {processor.py:830} INFO - Processing file /home/airflow/.local/lib/python3.12/site-packages/airflow/example_dags/example_python_operator.py for tasks to queue
[2026-08-02T18:56:44.344+0000] {logging_mixin.py:188} INFO - [2026-08-02T18:56:44.343+0000] {dagbag.py:545} INFO - Filling up the DagBag from /home/airflow/.local/lib/python3.12/site-packages/airflow/example_dags/example_python_operator.py
[2026-08-02T18:56:44.354+0000] {processor.py:840} INFO - DAG(s) 'example_python_operator' retrieved from /home/airflow/.local/lib/python3.12/site-packages/airflow/example_dags/example_python_operator.py
[2026-08-02T18:56:44.379+0000] {logging_mixin.py:188} INFO - [2026-08-02T18:56:44.379+0000] {dag.py:3089} INFO - Sync 1 DAGs
[2026-08-02T18:56:44.393+0000] {logging_mixin.py:188} INFO - [2026-08-02T18:56:44.393+0000] {dag.py:3947} INFO - Setting next_dagrun for example_python_operator to None, run_after=None
[2026-08-02T18:56:44.416+0000] {processor.py:183} INFO - Processing /home/airflow/.local/lib/python3.12/site-packages/airflow/example_dags/example_python_operator.py took 0.082 seconds
[2026-08-02T18:57:14.808+0000] {processor.py:161} INFO - Started process (PID=327) to work on /home/airflow/.local/lib/python3.12/site-packages/airflow/example_dags/example_python_operator.py
[2026-08-02T18:57:14.810+0000] {processor.py:830} INFO - Processing file /home/airflow/.local/lib/python3.12/site-packages/airflow/example_dags/example_python_operator.py for tasks to queue
[2026-08-02T18:57:14.812+0000] {logging_mixin.py:188} INFO - [2026-08-02T18:57:14.812+0000] {dagbag.py:545} INFO - Filling up the DagBag from /home/airflow/.local/lib/python3.12/site-packages/airflow/example_dags/example_python_operator.py
[2026-08-02T18:57:14.823+0000] {processor.py:840} INFO - DAG(s) 'example_python_operator' retrieved from /home/airflow/.local/lib/python3.12/site-packages/airflow/example_dags/example_python_operator.py
[2026-08-02T18:57:14.844+0000] {logging_mixin.py:188} INFO - [2026-08-02T18:57:14.844+0000] {dag.py:3089} INFO - Sync 1 DAGs
[2026-08-02T18:57:14.857+0000] {logging_mixin.py:188} INFO - [2026-08-02T18:57:14.857+0000] {dag.py:3947} INFO - Setting next_dagrun for example_python_operator to None, run_after=None
[2026-08-02T18:57:14.877+0000] {processor.py:183} INFO - Processing /home/airflow/.local/lib/python3.12/site-packages/airflow/example_dags/example_python_operator.py took 0.075 seconds
[2026-08-02T18:57:45.330+0000] {processor.py:161} INFO - Started process (PID=386) to work on /home/airflow/.local/lib/python3.12/site-packages/airflow/example_dags/example_python_operator.py
[2026-08-02T18:57:45.332+0000] {processor.py:830} INFO - Processing file /home/airflow/.local/lib/python3.12/site-packages/airflow/example_dags/example_python_operator.py for tasks to queue
[2026-08-02T18:57:45.334+0000] {logging_mixin.py:188} INFO - [2026-08-02T18:57:45.334+0000] {dagbag.py:545} INFO - Filling up the DagBag from /home/airflow/.local/lib/python3.12/site-packages/airflow/example_dags/example_python_operator.py
[2026-08-02T18:57:45.345+0000] {processor.py:840} INFO - DAG(s) 'example_python_operator' retrieved from /home/airflow/.local/lib/python3.12/site-packages/airflow/example_dags/example_python_operator.py
[2026-08-02T18:57:45.369+0000] {logging_mixin.py:188} INFO - [2026-08-02T18:57:45.369+0000] {dag.py:3089} INFO - Sync 1 DAGs
[2026-08-02T18:57:45.381+0000] {logging_mixin.py:188} INFO - [2026-08-02T18:57:45.381+0000] {dag.py:3947} INFO - Setting next_dagrun for example_python_operator to None, run_after=None
[2026-08-02T18:57:45.404+0000] {processor.py:183} INFO - Processing /home/airflow/.local/lib/python3.12/site-packages/airflow/example_dags/example_python_operator.py took 0.080 seconds
[2026-08-02T19:00:09.881+0000] {processor.py:161} INFO - Started process (PID=78) to work on /home/airflow/.local/lib/python3.12/site-packages/airflow/example_dags/example_python_operator.py
[2026-08-02T19:00:09.883+0000] {processor.py:830} INFO - Processing file /home/airflow/.local/lib/python3.12/site-packages/airflow/example_dags/example_python_operator.py for tasks to queue
[2026-08-02T19:00:09.886+0000] {logging_mixin.py:188} INFO - [2026-08-02T19:00:09.886+0000] {dagbag.py:545} INFO - Filling up the DagBag from /home/airflow/.local/lib/python3.12/site-packages/airflow/example_dags/example_python_operator.py
[2026-08-02T19:00:09.903+0000] {processor.py:840} INFO - DAG(s) 'example_python_operator' retrieved from /home/airflow/.local/lib/python3.12/site-packages/airflow/example_dags/example_python_operator.py
[2026-08-02T19:00:09.920+0000] {logging_mixin.py:188} INFO - [2026-08-02T19:00:09.920+0000] {dag.py:3089} INFO - Sync 1 DAGs
[2026-08-02T19:00:09.938+0000] {logging_mixin.py:188} INFO - [2026-08-02T19:00:09.937+0000] {dag.py:3947} INFO - Setting next_dagrun for example_python_operator to None, run_after=None
[2026-08-02T19:00:09.965+0000] {processor.py:183} INFO - Processing /home/airflow/.local/lib/python3.12/site-packages/airflow/example_dags/example_python_operator.py took 0.093 seconds
[2026-08-02T19:00:40.227+0000] {processor.py:161} INFO - Started process (PID=137) to work on /home/airflow/.local/lib/python3.12/site-packages/airflow/example_dags/example_python_operator.py
[2026-08-02T19:00:40.229+0000] {processor.py:830} INFO - Processing file /home/airflow/.local/lib/python3.12/site-packages/airflow/example_dags/example_python_operator.py for tasks to queue
[2026-08-02T19:00:40.231+0000] {logging_mixin.py:188} INFO - [2026-08-02T19:00:40.231+0000] {dagbag.py:545} INFO - Filling up the DagBag from /home/airflow/.local/lib/python3.12/site-packages/airflow/example_dags/example_python_operator.py
[2026-08-02T19:00:40.241+0000] {processor.py:840} INFO - DAG(s) 'example_python_operator' retrieved from /home/airflow/.local/lib/python3.12/site-packages/airflow/example_dags/example_python_operator.py
[2026-08-02T19:00:40.329+0000] {logging_mixin.py:188} INFO - [2026-08-02T19:00:40.329+0000] {dag.py:3089} INFO - Sync 1 DAGs
[2026-08-02T19:00:40.339+0000] {logging_mixin.py:188} INFO - [2026-08-02T19:00:40.339+0000] {dag.py:3947} INFO - Setting next_dagrun for example_python_operator to None, run_after=None
[2026-08-02T19:00:40.357+0000] {processor.py:183} INFO - Processing /home/airflow/.local/lib/python3.12/site-packages/airflow/example_dags/example_python_operator.py took 0.135 seconds
[2026-08-02T19:01:10.678+0000] {processor.py:161} INFO - Started process (PID=196) to work on /home/airflow/.local/lib/python3.12/site-packages/airflow/example_dags/example_python_operator.py
[2026-08-02T19:01:10.679+0000] {processor.py:830} INFO - Processing file /home/airflow/.local/lib/python3.12/site-packages/airflow/example_dags/example_python_operator.py for tasks to queue
[2026-08-02T19:01:10.681+0000] {logging_mixin.py:188} INFO - [2026-08-02T19:01:10.681+0000] {dagbag.py:545} INFO - Filling up the DagBag from /home/airflow/.local/lib/python3.12/site-packages/airflow/example_dags/example_python_operator.py
[2026-08-02T19:01:10.692+0000] {processor.py:840} INFO - DAG(s) 'example_python_operator' retrieved from /home/airflow/.local/lib/python3.12/site-packages/airflow/example_dags/example_python_operator.py
[2026-08-02T19:01:10.714+0000] {logging_mixin.py:188} INFO - [2026-08-02T19:01:10.714+0000] {dag.py:3089} INFO - Sync 1 DAGs
[2026-08-02T19:01:10.725+0000] {logging_mixin.py:188} INFO - [2026-08-02T19:01:10.725+0000] {dag.py:3947} INFO - Setting next_dagrun for example_python_operator to None, run_after=None
[2026-08-02T19:01:10.743+0000] {processor.py:183} INFO - Processing /home/airflow/.local/lib/python3.12/site-packages/airflow/example_dags/example_python_operator.py took 0.071 seconds
[2026-08-02T19:01:41.150+0000] {processor.py:161} INFO - Started process (PID=256) to work on /home/airflow/.local/lib/python3.12/site-packages/airflow/example_dags/example_python_operator.py
[2026-08-02T19:01:41.152+0000] {processor.py:830} INFO - Processing file /home/airflow/.local/lib/python3.12/site-packages/airflow/example_dags/example_python_operator.py for tasks to queue
[2026-08-02T19:01:41.155+0000] {logging_mixin.py:188} INFO - [2026-08-02T19:01:41.154+0000] {dagbag.py:545} INFO - Filling up the DagBag from /home/airflow/.local/lib/python3.12/site-packages/airflow/example_dags/example_python_operator.py
[2026-08-02T19:01:41.169+0000] {processor.py:840} INFO - DAG(s) 'example_python_operator' retrieved from /home/airflow/.local/lib/python3.12/site-packages/airflow/example_dags/example_python_operator.py
[2026-08-02T19:01:41.199+0000] {logging_mixin.py:188} INFO - [2026-08-02T19:01:41.198+0000] {dag.py:3089} INFO - Sync 1 DAGs
[2026-08-02T19:01:41.215+0000] {logging_mixin.py:188} INFO - [2026-08-02T19:01:41.214+0000] {dag.py:3947} INFO - Setting next_dagrun for example_python_operator to None, run_after=None
[2026-08-02T19:01:41.237+0000] {processor.py:183} INFO - Processing /home/airflow/.local/lib/python3.12/site-packages/airflow/example_dags/example_python_operator.py took 0.094 seconds
[2026-08-02T19:02:11.302+0000] {processor.py:161} INFO - Started process (PID=315) to work on /home/airflow/.local/lib/python3.12/site-packages/airflow/example_dags/example_python_operator.py
[2026-08-02T19:02:11.303+0000] {processor.py:830} INFO - Processing file /home/airflow/.local/lib/python3.12/site-packages/airflow/example_dags/example_python_operator.py for tasks to queue
[2026-08-02T19:02:11.306+0000] {logging_mixin.py:188} INFO - [2026-08-02T19:02:11.306+0000] {dagbag.py:545} INFO - Filling up the DagBag from /home/airflow/.local/lib/python3.12/site-packages/airflow/example_dags/example_python_operator.py
[2026-08-02T19:02:11.316+0000] {processor.py:840} INFO - DAG(s) 'example_python_operator' retrieved from /home/airflow/.local/lib/python3.12/site-packages/airflow/example_dags/example_python_operator.py
[2026-08-02T19:02:11.339+0000] {logging_mixin.py:188} INFO - [2026-08-02T19:02:11.338+0000] {dag.py:3089} INFO - Sync 1 DAGs
[2026-08-02T19:02:11.351+0000] {logging_mixin.py:188} INFO - [2026-08-02T19:02:11.351+0000] {dag.py:3947} INFO - Setting next_dagrun for example_python_operator to None, run_after=None
[2026-08-02T19:02:11.370+0000] {processor.py:183} INFO - Processing /home/airflow/.local/lib/python3.12/site-packages/airflow/example_dags/example_python_operator.py took 0.074 seconds
[2026-08-02T19:02:41.529+0000] {processor.py:161} INFO - Started process (PID=374) to work on /home/airflow/.local/lib/python3.12/site-packages/airflow/example_dags/example_python_operator.py
[2026-08-02T19:02:41.530+0000] {processor.py:830} INFO - Processing file /home/airflow/.local/lib/python3.12/site-packages/airflow/example_dags/example_python_operator.py for tasks to queue
[2026-08-02T19:02:41.532+0000] {logging_mixin.py:188} INFO - [2026-08-02T19:02:41.532+0000] {dagbag.py:545} INFO - Filling up the DagBag from /home/airflow/.local/lib/python3.12/site-packages/airflow/example_dags/example_python_operator.py
[2026-08-02T19:02:41.542+0000] {processor.py:840} INFO - DAG(s) 'example_python_operator' retrieved from /home/airflow/.local/lib/python3.12/site-packages/airflow/example_dags/example_python_operator.py
[2026-08-02T19:02:41.563+0000] {logging_mixin.py:188} INFO - [2026-08-02T19:02:41.563+0000] {dag.py:3089} INFO - Sync 1 DAGs
[2026-08-02T19:02:41.575+0000] {logging_mixin.py:188} INFO - [2026-08-02T19:02:41.574+0000] {dag.py:3947} INFO - Setting next_dagrun for example_python_operator to None, run_after=None
[2026-08-02T19:02:41.593+0000] {processor.py:183} INFO - Processing /home/airflow/.local/lib/python3.12/site-packages/airflow/example_dags/example_python_operator.py took 0.070 seconds
[2026-08-02T19:03:11.959+0000] {processor.py:161} INFO - Started process (PID=433) to work on /home/airflow/.local/lib/python3.12/site-packages/airflow/example_dags/example_python_operator.py
[2026-08-02T19:03:11.960+0000] {processor.py:830} INFO - Processing file /home/airflow/.local/lib/python3.12/site-packages/airflow/example_dags/example_python_operator.py for tasks to queue
[2026-08-02T19:03:11.964+0000] {logging_mixin.py:188} INFO - [2026-08-02T19:03:11.963+0000] {dagbag.py:545} INFO - Filling up the DagBag from /home/airflow/.local/lib/python3.12/site-packages/airflow/example_dags/example_python_operator.py
[2026-08-02T19:03:11.975+0000] {processor.py:840} INFO - DAG(s) 'example_python_operator' retrieved from /home/airflow/.local/lib/python3.12/site-packages/airflow/example_dags/example_python_operator.py
[2026-08-02T19:03:11.998+0000] {logging_mixin.py:188} INFO - [2026-08-02T19:03:11.998+0000] {dag.py:3089} INFO - Sync 1 DAGs
[2026-08-02T19:03:12.010+0000] {logging_mixin.py:188} INFO - [2026-08-02T19:03:12.010+0000] {dag.py:3947} INFO - Setting next_dagrun for example_python_operator to None, run_after=None
[2026-08-02T19:03:12.029+0000] {processor.py:183} INFO - Processing /home/airflow/.local/lib/python3.12/site-packages/airflow/example_dags/example_python_operator.py took 0.077 seconds
[2026-08-02T19:03:42.474+0000] {processor.py:161} INFO - Started process (PID=492) to work on /home/airflow/.local/lib/python3.12/site-packages/airflow/example_dags/example_python_operator.py
[2026-08-02T19:03:42.475+0000] {processor.py:830} INFO - Processing file /home/airflow/.local/lib/python3.12/site-packages/airflow/example_dags/example_python_operator.py for tasks to queue
[2026-08-02T19:03:42.477+0000] {logging_mixin.py:188} INFO - [2026-08-02T19:03:42.477+0000] {dagbag.py:545} INFO - Filling up the DagBag from /home/airflow/.local/lib/python3.12/site-packages/airflow/example_dags/example_python_operator.py
[2026-08-02T19:03:42.488+0000] {processor.py:840} INFO - DAG(s) 'example_python_operator' retrieved from /home/airflow/.local/lib/python3.12/site-packages/airflow/example_dags/example_python_operator.py
[2026-08-02T19:03:42.509+0000] {logging_mixin.py:188} INFO - [2026-08-02T19:03:42.509+0000] {dag.py:3089} INFO - Sync 1 DAGs
[2026-08-02T19:03:42.521+0000] {logging_mixin.py:188} INFO - [2026-08-02T19:03:42.521+0000] {dag.py:3947} INFO - Setting next_dagrun for example_python_operator to None, run_after=None
[2026-08-02T19:03:42.539+0000] {processor.py:183} INFO - Processing /home/airflow/.local/lib/python3.12/site-packages/airflow/example_dags/example_python_operator.py took 0.072 seconds
[2026-08-02T19:04:12.899+0000] {processor.py:161} INFO - Started process (PID=551) to work on /home/airflow/.local/lib/python3.12/site-packages/airflow/example_dags/example_python_operator.py
[2026-08-02T19:04:12.900+0000] {processor.py:830} INFO - Processing file /home/airflow/.local/lib/python3.12/site-packages/airflow/example_dags/example_python_operator.py for tasks to queue
[2026-08-02T19:04:12.903+0000] {logging_mixin.py:188} INFO - [2026-08-02T19:04:12.903+0000] {dagbag.py:545} INFO - Filling up the DagBag from /home/airflow/.local/lib/python3.12/site-packages/airflow/example_dags/example_python_operator.py
[2026-08-02T19:04:12.915+0000] {processor.py:840} INFO - DAG(s) 'example_python_operator' retrieved from /home/airflow/.local/lib/python3.12/site-packages/airflow/example_dags/example_python_operator.py
[2026-08-02T19:04:12.940+0000] {logging_mixin.py:188} INFO - [2026-08-02T19:04:12.940+0000] {dag.py:3089} INFO - Sync 1 DAGs
[2026-08-02T19:04:12.955+0000] {logging_mixin.py:188} INFO - [2026-08-02T19:04:12.955+0000] {dag.py:3947} INFO - Setting next_dagrun for example_python_operator to None, run_after=None
[2026-08-02T19:04:12.977+0000] {processor.py:183} INFO - Processing /home/airflow/.local/lib/python3.12/site-packages/airflow/example_dags/example_python_operator.py took 0.084 seconds
[2026-08-02T19:04:43.514+0000] {processor.py:161} INFO - Started process (PID=610) to work on /home/airflow/.local/lib/python3.12/site-packages/airflow/example_dags/example_python_operator.py
[2026-08-02T19:04:43.516+0000] {processor.py:830} INFO - Processing file /home/airflow/.local/lib/python3.12/site-packages/airflow/example_dags/example_python_operator.py for tasks to queue
[2026-08-02T19:04:43.519+0000] {logging_mixin.py:188} INFO - [2026-08-02T19:04:43.518+0000] {dagbag.py:545} INFO - Filling up the DagBag from /home/airflow/.local/lib/python3.12/site-packages/airflow/example_dags/example_python_operator.py
[2026-08-02T19:04:43.531+0000] {processor.py:840} INFO - DAG(s) 'example_python_operator' retrieved from /home/airflow/.local/lib/python3.12/site-packages/airflow/example_dags/example_python_operator.py
[2026-08-02T19:04:43.557+0000] {logging_mixin.py:188} INFO - [2026-08-02T19:04:43.556+0000] {dag.py:3089} INFO - Sync 1 DAGs
[2026-08-02T19:04:43.570+0000] {logging_mixin.py:188} INFO - [2026-08-02T19:04:43.569+0000] {dag.py:3947} INFO - Setting next_dagrun for example_python_operator to None, run_after=None
[2026-08-02T19:04:43.588+0000] {processor.py:183} INFO - Processing /home/airflow/.local/lib/python3.12/site-packages/airflow/example_dags/example_python_operator.py took 0.080 seconds
[2026-08-02T19:05:13.663+0000] {processor.py:161} INFO - Started process (PID=669) to work on /home/airflow/.local/lib/python3.12/site-packages/airflow/example_dags/example_python_operator.py
[2026-08-02T19:05:13.665+0000] {processor.py:830} INFO - Processing file /home/airflow/.local/lib/python3.12/site-packages/airflow/example_dags/example_python_operator.py for tasks to queue
[2026-08-02T19:05:13.667+0000] {logging_mixin.py:188} INFO - [2026-08-02T19:05:13.667+0000] {dagbag.py:545} INFO - Filling up the DagBag from /home/airflow/.local/lib/python3.12/site-packages/airflow/example_dags/example_python_operator.py
[2026-08-02T19:05:13.678+0000] {processor.py:840} INFO - DAG(s) 'example_python_operator' retrieved from /home/airflow/.local/lib/python3.12/site-packages/airflow/example_dags/example_python_operator.py
[2026-08-02T19:05:13.700+0000] {logging_mixin.py:188} INFO - [2026-08-02T19:05:13.699+0000] {dag.py:3089} INFO - Sync 1 DAGs
[2026-08-02T19:05:13.711+0000] {logging_mixin.py:188} INFO - [2026-08-02T19:05:13.711+0000] {dag.py:3947} INFO - Setting next_dagrun for example_python_operator to None, run_after=None
[2026-08-02T19:05:13.729+0000] {processor.py:183} INFO - Processing /home/airflow/.local/lib/python3.12/site-packages/airflow/example_dags/example_python_operator.py took 0.072 seconds
[2026-08-02T19:05:44.719+0000] {processor.py:161} INFO - Started process (PID=728) to work on /home/airflow/.local/lib/python3.12/site-packages/airflow/example_dags/example_python_operator.py
[2026-08-02T19:05:44.721+0000] {processor.py:830} INFO - Processing file /home/airflow/.local/lib/python3.12/site-packages/airflow/example_dags/example_python_operator.py for tasks to queue
[2026-08-02T19:05:44.723+0000] {logging_mixin.py:188} INFO - [2026-08-02T19:05:44.723+0000] {dagbag.py:545} INFO - Filling up the DagBag from /home/airflow/.local/lib/python3.12/site-packages/airflow/example_dags/example_python_operator.py
[2026-08-02T19:05:44.736+0000] {processor.py:840} INFO - DAG(s) 'example_python_operator' retrieved from /home/airflow/.local/lib/python3.12/site-packages/airflow/example_dags/example_python_operator.py
[2026-08-02T19:05:44.757+0000] {logging_mixin.py:188} INFO - [2026-08-02T19:05:44.756+0000] {dag.py:3089} INFO - Sync 1 DAGs
[2026-08-02T19:05:44.779+0000] {logging_mixin.py:188} INFO - [2026-08-02T19:05:44.778+0000] {dag.py:3947} INFO - Setting next_dagrun for example_python_operator to None, run_after=None
[2026-08-02T19:05:44.829+0000] {processor.py:183} INFO - Processing /home/airflow/.local/lib/python3.12/site-packages/airflow/example_dags/example_python_operator.py took 0.118 seconds
[2026-08-02T19:06:15.121+0000] {processor.py:161} INFO - Started process (PID=787) to work on /home/airflow/.local/lib/python3.12/site-packages/airflow/example_dags/example_python_operator.py
[2026-08-02T19:06:15.122+0000] {processor.py:830} INFO - Processing file /home/airflow/.local/lib/python3.12/site-packages/airflow/example_dags/example_python_operator.py for tasks to queue
[2026-08-02T19:06:15.125+0000] {logging_mixin.py:188} INFO - [2026-08-02T19:06:15.124+0000] {dagbag.py:545} INFO - Filling up the DagBag from /home/airflow/.local/lib/python3.12/site-packages/airflow/example_dags/example_python_operator.py
[2026-08-02T19:06:15.136+0000] {processor.py:840} INFO - DAG(s) 'example_python_operator' retrieved from /home/airflow/.local/lib/python3.12/site-packages/airflow/example_dags/example_python_operator.py
[2026-08-02T19:06:15.160+0000] {logging_mixin.py:188} INFO - [2026-08-02T19:06:15.159+0000] {dag.py:3089} INFO - Sync 1 DAGs
[2026-08-02T19:06:15.172+0000] {logging_mixin.py:188} INFO - [2026-08-02T19:06:15.172+0000] {dag.py:3947} INFO - Setting next_dagrun for example_python_operator to None, run_after=None
[2026-08-02T19:06:15.190+0000] {processor.py:183} INFO - Processing /home/airflow/.local/lib/python3.12/site-packages/airflow/example_dags/example_python_operator.py took 0.076 seconds
[2026-08-02T19:06:45.839+0000] {processor.py:161} INFO - Started process (PID=846) to work on /home/airflow/.local/lib/python3.12/site-packages/airflow/example_dags/example_python_operator.py
[2026-08-02T19:06:45.841+0000] {processor.py:830} INFO - Processing file /home/airflow/.local/lib/python3.12/site-packages/airflow/example_dags/example_python_operator.py for tasks to queue
[2026-08-02T19:06:45.844+0000] {logging_mixin.py:188} INFO - [2026-08-02T19:06:45.843+0000] {dagbag.py:545} INFO - Filling up the DagBag from /home/airflow/.local/lib/python3.12/site-packages/airflow/example_dags/example_python_operator.py
[2026-08-02T19:06:45.859+0000] {processor.py:840} INFO - DAG(s) 'example_python_operator' retrieved from /home/airflow/.local/lib/python3.12/site-packages/airflow/example_dags/example_python_operator.py
[2026-08-02T19:06:45.891+0000] {logging_mixin.py:188} INFO - [2026-08-02T19:06:45.891+0000] {dag.py:3089} INFO - Sync 1 DAGs
[2026-08-02T19:06:45.903+0000] {logging_mixin.py:188} INFO - [2026-08-02T19:06:45.903+0000] {dag.py:3947} INFO - Setting next_dagrun for example_python_operator to None, run_after=None
[2026-08-02T19:06:45.930+0000] {processor.py:183} INFO - Processing /home/airflow/.local/lib/python3.12/site-packages/airflow/example_dags/example_python_operator.py took 0.100 seconds
[2026-08-02T19:07:16.583+0000] {processor.py:161} INFO - Started process (PID=905) to work on /home/airflow/.local/lib/python3.12/site-packages/airflow/example_dags/example_python_operator.py
[2026-08-02T19:07:16.585+0000] {processor.py:830} INFO - Processing file /home/airflow/.local/lib/python3.12/site-packages/airflow/example_dags/example_python_operator.py for tasks to queue
[2026-08-02T19:07:16.587+0000] {logging_mixin.py:188} INFO - [2026-08-02T19:07:16.587+0000] {dagbag.py:545} INFO - Filling up the DagBag from /home/airflow/.local/lib/python3.12/site-packages/airflow/example_dags/example_python_operator.py
[2026-08-02T19:07:16.597+0000] {processor.py:840} INFO - DAG(s) 'example_python_operator' retrieved from /home/airflow/.local/lib/python3.12/site-packages/airflow/example_dags/example_python_operator.py
[2026-08-02T19:07:16.618+0000] {logging_mixin.py:188} INFO - [2026-08-02T19:07:16.618+0000] {dag.py:3089} INFO - Sync 1 DAGs
[2026-08-02T19:07:16.630+0000] {logging_mixin.py:188} INFO - [2026-08-02T19:07:16.630+0000] {dag.py:3947} INFO - Setting next_dagrun for example_python_operator to None, run_after=None
[2026-08-02T19:07:16.647+0000] {processor.py:183} INFO - Processing /home/airflow/.local/lib/python3.12/site-packages/airflow/example_dags/example_python_operator.py took 0.070 seconds
[2026-08-02T19:07:46.981+0000] {processor.py:161} INFO - Started process (PID=964) to work on /home/airflow/.local/lib/python3.12/site-packages/airflow/example_dags/example_python_operator.py
[2026-08-02T19:07:46.982+0000] {processor.py:830} INFO - Processing file /home/airflow/.local/lib/python3.12/site-packages/airflow/example_dags/example_python_operator.py for tasks to queue
[2026-08-02T19:07:46.985+0000] {logging_mixin.py:188} INFO - [2026-08-02T19:07:46.985+0000] {dagbag.py:545} INFO - Filling up the DagBag from /home/airflow/.local/lib/python3.12/site-packages/airflow/example_dags/example_python_operator.py
[2026-08-02T19:07:46.995+0000] {processor.py:840} INFO - DAG(s) 'example_python_operator' retrieved from /home/airflow/.local/lib/python3.12/site-packages/airflow/example_dags/example_python_operator.py
[2026-08-02T19:07:47.016+0000] {logging_mixin.py:188} INFO - [2026-08-02T19:07:47.016+0000] {dag.py:3089} INFO - Sync 1 DAGs
[2026-08-02T19:07:47.028+0000] {logging_mixin.py:188} INFO - [2026-08-02T19:07:47.028+0000] {dag.py:3947} INFO - Setting next_dagrun for example_python_operator to None, run_after=None
[2026-08-02T19:07:47.046+0000] {processor.py:183} INFO - Processing /home/airflow/.local/lib/python3.12/site-packages/airflow/example_dags/example_python_operator.py took 0.071 seconds
[2026-08-02T19:08:17.413+0000] {processor.py:161} INFO - Started process (PID=1023) to work on /home/airflow/.local/lib/python3.12/site-packages/airflow/example_dags/example_python_operator.py
[2026-08-02T19:08:17.415+0000] {processor.py:830} INFO - Processing file /home/airflow/.local/lib/python3.12/site-packages/airflow/example_dags/example_python_operator.py for tasks to queue
[2026-08-02T19:08:17.418+0000] {logging_mixin.py:188} INFO - [2026-08-02T19:08:17.418+0000] {dagbag.py:545} INFO - Filling up the DagBag from /home/airflow/.local/lib/python3.12/site-packages/airflow/example_dags/example_python_operator.py
[2026-08-02T19:08:17.430+0000] {processor.py:840} INFO - DAG(s) 'example_python_operator' retrieved from /home/airflow/.local/lib/python3.12/site-packages/airflow/example_dags/example_python_operator.py
[2026-08-02T19:08:17.457+0000] {logging_mixin.py:188} INFO - [2026-08-02T19:08:17.456+0000] {dag.py:3089} INFO - Sync 1 DAGs
[2026-08-02T19:08:17.471+0000] {logging_mixin.py:188} INFO - [2026-08-02T19:08:17.471+0000] {dag.py:3947} INFO - Setting next_dagrun for example_python_operator to None, run_after=None
[2026-08-02T19:08:17.494+0000] {processor.py:183} INFO - Processing /home/airflow/.local/lib/python3.12/site-packages/airflow/example_dags/example_python_operator.py took 0.086 seconds
[2026-08-02T19:09:49.665+0000] {processor.py:161} INFO - Started process (PID=114) to work on /home/airflow/.local/lib/python3.12/site-packages/airflow/example_dags/example_python_operator.py
[2026-08-02T19:09:49.668+0000] {processor.py:830} INFO - Processing file /home/airflow/.local/lib/python3.12/site-packages/airflow/example_dags/example_python_operator.py for tasks to queue
[2026-08-02T19:09:49.672+0000] {logging_mixin.py:188} INFO - [2026-08-02T19:09:49.671+0000] {dagbag.py:545} INFO - Filling up the DagBag from /home/airflow/.local/lib/python3.12/site-packages/airflow/example_dags/example_python_operator.py
[2026-08-02T19:09:49.707+0000] {processor.py:840} INFO - DAG(s) 'example_python_operator' retrieved from /home/airflow/.local/lib/python3.12/site-packages/airflow/example_dags/example_python_operator.py
[2026-08-02T19:09:49.840+0000] {logging_mixin.py:188} INFO - [2026-08-02T19:09:49.840+0000] {dag.py:3089} INFO - Sync 1 DAGs
[2026-08-02T19:09:49.853+0000] {logging_mixin.py:188} INFO - [2026-08-02T19:09:49.852+0000] {dag.py:3947} INFO - Setting next_dagrun for example_python_operator to None, run_after=None
[2026-08-02T19:09:49.874+0000] {processor.py:183} INFO - Processing /home/airflow/.local/lib/python3.12/site-packages/airflow/example_dags/example_python_operator.py took 0.218 seconds
[2026-08-02T19:10:20.865+0000] {processor.py:161} INFO - Started process (PID=173) to work on /home/airflow/.local/lib/python3.12/site-packages/airflow/example_dags/example_python_operator.py
[2026-08-02T19:10:20.868+0000] {processor.py:830} INFO - Processing file /home/airflow/.local/lib/python3.12/site-packages/airflow/example_dags/example_python_operator.py for tasks to queue
[2026-08-02T19:10:20.871+0000] {logging_mixin.py:188} INFO - [2026-08-02T19:10:20.870+0000] {dagbag.py:545} INFO - Filling up the DagBag from /home/airflow/.local/lib/python3.12/site-packages/airflow/example_dags/example_python_operator.py
[2026-08-02T19:10:20.885+0000] {processor.py:840} INFO - DAG(s) 'example_python_operator' retrieved from /home/airflow/.local/lib/python3.12/site-packages/airflow/example_dags/example_python_operator.py
[2026-08-02T19:10:20.910+0000] {logging_mixin.py:188} INFO - [2026-08-02T19:10:20.910+0000] {dag.py:3089} INFO - Sync 1 DAGs
[2026-08-02T19:10:20.924+0000] {logging_mixin.py:188} INFO - [2026-08-02T19:10:20.924+0000] {dag.py:3947} INFO - Setting next_dagrun for example_python_operator to None, run_after=None
[2026-08-02T19:10:20.947+0000] {processor.py:183} INFO - Processing /home/airflow/.local/lib/python3.12/site-packages/airflow/example_dags/example_python_operator.py took 0.090 seconds
[2026-08-02T19:10:51.382+0000] {processor.py:161} INFO - Started process (PID=232) to work on /home/airflow/.local/lib/python3.12/site-packages/airflow/example_dags/example_python_operator.py
[2026-08-02T19:10:51.384+0000] {processor.py:830} INFO - Processing file /home/airflow/.local/lib/python3.12/site-packages/airflow/example_dags/example_python_operator.py for tasks to queue
[2026-08-02T19:10:51.386+0000] {logging_mixin.py:188} INFO - [2026-08-02T19:10:51.386+0000] {dagbag.py:545} INFO - Filling up the DagBag from /home/airflow/.local/lib/python3.12/site-packages/airflow/example_dags/example_python_operator.py
[2026-08-02T19:10:51.399+0000] {processor.py:840} INFO - DAG(s) 'example_python_operator' retrieved from /home/airflow/.local/lib/python3.12/site-packages/airflow/example_dags/example_python_operator.py
[2026-08-02T19:10:51.423+0000] {logging_mixin.py:188} INFO - [2026-08-02T19:10:51.423+0000] {dag.py:3089} INFO - Sync 1 DAGs
[2026-08-02T19:10:51.436+0000] {logging_mixin.py:188} INFO - [2026-08-02T19:10:51.436+0000] {dag.py:3947} INFO - Setting next_dagrun for example_python_operator to None, run_after=None
[2026-08-02T19:10:51.458+0000] {processor.py:183} INFO - Processing /home/airflow/.local/lib/python3.12/site-packages/airflow/example_dags/example_python_operator.py took 0.084 seconds
[2026-08-02T19:11:22.280+0000] {processor.py:161} INFO - Started process (PID=291) to work on /home/airflow/.local/lib/python3.12/site-packages/airflow/example_dags/example_python_operator.py
[2026-08-02T19:11:22.282+0000] {processor.py:830} INFO - Processing file /home/airflow/.local/lib/python3.12/site-packages/airflow/example_dags/example_python_operator.py for tasks to queue
[2026-08-02T19:11:22.286+0000] {logging_mixin.py:188} INFO - [2026-08-02T19:11:22.285+0000] {dagbag.py:545} INFO - Filling up the DagBag from /home/airflow/.local/lib/python3.12/site-packages/airflow/example_dags/example_python_operator.py
[2026-08-02T19:11:22.297+0000] {processor.py:840} INFO - DAG(s) 'example_python_operator' retrieved from /home/airflow/.local/lib/python3.12/site-packages/airflow/example_dags/example_python_operator.py
[2026-08-02T19:11:22.323+0000] {logging_mixin.py:188} INFO - [2026-08-02T19:11:22.323+0000] {dag.py:3089} INFO - Sync 1 DAGs
[2026-08-02T19:11:22.337+0000] {logging_mixin.py:188} INFO - [2026-08-02T19:11:22.336+0000] {dag.py:3947} INFO - Setting next_dagrun for example_python_operator to None, run_after=None
[2026-08-02T19:11:22.369+0000] {processor.py:183} INFO - Processing /home/airflow/.local/lib/python3.12/site-packages/airflow/example_dags/example_python_operator.py took 0.097 seconds
[2026-08-02T19:11:53.004+0000] {processor.py:161} INFO - Started process (PID=350) to work on /home/airflow/.local/lib/python3.12/site-packages/airflow/example_dags/example_python_operator.py
[2026-08-02T19:11:53.006+0000] {processor.py:830} INFO - Processing file /home/airflow/.local/lib/python3.12/site-packages/airflow/example_dags/example_python_operator.py for tasks to queue
[2026-08-02T19:11:53.008+0000] {logging_mixin.py:188} INFO - [2026-08-02T19:11:53.008+0000] {dagbag.py:545} INFO - Filling up the DagBag from /home/airflow/.local/lib/python3.12/site-packages/airflow/example_dags/example_python_operator.py
[2026-08-02T19:11:53.021+0000] {processor.py:840} INFO - DAG(s) 'example_python_operator' retrieved from /home/airflow/.local/lib/python3.12/site-packages/airflow/example_dags/example_python_operator.py
[2026-08-02T19:11:53.047+0000] {logging_mixin.py:188} INFO - [2026-08-02T19:11:53.047+0000] {dag.py:3089} INFO - Sync 1 DAGs
[2026-08-02T19:11:53.062+0000] {logging_mixin.py:188} INFO - [2026-08-02T19:11:53.061+0000] {dag.py:3947} INFO - Setting next_dagrun for example_python_operator to None, run_after=None
[2026-08-02T19:11:53.083+0000] {processor.py:183} INFO - Processing /home/airflow/.local/lib/python3.12/site-packages/airflow/example_dags/example_python_operator.py took 0.088 seconds
[2026-08-02T19:12:23.691+0000] {processor.py:161} INFO - Started process (PID=409) to work on /home/airflow/.local/lib/python3.12/site-packages/airflow/example_dags/example_python_operator.py
[2026-08-02T19:12:23.693+0000] {processor.py:830} INFO - Processing file /home/airflow/.local/lib/python3.12/site-packages/airflow/example_dags/example_python_operator.py for tasks to queue
[2026-08-02T19:12:23.696+0000] {logging_mixin.py:188} INFO - [2026-08-02T19:12:23.695+0000] {dagbag.py:545} INFO - Filling up the DagBag from /home/airflow/.local/lib/python3.12/site-packages/airflow/example_dags/example_python_operator.py
[2026-08-02T19:12:23.707+0000] {processor.py:840} INFO - DAG(s) 'example_python_operator' retrieved from /home/airflow/.local/lib/python3.12/site-packages/airflow/example_dags/example_python_operator.py
[2026-08-02T19:12:23.732+0000] {logging_mixin.py:188} INFO - [2026-08-02T19:12:23.732+0000] {dag.py:3089} INFO - Sync 1 DAGs
[2026-08-02T19:12:23.745+0000] {logging_mixin.py:188} INFO - [2026-08-02T19:12:23.745+0000] {dag.py:3947} INFO - Setting next_dagrun for example_python_operator to None, run_after=None
[2026-08-02T19:12:23.768+0000] {processor.py:183} INFO - Processing /home/airflow/.local/lib/python3.12/site-packages/airflow/example_dags/example_python_operator.py took 0.083 seconds
[2026-08-02T19:12:53.943+0000] {processor.py:161} INFO - Started process (PID=468) to work on /home/airflow/.local/lib/python3.12/site-packages/airflow/example_dags/example_python_operator.py
[2026-08-02T19:12:53.946+0000] {processor.py:830} INFO - Processing file /home/airflow/.local/lib/python3.12/site-packages/airflow/example_dags/example_python_operator.py for tasks to queue
[2026-08-02T19:12:53.949+0000] {logging_mixin.py:188} INFO - [2026-08-02T19:12:53.949+0000] {dagbag.py:545} INFO - Filling up the DagBag from /home/airflow/.local/lib/python3.12/site-packages/airflow/example_dags/example_python_operator.py
[2026-08-02T19:12:53.969+0000] {processor.py:840} INFO - DAG(s) 'example_python_operator' retrieved from /home/airflow/.local/lib/python3.12/site-packages/airflow/example_dags/example_python_operator.py
[2026-08-02T19:12:53.991+0000] {logging_mixin.py:188} INFO - [2026-08-02T19:12:53.991+0000] {dag.py:3089} INFO - Sync 1 DAGs
[2026-08-02T19:12:54.005+0000] {logging_mixin.py:188} INFO - [2026-08-02T19:12:54.005+0000] {dag.py:3947} INFO - Setting next_dagrun for example_python_operator to None, run_after=None
[2026-08-02T19:12:54.040+0000] {processor.py:183} INFO - Processing /home/airflow/.local/lib/python3.12/site-packages/airflow/example_dags/example_python_operator.py took 0.108 seconds
[2026-08-02T19:13:24.430+0000] {processor.py:161} INFO - Started process (PID=527) to work on /home/airflow/.local/lib/python3.12/site-packages/airflow/example_dags/example_python_operator.py
[2026-08-02T19:13:24.432+0000] {processor.py:830} INFO - Processing file /home/airflow/.local/lib/python3.12/site-packages/airflow/example_dags/example_python_operator.py for tasks to queue
[2026-08-02T19:13:24.434+0000] {logging_mixin.py:188} INFO - [2026-08-02T19:13:24.434+0000] {dagbag.py:545} INFO - Filling up the DagBag from /home/airflow/.local/lib/python3.12/site-packages/airflow/example_dags/example_python_operator.py
[2026-08-02T19:13:24.445+0000] {processor.py:840} INFO - DAG(s) 'example_python_operator' retrieved from /home/airflow/.local/lib/python3.12/site-packages/airflow/example_dags/example_python_operator.py
[2026-08-02T19:13:24.469+0000] {logging_mixin.py:188} INFO - [2026-08-02T19:13:24.468+0000] {dag.py:3089} INFO - Sync 1 DAGs
[2026-08-02T19:13:24.481+0000] {logging_mixin.py:188} INFO - [2026-08-02T19:13:24.480+0000] {dag.py:3947} INFO - Setting next_dagrun for example_python_operator to None, run_after=None
[2026-08-02T19:13:24.500+0000] {processor.py:183} INFO - Processing /home/airflow/.local/lib/python3.12/site-packages/airflow/example_dags/example_python_operator.py took 0.078 seconds
[2026-08-02T19:13:54.714+0000] {processor.py:161} INFO - Started process (PID=586) to work on /home/airflow/.local/lib/python3.12/site-packages/airflow/example_dags/example_python_operator.py
[2026-08-02T19:13:54.716+0000] {processor.py:830} INFO - Processing file /home/airflow/.local/lib/python3.12/site-packages/airflow/example_dags/example_python_operator.py for tasks to queue
[2026-08-02T19:13:54.718+0000] {logging_mixin.py:188} INFO - [2026-08-02T19:13:54.718+0000] {dagbag.py:545} INFO - Filling up the DagBag from /home/airflow/.local/lib/python3.12/site-packages/airflow/example_dags/example_python_operator.py
[2026-08-02T19:13:54.730+0000] {processor.py:840} INFO - DAG(s) 'example_python_operator' retrieved from /home/airflow/.local/lib/python3.12/site-packages/airflow/example_dags/example_python_operator.py
[2026-08-02T19:13:54.758+0000] {logging_mixin.py:188} INFO - [2026-08-02T19:13:54.757+0000] {dag.py:3089} INFO - Sync 1 DAGs
[2026-08-02T19:13:54.771+0000] {logging_mixin.py:188} INFO - [2026-08-02T19:13:54.771+0000] {dag.py:3947} INFO - Setting next_dagrun for example_python_operator to None, run_after=None
[2026-08-02T19:13:54.793+0000] {processor.py:183} INFO - Processing /home/airflow/.local/lib/python3.12/site-packages/airflow/example_dags/example_python_operator.py took 0.086 seconds
[2026-08-02T19:14:24.992+0000] {processor.py:161} INFO - Started process (PID=645) to work on /home/airflow/.local/lib/python3.12/site-packages/airflow/example_dags/example_python_operator.py
[2026-08-02T19:14:24.994+0000] {processor.py:830} INFO - Processing file /home/airflow/.local/lib/python3.12/site-packages/airflow/example_dags/example_python_operator.py for tasks to queue
[2026-08-02T19:14:24.998+0000] {logging_mixin.py:188} INFO - [2026-08-02T19:14:24.997+0000] {dagbag.py:545} INFO - Filling up the DagBag from /home/airflow/.local/lib/python3.12/site-packages/airflow/example_dags/example_python_operator.py
[2026-08-02T19:14:25.012+0000] {processor.py:840} INFO - DAG(s) 'example_python_operator' retrieved from /home/airflow/.local/lib/python3.12/site-packages/airflow/example_dags/example_python_operator.py
[2026-08-02T19:14:25.033+0000] {logging_mixin.py:188} INFO - [2026-08-02T19:14:25.032+0000] {dag.py:3089} INFO - Sync 1 DAGs
[2026-08-02T19:14:25.044+0000] {logging_mixin.py:188} INFO - [2026-08-02T19:14:25.044+0000] {dag.py:3947} INFO - Setting next_dagrun for example_python_operator to None, run_after=None
[2026-08-02T19:14:25.063+0000] {processor.py:183} INFO - Processing /home/airflow/.local/lib/python3.12/site-packages/airflow/example_dags/example_python_operator.py took 0.081 seconds
[2026-08-02T19:14:55.506+0000] {processor.py:161} INFO - Started process (PID=704) to work on /home/airflow/.local/lib/python3.12/site-packages/airflow/example_dags/example_python_operator.py
[2026-08-02T19:14:55.508+0000] {processor.py:830} INFO - Processing file /home/airflow/.local/lib/python3.12/site-packages/airflow/example_dags/example_python_operator.py for tasks to queue
[2026-08-02T19:14:55.510+0000] {logging_mixin.py:188} INFO - [2026-08-02T19:14:55.510+0000] {dagbag.py:545} INFO - Filling up the DagBag from /home/airflow/.local/lib/python3.12/site-packages/airflow/example_dags/example_python_operator.py
[2026-08-02T19:14:55.525+0000] {processor.py:840} INFO - DAG(s) 'example_python_operator' retrieved from /home/airflow/.local/lib/python3.12/site-packages/airflow/example_dags/example_python_operator.py
[2026-08-02T19:14:55.551+0000] {logging_mixin.py:188} INFO - [2026-08-02T19:14:55.550+0000] {dag.py:3089} INFO - Sync 1 DAGs
[2026-08-02T19:14:55.562+0000] {logging_mixin.py:188} INFO - [2026-08-02T19:14:55.562+0000] {dag.py:3947} INFO - Setting next_dagrun for example_python_operator to None, run_after=None
[2026-08-02T19:14:55.581+0000] {processor.py:183} INFO - Processing /home/airflow/.local/lib/python3.12/site-packages/airflow/example_dags/example_python_operator.py took 0.079 seconds
[2026-08-02T19:15:26.111+0000] {processor.py:161} INFO - Started process (PID=763) to work on /home/airflow/.local/lib/python3.12/site-packages/airflow/example_dags/example_python_operator.py
[2026-08-02T19:15:26.113+0000] {processor.py:830} INFO - Processing file /home/airflow/.local/lib/python3.12/site-packages/airflow/example_dags/example_python_operator.py for tasks to queue
[2026-08-02T19:15:26.116+0000] {logging_mixin.py:188} INFO - [2026-08-02T19:15:26.116+0000] {dagbag.py:545} INFO - Filling up the DagBag from /home/airflow/.local/lib/python3.12/site-packages/airflow/example_dags/example_python_operator.py
[2026-08-02T19:15:26.128+0000] {processor.py:840} INFO - DAG(s) 'example_python_operator' retrieved from /home/airflow/.local/lib/python3.12/site-packages/airflow/example_dags/example_python_operator.py
[2026-08-02T19:15:26.149+0000] {logging_mixin.py:188} INFO - [2026-08-02T19:15:26.149+0000] {dag.py:3089} INFO - Sync 1 DAGs
[2026-08-02T19:15:26.161+0000] {logging_mixin.py:188} INFO - [2026-08-02T19:15:26.161+0000] {dag.py:3947} INFO - Setting next_dagrun for example_python_operator to None, run_after=None
[2026-08-02T19:15:26.181+0000] {processor.py:183} INFO - Processing /home/airflow/.local/lib/python3.12/site-packages/airflow/example_dags/example_python_operator.py took 0.081 seconds
[2026-08-02T19:15:56.800+0000] {processor.py:161} INFO - Started process (PID=822) to work on /home/airflow/.local/lib/python3.12/site-packages/airflow/example_dags/example_python_operator.py
[2026-08-02T19:15:56.801+0000] {processor.py:830} INFO - Processing file /home/airflow/.local/lib/python3.12/site-packages/airflow/example_dags/example_python_operator.py for tasks to queue
[2026-08-02T19:15:56.804+0000] {logging_mixin.py:188} INFO - [2026-08-02T19:15:56.803+0000] {dagbag.py:545} INFO - Filling up the DagBag from /home/airflow/.local/lib/python3.12/site-packages/airflow/example_dags/example_python_operator.py
[2026-08-02T19:15:56.814+0000] {processor.py:840} INFO - DAG(s) 'example_python_operator' retrieved from /home/airflow/.local/lib/python3.12/site-packages/airflow/example_dags/example_python_operator.py
[2026-08-02T19:15:56.836+0000] {logging_mixin.py:188} INFO - [2026-08-02T19:15:56.835+0000] {dag.py:3089} INFO - Sync 1 DAGs
[2026-08-02T19:15:56.847+0000] {logging_mixin.py:188} INFO - [2026-08-02T19:15:56.847+0000] {dag.py:3947} INFO - Setting next_dagrun for example_python_operator to None, run_after=None
[2026-08-02T19:15:56.883+0000] {processor.py:183} INFO - Processing /home/airflow/.local/lib/python3.12/site-packages/airflow/example_dags/example_python_operator.py took 0.088 seconds
[2026-08-02T19:16:27.253+0000] {processor.py:161} INFO - Started process (PID=881) to work on /home/airflow/.local/lib/python3.12/site-packages/airflow/example_dags/example_python_operator.py
[2026-08-02T19:16:27.255+0000] {processor.py:830} INFO - Processing file /home/airflow/.local/lib/python3.12/site-packages/airflow/example_dags/example_python_operator.py for tasks to queue
[2026-08-02T19:16:27.257+0000] {logging_mixin.py:188} INFO - [2026-08-02T19:16:27.257+0000] {dagbag.py:545} INFO - Filling up the DagBag from /home/airflow/.local/lib/python3.12/site-packages/airflow/example_dags/example_python_operator.py
[2026-08-02T19:16:27.268+0000] {processor.py:840} INFO - DAG(s) 'example_python_operator' retrieved from /home/airflow/.local/lib/python3.12/site-packages/airflow/example_dags/example_python_operator.py
[2026-08-02T19:16:27.291+0000] {logging_mixin.py:188} INFO - [2026-08-02T19:16:27.291+0000] {dag.py:3089} INFO - Sync 1 DAGs
[2026-08-02T19:16:27.305+0000] {logging_mixin.py:188} INFO - [2026-08-02T19:16:27.305+0000] {dag.py:3947} INFO - Setting next_dagrun for example_python_operator to None, run_after=None
[2026-08-02T19:16:27.326+0000] {processor.py:183} INFO - Processing /home/airflow/.local/lib/python3.12/site-packages/airflow/example_dags/example_python_operator.py took 0.082 seconds
[2026-08-02T19:16:58.060+0000] {processor.py:161} INFO - Started process (PID=940) to work on /home/airflow/.local/lib/python3.12/site-packages/airflow/example_dags/example_python_operator.py
[2026-08-02T19:16:58.062+0000] {processor.py:830} INFO - Processing file /home/airflow/.local/lib/python3.12/site-packages/airflow/example_dags/example_python_operator.py for tasks to queue
[2026-08-02T19:16:58.066+0000] {logging_mixin.py:188} INFO - [2026-08-02T19:16:58.065+0000] {dagbag.py:545} INFO - Filling up the DagBag from /home/airflow/.local/lib/python3.12/site-packages/airflow/example_dags/example_python_operator.py
[2026-08-02T19:16:58.078+0000] {processor.py:840} INFO - DAG(s) 'example_python_operator' retrieved from /home/airflow/.local/lib/python3.12/site-packages/airflow/example_dags/example_python_operator.py
[2026-08-02T19:16:58.102+0000] {logging_mixin.py:188} INFO - [2026-08-02T19:16:58.102+0000] {dag.py:3089} INFO - Sync 1 DAGs
[2026-08-02T19:16:58.115+0000] {logging_mixin.py:188} INFO - [2026-08-02T19:16:58.115+0000] {dag.py:3947} INFO - Setting next_dagrun for example_python_operator to None, run_after=None
[2026-08-02T19:16:58.136+0000] {processor.py:183} INFO - Processing /home/airflow/.local/lib/python3.12/site-packages/airflow/example_dags/example_python_operator.py took 0.082 seconds
[2026-08-02T19:17:28.811+0000] {processor.py:161} INFO - Started process (PID=999) to work on /home/airflow/.local/lib/python3.12/site-packages/airflow/example_dags/example_python_operator.py
[2026-08-02T19:17:28.813+0000] {processor.py:830} INFO - Processing file /home/airflow/.local/lib/python3.12/site-packages/airflow/example_dags/example_python_operator.py for tasks to queue
[2026-08-02T19:17:28.815+0000] {logging_mixin.py:188} INFO - [2026-08-02T19:17:28.815+0000] {dagbag.py:545} INFO - Filling up the DagBag from /home/airflow/.local/lib/python3.12/site-packages/airflow/example_dags/example_python_operator.py
[2026-08-02T19:17:28.826+0000] {processor.py:840} INFO - DAG(s) 'example_python_operator' retrieved from /home/airflow/.local/lib/python3.12/site-packages/airflow/example_dags/example_python_operator.py
[2026-08-02T19:17:28.848+0000] {logging_mixin.py:188} INFO - [2026-08-02T19:17:28.848+0000] {dag.py:3089} INFO - Sync 1 DAGs
[2026-08-02T19:17:28.859+0000] {logging_mixin.py:188} INFO - [2026-08-02T19:17:28.859+0000] {dag.py:3947} INFO - Setting next_dagrun for example_python_operator to None, run_after=None
[2026-08-02T19:17:28.890+0000] {processor.py:183} INFO - Processing /home/airflow/.local/lib/python3.12/site-packages/airflow/example_dags/example_python_operator.py took 0.087 seconds
[2026-08-02T19:17:59.777+0000] {processor.py:161} INFO - Started process (PID=1058) to work on /home/airflow/.local/lib/python3.12/site-packages/airflow/example_dags/example_python_operator.py
[2026-08-02T19:17:59.779+0000] {processor.py:830} INFO - Processing file /home/airflow/.local/lib/python3.12/site-packages/airflow/example_dags/example_python_operator.py for tasks to queue
[2026-08-02T19:17:59.781+0000] {logging_mixin.py:188} INFO - [2026-08-02T19:17:59.780+0000] {dagbag.py:545} INFO - Filling up the DagBag from /home/airflow/.local/lib/python3.12/site-packages/airflow/example_dags/example_python_operator.py
[2026-08-02T19:17:59.790+0000] {processor.py:840} INFO - DAG(s) 'example_python_operator' retrieved from /home/airflow/.local/lib/python3.12/site-packages/airflow/example_dags/example_python_operator.py
[2026-08-02T19:17:59.810+0000] {logging_mixin.py:188} INFO - [2026-08-02T19:17:59.809+0000] {dag.py:3089} INFO - Sync 1 DAGs
[2026-08-02T19:17:59.820+0000] {logging_mixin.py:188} INFO - [2026-08-02T19:17:59.820+0000] {dag.py:3947} INFO - Setting next_dagrun for example_python_operator to None, run_after=None
[2026-08-02T19:17:59.837+0000] {processor.py:183} INFO - Processing /home/airflow/.local/lib/python3.12/site-packages/airflow/example_dags/example_python_operator.py took 0.064 seconds
[2026-08-02T19:18:30.301+0000] {processor.py:161} INFO - Started process (PID=1117) to work on /home/airflow/.local/lib/python3.12/site-packages/airflow/example_dags/example_python_operator.py
[2026-08-02T19:18:30.302+0000] {processor.py:830} INFO - Processing file /home/airflow/.local/lib/python3.12/site-packages/airflow/example_dags/example_python_operator.py for tasks to queue
[2026-08-02T19:18:30.305+0000] {logging_mixin.py:188} INFO - [2026-08-02T19:18:30.304+0000] {dagbag.py:545} INFO - Filling up the DagBag from /home/airflow/.local/lib/python3.12/site-packages/airflow/example_dags/example_python_operator.py
[2026-08-02T19:18:30.316+0000] {processor.py:840} INFO - DAG(s) 'example_python_operator' retrieved from /home/airflow/.local/lib/python3.12/site-packages/airflow/example_dags/example_python_operator.py
[2026-08-02T19:18:30.339+0000] {logging_mixin.py:188} INFO - [2026-08-02T19:18:30.339+0000] {dag.py:3089} INFO - Sync 1 DAGs
[2026-08-02T19:18:30.351+0000] {logging_mixin.py:188} INFO - [2026-08-02T19:18:30.350+0000] {dag.py:3947} INFO - Setting next_dagrun for example_python_operator to None, run_after=None
[2026-08-02T19:18:30.369+0000] {processor.py:183} INFO - Processing /home/airflow/.local/lib/python3.12/site-packages/airflow/example_dags/example_python_operator.py took 0.074 seconds
[2026-08-02T19:19:00.762+0000] {processor.py:161} INFO - Started process (PID=1176) to work on /home/airflow/.local/lib/python3.12/site-packages/airflow/example_dags/example_python_operator.py
[2026-08-02T19:19:00.764+0000] {processor.py:830} INFO - Processing file /home/airflow/.local/lib/python3.12/site-packages/airflow/example_dags/example_python_operator.py for tasks to queue
[2026-08-02T19:19:00.767+0000] {logging_mixin.py:188} INFO - [2026-08-02T19:19:00.766+0000] {dagbag.py:545} INFO - Filling up the DagBag from /home/airflow/.local/lib/python3.12/site-packages/airflow/example_dags/example_python_operator.py
[2026-08-02T19:19:00.779+0000] {processor.py:840} INFO - DAG(s) 'example_python_operator' retrieved from /home/airflow/.local/lib/python3.12/site-packages/airflow/example_dags/example_python_operator.py
[2026-08-02T19:19:00.805+0000] {logging_mixin.py:188} INFO - [2026-08-02T19:19:00.805+0000] {dag.py:3089} INFO - Sync 1 DAGs
[2026-08-02T19:19:00.819+0000] {logging_mixin.py:188} INFO - [2026-08-02T19:19:00.819+0000] {dag.py:3947} INFO - Setting next_dagrun for example_python_operator to None, run_after=None
[2026-08-02T19:19:00.839+0000] {processor.py:183} INFO - Processing /home/airflow/.local/lib/python3.12/site-packages/airflow/example_dags/example_python_operator.py took 0.085 seconds
[2026-08-02T19:19:31.314+0000] {processor.py:161} INFO - Started process (PID=1235) to work on /home/airflow/.local/lib/python3.12/site-packages/airflow/example_dags/example_python_operator.py
[2026-08-02T19:19:31.316+0000] {processor.py:830} INFO - Processing file /home/airflow/.local/lib/python3.12/site-packages/airflow/example_dags/example_python_operator.py for tasks to queue
[2026-08-02T19:19:31.318+0000] {logging_mixin.py:188} INFO - [2026-08-02T19:19:31.318+0000] {dagbag.py:545} INFO - Filling up the DagBag from /home/airflow/.local/lib/python3.12/site-packages/airflow/example_dags/example_python_operator.py
[2026-08-02T19:19:31.333+0000] {processor.py:840} INFO - DAG(s) 'example_python_operator' retrieved from /home/airflow/.local/lib/python3.12/site-packages/airflow/example_dags/example_python_operator.py
[2026-08-02T19:19:31.362+0000] {logging_mixin.py:188} INFO - [2026-08-02T19:19:31.362+0000] {dag.py:3089} INFO - Sync 1 DAGs
[2026-08-02T19:19:31.375+0000] {logging_mixin.py:188} INFO - [2026-08-02T19:19:31.375+0000] {dag.py:3947} INFO - Setting next_dagrun for example_python_operator to None, run_after=None
[2026-08-02T19:19:31.394+0000] {processor.py:183} INFO - Processing /home/airflow/.local/lib/python3.12/site-packages/airflow/example_dags/example_python_operator.py took 0.090 seconds
[2026-08-02T19:20:02.003+0000] {processor.py:161} INFO - Started process (PID=1294) to work on /home/airflow/.local/lib/python3.12/site-packages/airflow/example_dags/example_python_operator.py
[2026-08-02T19:20:02.005+0000] {processor.py:830} INFO - Processing file /home/airflow/.local/lib/python3.12/site-packages/airflow/example_dags/example_python_operator.py for tasks to queue
[2026-08-02T19:20:02.007+0000] {logging_mixin.py:188} INFO - [2026-08-02T19:20:02.007+0000] {dagbag.py:545} INFO - Filling up the DagBag from /home/airflow/.local/lib/python3.12/site-packages/airflow/example_dags/example_python_operator.py
[2026-08-02T19:20:02.023+0000] {processor.py:840} INFO - DAG(s) 'example_python_operator' retrieved from /home/airflow/.local/lib/python3.12/site-packages/airflow/example_dags/example_python_operator.py
[2026-08-02T19:20:02.054+0000] {logging_mixin.py:188} INFO - [2026-08-02T19:20:02.054+0000] {dag.py:3089} INFO - Sync 1 DAGs
[2026-08-02T19:20:02.070+0000] {logging_mixin.py:188} INFO - [2026-08-02T19:20:02.070+0000] {dag.py:3947} INFO - Setting next_dagrun for example_python_operator to None, run_after=None
[2026-08-02T19:20:02.099+0000] {processor.py:183} INFO - Processing /home/airflow/.local/lib/python3.12/site-packages/airflow/example_dags/example_python_operator.py took 0.105 seconds
[2026-08-02T19:20:32.268+0000] {processor.py:161} INFO - Started process (PID=1353) to work on /home/airflow/.local/lib/python3.12/site-packages/airflow/example_dags/example_python_operator.py
[2026-08-02T19:20:32.270+0000] {processor.py:830} INFO - Processing file /home/airflow/.local/lib/python3.12/site-packages/airflow/example_dags/example_python_operator.py for tasks to queue
[2026-08-02T19:20:32.272+0000] {logging_mixin.py:188} INFO - [2026-08-02T19:20:32.272+0000] {dagbag.py:545} INFO - Filling up the DagBag from /home/airflow/.local/lib/python3.12/site-packages/airflow/example_dags/example_python_operator.py
[2026-08-02T19:20:32.283+0000] {processor.py:840} INFO - DAG(s) 'example_python_operator' retrieved from /home/airflow/.local/lib/python3.12/site-packages/airflow/example_dags/example_python_operator.py
[2026-08-02T19:20:32.307+0000] {logging_mixin.py:188} INFO - [2026-08-02T19:20:32.307+0000] {dag.py:3089} INFO - Sync 1 DAGs
