[2026-08-02T18:55:13.982+0000] {processor.py:161} INFO - Started process (PID=95) to work on /home/airflow/.local/lib/python3.12/site-packages/airflow/example_dags/example_latest_only_with_trigger.py
[2026-08-02T18:55:13.985+0000] {processor.py:830} INFO - Processing file /home/airflow/.local/lib/python3.12/site-packages/airflow/example_dags/example_latest_only_with_trigger.py for tasks to queue
[2026-08-02T18:55:13.989+0000] {logging_mixin.py:188} INFO - [2026-08-02T18:55:13.989+0000] {dagbag.py:545} INFO - Filling up the DagBag from /home/airflow/.local/lib/python3.12/site-packages/airflow/example_dags/example_latest_only_with_trigger.py
[2026-08-02T18:55:14.009+0000] {processor.py:840} INFO - DAG(s) 'latest_only_with_trigger' retrieved from /home/airflow/.local/lib/python3.12/site-packages/airflow/example_dags/example_latest_only_with_trigger.py
[2026-08-02T18:55:14.249+0000] {logging_mixin.py:188} INFO - [2026-08-02T18:55:14.248+0000] {dag.py:3089} INFO - Sync 1 DAGs
[2026-08-02T18:55:14.293+0000] {logging_mixin.py:188} INFO - [2026-08-02T18:55:14.292+0000] {dag.py:3947} INFO - Setting next_dagrun for latest_only_with_trigger to 2026-08-02 12:00:00+00:00, run_after=2026-08-02 16:00:00+00:00
[2026-08-02T18:55:14.337+0000] {processor.py:183} INFO - Processing /home/airflow/.local/lib/python3.12/site-packages/airflow/example_dags/example_latest_only_with_trigger.py took 0.368 seconds
[2026-08-02T18:55:44.568+0000] {processor.py:161} INFO - Started process (PID=154) to work on /home/airflow/.local/lib/python3.12/site-packages/airflow/example_dags/example_latest_only_with_trigger.py
[2026-08-02T18:55:44.570+0000] {processor.py:830} INFO - Processing file /home/airflow/.local/lib/python3.12/site-packages/airflow/example_dags/example_latest_only_with_trigger.py for tasks to queue
[2026-08-02T18:55:44.574+0000] {logging_mixin.py:188} INFO - [2026-08-02T18:55:44.573+0000] {dagbag.py:545} INFO - Filling up the DagBag from /home/airflow/.local/lib/python3.12/site-packages/airflow/example_dags/example_latest_only_with_trigger.py
[2026-08-02T18:55:44.582+0000] {processor.py:840} INFO - DAG(s) 'latest_only_with_trigger' retrieved from /home/airflow/.local/lib/python3.12/site-packages/airflow/example_dags/example_latest_only_with_trigger.py
[2026-08-02T18:55:44.613+0000] {logging_mixin.py:188} INFO - [2026-08-02T18:55:44.612+0000] {dag.py:3089} INFO - Sync 1 DAGs
[2026-08-02T18:55:44.641+0000] {logging_mixin.py:188} INFO - [2026-08-02T18:55:44.641+0000] {dag.py:3947} INFO - Setting next_dagrun for latest_only_with_trigger to 2026-08-02 12:00:00+00:00, run_after=2026-08-02 16:00:00+00:00
[2026-08-02T18:55:44.670+0000] {processor.py:183} INFO - Processing /home/airflow/.local/lib/python3.12/site-packages/airflow/example_dags/example_latest_only_with_trigger.py took 0.112 seconds
[2026-08-02T18:56:15.430+0000] {processor.py:161} INFO - Started process (PID=213) to work on /home/airflow/.local/lib/python3.12/site-packages/airflow/example_dags/example_latest_only_with_trigger.py
[2026-08-02T18:56:15.432+0000] {processor.py:830} INFO - Processing file /home/airflow/.local/lib/python3.12/site-packages/airflow/example_dags/example_latest_only_with_trigger.py for tasks to queue
[2026-08-02T18:56:15.437+0000] {logging_mixin.py:188} INFO - [2026-08-02T18:56:15.436+0000] {dagbag.py:545} INFO - Filling up the DagBag from /home/airflow/.local/lib/python3.12/site-packages/airflow/example_dags/example_latest_only_with_trigger.py
[2026-08-02T18:56:15.444+0000] {processor.py:840} INFO - DAG(s) 'latest_only_with_trigger' retrieved from /home/airflow/.local/lib/python3.12/site-packages/airflow/example_dags/example_latest_only_with_trigger.py
[2026-08-02T18:56:15.468+0000] {logging_mixin.py:188} INFO - [2026-08-02T18:56:15.468+0000] {dag.py:3089} INFO - Sync 1 DAGs
[2026-08-02T18:56:15.498+0000] {logging_mixin.py:188} INFO - [2026-08-02T18:56:15.498+0000] {dag.py:3947} INFO - Setting next_dagrun for latest_only_with_trigger to 2026-08-02 12:00:00+00:00, run_after=2026-08-02 16:00:00+00:00
[2026-08-02T18:56:15.530+0000] {processor.py:183} INFO - Processing /home/airflow/.local/lib/python3.12/site-packages/airflow/example_dags/example_latest_only_with_trigger.py took 0.109 seconds
[2026-08-02T18:56:45.762+0000] {processor.py:161} INFO - Started process (PID=272) to work on /home/airflow/.local/lib/python3.12/site-packages/airflow/example_dags/example_latest_only_with_trigger.py
[2026-08-02T18:56:45.764+0000] {processor.py:830} INFO - Processing file /home/airflow/.local/lib/python3.12/site-packages/airflow/example_dags/example_latest_only_with_trigger.py for tasks to queue
[2026-08-02T18:56:45.766+0000] {logging_mixin.py:188} INFO - [2026-08-02T18:56:45.766+0000] {dagbag.py:545} INFO - Filling up the DagBag from /home/airflow/.local/lib/python3.12/site-packages/airflow/example_dags/example_latest_only_with_trigger.py
[2026-08-02T18:56:45.774+0000] {processor.py:840} INFO - DAG(s) 'latest_only_with_trigger' retrieved from /home/airflow/.local/lib/python3.12/site-packages/airflow/example_dags/example_latest_only_with_trigger.py
[2026-08-02T18:56:45.800+0000] {logging_mixin.py:188} INFO - [2026-08-02T18:56:45.800+0000] {dag.py:3089} INFO - Sync 1 DAGs
[2026-08-02T18:56:45.823+0000] {logging_mixin.py:188} INFO - [2026-08-02T18:56:45.823+0000] {dag.py:3947} INFO - Setting next_dagrun for latest_only_with_trigger to 2026-08-02 12:00:00+00:00, run_after=2026-08-02 16:00:00+00:00
[2026-08-02T18:56:45.843+0000] {processor.py:183} INFO - Processing /home/airflow/.local/lib/python3.12/site-packages/airflow/example_dags/example_latest_only_with_trigger.py took 0.091 seconds
[2026-08-02T18:57:16.206+0000] {processor.py:161} INFO - Started process (PID=331) to work on /home/airflow/.local/lib/python3.12/site-packages/airflow/example_dags/example_latest_only_with_trigger.py
[2026-08-02T18:57:16.208+0000] {processor.py:830} INFO - Processing file /home/airflow/.local/lib/python3.12/site-packages/airflow/example_dags/example_latest_only_with_trigger.py for tasks to queue
[2026-08-02T18:57:16.212+0000] {logging_mixin.py:188} INFO - [2026-08-02T18:57:16.211+0000] {dagbag.py:545} INFO - Filling up the DagBag from /home/airflow/.local/lib/python3.12/site-packages/airflow/example_dags/example_latest_only_with_trigger.py
[2026-08-02T18:57:16.219+0000] {processor.py:840} INFO - DAG(s) 'latest_only_with_trigger' retrieved from /home/airflow/.local/lib/python3.12/site-packages/airflow/example_dags/example_latest_only_with_trigger.py
[2026-08-02T18:57:16.248+0000] {logging_mixin.py:188} INFO - [2026-08-02T18:57:16.247+0000] {dag.py:3089} INFO - Sync 1 DAGs
[2026-08-02T18:57:16.282+0000] {logging_mixin.py:188} INFO - [2026-08-02T18:57:16.281+0000] {dag.py:3947} INFO - Setting next_dagrun for latest_only_with_trigger to 2026-08-02 12:00:00+00:00, run_after=2026-08-02 16:00:00+00:00
[2026-08-02T18:57:16.311+0000] {processor.py:183} INFO - Processing /home/airflow/.local/lib/python3.12/site-packages/airflow/example_dags/example_latest_only_with_trigger.py took 0.114 seconds
[2026-08-02T18:57:46.609+0000] {processor.py:161} INFO - Started process (PID=390) to work on /home/airflow/.local/lib/python3.12/site-packages/airflow/example_dags/example_latest_only_with_trigger.py
[2026-08-02T18:57:46.610+0000] {processor.py:830} INFO - Processing file /home/airflow/.local/lib/python3.12/site-packages/airflow/example_dags/example_latest_only_with_trigger.py for tasks to queue
[2026-08-02T18:57:46.612+0000] {logging_mixin.py:188} INFO - [2026-08-02T18:57:46.612+0000] {dagbag.py:545} INFO - Filling up the DagBag from /home/airflow/.local/lib/python3.12/site-packages/airflow/example_dags/example_latest_only_with_trigger.py
[2026-08-02T18:57:46.617+0000] {processor.py:840} INFO - DAG(s) 'latest_only_with_trigger' retrieved from /home/airflow/.local/lib/python3.12/site-packages/airflow/example_dags/example_latest_only_with_trigger.py
[2026-08-02T18:57:46.639+0000] {logging_mixin.py:188} INFO - [2026-08-02T18:57:46.638+0000] {dag.py:3089} INFO - Sync 1 DAGs
[2026-08-02T18:57:46.660+0000] {logging_mixin.py:188} INFO - [2026-08-02T18:57:46.660+0000] {dag.py:3947} INFO - Setting next_dagrun for latest_only_with_trigger to 2026-08-02 12:00:00+00:00, run_after=2026-08-02 16:00:00+00:00
[2026-08-02T18:57:46.678+0000] {processor.py:183} INFO - Processing /home/airflow/.local/lib/python3.12/site-packages/airflow/example_dags/example_latest_only_with_trigger.py took 0.076 seconds
[2026-08-02T19:00:10.141+0000] {processor.py:161} INFO - Started process (PID=82) to work on /home/airflow/.local/lib/python3.12/site-packages/airflow/example_dags/example_latest_only_with_trigger.py
[2026-08-02T19:00:10.144+0000] {processor.py:830} INFO - Processing file /home/airflow/.local/lib/python3.12/site-packages/airflow/example_dags/example_latest_only_with_trigger.py for tasks to queue
[2026-08-02T19:00:10.148+0000] {logging_mixin.py:188} INFO - [2026-08-02T19:00:10.147+0000] {dagbag.py:545} INFO - Filling up the DagBag from /home/airflow/.local/lib/python3.12/site-packages/airflow/example_dags/example_latest_only_with_trigger.py
[2026-08-02T19:00:10.159+0000] {processor.py:840} INFO - DAG(s) 'latest_only_with_trigger' retrieved from /home/airflow/.local/lib/python3.12/site-packages/airflow/example_dags/example_latest_only_with_trigger.py
[2026-08-02T19:00:10.186+0000] {logging_mixin.py:188} INFO - [2026-08-02T19:00:10.186+0000] {dag.py:3089} INFO - Sync 1 DAGs
[2026-08-02T19:00:10.223+0000] {logging_mixin.py:188} INFO - [2026-08-02T19:00:10.223+0000] {dag.py:3947} INFO - Setting next_dagrun for latest_only_with_trigger to 2026-08-02 12:00:00+00:00, run_after=2026-08-02 16:00:00+00:00
[2026-08-02T19:00:10.252+0000] {processor.py:183} INFO - Processing /home/airflow/.local/lib/python3.12/site-packages/airflow/example_dags/example_latest_only_with_trigger.py took 0.119 seconds
[2026-08-02T19:00:40.568+0000] {processor.py:161} INFO - Started process (PID=141) to work on /home/airflow/.local/lib/python3.12/site-packages/airflow/example_dags/example_latest_only_with_trigger.py
[2026-08-02T19:00:40.569+0000] {processor.py:830} INFO - Processing file /home/airflow/.local/lib/python3.12/site-packages/airflow/example_dags/example_latest_only_with_trigger.py for tasks to queue
[2026-08-02T19:00:40.572+0000] {logging_mixin.py:188} INFO - [2026-08-02T19:00:40.572+0000] {dagbag.py:545} INFO - Filling up the DagBag from /home/airflow/.local/lib/python3.12/site-packages/airflow/example_dags/example_latest_only_with_trigger.py
[2026-08-02T19:00:40.579+0000] {processor.py:840} INFO - DAG(s) 'latest_only_with_trigger' retrieved from /home/airflow/.local/lib/python3.12/site-packages/airflow/example_dags/example_latest_only_with_trigger.py
[2026-08-02T19:00:40.675+0000] {logging_mixin.py:188} INFO - [2026-08-02T19:00:40.675+0000] {dag.py:3089} INFO - Sync 1 DAGs
[2026-08-02T19:00:40.693+0000] {logging_mixin.py:188} INFO - [2026-08-02T19:00:40.693+0000] {dag.py:3947} INFO - Setting next_dagrun for latest_only_with_trigger to 2026-08-02 12:00:00+00:00, run_after=2026-08-02 16:00:00+00:00
[2026-08-02T19:00:40.712+0000] {processor.py:183} INFO - Processing /home/airflow/.local/lib/python3.12/site-packages/airflow/example_dags/example_latest_only_with_trigger.py took 0.150 seconds
[2026-08-02T19:01:11.040+0000] {processor.py:161} INFO - Started process (PID=200) to work on /home/airflow/.local/lib/python3.12/site-packages/airflow/example_dags/example_latest_only_with_trigger.py
[2026-08-02T19:01:11.041+0000] {processor.py:830} INFO - Processing file /home/airflow/.local/lib/python3.12/site-packages/airflow/example_dags/example_latest_only_with_trigger.py for tasks to queue
[2026-08-02T19:01:11.044+0000] {logging_mixin.py:188} INFO - [2026-08-02T19:01:11.044+0000] {dagbag.py:545} INFO - Filling up the DagBag from /home/airflow/.local/lib/python3.12/site-packages/airflow/example_dags/example_latest_only_with_trigger.py
[2026-08-02T19:01:11.054+0000] {processor.py:840} INFO - DAG(s) 'latest_only_with_trigger' retrieved from /home/airflow/.local/lib/python3.12/site-packages/airflow/example_dags/example_latest_only_with_trigger.py
[2026-08-02T19:01:11.088+0000] {logging_mixin.py:188} INFO - [2026-08-02T19:01:11.088+0000] {dag.py:3089} INFO - Sync 1 DAGs
[2026-08-02T19:01:11.111+0000] {logging_mixin.py:188} INFO - [2026-08-02T19:01:11.111+0000] {dag.py:3947} INFO - Setting next_dagrun for latest_only_with_trigger to 2026-08-02 12:00:00+00:00, run_after=2026-08-02 16:00:00+00:00
[2026-08-02T19:01:11.129+0000] {processor.py:183} INFO - Processing /home/airflow/.local/lib/python3.12/site-packages/airflow/example_dags/example_latest_only_with_trigger.py took 0.099 seconds
[2026-08-02T19:01:41.557+0000] {processor.py:161} INFO - Started process (PID=260) to work on /home/airflow/.local/lib/python3.12/site-packages/airflow/example_dags/example_latest_only_with_trigger.py
[2026-08-02T19:01:41.559+0000] {processor.py:830} INFO - Processing file /home/airflow/.local/lib/python3.12/site-packages/airflow/example_dags/example_latest_only_with_trigger.py for tasks to queue
[2026-08-02T19:01:41.562+0000] {logging_mixin.py:188} INFO - [2026-08-02T19:01:41.562+0000] {dagbag.py:545} INFO - Filling up the DagBag from /home/airflow/.local/lib/python3.12/site-packages/airflow/example_dags/example_latest_only_with_trigger.py
[2026-08-02T19:01:41.570+0000] {processor.py:840} INFO - DAG(s) 'latest_only_with_trigger' retrieved from /home/airflow/.local/lib/python3.12/site-packages/airflow/example_dags/example_latest_only_with_trigger.py
[2026-08-02T19:01:41.607+0000] {logging_mixin.py:188} INFO - [2026-08-02T19:01:41.606+0000] {dag.py:3089} INFO - Sync 1 DAGs
[2026-08-02T19:01:41.628+0000] {logging_mixin.py:188} INFO - [2026-08-02T19:01:41.628+0000] {dag.py:3947} INFO - Setting next_dagrun for latest_only_with_trigger to 2026-08-02 12:00:00+00:00, run_after=2026-08-02 16:00:00+00:00
[2026-08-02T19:01:41.647+0000] {processor.py:183} INFO - Processing /home/airflow/.local/lib/python3.12/site-packages/airflow/example_dags/example_latest_only_with_trigger.py took 0.100 seconds
[2026-08-02T19:02:11.781+0000] {processor.py:161} INFO - Started process (PID=319) to work on /home/airflow/.local/lib/python3.12/site-packages/airflow/example_dags/example_latest_only_with_trigger.py
[2026-08-02T19:02:11.782+0000] {processor.py:830} INFO - Processing file /home/airflow/.local/lib/python3.12/site-packages/airflow/example_dags/example_latest_only_with_trigger.py for tasks to queue
[2026-08-02T19:02:11.784+0000] {logging_mixin.py:188} INFO - [2026-08-02T19:02:11.784+0000] {dagbag.py:545} INFO - Filling up the DagBag from /home/airflow/.local/lib/python3.12/site-packages/airflow/example_dags/example_latest_only_with_trigger.py
[2026-08-02T19:02:11.789+0000] {processor.py:840} INFO - DAG(s) 'latest_only_with_trigger' retrieved from /home/airflow/.local/lib/python3.12/site-packages/airflow/example_dags/example_latest_only_with_trigger.py
[2026-08-02T19:02:11.810+0000] {logging_mixin.py:188} INFO - [2026-08-02T19:02:11.810+0000] {dag.py:3089} INFO - Sync 1 DAGs
[2026-08-02T19:02:11.832+0000] {logging_mixin.py:188} INFO - [2026-08-02T19:02:11.831+0000] {dag.py:3947} INFO - Setting next_dagrun for latest_only_with_trigger to 2026-08-02 12:00:00+00:00, run_after=2026-08-02 16:00:00+00:00
[2026-08-02T19:02:11.851+0000] {processor.py:183} INFO - Processing /home/airflow/.local/lib/python3.12/site-packages/airflow/example_dags/example_latest_only_with_trigger.py took 0.076 seconds
[2026-08-02T19:02:41.965+0000] {processor.py:161} INFO - Started process (PID=378) to work on /home/airflow/.local/lib/python3.12/site-packages/airflow/example_dags/example_latest_only_with_trigger.py
[2026-08-02T19:02:41.967+0000] {processor.py:830} INFO - Processing file /home/airflow/.local/lib/python3.12/site-packages/airflow/example_dags/example_latest_only_with_trigger.py for tasks to queue
[2026-08-02T19:02:41.970+0000] {logging_mixin.py:188} INFO - [2026-08-02T19:02:41.970+0000] {dagbag.py:545} INFO - Filling up the DagBag from /home/airflow/.local/lib/python3.12/site-packages/airflow/example_dags/example_latest_only_with_trigger.py
[2026-08-02T19:02:41.978+0000] {processor.py:840} INFO - DAG(s) 'latest_only_with_trigger' retrieved from /home/airflow/.local/lib/python3.12/site-packages/airflow/example_dags/example_latest_only_with_trigger.py
[2026-08-02T19:02:42.000+0000] {logging_mixin.py:188} INFO - [2026-08-02T19:02:42.000+0000] {dag.py:3089} INFO - Sync 1 DAGs
[2026-08-02T19:02:42.020+0000] {logging_mixin.py:188} INFO - [2026-08-02T19:02:42.020+0000] {dag.py:3947} INFO - Setting next_dagrun for latest_only_with_trigger to 2026-08-02 12:00:00+00:00, run_after=2026-08-02 16:00:00+00:00
[2026-08-02T19:02:42.037+0000] {processor.py:183} INFO - Processing /home/airflow/.local/lib/python3.12/site-packages/airflow/example_dags/example_latest_only_with_trigger.py took 0.082 seconds
[2026-08-02T19:03:12.169+0000] {processor.py:161} INFO - Started process (PID=437) to work on /home/airflow/.local/lib/python3.12/site-packages/airflow/example_dags/example_latest_only_with_trigger.py
[2026-08-02T19:03:12.170+0000] {processor.py:830} INFO - Processing file /home/airflow/.local/lib/python3.12/site-packages/airflow/example_dags/example_latest_only_with_trigger.py for tasks to queue
[2026-08-02T19:03:12.172+0000] {logging_mixin.py:188} INFO - [2026-08-02T19:03:12.172+0000] {dagbag.py:545} INFO - Filling up the DagBag from /home/airflow/.local/lib/python3.12/site-packages/airflow/example_dags/example_latest_only_with_trigger.py
[2026-08-02T19:03:12.178+0000] {processor.py:840} INFO - DAG(s) 'latest_only_with_trigger' retrieved from /home/airflow/.local/lib/python3.12/site-packages/airflow/example_dags/example_latest_only_with_trigger.py
[2026-08-02T19:03:12.200+0000] {logging_mixin.py:188} INFO - [2026-08-02T19:03:12.199+0000] {dag.py:3089} INFO - Sync 1 DAGs
[2026-08-02T19:03:12.221+0000] {logging_mixin.py:188} INFO - [2026-08-02T19:03:12.221+0000] {dag.py:3947} INFO - Setting next_dagrun for latest_only_with_trigger to 2026-08-02 12:00:00+00:00, run_after=2026-08-02 16:00:00+00:00
[2026-08-02T19:03:12.240+0000] {processor.py:183} INFO - Processing /home/airflow/.local/lib/python3.12/site-packages/airflow/example_dags/example_latest_only_with_trigger.py took 0.078 seconds
[2026-08-02T19:03:42.859+0000] {processor.py:161} INFO - Started process (PID=496) to work on /home/airflow/.local/lib/python3.12/site-packages/airflow/example_dags/example_latest_only_with_trigger.py
[2026-08-02T19:03:42.861+0000] {processor.py:830} INFO - Processing file /home/airflow/.local/lib/python3.12/site-packages/airflow/example_dags/example_latest_only_with_trigger.py for tasks to queue
[2026-08-02T19:03:42.865+0000] {logging_mixin.py:188} INFO - [2026-08-02T19:03:42.865+0000] {dagbag.py:545} INFO - Filling up the DagBag from /home/airflow/.local/lib/python3.12/site-packages/airflow/example_dags/example_latest_only_with_trigger.py
[2026-08-02T19:03:42.874+0000] {processor.py:840} INFO - DAG(s) 'latest_only_with_trigger' retrieved from /home/airflow/.local/lib/python3.12/site-packages/airflow/example_dags/example_latest_only_with_trigger.py
[2026-08-02T19:03:42.905+0000] {logging_mixin.py:188} INFO - [2026-08-02T19:03:42.904+0000] {dag.py:3089} INFO - Sync 1 DAGs
[2026-08-02T19:03:42.934+0000] {logging_mixin.py:188} INFO - [2026-08-02T19:03:42.933+0000] {dag.py:3947} INFO - Setting next_dagrun for latest_only_with_trigger to 2026-08-02 12:00:00+00:00, run_after=2026-08-02 16:00:00+00:00
[2026-08-02T19:03:42.962+0000] {processor.py:183} INFO - Processing /home/airflow/.local/lib/python3.12/site-packages/airflow/example_dags/example_latest_only_with_trigger.py took 0.113 seconds
[2026-08-02T19:04:13.124+0000] {processor.py:161} INFO - Started process (PID=555) to work on /home/airflow/.local/lib/python3.12/site-packages/airflow/example_dags/example_latest_only_with_trigger.py
[2026-08-02T19:04:13.125+0000] {processor.py:830} INFO - Processing file /home/airflow/.local/lib/python3.12/site-packages/airflow/example_dags/example_latest_only_with_trigger.py for tasks to queue
[2026-08-02T19:04:13.128+0000] {logging_mixin.py:188} INFO - [2026-08-02T19:04:13.127+0000] {dagbag.py:545} INFO - Filling up the DagBag from /home/airflow/.local/lib/python3.12/site-packages/airflow/example_dags/example_latest_only_with_trigger.py
[2026-08-02T19:04:13.134+0000] {processor.py:840} INFO - DAG(s) 'latest_only_with_trigger' retrieved from /home/airflow/.local/lib/python3.12/site-packages/airflow/example_dags/example_latest_only_with_trigger.py
[2026-08-02T19:04:13.159+0000] {logging_mixin.py:188} INFO - [2026-08-02T19:04:13.159+0000] {dag.py:3089} INFO - Sync 1 DAGs
[2026-08-02T19:04:13.183+0000] {logging_mixin.py:188} INFO - [2026-08-02T19:04:13.183+0000] {dag.py:3947} INFO - Setting next_dagrun for latest_only_with_trigger to 2026-08-02 12:00:00+00:00, run_after=2026-08-02 16:00:00+00:00
[2026-08-02T19:04:13.204+0000] {processor.py:183} INFO - Processing /home/airflow/.local/lib/python3.12/site-packages/airflow/example_dags/example_latest_only_with_trigger.py took 0.085 seconds
[2026-08-02T19:04:43.879+0000] {processor.py:161} INFO - Started process (PID=614) to work on /home/airflow/.local/lib/python3.12/site-packages/airflow/example_dags/example_latest_only_with_trigger.py
[2026-08-02T19:04:43.881+0000] {processor.py:830} INFO - Processing file /home/airflow/.local/lib/python3.12/site-packages/airflow/example_dags/example_latest_only_with_trigger.py for tasks to queue
[2026-08-02T19:04:43.884+0000] {logging_mixin.py:188} INFO - [2026-08-02T19:04:43.884+0000] {dagbag.py:545} INFO - Filling up the DagBag from /home/airflow/.local/lib/python3.12/site-packages/airflow/example_dags/example_latest_only_with_trigger.py
[2026-08-02T19:04:43.890+0000] {processor.py:840} INFO - DAG(s) 'latest_only_with_trigger' retrieved from /home/airflow/.local/lib/python3.12/site-packages/airflow/example_dags/example_latest_only_with_trigger.py
[2026-08-02T19:04:43.912+0000] {logging_mixin.py:188} INFO - [2026-08-02T19:04:43.912+0000] {dag.py:3089} INFO - Sync 1 DAGs
[2026-08-02T19:04:43.933+0000] {logging_mixin.py:188} INFO - [2026-08-02T19:04:43.933+0000] {dag.py:3947} INFO - Setting next_dagrun for latest_only_with_trigger to 2026-08-02 12:00:00+00:00, run_after=2026-08-02 16:00:00+00:00
[2026-08-02T19:04:43.955+0000] {processor.py:183} INFO - Processing /home/airflow/.local/lib/python3.12/site-packages/airflow/example_dags/example_latest_only_with_trigger.py took 0.084 seconds
[2026-08-02T19:05:14.062+0000] {processor.py:161} INFO - Started process (PID=673) to work on /home/airflow/.local/lib/python3.12/site-packages/airflow/example_dags/example_latest_only_with_trigger.py
[2026-08-02T19:05:14.063+0000] {processor.py:830} INFO - Processing file /home/airflow/.local/lib/python3.12/site-packages/airflow/example_dags/example_latest_only_with_trigger.py for tasks to queue
[2026-08-02T19:05:14.066+0000] {logging_mixin.py:188} INFO - [2026-08-02T19:05:14.066+0000] {dagbag.py:545} INFO - Filling up the DagBag from /home/airflow/.local/lib/python3.12/site-packages/airflow/example_dags/example_latest_only_with_trigger.py
[2026-08-02T19:05:14.072+0000] {processor.py:840} INFO - DAG(s) 'latest_only_with_trigger' retrieved from /home/airflow/.local/lib/python3.12/site-packages/airflow/example_dags/example_latest_only_with_trigger.py
[2026-08-02T19:05:14.092+0000] {logging_mixin.py:188} INFO - [2026-08-02T19:05:14.092+0000] {dag.py:3089} INFO - Sync 1 DAGs
[2026-08-02T19:05:14.111+0000] {logging_mixin.py:188} INFO - [2026-08-02T19:05:14.111+0000] {dag.py:3947} INFO - Setting next_dagrun for latest_only_with_trigger to 2026-08-02 12:00:00+00:00, run_after=2026-08-02 16:00:00+00:00
[2026-08-02T19:05:14.131+0000] {processor.py:183} INFO - Processing /home/airflow/.local/lib/python3.12/site-packages/airflow/example_dags/example_latest_only_with_trigger.py took 0.077 seconds
[2026-08-02T19:05:45.006+0000] {processor.py:161} INFO - Started process (PID=732) to work on /home/airflow/.local/lib/python3.12/site-packages/airflow/example_dags/example_latest_only_with_trigger.py
[2026-08-02T19:05:45.007+0000] {processor.py:830} INFO - Processing file /home/airflow/.local/lib/python3.12/site-packages/airflow/example_dags/example_latest_only_with_trigger.py for tasks to queue
[2026-08-02T19:05:45.010+0000] {logging_mixin.py:188} INFO - [2026-08-02T19:05:45.009+0000] {dagbag.py:545} INFO - Filling up the DagBag from /home/airflow/.local/lib/python3.12/site-packages/airflow/example_dags/example_latest_only_with_trigger.py
[2026-08-02T19:05:45.015+0000] {processor.py:840} INFO - DAG(s) 'latest_only_with_trigger' retrieved from /home/airflow/.local/lib/python3.12/site-packages/airflow/example_dags/example_latest_only_with_trigger.py
[2026-08-02T19:05:45.036+0000] {logging_mixin.py:188} INFO - [2026-08-02T19:05:45.036+0000] {dag.py:3089} INFO - Sync 1 DAGs
[2026-08-02T19:05:45.057+0000] {logging_mixin.py:188} INFO - [2026-08-02T19:05:45.057+0000] {dag.py:3947} INFO - Setting next_dagrun for latest_only_with_trigger to 2026-08-02 12:00:00+00:00, run_after=2026-08-02 16:00:00+00:00
[2026-08-02T19:05:45.076+0000] {processor.py:183} INFO - Processing /home/airflow/.local/lib/python3.12/site-packages/airflow/example_dags/example_latest_only_with_trigger.py took 0.076 seconds
[2026-08-02T19:06:15.540+0000] {processor.py:161} INFO - Started process (PID=791) to work on /home/airflow/.local/lib/python3.12/site-packages/airflow/example_dags/example_latest_only_with_trigger.py
[2026-08-02T19:06:15.542+0000] {processor.py:830} INFO - Processing file /home/airflow/.local/lib/python3.12/site-packages/airflow/example_dags/example_latest_only_with_trigger.py for tasks to queue
[2026-08-02T19:06:15.544+0000] {logging_mixin.py:188} INFO - [2026-08-02T19:06:15.544+0000] {dagbag.py:545} INFO - Filling up the DagBag from /home/airflow/.local/lib/python3.12/site-packages/airflow/example_dags/example_latest_only_with_trigger.py
[2026-08-02T19:06:15.553+0000] {processor.py:840} INFO - DAG(s) 'latest_only_with_trigger' retrieved from /home/airflow/.local/lib/python3.12/site-packages/airflow/example_dags/example_latest_only_with_trigger.py
[2026-08-02T19:06:15.589+0000] {logging_mixin.py:188} INFO - [2026-08-02T19:06:15.589+0000] {dag.py:3089} INFO - Sync 1 DAGs
[2026-08-02T19:06:15.614+0000] {logging_mixin.py:188} INFO - [2026-08-02T19:06:15.614+0000] {dag.py:3947} INFO - Setting next_dagrun for latest_only_with_trigger to 2026-08-02 12:00:00+00:00, run_after=2026-08-02 16:00:00+00:00
[2026-08-02T19:06:15.642+0000] {processor.py:183} INFO - Processing /home/airflow/.local/lib/python3.12/site-packages/airflow/example_dags/example_latest_only_with_trigger.py took 0.110 seconds
[2026-08-02T19:06:46.331+0000] {processor.py:161} INFO - Started process (PID=850) to work on /home/airflow/.local/lib/python3.12/site-packages/airflow/example_dags/example_latest_only_with_trigger.py
[2026-08-02T19:06:46.333+0000] {processor.py:830} INFO - Processing file /home/airflow/.local/lib/python3.12/site-packages/airflow/example_dags/example_latest_only_with_trigger.py for tasks to queue
[2026-08-02T19:06:46.335+0000] {logging_mixin.py:188} INFO - [2026-08-02T19:06:46.335+0000] {dagbag.py:545} INFO - Filling up the DagBag from /home/airflow/.local/lib/python3.12/site-packages/airflow/example_dags/example_latest_only_with_trigger.py
[2026-08-02T19:06:46.341+0000] {processor.py:840} INFO - DAG(s) 'latest_only_with_trigger' retrieved from /home/airflow/.local/lib/python3.12/site-packages/airflow/example_dags/example_latest_only_with_trigger.py
[2026-08-02T19:06:46.371+0000] {logging_mixin.py:188} INFO - [2026-08-02T19:06:46.371+0000] {dag.py:3089} INFO - Sync 1 DAGs
[2026-08-02T19:06:46.392+0000] {logging_mixin.py:188} INFO - [2026-08-02T19:06:46.392+0000] {dag.py:3947} INFO - Setting next_dagrun for latest_only_with_trigger to 2026-08-02 12:00:00+00:00, run_after=2026-08-02 16:00:00+00:00
[2026-08-02T19:06:46.409+0000] {processor.py:183} INFO - Processing /home/airflow/.local/lib/python3.12/site-packages/airflow/example_dags/example_latest_only_with_trigger.py took 0.084 seconds
[2026-08-02T19:07:16.912+0000] {processor.py:161} INFO - Started process (PID=909) to work on /home/airflow/.local/lib/python3.12/site-packages/airflow/example_dags/example_latest_only_with_trigger.py
[2026-08-02T19:07:16.913+0000] {processor.py:830} INFO - Processing file /home/airflow/.local/lib/python3.12/site-packages/airflow/example_dags/example_latest_only_with_trigger.py for tasks to queue
[2026-08-02T19:07:16.915+0000] {logging_mixin.py:188} INFO - [2026-08-02T19:07:16.915+0000] {dagbag.py:545} INFO - Filling up the DagBag from /home/airflow/.local/lib/python3.12/site-packages/airflow/example_dags/example_latest_only_with_trigger.py
[2026-08-02T19:07:16.921+0000] {processor.py:840} INFO - DAG(s) 'latest_only_with_trigger' retrieved from /home/airflow/.local/lib/python3.12/site-packages/airflow/example_dags/example_latest_only_with_trigger.py
[2026-08-02T19:07:16.942+0000] {logging_mixin.py:188} INFO - [2026-08-02T19:07:16.942+0000] {dag.py:3089} INFO - Sync 1 DAGs
[2026-08-02T19:07:16.961+0000] {logging_mixin.py:188} INFO - [2026-08-02T19:07:16.961+0000] {dag.py:3947} INFO - Setting next_dagrun for latest_only_with_trigger to 2026-08-02 12:00:00+00:00, run_after=2026-08-02 16:00:00+00:00
[2026-08-02T19:07:16.982+0000] {processor.py:183} INFO - Processing /home/airflow/.local/lib/python3.12/site-packages/airflow/example_dags/example_latest_only_with_trigger.py took 0.076 seconds
[2026-08-02T19:07:47.329+0000] {processor.py:161} INFO - Started process (PID=968) to work on /home/airflow/.local/lib/python3.12/site-packages/airflow/example_dags/example_latest_only_with_trigger.py
[2026-08-02T19:07:47.331+0000] {processor.py:830} INFO - Processing file /home/airflow/.local/lib/python3.12/site-packages/airflow/example_dags/example_latest_only_with_trigger.py for tasks to queue
[2026-08-02T19:07:47.333+0000] {logging_mixin.py:188} INFO - [2026-08-02T19:07:47.333+0000] {dagbag.py:545} INFO - Filling up the DagBag from /home/airflow/.local/lib/python3.12/site-packages/airflow/example_dags/example_latest_only_with_trigger.py
[2026-08-02T19:07:47.338+0000] {processor.py:840} INFO - DAG(s) 'latest_only_with_trigger' retrieved from /home/airflow/.local/lib/python3.12/site-packages/airflow/example_dags/example_latest_only_with_trigger.py
[2026-08-02T19:07:47.357+0000] {logging_mixin.py:188} INFO - [2026-08-02T19:07:47.357+0000] {dag.py:3089} INFO - Sync 1 DAGs
[2026-08-02T19:07:47.376+0000] {logging_mixin.py:188} INFO - [2026-08-02T19:07:47.376+0000] {dag.py:3947} INFO - Setting next_dagrun for latest_only_with_trigger to 2026-08-02 12:00:00+00:00, run_after=2026-08-02 16:00:00+00:00
[2026-08-02T19:07:47.395+0000] {processor.py:183} INFO - Processing /home/airflow/.local/lib/python3.12/site-packages/airflow/example_dags/example_latest_only_with_trigger.py took 0.072 seconds
[2026-08-02T19:08:17.689+0000] {processor.py:161} INFO - Started process (PID=1027) to work on /home/airflow/.local/lib/python3.12/site-packages/airflow/example_dags/example_latest_only_with_trigger.py
[2026-08-02T19:08:17.691+0000] {processor.py:830} INFO - Processing file /home/airflow/.local/lib/python3.12/site-packages/airflow/example_dags/example_latest_only_with_trigger.py for tasks to queue
[2026-08-02T19:08:17.694+0000] {logging_mixin.py:188} INFO - [2026-08-02T19:08:17.694+0000] {dagbag.py:545} INFO - Filling up the DagBag from /home/airflow/.local/lib/python3.12/site-packages/airflow/example_dags/example_latest_only_with_trigger.py
[2026-08-02T19:08:17.702+0000] {processor.py:840} INFO - DAG(s) 'latest_only_with_trigger' retrieved from /home/airflow/.local/lib/python3.12/site-packages/airflow/example_dags/example_latest_only_with_trigger.py
[2026-08-02T19:08:17.731+0000] {logging_mixin.py:188} INFO - [2026-08-02T19:08:17.731+0000] {dag.py:3089} INFO - Sync 1 DAGs
[2026-08-02T19:08:17.756+0000] {logging_mixin.py:188} INFO - [2026-08-02T19:08:17.755+0000] {dag.py:3947} INFO - Setting next_dagrun for latest_only_with_trigger to 2026-08-02 12:00:00+00:00, run_after=2026-08-02 16:00:00+00:00
[2026-08-02T19:08:17.777+0000] {processor.py:183} INFO - Processing /home/airflow/.local/lib/python3.12/site-packages/airflow/example_dags/example_latest_only_with_trigger.py took 0.099 seconds
[2026-08-02T19:09:50.436+0000] {processor.py:161} INFO - Started process (PID=118) to work on /home/airflow/.local/lib/python3.12/site-packages/airflow/example_dags/example_latest_only_with_trigger.py
[2026-08-02T19:09:50.439+0000] {processor.py:830} INFO - Processing file /home/airflow/.local/lib/python3.12/site-packages/airflow/example_dags/example_latest_only_with_trigger.py for tasks to queue
[2026-08-02T19:09:50.443+0000] {logging_mixin.py:188} INFO - [2026-08-02T19:09:50.442+0000] {dagbag.py:545} INFO - Filling up the DagBag from /home/airflow/.local/lib/python3.12/site-packages/airflow/example_dags/example_latest_only_with_trigger.py
[2026-08-02T19:09:50.452+0000] {processor.py:840} INFO - DAG(s) 'latest_only_with_trigger' retrieved from /home/airflow/.local/lib/python3.12/site-packages/airflow/example_dags/example_latest_only_with_trigger.py
[2026-08-02T19:09:50.567+0000] {logging_mixin.py:188} INFO - [2026-08-02T19:09:50.566+0000] {dag.py:3089} INFO - Sync 1 DAGs
[2026-08-02T19:09:50.587+0000] {logging_mixin.py:188} INFO - [2026-08-02T19:09:50.586+0000] {dag.py:3947} INFO - Setting next_dagrun for latest_only_with_trigger to 2026-08-02 12:00:00+00:00, run_after=2026-08-02 16:00:00+00:00
[2026-08-02T19:09:50.608+0000] {processor.py:183} INFO - Processing /home/airflow/.local/lib/python3.12/site-packages/airflow/example_dags/example_latest_only_with_trigger.py took 0.179 seconds
[2026-08-02T19:10:21.226+0000] {processor.py:161} INFO - Started process (PID=177) to work on /home/airflow/.local/lib/python3.12/site-packages/airflow/example_dags/example_latest_only_with_trigger.py
[2026-08-02T19:10:21.228+0000] {processor.py:830} INFO - Processing file /home/airflow/.local/lib/python3.12/site-packages/airflow/example_dags/example_latest_only_with_trigger.py for tasks to queue
[2026-08-02T19:10:21.230+0000] {logging_mixin.py:188} INFO - [2026-08-02T19:10:21.230+0000] {dagbag.py:545} INFO - Filling up the DagBag from /home/airflow/.local/lib/python3.12/site-packages/airflow/example_dags/example_latest_only_with_trigger.py
[2026-08-02T19:10:21.236+0000] {processor.py:840} INFO - DAG(s) 'latest_only_with_trigger' retrieved from /home/airflow/.local/lib/python3.12/site-packages/airflow/example_dags/example_latest_only_with_trigger.py
[2026-08-02T19:10:21.260+0000] {logging_mixin.py:188} INFO - [2026-08-02T19:10:21.259+0000] {dag.py:3089} INFO - Sync 1 DAGs
[2026-08-02T19:10:21.285+0000] {logging_mixin.py:188} INFO - [2026-08-02T19:10:21.285+0000] {dag.py:3947} INFO - Setting next_dagrun for latest_only_with_trigger to 2026-08-02 12:00:00+00:00, run_after=2026-08-02 16:00:00+00:00
[2026-08-02T19:10:21.308+0000] {processor.py:183} INFO - Processing /home/airflow/.local/lib/python3.12/site-packages/airflow/example_dags/example_latest_only_with_trigger.py took 0.090 seconds
[2026-08-02T19:10:51.752+0000] {processor.py:161} INFO - Started process (PID=236) to work on /home/airflow/.local/lib/python3.12/site-packages/airflow/example_dags/example_latest_only_with_trigger.py
[2026-08-02T19:10:51.754+0000] {processor.py:830} INFO - Processing file /home/airflow/.local/lib/python3.12/site-packages/airflow/example_dags/example_latest_only_with_trigger.py for tasks to queue
[2026-08-02T19:10:51.756+0000] {logging_mixin.py:188} INFO - [2026-08-02T19:10:51.756+0000] {dagbag.py:545} INFO - Filling up the DagBag from /home/airflow/.local/lib/python3.12/site-packages/airflow/example_dags/example_latest_only_with_trigger.py
[2026-08-02T19:10:51.762+0000] {processor.py:840} INFO - DAG(s) 'latest_only_with_trigger' retrieved from /home/airflow/.local/lib/python3.12/site-packages/airflow/example_dags/example_latest_only_with_trigger.py
[2026-08-02T19:10:51.783+0000] {logging_mixin.py:188} INFO - [2026-08-02T19:10:51.782+0000] {dag.py:3089} INFO - Sync 1 DAGs
[2026-08-02T19:10:51.804+0000] {logging_mixin.py:188} INFO - [2026-08-02T19:10:51.804+0000] {dag.py:3947} INFO - Setting next_dagrun for latest_only_with_trigger to 2026-08-02 12:00:00+00:00, run_after=2026-08-02 16:00:00+00:00
[2026-08-02T19:10:51.827+0000] {processor.py:183} INFO - Processing /home/airflow/.local/lib/python3.12/site-packages/airflow/example_dags/example_latest_only_with_trigger.py took 0.080 seconds
[2026-08-02T19:11:22.717+0000] {processor.py:161} INFO - Started process (PID=295) to work on /home/airflow/.local/lib/python3.12/site-packages/airflow/example_dags/example_latest_only_with_trigger.py
[2026-08-02T19:11:22.719+0000] {processor.py:830} INFO - Processing file /home/airflow/.local/lib/python3.12/site-packages/airflow/example_dags/example_latest_only_with_trigger.py for tasks to queue
[2026-08-02T19:11:22.723+0000] {logging_mixin.py:188} INFO - [2026-08-02T19:11:22.722+0000] {dagbag.py:545} INFO - Filling up the DagBag from /home/airflow/.local/lib/python3.12/site-packages/airflow/example_dags/example_latest_only_with_trigger.py
[2026-08-02T19:11:22.732+0000] {processor.py:840} INFO - DAG(s) 'latest_only_with_trigger' retrieved from /home/airflow/.local/lib/python3.12/site-packages/airflow/example_dags/example_latest_only_with_trigger.py
[2026-08-02T19:11:22.758+0000] {logging_mixin.py:188} INFO - [2026-08-02T19:11:22.758+0000] {dag.py:3089} INFO - Sync 1 DAGs
[2026-08-02T19:11:22.779+0000] {logging_mixin.py:188} INFO - [2026-08-02T19:11:22.779+0000] {dag.py:3947} INFO - Setting next_dagrun for latest_only_with_trigger to 2026-08-02 12:00:00+00:00, run_after=2026-08-02 16:00:00+00:00
[2026-08-02T19:11:22.801+0000] {processor.py:183} INFO - Processing /home/airflow/.local/lib/python3.12/site-packages/airflow/example_dags/example_latest_only_with_trigger.py took 0.097 seconds
[2026-08-02T19:11:53.366+0000] {processor.py:161} INFO - Started process (PID=354) to work on /home/airflow/.local/lib/python3.12/site-packages/airflow/example_dags/example_latest_only_with_trigger.py
[2026-08-02T19:11:53.367+0000] {processor.py:830} INFO - Processing file /home/airflow/.local/lib/python3.12/site-packages/airflow/example_dags/example_latest_only_with_trigger.py for tasks to queue
[2026-08-02T19:11:53.369+0000] {logging_mixin.py:188} INFO - [2026-08-02T19:11:53.369+0000] {dagbag.py:545} INFO - Filling up the DagBag from /home/airflow/.local/lib/python3.12/site-packages/airflow/example_dags/example_latest_only_with_trigger.py
[2026-08-02T19:11:53.375+0000] {processor.py:840} INFO - DAG(s) 'latest_only_with_trigger' retrieved from /home/airflow/.local/lib/python3.12/site-packages/airflow/example_dags/example_latest_only_with_trigger.py
[2026-08-02T19:11:53.396+0000] {logging_mixin.py:188} INFO - [2026-08-02T19:11:53.396+0000] {dag.py:3089} INFO - Sync 1 DAGs
[2026-08-02T19:11:53.417+0000] {logging_mixin.py:188} INFO - [2026-08-02T19:11:53.416+0000] {dag.py:3947} INFO - Setting next_dagrun for latest_only_with_trigger to 2026-08-02 12:00:00+00:00, run_after=2026-08-02 16:00:00+00:00
[2026-08-02T19:11:53.435+0000] {processor.py:183} INFO - Processing /home/airflow/.local/lib/python3.12/site-packages/airflow/example_dags/example_latest_only_with_trigger.py took 0.076 seconds
[2026-08-02T19:12:24.082+0000] {processor.py:161} INFO - Started process (PID=413) to work on /home/airflow/.local/lib/python3.12/site-packages/airflow/example_dags/example_latest_only_with_trigger.py
[2026-08-02T19:12:24.084+0000] {processor.py:830} INFO - Processing file /home/airflow/.local/lib/python3.12/site-packages/airflow/example_dags/example_latest_only_with_trigger.py for tasks to queue
[2026-08-02T19:12:24.087+0000] {logging_mixin.py:188} INFO - [2026-08-02T19:12:24.087+0000] {dagbag.py:545} INFO - Filling up the DagBag from /home/airflow/.local/lib/python3.12/site-packages/airflow/example_dags/example_latest_only_with_trigger.py
[2026-08-02T19:12:24.095+0000] {processor.py:840} INFO - DAG(s) 'latest_only_with_trigger' retrieved from /home/airflow/.local/lib/python3.12/site-packages/airflow/example_dags/example_latest_only_with_trigger.py
[2026-08-02T19:12:24.121+0000] {logging_mixin.py:188} INFO - [2026-08-02T19:12:24.120+0000] {dag.py:3089} INFO - Sync 1 DAGs
[2026-08-02T19:12:24.142+0000] {logging_mixin.py:188} INFO - [2026-08-02T19:12:24.142+0000] {dag.py:3947} INFO - Setting next_dagrun for latest_only_with_trigger to 2026-08-02 12:00:00+00:00, run_after=2026-08-02 16:00:00+00:00
[2026-08-02T19:12:24.162+0000] {processor.py:183} INFO - Processing /home/airflow/.local/lib/python3.12/site-packages/airflow/example_dags/example_latest_only_with_trigger.py took 0.090 seconds
[2026-08-02T19:12:54.409+0000] {processor.py:161} INFO - Started process (PID=472) to work on /home/airflow/.local/lib/python3.12/site-packages/airflow/example_dags/example_latest_only_with_trigger.py
[2026-08-02T19:12:54.410+0000] {processor.py:830} INFO - Processing file /home/airflow/.local/lib/python3.12/site-packages/airflow/example_dags/example_latest_only_with_trigger.py for tasks to queue
[2026-08-02T19:12:54.413+0000] {logging_mixin.py:188} INFO - [2026-08-02T19:12:54.412+0000] {dagbag.py:545} INFO - Filling up the DagBag from /home/airflow/.local/lib/python3.12/site-packages/airflow/example_dags/example_latest_only_with_trigger.py
[2026-08-02T19:12:54.418+0000] {processor.py:840} INFO - DAG(s) 'latest_only_with_trigger' retrieved from /home/airflow/.local/lib/python3.12/site-packages/airflow/example_dags/example_latest_only_with_trigger.py
[2026-08-02T19:12:54.440+0000] {logging_mixin.py:188} INFO - [2026-08-02T19:12:54.440+0000] {dag.py:3089} INFO - Sync 1 DAGs
[2026-08-02T19:12:54.464+0000] {logging_mixin.py:188} INFO - [2026-08-02T19:12:54.463+0000] {dag.py:3947} INFO - Setting next_dagrun for latest_only_with_trigger to 2026-08-02 12:00:00+00:00, run_after=2026-08-02 16:00:00+00:00
[2026-08-02T19:12:54.483+0000] {processor.py:183} INFO - Processing /home/airflow/.local/lib/python3.12/site-packages/airflow/example_dags/example_latest_only_with_trigger.py took 0.080 seconds
[2026-08-02T19:13:24.878+0000] {processor.py:161} INFO - Started process (PID=531) to work on /home/airflow/.local/lib/python3.12/site-packages/airflow/example_dags/example_latest_only_with_trigger.py
[2026-08-02T19:13:24.880+0000] {processor.py:830} INFO - Processing file /home/airflow/.local/lib/python3.12/site-packages/airflow/example_dags/example_latest_only_with_trigger.py for tasks to queue
[2026-08-02T19:13:24.882+0000] {logging_mixin.py:188} INFO - [2026-08-02T19:13:24.882+0000] {dagbag.py:545} INFO - Filling up the DagBag from /home/airflow/.local/lib/python3.12/site-packages/airflow/example_dags/example_latest_only_with_trigger.py
[2026-08-02T19:13:24.888+0000] {processor.py:840} INFO - DAG(s) 'latest_only_with_trigger' retrieved from /home/airflow/.local/lib/python3.12/site-packages/airflow/example_dags/example_latest_only_with_trigger.py
[2026-08-02T19:13:24.908+0000] {logging_mixin.py:188} INFO - [2026-08-02T19:13:24.908+0000] {dag.py:3089} INFO - Sync 1 DAGs
[2026-08-02T19:13:24.930+0000] {logging_mixin.py:188} INFO - [2026-08-02T19:13:24.929+0000] {dag.py:3947} INFO - Setting next_dagrun for latest_only_with_trigger to 2026-08-02 12:00:00+00:00, run_after=2026-08-02 16:00:00+00:00
[2026-08-02T19:13:24.950+0000] {processor.py:183} INFO - Processing /home/airflow/.local/lib/python3.12/site-packages/airflow/example_dags/example_latest_only_with_trigger.py took 0.080 seconds
[2026-08-02T19:13:55.083+0000] {processor.py:161} INFO - Started process (PID=590) to work on /home/airflow/.local/lib/python3.12/site-packages/airflow/example_dags/example_latest_only_with_trigger.py
[2026-08-02T19:13:55.084+0000] {processor.py:830} INFO - Processing file /home/airflow/.local/lib/python3.12/site-packages/airflow/example_dags/example_latest_only_with_trigger.py for tasks to queue
[2026-08-02T19:13:55.086+0000] {logging_mixin.py:188} INFO - [2026-08-02T19:13:55.086+0000] {dagbag.py:545} INFO - Filling up the DagBag from /home/airflow/.local/lib/python3.12/site-packages/airflow/example_dags/example_latest_only_with_trigger.py
[2026-08-02T19:13:55.092+0000] {processor.py:840} INFO - DAG(s) 'latest_only_with_trigger' retrieved from /home/airflow/.local/lib/python3.12/site-packages/airflow/example_dags/example_latest_only_with_trigger.py
[2026-08-02T19:13:55.117+0000] {logging_mixin.py:188} INFO - [2026-08-02T19:13:55.117+0000] {dag.py:3089} INFO - Sync 1 DAGs
[2026-08-02T19:13:55.139+0000] {logging_mixin.py:188} INFO - [2026-08-02T19:13:55.139+0000] {dag.py:3947} INFO - Setting next_dagrun for latest_only_with_trigger to 2026-08-02 12:00:00+00:00, run_after=2026-08-02 16:00:00+00:00
[2026-08-02T19:13:55.160+0000] {processor.py:183} INFO - Processing /home/airflow/.local/lib/python3.12/site-packages/airflow/example_dags/example_latest_only_with_trigger.py took 0.083 seconds
[2026-08-02T19:14:25.377+0000] {processor.py:161} INFO - Started process (PID=649) to work on /home/airflow/.local/lib/python3.12/site-packages/airflow/example_dags/example_latest_only_with_trigger.py
[2026-08-02T19:14:25.378+0000] {processor.py:830} INFO - Processing file /home/airflow/.local/lib/python3.12/site-packages/airflow/example_dags/example_latest_only_with_trigger.py for tasks to queue
[2026-08-02T19:14:25.381+0000] {logging_mixin.py:188} INFO - [2026-08-02T19:14:25.380+0000] {dagbag.py:545} INFO - Filling up the DagBag from /home/airflow/.local/lib/python3.12/site-packages/airflow/example_dags/example_latest_only_with_trigger.py
[2026-08-02T19:14:25.386+0000] {processor.py:840} INFO - DAG(s) 'latest_only_with_trigger' retrieved from /home/airflow/.local/lib/python3.12/site-packages/airflow/example_dags/example_latest_only_with_trigger.py
[2026-08-02T19:14:25.405+0000] {logging_mixin.py:188} INFO - [2026-08-02T19:14:25.405+0000] {dag.py:3089} INFO - Sync 1 DAGs
[2026-08-02T19:14:25.425+0000] {logging_mixin.py:188} INFO - [2026-08-02T19:14:25.424+0000] {dag.py:3947} INFO - Setting next_dagrun for latest_only_with_trigger to 2026-08-02 12:00:00+00:00, run_after=2026-08-02 16:00:00+00:00
[2026-08-02T19:14:25.443+0000] {processor.py:183} INFO - Processing /home/airflow/.local/lib/python3.12/site-packages/airflow/example_dags/example_latest_only_with_trigger.py took 0.071 seconds
[2026-08-02T19:14:55.901+0000] {processor.py:161} INFO - Started process (PID=708) to work on /home/airflow/.local/lib/python3.12/site-packages/airflow/example_dags/example_latest_only_with_trigger.py
[2026-08-02T19:14:55.903+0000] {processor.py:830} INFO - Processing file /home/airflow/.local/lib/python3.12/site-packages/airflow/example_dags/example_latest_only_with_trigger.py for tasks to queue
[2026-08-02T19:14:55.906+0000] {logging_mixin.py:188} INFO - [2026-08-02T19:14:55.906+0000] {dagbag.py:545} INFO - Filling up the DagBag from /home/airflow/.local/lib/python3.12/site-packages/airflow/example_dags/example_latest_only_with_trigger.py
[2026-08-02T19:14:55.913+0000] {processor.py:840} INFO - DAG(s) 'latest_only_with_trigger' retrieved from /home/airflow/.local/lib/python3.12/site-packages/airflow/example_dags/example_latest_only_with_trigger.py
[2026-08-02T19:14:55.937+0000] {logging_mixin.py:188} INFO - [2026-08-02T19:14:55.937+0000] {dag.py:3089} INFO - Sync 1 DAGs
[2026-08-02T19:14:55.963+0000] {logging_mixin.py:188} INFO - [2026-08-02T19:14:55.962+0000] {dag.py:3947} INFO - Setting next_dagrun for latest_only_with_trigger to 2026-08-02 12:00:00+00:00, run_after=2026-08-02 16:00:00+00:00
[2026-08-02T19:14:55.985+0000] {processor.py:183} INFO - Processing /home/airflow/.local/lib/python3.12/site-packages/airflow/example_dags/example_latest_only_with_trigger.py took 0.093 seconds
[2026-08-02T19:15:26.445+0000] {processor.py:161} INFO - Started process (PID=767) to work on /home/airflow/.local/lib/python3.12/site-packages/airflow/example_dags/example_latest_only_with_trigger.py
[2026-08-02T19:15:26.446+0000] {processor.py:830} INFO - Processing file /home/airflow/.local/lib/python3.12/site-packages/airflow/example_dags/example_latest_only_with_trigger.py for tasks to queue
[2026-08-02T19:15:26.448+0000] {logging_mixin.py:188} INFO - [2026-08-02T19:15:26.448+0000] {dagbag.py:545} INFO - Filling up the DagBag from /home/airflow/.local/lib/python3.12/site-packages/airflow/example_dags/example_latest_only_with_trigger.py
[2026-08-02T19:15:26.454+0000] {processor.py:840} INFO - DAG(s) 'latest_only_with_trigger' retrieved from /home/airflow/.local/lib/python3.12/site-packages/airflow/example_dags/example_latest_only_with_trigger.py
[2026-08-02T19:15:26.473+0000] {logging_mixin.py:188} INFO - [2026-08-02T19:15:26.473+0000] {dag.py:3089} INFO - Sync 1 DAGs
[2026-08-02T19:15:26.493+0000] {logging_mixin.py:188} INFO - [2026-08-02T19:15:26.493+0000] {dag.py:3947} INFO - Setting next_dagrun for latest_only_with_trigger to 2026-08-02 12:00:00+00:00, run_after=2026-08-02 16:00:00+00:00
[2026-08-02T19:15:26.513+0000] {processor.py:183} INFO - Processing /home/airflow/.local/lib/python3.12/site-packages/airflow/example_dags/example_latest_only_with_trigger.py took 0.074 seconds
[2026-08-02T19:15:57.229+0000] {processor.py:161} INFO - Started process (PID=826) to work on /home/airflow/.local/lib/python3.12/site-packages/airflow/example_dags/example_latest_only_with_trigger.py
[2026-08-02T19:15:57.230+0000] {processor.py:830} INFO - Processing file /home/airflow/.local/lib/python3.12/site-packages/airflow/example_dags/example_latest_only_with_trigger.py for tasks to queue
[2026-08-02T19:15:57.233+0000] {logging_mixin.py:188} INFO - [2026-08-02T19:15:57.232+0000] {dagbag.py:545} INFO - Filling up the DagBag from /home/airflow/.local/lib/python3.12/site-packages/airflow/example_dags/example_latest_only_with_trigger.py
[2026-08-02T19:15:57.238+0000] {processor.py:840} INFO - DAG(s) 'latest_only_with_trigger' retrieved from /home/airflow/.local/lib/python3.12/site-packages/airflow/example_dags/example_latest_only_with_trigger.py
[2026-08-02T19:15:57.257+0000] {logging_mixin.py:188} INFO - [2026-08-02T19:15:57.257+0000] {dag.py:3089} INFO - Sync 1 DAGs
[2026-08-02T19:15:57.276+0000] {logging_mixin.py:188} INFO - [2026-08-02T19:15:57.276+0000] {dag.py:3947} INFO - Setting next_dagrun for latest_only_with_trigger to 2026-08-02 12:00:00+00:00, run_after=2026-08-02 16:00:00+00:00
[2026-08-02T19:15:57.295+0000] {processor.py:183} INFO - Processing /home/airflow/.local/lib/python3.12/site-packages/airflow/example_dags/example_latest_only_with_trigger.py took 0.072 seconds
[2026-08-02T19:16:27.689+0000] {processor.py:161} INFO - Started process (PID=885) to work on /home/airflow/.local/lib/python3.12/site-packages/airflow/example_dags/example_latest_only_with_trigger.py
[2026-08-02T19:16:27.691+0000] {processor.py:830} INFO - Processing file /home/airflow/.local/lib/python3.12/site-packages/airflow/example_dags/example_latest_only_with_trigger.py for tasks to queue
[2026-08-02T19:16:27.694+0000] {logging_mixin.py:188} INFO - [2026-08-02T19:16:27.694+0000] {dagbag.py:545} INFO - Filling up the DagBag from /home/airflow/.local/lib/python3.12/site-packages/airflow/example_dags/example_latest_only_with_trigger.py
[2026-08-02T19:16:27.705+0000] {processor.py:840} INFO - DAG(s) 'latest_only_with_trigger' retrieved from /home/airflow/.local/lib/python3.12/site-packages/airflow/example_dags/example_latest_only_with_trigger.py
[2026-08-02T19:16:27.733+0000] {logging_mixin.py:188} INFO - [2026-08-02T19:16:27.733+0000] {dag.py:3089} INFO - Sync 1 DAGs
[2026-08-02T19:16:27.753+0000] {logging_mixin.py:188} INFO - [2026-08-02T19:16:27.753+0000] {dag.py:3947} INFO - Setting next_dagrun for latest_only_with_trigger to 2026-08-02 12:00:00+00:00, run_after=2026-08-02 16:00:00+00:00
[2026-08-02T19:16:27.774+0000] {processor.py:183} INFO - Processing /home/airflow/.local/lib/python3.12/site-packages/airflow/example_dags/example_latest_only_with_trigger.py took 0.096 seconds
[2026-08-02T19:16:58.446+0000] {processor.py:161} INFO - Started process (PID=944) to work on /home/airflow/.local/lib/python3.12/site-packages/airflow/example_dags/example_latest_only_with_trigger.py
[2026-08-02T19:16:58.448+0000] {processor.py:830} INFO - Processing file /home/airflow/.local/lib/python3.12/site-packages/airflow/example_dags/example_latest_only_with_trigger.py for tasks to queue
[2026-08-02T19:16:58.450+0000] {logging_mixin.py:188} INFO - [2026-08-02T19:16:58.450+0000] {dagbag.py:545} INFO - Filling up the DagBag from /home/airflow/.local/lib/python3.12/site-packages/airflow/example_dags/example_latest_only_with_trigger.py
[2026-08-02T19:16:58.456+0000] {processor.py:840} INFO - DAG(s) 'latest_only_with_trigger' retrieved from /home/airflow/.local/lib/python3.12/site-packages/airflow/example_dags/example_latest_only_with_trigger.py
[2026-08-02T19:16:58.476+0000] {logging_mixin.py:188} INFO - [2026-08-02T19:16:58.476+0000] {dag.py:3089} INFO - Sync 1 DAGs
[2026-08-02T19:16:58.496+0000] {logging_mixin.py:188} INFO - [2026-08-02T19:16:58.496+0000] {dag.py:3947} INFO - Setting next_dagrun for latest_only_with_trigger to 2026-08-02 12:00:00+00:00, run_after=2026-08-02 16:00:00+00:00
[2026-08-02T19:16:58.521+0000] {processor.py:183} INFO - Processing /home/airflow/.local/lib/python3.12/site-packages/airflow/example_dags/example_latest_only_with_trigger.py took 0.081 seconds
[2026-08-02T19:17:29.209+0000] {processor.py:161} INFO - Started process (PID=1003) to work on /home/airflow/.local/lib/python3.12/site-packages/airflow/example_dags/example_latest_only_with_trigger.py
[2026-08-02T19:17:29.211+0000] {processor.py:830} INFO - Processing file /home/airflow/.local/lib/python3.12/site-packages/airflow/example_dags/example_latest_only_with_trigger.py for tasks to queue
[2026-08-02T19:17:29.213+0000] {logging_mixin.py:188} INFO - [2026-08-02T19:17:29.213+0000] {dagbag.py:545} INFO - Filling up the DagBag from /home/airflow/.local/lib/python3.12/site-packages/airflow/example_dags/example_latest_only_with_trigger.py
[2026-08-02T19:17:29.218+0000] {processor.py:840} INFO - DAG(s) 'latest_only_with_trigger' retrieved from /home/airflow/.local/lib/python3.12/site-packages/airflow/example_dags/example_latest_only_with_trigger.py
[2026-08-02T19:17:29.238+0000] {logging_mixin.py:188} INFO - [2026-08-02T19:17:29.238+0000] {dag.py:3089} INFO - Sync 1 DAGs
[2026-08-02T19:17:29.258+0000] {logging_mixin.py:188} INFO - [2026-08-02T19:17:29.258+0000] {dag.py:3947} INFO - Setting next_dagrun for latest_only_with_trigger to 2026-08-02 12:00:00+00:00, run_after=2026-08-02 16:00:00+00:00
[2026-08-02T19:17:29.276+0000] {processor.py:183} INFO - Processing /home/airflow/.local/lib/python3.12/site-packages/airflow/example_dags/example_latest_only_with_trigger.py took 0.074 seconds
[2026-08-02T19:18:00.080+0000] {processor.py:161} INFO - Started process (PID=1062) to work on /home/airflow/.local/lib/python3.12/site-packages/airflow/example_dags/example_latest_only_with_trigger.py
[2026-08-02T19:18:00.081+0000] {processor.py:830} INFO - Processing file /home/airflow/.local/lib/python3.12/site-packages/airflow/example_dags/example_latest_only_with_trigger.py for tasks to queue
[2026-08-02T19:18:00.083+0000] {logging_mixin.py:188} INFO - [2026-08-02T19:18:00.083+0000] {dagbag.py:545} INFO - Filling up the DagBag from /home/airflow/.local/lib/python3.12/site-packages/airflow/example_dags/example_latest_only_with_trigger.py
[2026-08-02T19:18:00.088+0000] {processor.py:840} INFO - DAG(s) 'latest_only_with_trigger' retrieved from /home/airflow/.local/lib/python3.12/site-packages/airflow/example_dags/example_latest_only_with_trigger.py
[2026-08-02T19:18:00.104+0000] {logging_mixin.py:188} INFO - [2026-08-02T19:18:00.104+0000] {dag.py:3089} INFO - Sync 1 DAGs
[2026-08-02T19:18:00.122+0000] {logging_mixin.py:188} INFO - [2026-08-02T19:18:00.122+0000] {dag.py:3947} INFO - Setting next_dagrun for latest_only_with_trigger to 2026-08-02 12:00:00+00:00, run_after=2026-08-02 16:00:00+00:00
[2026-08-02T19:18:00.140+0000] {processor.py:183} INFO - Processing /home/airflow/.local/lib/python3.12/site-packages/airflow/example_dags/example_latest_only_with_trigger.py took 0.065 seconds
[2026-08-02T19:18:30.659+0000] {processor.py:161} INFO - Started process (PID=1121) to work on /home/airflow/.local/lib/python3.12/site-packages/airflow/example_dags/example_latest_only_with_trigger.py
[2026-08-02T19:18:30.660+0000] {processor.py:830} INFO - Processing file /home/airflow/.local/lib/python3.12/site-packages/airflow/example_dags/example_latest_only_with_trigger.py for tasks to queue
[2026-08-02T19:18:30.662+0000] {logging_mixin.py:188} INFO - [2026-08-02T19:18:30.662+0000] {dagbag.py:545} INFO - Filling up the DagBag from /home/airflow/.local/lib/python3.12/site-packages/airflow/example_dags/example_latest_only_with_trigger.py
[2026-08-02T19:18:30.668+0000] {processor.py:840} INFO - DAG(s) 'latest_only_with_trigger' retrieved from /home/airflow/.local/lib/python3.12/site-packages/airflow/example_dags/example_latest_only_with_trigger.py
[2026-08-02T19:18:30.689+0000] {logging_mixin.py:188} INFO - [2026-08-02T19:18:30.689+0000] {dag.py:3089} INFO - Sync 1 DAGs
[2026-08-02T19:18:30.709+0000] {logging_mixin.py:188} INFO - [2026-08-02T19:18:30.708+0000] {dag.py:3947} INFO - Setting next_dagrun for latest_only_with_trigger to 2026-08-02 12:00:00+00:00, run_after=2026-08-02 16:00:00+00:00
[2026-08-02T19:18:30.726+0000] {processor.py:183} INFO - Processing /home/airflow/.local/lib/python3.12/site-packages/airflow/example_dags/example_latest_only_with_trigger.py took 0.074 seconds
[2026-08-02T19:19:01.105+0000] {processor.py:161} INFO - Started process (PID=1180) to work on /home/airflow/.local/lib/python3.12/site-packages/airflow/example_dags/example_latest_only_with_trigger.py
[2026-08-02T19:19:01.107+0000] {processor.py:830} INFO - Processing file /home/airflow/.local/lib/python3.12/site-packages/airflow/example_dags/example_latest_only_with_trigger.py for tasks to queue
[2026-08-02T19:19:01.109+0000] {logging_mixin.py:188} INFO - [2026-08-02T19:19:01.108+0000] {dagbag.py:545} INFO - Filling up the DagBag from /home/airflow/.local/lib/python3.12/site-packages/airflow/example_dags/example_latest_only_with_trigger.py
[2026-08-02T19:19:01.114+0000] {processor.py:840} INFO - DAG(s) 'latest_only_with_trigger' retrieved from /home/airflow/.local/lib/python3.12/site-packages/airflow/example_dags/example_latest_only_with_trigger.py
[2026-08-02T19:19:01.135+0000] {logging_mixin.py:188} INFO - [2026-08-02T19:19:01.135+0000] {dag.py:3089} INFO - Sync 1 DAGs
[2026-08-02T19:19:01.154+0000] {logging_mixin.py:188} INFO - [2026-08-02T19:19:01.154+0000] {dag.py:3947} INFO - Setting next_dagrun for latest_only_with_trigger to 2026-08-02 12:00:00+00:00, run_after=2026-08-02 16:00:00+00:00
[2026-08-02T19:19:01.172+0000] {processor.py:183} INFO - Processing /home/airflow/.local/lib/python3.12/site-packages/airflow/example_dags/example_latest_only_with_trigger.py took 0.072 seconds
[2026-08-02T19:19:31.701+0000] {processor.py:161} INFO - Started process (PID=1239) to work on /home/airflow/.local/lib/python3.12/site-packages/airflow/example_dags/example_latest_only_with_trigger.py
[2026-08-02T19:19:31.703+0000] {processor.py:830} INFO - Processing file /home/airflow/.local/lib/python3.12/site-packages/airflow/example_dags/example_latest_only_with_trigger.py for tasks to queue
[2026-08-02T19:19:31.708+0000] {logging_mixin.py:188} INFO - [2026-08-02T19:19:31.707+0000] {dagbag.py:545} INFO - Filling up the DagBag from /home/airflow/.local/lib/python3.12/site-packages/airflow/example_dags/example_latest_only_with_trigger.py
[2026-08-02T19:19:31.718+0000] {processor.py:840} INFO - DAG(s) 'latest_only_with_trigger' retrieved from /home/airflow/.local/lib/python3.12/site-packages/airflow/example_dags/example_latest_only_with_trigger.py
[2026-08-02T19:19:31.753+0000] {logging_mixin.py:188} INFO - [2026-08-02T19:19:31.753+0000] {dag.py:3089} INFO - Sync 1 DAGs
[2026-08-02T19:19:31.775+0000] {logging_mixin.py:188} INFO - [2026-08-02T19:19:31.775+0000] {dag.py:3947} INFO - Setting next_dagrun for latest_only_with_trigger to 2026-08-02 12:00:00+00:00, run_after=2026-08-02 16:00:00+00:00
[2026-08-02T19:19:31.816+0000] {processor.py:183} INFO - Processing /home/airflow/.local/lib/python3.12/site-packages/airflow/example_dags/example_latest_only_with_trigger.py took 0.128 seconds
[2026-08-02T19:20:02.548+0000] {processor.py:161} INFO - Started process (PID=1298) to work on /home/airflow/.local/lib/python3.12/site-packages/airflow/example_dags/example_latest_only_with_trigger.py
[2026-08-02T19:20:02.551+0000] {processor.py:830} INFO - Processing file /home/airflow/.local/lib/python3.12/site-packages/airflow/example_dags/example_latest_only_with_trigger.py for tasks to queue
[2026-08-02T19:20:02.555+0000] {logging_mixin.py:188} INFO - [2026-08-02T19:20:02.555+0000] {dagbag.py:545} INFO - Filling up the DagBag from /home/airflow/.local/lib/python3.12/site-packages/airflow/example_dags/example_latest_only_with_trigger.py
[2026-08-02T19:20:02.562+0000] {processor.py:840} INFO - DAG(s) 'latest_only_with_trigger' retrieved from /home/airflow/.local/lib/python3.12/site-packages/airflow/example_dags/example_latest_only_with_trigger.py
[2026-08-02T19:20:02.587+0000] {logging_mixin.py:188} INFO - [2026-08-02T19:20:02.587+0000] {dag.py:3089} INFO - Sync 1 DAGs
[2026-08-02T19:20:02.610+0000] {logging_mixin.py:188} INFO - [2026-08-02T19:20:02.610+0000] {dag.py:3947} INFO - Setting next_dagrun for latest_only_with_trigger to 2026-08-02 12:00:00+00:00, run_after=2026-08-02 16:00:00+00:00
[2026-08-02T19:20:02.639+0000] {processor.py:183} INFO - Processing /home/airflow/.local/lib/python3.12/site-packages/airflow/example_dags/example_latest_only_with_trigger.py took 0.108 seconds
