[2026-08-02T18:55:14.807+0000] {processor.py:161} INFO - Started process (PID=98) to work on /home/airflow/.local/lib/python3.12/site-packages/airflow/example_dags/example_dag_decorator.py
[2026-08-02T18:55:14.809+0000] {processor.py:830} INFO - Processing file /home/airflow/.local/lib/python3.12/site-packages/airflow/example_dags/example_dag_decorator.py for tasks to queue
[2026-08-02T18:55:14.815+0000] {logging_mixin.py:188} INFO - [2026-08-02T18:55:14.814+0000] {dagbag.py:545} INFO - Filling up the DagBag from /home/airflow/.local/lib/python3.12/site-packages/airflow/example_dags/example_dag_decorator.py
[2026-08-02T18:55:15.471+0000] {processor.py:840} INFO - DAG(s) 'example_dag_decorator' retrieved from /home/airflow/.local/lib/python3.12/site-packages/airflow/example_dags/example_dag_decorator.py
[2026-08-02T18:55:15.669+0000] {logging_mixin.py:188} INFO - [2026-08-02T18:55:15.668+0000] {dag.py:3089} INFO - Sync 1 DAGs
[2026-08-02T18:55:15.695+0000] {logging_mixin.py:188} INFO - [2026-08-02T18:55:15.695+0000] {dag.py:3947} INFO - Setting next_dagrun for example_dag_decorator to None, run_after=None
[2026-08-02T18:55:15.742+0000] {processor.py:183} INFO - Processing /home/airflow/.local/lib/python3.12/site-packages/airflow/example_dags/example_dag_decorator.py took 0.946 seconds
[2026-08-02T18:55:45.829+0000] {processor.py:161} INFO - Started process (PID=159) to work on /home/airflow/.local/lib/python3.12/site-packages/airflow/example_dags/example_dag_decorator.py
[2026-08-02T18:55:45.831+0000] {processor.py:830} INFO - Processing file /home/airflow/.local/lib/python3.12/site-packages/airflow/example_dags/example_dag_decorator.py for tasks to queue
[2026-08-02T18:55:45.834+0000] {logging_mixin.py:188} INFO - [2026-08-02T18:55:45.833+0000] {dagbag.py:545} INFO - Filling up the DagBag from /home/airflow/.local/lib/python3.12/site-packages/airflow/example_dags/example_dag_decorator.py
[2026-08-02T18:55:45.934+0000] {processor.py:840} INFO - DAG(s) 'example_dag_decorator' retrieved from /home/airflow/.local/lib/python3.12/site-packages/airflow/example_dags/example_dag_decorator.py
[2026-08-02T18:55:46.030+0000] {logging_mixin.py:188} INFO - [2026-08-02T18:55:46.030+0000] {dag.py:3089} INFO - Sync 1 DAGs
[2026-08-02T18:55:46.040+0000] {logging_mixin.py:188} INFO - [2026-08-02T18:55:46.040+0000] {dag.py:3947} INFO - Setting next_dagrun for example_dag_decorator to None, run_after=None
[2026-08-02T18:55:46.058+0000] {processor.py:183} INFO - Processing /home/airflow/.local/lib/python3.12/site-packages/airflow/example_dags/example_dag_decorator.py took 0.239 seconds
[2026-08-02T18:56:16.543+0000] {processor.py:161} INFO - Started process (PID=216) to work on /home/airflow/.local/lib/python3.12/site-packages/airflow/example_dags/example_dag_decorator.py
[2026-08-02T18:56:16.544+0000] {processor.py:830} INFO - Processing file /home/airflow/.local/lib/python3.12/site-packages/airflow/example_dags/example_dag_decorator.py for tasks to queue
[2026-08-02T18:56:16.548+0000] {logging_mixin.py:188} INFO - [2026-08-02T18:56:16.547+0000] {dagbag.py:545} INFO - Filling up the DagBag from /home/airflow/.local/lib/python3.12/site-packages/airflow/example_dags/example_dag_decorator.py
[2026-08-02T18:56:16.649+0000] {processor.py:840} INFO - DAG(s) 'example_dag_decorator' retrieved from /home/airflow/.local/lib/python3.12/site-packages/airflow/example_dags/example_dag_decorator.py
[2026-08-02T18:56:16.747+0000] {logging_mixin.py:188} INFO - [2026-08-02T18:56:16.747+0000] {dag.py:3089} INFO - Sync 1 DAGs
[2026-08-02T18:56:16.760+0000] {logging_mixin.py:188} INFO - [2026-08-02T18:56:16.760+0000] {dag.py:3947} INFO - Setting next_dagrun for example_dag_decorator to None, run_after=None
[2026-08-02T18:56:16.782+0000] {processor.py:183} INFO - Processing /home/airflow/.local/lib/python3.12/site-packages/airflow/example_dags/example_dag_decorator.py took 0.246 seconds
[2026-08-02T18:56:47.110+0000] {processor.py:161} INFO - Started process (PID=276) to work on /home/airflow/.local/lib/python3.12/site-packages/airflow/example_dags/example_dag_decorator.py
[2026-08-02T18:56:47.112+0000] {processor.py:830} INFO - Processing file /home/airflow/.local/lib/python3.12/site-packages/airflow/example_dags/example_dag_decorator.py for tasks to queue
[2026-08-02T18:56:47.115+0000] {logging_mixin.py:188} INFO - [2026-08-02T18:56:47.114+0000] {dagbag.py:545} INFO - Filling up the DagBag from /home/airflow/.local/lib/python3.12/site-packages/airflow/example_dags/example_dag_decorator.py
[2026-08-02T18:56:47.217+0000] {processor.py:840} INFO - DAG(s) 'example_dag_decorator' retrieved from /home/airflow/.local/lib/python3.12/site-packages/airflow/example_dags/example_dag_decorator.py
[2026-08-02T18:56:47.321+0000] {logging_mixin.py:188} INFO - [2026-08-02T18:56:47.321+0000] {dag.py:3089} INFO - Sync 1 DAGs
[2026-08-02T18:56:47.332+0000] {logging_mixin.py:188} INFO - [2026-08-02T18:56:47.331+0000] {dag.py:3947} INFO - Setting next_dagrun for example_dag_decorator to None, run_after=None
[2026-08-02T18:56:47.357+0000] {processor.py:183} INFO - Processing /home/airflow/.local/lib/python3.12/site-packages/airflow/example_dags/example_dag_decorator.py took 0.255 seconds
[2026-08-02T18:57:17.618+0000] {processor.py:161} INFO - Started process (PID=337) to work on /home/airflow/.local/lib/python3.12/site-packages/airflow/example_dags/example_dag_decorator.py
[2026-08-02T18:57:17.620+0000] {processor.py:830} INFO - Processing file /home/airflow/.local/lib/python3.12/site-packages/airflow/example_dags/example_dag_decorator.py for tasks to queue
[2026-08-02T18:57:17.624+0000] {logging_mixin.py:188} INFO - [2026-08-02T18:57:17.623+0000] {dagbag.py:545} INFO - Filling up the DagBag from /home/airflow/.local/lib/python3.12/site-packages/airflow/example_dags/example_dag_decorator.py
[2026-08-02T18:57:17.730+0000] {processor.py:840} INFO - DAG(s) 'example_dag_decorator' retrieved from /home/airflow/.local/lib/python3.12/site-packages/airflow/example_dags/example_dag_decorator.py
[2026-08-02T18:57:17.832+0000] {logging_mixin.py:188} INFO - [2026-08-02T18:57:17.831+0000] {dag.py:3089} INFO - Sync 1 DAGs
[2026-08-02T18:57:17.841+0000] {logging_mixin.py:188} INFO - [2026-08-02T18:57:17.840+0000] {dag.py:3947} INFO - Setting next_dagrun for example_dag_decorator to None, run_after=None
[2026-08-02T18:57:17.859+0000] {processor.py:183} INFO - Processing /home/airflow/.local/lib/python3.12/site-packages/airflow/example_dags/example_dag_decorator.py took 0.251 seconds
[2026-08-02T18:57:47.991+0000] {processor.py:161} INFO - Started process (PID=396) to work on /home/airflow/.local/lib/python3.12/site-packages/airflow/example_dags/example_dag_decorator.py
[2026-08-02T18:57:47.993+0000] {processor.py:830} INFO - Processing file /home/airflow/.local/lib/python3.12/site-packages/airflow/example_dags/example_dag_decorator.py for tasks to queue
[2026-08-02T18:57:47.996+0000] {logging_mixin.py:188} INFO - [2026-08-02T18:57:47.996+0000] {dagbag.py:545} INFO - Filling up the DagBag from /home/airflow/.local/lib/python3.12/site-packages/airflow/example_dags/example_dag_decorator.py
[2026-08-02T18:57:48.113+0000] {processor.py:840} INFO - DAG(s) 'example_dag_decorator' retrieved from /home/airflow/.local/lib/python3.12/site-packages/airflow/example_dags/example_dag_decorator.py
[2026-08-02T18:57:48.209+0000] {logging_mixin.py:188} INFO - [2026-08-02T18:57:48.209+0000] {dag.py:3089} INFO - Sync 1 DAGs
[2026-08-02T18:57:48.220+0000] {logging_mixin.py:188} INFO - [2026-08-02T18:57:48.220+0000] {dag.py:3947} INFO - Setting next_dagrun for example_dag_decorator to None, run_after=None
[2026-08-02T18:57:48.372+0000] {processor.py:183} INFO - Processing /home/airflow/.local/lib/python3.12/site-packages/airflow/example_dags/example_dag_decorator.py took 0.392 seconds
[2026-08-02T19:00:10.446+0000] {processor.py:161} INFO - Started process (PID=85) to work on /home/airflow/.local/lib/python3.12/site-packages/airflow/example_dags/example_dag_decorator.py
[2026-08-02T19:00:10.448+0000] {processor.py:830} INFO - Processing file /home/airflow/.local/lib/python3.12/site-packages/airflow/example_dags/example_dag_decorator.py for tasks to queue
[2026-08-02T19:00:10.451+0000] {logging_mixin.py:188} INFO - [2026-08-02T19:00:10.451+0000] {dagbag.py:545} INFO - Filling up the DagBag from /home/airflow/.local/lib/python3.12/site-packages/airflow/example_dags/example_dag_decorator.py
[2026-08-02T19:00:10.574+0000] {processor.py:840} INFO - DAG(s) 'example_dag_decorator' retrieved from /home/airflow/.local/lib/python3.12/site-packages/airflow/example_dags/example_dag_decorator.py
[2026-08-02T19:00:10.596+0000] {logging_mixin.py:188} INFO - [2026-08-02T19:00:10.595+0000] {dag.py:3089} INFO - Sync 1 DAGs
[2026-08-02T19:00:10.620+0000] {logging_mixin.py:188} INFO - [2026-08-02T19:00:10.620+0000] {dag.py:3947} INFO - Setting next_dagrun for example_dag_decorator to None, run_after=None
[2026-08-02T19:00:10.670+0000] {processor.py:183} INFO - Processing /home/airflow/.local/lib/python3.12/site-packages/airflow/example_dags/example_dag_decorator.py took 0.233 seconds
[2026-08-02T19:00:40.825+0000] {processor.py:161} INFO - Started process (PID=144) to work on /home/airflow/.local/lib/python3.12/site-packages/airflow/example_dags/example_dag_decorator.py
[2026-08-02T19:00:40.826+0000] {processor.py:830} INFO - Processing file /home/airflow/.local/lib/python3.12/site-packages/airflow/example_dags/example_dag_decorator.py for tasks to queue
[2026-08-02T19:00:40.828+0000] {logging_mixin.py:188} INFO - [2026-08-02T19:00:40.828+0000] {dagbag.py:545} INFO - Filling up the DagBag from /home/airflow/.local/lib/python3.12/site-packages/airflow/example_dags/example_dag_decorator.py
[2026-08-02T19:00:40.925+0000] {processor.py:840} INFO - DAG(s) 'example_dag_decorator' retrieved from /home/airflow/.local/lib/python3.12/site-packages/airflow/example_dags/example_dag_decorator.py
[2026-08-02T19:00:41.021+0000] {logging_mixin.py:188} INFO - [2026-08-02T19:00:41.021+0000] {dag.py:3089} INFO - Sync 1 DAGs
[2026-08-02T19:00:41.032+0000] {logging_mixin.py:188} INFO - [2026-08-02T19:00:41.032+0000] {dag.py:3947} INFO - Setting next_dagrun for example_dag_decorator to None, run_after=None
[2026-08-02T19:00:41.051+0000] {processor.py:183} INFO - Processing /home/airflow/.local/lib/python3.12/site-packages/airflow/example_dags/example_dag_decorator.py took 0.232 seconds
[2026-08-02T19:01:11.286+0000] {processor.py:161} INFO - Started process (PID=203) to work on /home/airflow/.local/lib/python3.12/site-packages/airflow/example_dags/example_dag_decorator.py
[2026-08-02T19:01:11.287+0000] {processor.py:830} INFO - Processing file /home/airflow/.local/lib/python3.12/site-packages/airflow/example_dags/example_dag_decorator.py for tasks to queue
[2026-08-02T19:01:11.290+0000] {logging_mixin.py:188} INFO - [2026-08-02T19:01:11.290+0000] {dagbag.py:545} INFO - Filling up the DagBag from /home/airflow/.local/lib/python3.12/site-packages/airflow/example_dags/example_dag_decorator.py
[2026-08-02T19:01:11.389+0000] {processor.py:840} INFO - DAG(s) 'example_dag_decorator' retrieved from /home/airflow/.local/lib/python3.12/site-packages/airflow/example_dags/example_dag_decorator.py
[2026-08-02T19:01:11.416+0000] {logging_mixin.py:188} INFO - [2026-08-02T19:01:11.416+0000] {dag.py:3089} INFO - Sync 1 DAGs
[2026-08-02T19:01:11.428+0000] {logging_mixin.py:188} INFO - [2026-08-02T19:01:11.428+0000] {dag.py:3947} INFO - Setting next_dagrun for example_dag_decorator to None, run_after=None
[2026-08-02T19:01:11.449+0000] {processor.py:183} INFO - Processing /home/airflow/.local/lib/python3.12/site-packages/airflow/example_dags/example_dag_decorator.py took 0.169 seconds
[2026-08-02T19:01:41.799+0000] {processor.py:161} INFO - Started process (PID=263) to work on /home/airflow/.local/lib/python3.12/site-packages/airflow/example_dags/example_dag_decorator.py
[2026-08-02T19:01:41.800+0000] {processor.py:830} INFO - Processing file /home/airflow/.local/lib/python3.12/site-packages/airflow/example_dags/example_dag_decorator.py for tasks to queue
[2026-08-02T19:01:41.803+0000] {logging_mixin.py:188} INFO - [2026-08-02T19:01:41.802+0000] {dagbag.py:545} INFO - Filling up the DagBag from /home/airflow/.local/lib/python3.12/site-packages/airflow/example_dags/example_dag_decorator.py
[2026-08-02T19:01:41.901+0000] {processor.py:840} INFO - DAG(s) 'example_dag_decorator' retrieved from /home/airflow/.local/lib/python3.12/site-packages/airflow/example_dags/example_dag_decorator.py
[2026-08-02T19:01:41.993+0000] {logging_mixin.py:188} INFO - [2026-08-02T19:01:41.993+0000] {dag.py:3089} INFO - Sync 1 DAGs
[2026-08-02T19:01:42.004+0000] {logging_mixin.py:188} INFO - [2026-08-02T19:01:42.004+0000] {dag.py:3947} INFO - Setting next_dagrun for example_dag_decorator to None, run_after=None
[2026-08-02T19:01:42.022+0000] {processor.py:183} INFO - Processing /home/airflow/.local/lib/python3.12/site-packages/airflow/example_dags/example_dag_decorator.py took 0.229 seconds
[2026-08-02T19:02:12.138+0000] {processor.py:161} INFO - Started process (PID=323) to work on /home/airflow/.local/lib/python3.12/site-packages/airflow/example_dags/example_dag_decorator.py
[2026-08-02T19:02:12.139+0000] {processor.py:830} INFO - Processing file /home/airflow/.local/lib/python3.12/site-packages/airflow/example_dags/example_dag_decorator.py for tasks to queue
[2026-08-02T19:02:12.142+0000] {logging_mixin.py:188} INFO - [2026-08-02T19:02:12.141+0000] {dagbag.py:545} INFO - Filling up the DagBag from /home/airflow/.local/lib/python3.12/site-packages/airflow/example_dags/example_dag_decorator.py
[2026-08-02T19:02:12.247+0000] {processor.py:840} INFO - DAG(s) 'example_dag_decorator' retrieved from /home/airflow/.local/lib/python3.12/site-packages/airflow/example_dags/example_dag_decorator.py
[2026-08-02T19:02:12.343+0000] {logging_mixin.py:188} INFO - [2026-08-02T19:02:12.343+0000] {dag.py:3089} INFO - Sync 1 DAGs
[2026-08-02T19:02:12.354+0000] {logging_mixin.py:188} INFO - [2026-08-02T19:02:12.354+0000] {dag.py:3947} INFO - Setting next_dagrun for example_dag_decorator to None, run_after=None
[2026-08-02T19:02:12.373+0000] {processor.py:183} INFO - Processing /home/airflow/.local/lib/python3.12/site-packages/airflow/example_dags/example_dag_decorator.py took 0.243 seconds
[2026-08-02T19:02:42.460+0000] {processor.py:161} INFO - Started process (PID=383) to work on /home/airflow/.local/lib/python3.12/site-packages/airflow/example_dags/example_dag_decorator.py
[2026-08-02T19:02:42.462+0000] {processor.py:830} INFO - Processing file /home/airflow/.local/lib/python3.12/site-packages/airflow/example_dags/example_dag_decorator.py for tasks to queue
[2026-08-02T19:02:42.464+0000] {logging_mixin.py:188} INFO - [2026-08-02T19:02:42.464+0000] {dagbag.py:545} INFO - Filling up the DagBag from /home/airflow/.local/lib/python3.12/site-packages/airflow/example_dags/example_dag_decorator.py
[2026-08-02T19:02:42.564+0000] {processor.py:840} INFO - DAG(s) 'example_dag_decorator' retrieved from /home/airflow/.local/lib/python3.12/site-packages/airflow/example_dags/example_dag_decorator.py
[2026-08-02T19:02:42.664+0000] {logging_mixin.py:188} INFO - [2026-08-02T19:02:42.664+0000] {dag.py:3089} INFO - Sync 1 DAGs
[2026-08-02T19:02:42.675+0000] {logging_mixin.py:188} INFO - [2026-08-02T19:02:42.675+0000] {dag.py:3947} INFO - Setting next_dagrun for example_dag_decorator to None, run_after=None
[2026-08-02T19:02:42.700+0000] {processor.py:183} INFO - Processing /home/airflow/.local/lib/python3.12/site-packages/airflow/example_dags/example_dag_decorator.py took 0.245 seconds
[2026-08-02T19:03:12.890+0000] {processor.py:161} INFO - Started process (PID=444) to work on /home/airflow/.local/lib/python3.12/site-packages/airflow/example_dags/example_dag_decorator.py
[2026-08-02T19:03:12.891+0000] {processor.py:830} INFO - Processing file /home/airflow/.local/lib/python3.12/site-packages/airflow/example_dags/example_dag_decorator.py for tasks to queue
[2026-08-02T19:03:12.894+0000] {logging_mixin.py:188} INFO - [2026-08-02T19:03:12.894+0000] {dagbag.py:545} INFO - Filling up the DagBag from /home/airflow/.local/lib/python3.12/site-packages/airflow/example_dags/example_dag_decorator.py
[2026-08-02T19:03:13.002+0000] {processor.py:840} INFO - DAG(s) 'example_dag_decorator' retrieved from /home/airflow/.local/lib/python3.12/site-packages/airflow/example_dags/example_dag_decorator.py
[2026-08-02T19:03:13.105+0000] {logging_mixin.py:188} INFO - [2026-08-02T19:03:13.105+0000] {dag.py:3089} INFO - Sync 1 DAGs
[2026-08-02T19:03:13.116+0000] {logging_mixin.py:188} INFO - [2026-08-02T19:03:13.116+0000] {dag.py:3947} INFO - Setting next_dagrun for example_dag_decorator to None, run_after=None
[2026-08-02T19:03:13.136+0000] {processor.py:183} INFO - Processing /home/airflow/.local/lib/python3.12/site-packages/airflow/example_dags/example_dag_decorator.py took 0.252 seconds
[2026-08-02T19:03:43.850+0000] {processor.py:161} INFO - Started process (PID=505) to work on /home/airflow/.local/lib/python3.12/site-packages/airflow/example_dags/example_dag_decorator.py
[2026-08-02T19:03:43.852+0000] {processor.py:830} INFO - Processing file /home/airflow/.local/lib/python3.12/site-packages/airflow/example_dags/example_dag_decorator.py for tasks to queue
[2026-08-02T19:03:43.856+0000] {logging_mixin.py:188} INFO - [2026-08-02T19:03:43.855+0000] {dagbag.py:545} INFO - Filling up the DagBag from /home/airflow/.local/lib/python3.12/site-packages/airflow/example_dags/example_dag_decorator.py
[2026-08-02T19:03:43.962+0000] {processor.py:840} INFO - DAG(s) 'example_dag_decorator' retrieved from /home/airflow/.local/lib/python3.12/site-packages/airflow/example_dags/example_dag_decorator.py
[2026-08-02T19:03:44.057+0000] {logging_mixin.py:188} INFO - [2026-08-02T19:03:44.057+0000] {dag.py:3089} INFO - Sync 1 DAGs
[2026-08-02T19:03:44.066+0000] {logging_mixin.py:188} INFO - [2026-08-02T19:03:44.066+0000] {dag.py:3947} INFO - Setting next_dagrun for example_dag_decorator to None, run_after=None
[2026-08-02T19:03:44.084+0000] {processor.py:183} INFO - Processing /home/airflow/.local/lib/python3.12/site-packages/airflow/example_dags/example_dag_decorator.py took 0.244 seconds
[2026-08-02T19:04:14.276+0000] {processor.py:161} INFO - Started process (PID=558) to work on /home/airflow/.local/lib/python3.12/site-packages/airflow/example_dags/example_dag_decorator.py
[2026-08-02T19:04:14.279+0000] {processor.py:830} INFO - Processing file /home/airflow/.local/lib/python3.12/site-packages/airflow/example_dags/example_dag_decorator.py for tasks to queue
[2026-08-02T19:04:14.283+0000] {logging_mixin.py:188} INFO - [2026-08-02T19:04:14.283+0000] {dagbag.py:545} INFO - Filling up the DagBag from /home/airflow/.local/lib/python3.12/site-packages/airflow/example_dags/example_dag_decorator.py
[2026-08-02T19:04:14.402+0000] {processor.py:840} INFO - DAG(s) 'example_dag_decorator' retrieved from /home/airflow/.local/lib/python3.12/site-packages/airflow/example_dags/example_dag_decorator.py
[2026-08-02T19:04:14.505+0000] {logging_mixin.py:188} INFO - [2026-08-02T19:04:14.505+0000] {dag.py:3089} INFO - Sync 1 DAGs
[2026-08-02T19:04:14.518+0000] {logging_mixin.py:188} INFO - [2026-08-02T19:04:14.517+0000] {dag.py:3947} INFO - Setting next_dagrun for example_dag_decorator to None, run_after=None
[2026-08-02T19:04:14.540+0000] {processor.py:183} INFO - Processing /home/airflow/.local/lib/python3.12/site-packages/airflow/example_dags/example_dag_decorator.py took 0.277 seconds
[2026-08-02T19:04:44.903+0000] {processor.py:161} INFO - Started process (PID=617) to work on /home/airflow/.local/lib/python3.12/site-packages/airflow/example_dags/example_dag_decorator.py
[2026-08-02T19:04:44.905+0000] {processor.py:830} INFO - Processing file /home/airflow/.local/lib/python3.12/site-packages/airflow/example_dags/example_dag_decorator.py for tasks to queue
[2026-08-02T19:04:44.907+0000] {logging_mixin.py:188} INFO - [2026-08-02T19:04:44.907+0000] {dagbag.py:545} INFO - Filling up the DagBag from /home/airflow/.local/lib/python3.12/site-packages/airflow/example_dags/example_dag_decorator.py
[2026-08-02T19:04:45.001+0000] {processor.py:840} INFO - DAG(s) 'example_dag_decorator' retrieved from /home/airflow/.local/lib/python3.12/site-packages/airflow/example_dags/example_dag_decorator.py
[2026-08-02T19:04:45.100+0000] {logging_mixin.py:188} INFO - [2026-08-02T19:04:45.099+0000] {dag.py:3089} INFO - Sync 1 DAGs
[2026-08-02T19:04:45.256+0000] {logging_mixin.py:188} INFO - [2026-08-02T19:04:45.256+0000] {dag.py:3947} INFO - Setting next_dagrun for example_dag_decorator to None, run_after=None
[2026-08-02T19:04:45.275+0000] {processor.py:183} INFO - Processing /home/airflow/.local/lib/python3.12/site-packages/airflow/example_dags/example_dag_decorator.py took 0.377 seconds
[2026-08-02T19:05:15.394+0000] {processor.py:161} INFO - Started process (PID=677) to work on /home/airflow/.local/lib/python3.12/site-packages/airflow/example_dags/example_dag_decorator.py
[2026-08-02T19:05:15.396+0000] {processor.py:830} INFO - Processing file /home/airflow/.local/lib/python3.12/site-packages/airflow/example_dags/example_dag_decorator.py for tasks to queue
[2026-08-02T19:05:15.398+0000] {logging_mixin.py:188} INFO - [2026-08-02T19:05:15.398+0000] {dagbag.py:545} INFO - Filling up the DagBag from /home/airflow/.local/lib/python3.12/site-packages/airflow/example_dags/example_dag_decorator.py
[2026-08-02T19:05:15.505+0000] {processor.py:840} INFO - DAG(s) 'example_dag_decorator' retrieved from /home/airflow/.local/lib/python3.12/site-packages/airflow/example_dags/example_dag_decorator.py
[2026-08-02T19:05:15.605+0000] {logging_mixin.py:188} INFO - [2026-08-02T19:05:15.604+0000] {dag.py:3089} INFO - Sync 1 DAGs
[2026-08-02T19:05:15.759+0000] {logging_mixin.py:188} INFO - [2026-08-02T19:05:15.759+0000] {dag.py:3947} INFO - Setting next_dagrun for example_dag_decorator to None, run_after=None
[2026-08-02T19:05:15.779+0000] {processor.py:183} INFO - Processing /home/airflow/.local/lib/python3.12/site-packages/airflow/example_dags/example_dag_decorator.py took 0.393 seconds
[2026-08-02T19:05:46.156+0000] {processor.py:161} INFO - Started process (PID=735) to work on /home/airflow/.local/lib/python3.12/site-packages/airflow/example_dags/example_dag_decorator.py
[2026-08-02T19:05:46.159+0000] {processor.py:830} INFO - Processing file /home/airflow/.local/lib/python3.12/site-packages/airflow/example_dags/example_dag_decorator.py for tasks to queue
[2026-08-02T19:05:46.163+0000] {logging_mixin.py:188} INFO - [2026-08-02T19:05:46.163+0000] {dagbag.py:545} INFO - Filling up the DagBag from /home/airflow/.local/lib/python3.12/site-packages/airflow/example_dags/example_dag_decorator.py
[2026-08-02T19:05:46.264+0000] {processor.py:840} INFO - DAG(s) 'example_dag_decorator' retrieved from /home/airflow/.local/lib/python3.12/site-packages/airflow/example_dags/example_dag_decorator.py
[2026-08-02T19:05:46.362+0000] {logging_mixin.py:188} INFO - [2026-08-02T19:05:46.362+0000] {dag.py:3089} INFO - Sync 1 DAGs
[2026-08-02T19:05:46.373+0000] {logging_mixin.py:188} INFO - [2026-08-02T19:05:46.372+0000] {dag.py:3947} INFO - Setting next_dagrun for example_dag_decorator to None, run_after=None
[2026-08-02T19:05:46.395+0000] {processor.py:183} INFO - Processing /home/airflow/.local/lib/python3.12/site-packages/airflow/example_dags/example_dag_decorator.py took 0.251 seconds
[2026-08-02T19:06:16.739+0000] {processor.py:161} INFO - Started process (PID=794) to work on /home/airflow/.local/lib/python3.12/site-packages/airflow/example_dags/example_dag_decorator.py
[2026-08-02T19:06:16.741+0000] {processor.py:830} INFO - Processing file /home/airflow/.local/lib/python3.12/site-packages/airflow/example_dags/example_dag_decorator.py for tasks to queue
[2026-08-02T19:06:16.745+0000] {logging_mixin.py:188} INFO - [2026-08-02T19:06:16.744+0000] {dagbag.py:545} INFO - Filling up the DagBag from /home/airflow/.local/lib/python3.12/site-packages/airflow/example_dags/example_dag_decorator.py
[2026-08-02T19:06:16.852+0000] {processor.py:840} INFO - DAG(s) 'example_dag_decorator' retrieved from /home/airflow/.local/lib/python3.12/site-packages/airflow/example_dags/example_dag_decorator.py
[2026-08-02T19:06:16.951+0000] {logging_mixin.py:188} INFO - [2026-08-02T19:06:16.950+0000] {dag.py:3089} INFO - Sync 1 DAGs
[2026-08-02T19:06:16.962+0000] {logging_mixin.py:188} INFO - [2026-08-02T19:06:16.961+0000] {dag.py:3947} INFO - Setting next_dagrun for example_dag_decorator to None, run_after=None
[2026-08-02T19:06:16.982+0000] {processor.py:183} INFO - Processing /home/airflow/.local/lib/python3.12/site-packages/airflow/example_dags/example_dag_decorator.py took 0.253 seconds
[2026-08-02T19:06:47.485+0000] {processor.py:161} INFO - Started process (PID=853) to work on /home/airflow/.local/lib/python3.12/site-packages/airflow/example_dags/example_dag_decorator.py
[2026-08-02T19:06:47.486+0000] {processor.py:830} INFO - Processing file /home/airflow/.local/lib/python3.12/site-packages/airflow/example_dags/example_dag_decorator.py for tasks to queue
[2026-08-02T19:06:47.489+0000] {logging_mixin.py:188} INFO - [2026-08-02T19:06:47.489+0000] {dagbag.py:545} INFO - Filling up the DagBag from /home/airflow/.local/lib/python3.12/site-packages/airflow/example_dags/example_dag_decorator.py
[2026-08-02T19:06:47.593+0000] {processor.py:840} INFO - DAG(s) 'example_dag_decorator' retrieved from /home/airflow/.local/lib/python3.12/site-packages/airflow/example_dags/example_dag_decorator.py
[2026-08-02T19:06:47.617+0000] {logging_mixin.py:188} INFO - [2026-08-02T19:06:47.617+0000] {dag.py:3089} INFO - Sync 1 DAGs
[2026-08-02T19:06:47.630+0000] {logging_mixin.py:188} INFO - [2026-08-02T19:06:47.630+0000] {dag.py:3947} INFO - Setting next_dagrun for example_dag_decorator to None, run_after=None
[2026-08-02T19:06:47.651+0000] {processor.py:183} INFO - Processing /home/airflow/.local/lib/python3.12/site-packages/airflow/example_dags/example_dag_decorator.py took 0.173 seconds
[2026-08-02T19:07:17.951+0000] {processor.py:161} INFO - Started process (PID=912) to work on /home/airflow/.local/lib/python3.12/site-packages/airflow/example_dags/example_dag_decorator.py
[2026-08-02T19:07:17.953+0000] {processor.py:830} INFO - Processing file /home/airflow/.local/lib/python3.12/site-packages/airflow/example_dags/example_dag_decorator.py for tasks to queue
[2026-08-02T19:07:17.956+0000] {logging_mixin.py:188} INFO - [2026-08-02T19:07:17.955+0000] {dagbag.py:545} INFO - Filling up the DagBag from /home/airflow/.local/lib/python3.12/site-packages/airflow/example_dags/example_dag_decorator.py
[2026-08-02T19:07:18.071+0000] {processor.py:840} INFO - DAG(s) 'example_dag_decorator' retrieved from /home/airflow/.local/lib/python3.12/site-packages/airflow/example_dags/example_dag_decorator.py
[2026-08-02T19:07:18.097+0000] {logging_mixin.py:188} INFO - [2026-08-02T19:07:18.096+0000] {dag.py:3089} INFO - Sync 1 DAGs
[2026-08-02T19:07:18.110+0000] {logging_mixin.py:188} INFO - [2026-08-02T19:07:18.109+0000] {dag.py:3947} INFO - Setting next_dagrun for example_dag_decorator to None, run_after=None
[2026-08-02T19:07:18.135+0000] {processor.py:183} INFO - Processing /home/airflow/.local/lib/python3.12/site-packages/airflow/example_dags/example_dag_decorator.py took 0.192 seconds
[2026-08-02T19:07:48.450+0000] {processor.py:161} INFO - Started process (PID=971) to work on /home/airflow/.local/lib/python3.12/site-packages/airflow/example_dags/example_dag_decorator.py
[2026-08-02T19:07:48.451+0000] {processor.py:830} INFO - Processing file /home/airflow/.local/lib/python3.12/site-packages/airflow/example_dags/example_dag_decorator.py for tasks to queue
[2026-08-02T19:07:48.454+0000] {logging_mixin.py:188} INFO - [2026-08-02T19:07:48.453+0000] {dagbag.py:545} INFO - Filling up the DagBag from /home/airflow/.local/lib/python3.12/site-packages/airflow/example_dags/example_dag_decorator.py
[2026-08-02T19:07:48.569+0000] {processor.py:840} INFO - DAG(s) 'example_dag_decorator' retrieved from /home/airflow/.local/lib/python3.12/site-packages/airflow/example_dags/example_dag_decorator.py
[2026-08-02T19:07:48.857+0000] {logging_mixin.py:188} INFO - [2026-08-02T19:07:48.857+0000] {dag.py:3089} INFO - Sync 1 DAGs
[2026-08-02T19:07:48.871+0000] {logging_mixin.py:188} INFO - [2026-08-02T19:07:48.871+0000] {dag.py:3947} INFO - Setting next_dagrun for example_dag_decorator to None, run_after=None
[2026-08-02T19:07:48.893+0000] {processor.py:183} INFO - Processing /home/airflow/.local/lib/python3.12/site-packages/airflow/example_dags/example_dag_decorator.py took 0.450 seconds
[2026-08-02T19:08:18.977+0000] {processor.py:161} INFO - Started process (PID=1031) to work on /home/airflow/.local/lib/python3.12/site-packages/airflow/example_dags/example_dag_decorator.py
[2026-08-02T19:08:18.978+0000] {processor.py:830} INFO - Processing file /home/airflow/.local/lib/python3.12/site-packages/airflow/example_dags/example_dag_decorator.py for tasks to queue
[2026-08-02T19:08:18.980+0000] {logging_mixin.py:188} INFO - [2026-08-02T19:08:18.980+0000] {dagbag.py:545} INFO - Filling up the DagBag from /home/airflow/.local/lib/python3.12/site-packages/airflow/example_dags/example_dag_decorator.py
[2026-08-02T19:08:19.078+0000] {processor.py:840} INFO - DAG(s) 'example_dag_decorator' retrieved from /home/airflow/.local/lib/python3.12/site-packages/airflow/example_dags/example_dag_decorator.py
[2026-08-02T19:08:19.294+0000] {logging_mixin.py:188} INFO - [2026-08-02T19:08:19.294+0000] {dag.py:3089} INFO - Sync 1 DAGs
[2026-08-02T19:08:19.304+0000] {logging_mixin.py:188} INFO - [2026-08-02T19:08:19.304+0000] {dag.py:3947} INFO - Setting next_dagrun for example_dag_decorator to None, run_after=None
[2026-08-02T19:08:19.323+0000] {processor.py:183} INFO - Processing /home/airflow/.local/lib/python3.12/site-packages/airflow/example_dags/example_dag_decorator.py took 0.352 seconds
[2026-08-02T19:09:50.764+0000] {processor.py:161} INFO - Started process (PID=121) to work on /home/airflow/.local/lib/python3.12/site-packages/airflow/example_dags/example_dag_decorator.py
[2026-08-02T19:09:50.767+0000] {processor.py:830} INFO - Processing file /home/airflow/.local/lib/python3.12/site-packages/airflow/example_dags/example_dag_decorator.py for tasks to queue
[2026-08-02T19:09:50.770+0000] {logging_mixin.py:188} INFO - [2026-08-02T19:09:50.770+0000] {dagbag.py:545} INFO - Filling up the DagBag from /home/airflow/.local/lib/python3.12/site-packages/airflow/example_dags/example_dag_decorator.py
[2026-08-02T19:09:51.317+0000] {processor.py:840} INFO - DAG(s) 'example_dag_decorator' retrieved from /home/airflow/.local/lib/python3.12/site-packages/airflow/example_dags/example_dag_decorator.py
[2026-08-02T19:09:51.464+0000] {logging_mixin.py:188} INFO - [2026-08-02T19:09:51.464+0000] {dag.py:3089} INFO - Sync 1 DAGs
[2026-08-02T19:09:51.474+0000] {logging_mixin.py:188} INFO - [2026-08-02T19:09:51.474+0000] {dag.py:3947} INFO - Setting next_dagrun for example_dag_decorator to None, run_after=None
[2026-08-02T19:09:51.507+0000] {processor.py:183} INFO - Processing /home/airflow/.local/lib/python3.12/site-packages/airflow/example_dags/example_dag_decorator.py took 0.755 seconds
[2026-08-02T19:10:22.495+0000] {processor.py:161} INFO - Started process (PID=181) to work on /home/airflow/.local/lib/python3.12/site-packages/airflow/example_dags/example_dag_decorator.py
[2026-08-02T19:10:22.497+0000] {processor.py:830} INFO - Processing file /home/airflow/.local/lib/python3.12/site-packages/airflow/example_dags/example_dag_decorator.py for tasks to queue
[2026-08-02T19:10:22.499+0000] {logging_mixin.py:188} INFO - [2026-08-02T19:10:22.499+0000] {dagbag.py:545} INFO - Filling up the DagBag from /home/airflow/.local/lib/python3.12/site-packages/airflow/example_dags/example_dag_decorator.py
[2026-08-02T19:10:22.598+0000] {processor.py:840} INFO - DAG(s) 'example_dag_decorator' retrieved from /home/airflow/.local/lib/python3.12/site-packages/airflow/example_dags/example_dag_decorator.py
[2026-08-02T19:10:22.695+0000] {logging_mixin.py:188} INFO - [2026-08-02T19:10:22.694+0000] {dag.py:3089} INFO - Sync 1 DAGs
[2026-08-02T19:10:22.705+0000] {logging_mixin.py:188} INFO - [2026-08-02T19:10:22.705+0000] {dag.py:3947} INFO - Setting next_dagrun for example_dag_decorator to None, run_after=None
[2026-08-02T19:10:22.728+0000] {processor.py:183} INFO - Processing /home/airflow/.local/lib/python3.12/site-packages/airflow/example_dags/example_dag_decorator.py took 0.239 seconds
[2026-08-02T19:10:52.988+0000] {processor.py:161} INFO - Started process (PID=240) to work on /home/airflow/.local/lib/python3.12/site-packages/airflow/example_dags/example_dag_decorator.py
[2026-08-02T19:10:52.990+0000] {processor.py:830} INFO - Processing file /home/airflow/.local/lib/python3.12/site-packages/airflow/example_dags/example_dag_decorator.py for tasks to queue
[2026-08-02T19:10:52.993+0000] {logging_mixin.py:188} INFO - [2026-08-02T19:10:52.993+0000] {dagbag.py:545} INFO - Filling up the DagBag from /home/airflow/.local/lib/python3.12/site-packages/airflow/example_dags/example_dag_decorator.py
[2026-08-02T19:10:53.104+0000] {processor.py:840} INFO - DAG(s) 'example_dag_decorator' retrieved from /home/airflow/.local/lib/python3.12/site-packages/airflow/example_dags/example_dag_decorator.py
[2026-08-02T19:10:53.227+0000] {logging_mixin.py:188} INFO - [2026-08-02T19:10:53.226+0000] {dag.py:3089} INFO - Sync 1 DAGs
[2026-08-02T19:10:53.238+0000] {logging_mixin.py:188} INFO - [2026-08-02T19:10:53.238+0000] {dag.py:3947} INFO - Setting next_dagrun for example_dag_decorator to None, run_after=None
[2026-08-02T19:10:53.267+0000] {processor.py:183} INFO - Processing /home/airflow/.local/lib/python3.12/site-packages/airflow/example_dags/example_dag_decorator.py took 0.286 seconds
[2026-08-02T19:11:23.336+0000] {processor.py:161} INFO - Started process (PID=300) to work on /home/airflow/.local/lib/python3.12/site-packages/airflow/example_dags/example_dag_decorator.py
[2026-08-02T19:11:23.338+0000] {processor.py:830} INFO - Processing file /home/airflow/.local/lib/python3.12/site-packages/airflow/example_dags/example_dag_decorator.py for tasks to queue
[2026-08-02T19:11:23.341+0000] {logging_mixin.py:188} INFO - [2026-08-02T19:11:23.341+0000] {dagbag.py:545} INFO - Filling up the DagBag from /home/airflow/.local/lib/python3.12/site-packages/airflow/example_dags/example_dag_decorator.py
[2026-08-02T19:11:23.447+0000] {processor.py:840} INFO - DAG(s) 'example_dag_decorator' retrieved from /home/airflow/.local/lib/python3.12/site-packages/airflow/example_dags/example_dag_decorator.py
[2026-08-02T19:11:23.563+0000] {logging_mixin.py:188} INFO - [2026-08-02T19:11:23.563+0000] {dag.py:3089} INFO - Sync 1 DAGs
[2026-08-02T19:11:23.576+0000] {logging_mixin.py:188} INFO - [2026-08-02T19:11:23.576+0000] {dag.py:3947} INFO - Setting next_dagrun for example_dag_decorator to None, run_after=None
[2026-08-02T19:11:23.599+0000] {processor.py:183} INFO - Processing /home/airflow/.local/lib/python3.12/site-packages/airflow/example_dags/example_dag_decorator.py took 0.270 seconds
[2026-08-02T19:11:53.649+0000] {processor.py:161} INFO - Started process (PID=359) to work on /home/airflow/.local/lib/python3.12/site-packages/airflow/example_dags/example_dag_decorator.py
[2026-08-02T19:11:53.650+0000] {processor.py:830} INFO - Processing file /home/airflow/.local/lib/python3.12/site-packages/airflow/example_dags/example_dag_decorator.py for tasks to queue
[2026-08-02T19:11:53.653+0000] {logging_mixin.py:188} INFO - [2026-08-02T19:11:53.652+0000] {dagbag.py:545} INFO - Filling up the DagBag from /home/airflow/.local/lib/python3.12/site-packages/airflow/example_dags/example_dag_decorator.py
[2026-08-02T19:11:53.754+0000] {processor.py:840} INFO - DAG(s) 'example_dag_decorator' retrieved from /home/airflow/.local/lib/python3.12/site-packages/airflow/example_dags/example_dag_decorator.py
[2026-08-02T19:11:53.852+0000] {logging_mixin.py:188} INFO - [2026-08-02T19:11:53.852+0000] {dag.py:3089} INFO - Sync 1 DAGs
[2026-08-02T19:11:53.862+0000] {logging_mixin.py:188} INFO - [2026-08-02T19:11:53.862+0000] {dag.py:3947} INFO - Setting next_dagrun for example_dag_decorator to None, run_after=None
[2026-08-02T19:11:53.880+0000] {processor.py:183} INFO - Processing /home/airflow/.local/lib/python3.12/site-packages/airflow/example_dags/example_dag_decorator.py took 0.238 seconds
[2026-08-02T19:12:24.312+0000] {processor.py:161} INFO - Started process (PID=417) to work on /home/airflow/.local/lib/python3.12/site-packages/airflow/example_dags/example_dag_decorator.py
[2026-08-02T19:12:24.315+0000] {processor.py:830} INFO - Processing file /home/airflow/.local/lib/python3.12/site-packages/airflow/example_dags/example_dag_decorator.py for tasks to queue
[2026-08-02T19:12:24.317+0000] {logging_mixin.py:188} INFO - [2026-08-02T19:12:24.317+0000] {dagbag.py:545} INFO - Filling up the DagBag from /home/airflow/.local/lib/python3.12/site-packages/airflow/example_dags/example_dag_decorator.py
[2026-08-02T19:12:24.422+0000] {processor.py:840} INFO - DAG(s) 'example_dag_decorator' retrieved from /home/airflow/.local/lib/python3.12/site-packages/airflow/example_dags/example_dag_decorator.py
[2026-08-02T19:12:24.520+0000] {logging_mixin.py:188} INFO - [2026-08-02T19:12:24.520+0000] {dag.py:3089} INFO - Sync 1 DAGs
[2026-08-02T19:12:24.530+0000] {logging_mixin.py:188} INFO - [2026-08-02T19:12:24.530+0000] {dag.py:3947} INFO - Setting next_dagrun for example_dag_decorator to None, run_after=None
[2026-08-02T19:12:24.551+0000] {processor.py:183} INFO - Processing /home/airflow/.local/lib/python3.12/site-packages/airflow/example_dags/example_dag_decorator.py took 0.245 seconds
[2026-08-02T19:12:54.840+0000] {processor.py:161} INFO - Started process (PID=476) to work on /home/airflow/.local/lib/python3.12/site-packages/airflow/example_dags/example_dag_decorator.py
[2026-08-02T19:12:54.841+0000] {processor.py:830} INFO - Processing file /home/airflow/.local/lib/python3.12/site-packages/airflow/example_dags/example_dag_decorator.py for tasks to queue
[2026-08-02T19:12:54.843+0000] {logging_mixin.py:188} INFO - [2026-08-02T19:12:54.843+0000] {dagbag.py:545} INFO - Filling up the DagBag from /home/airflow/.local/lib/python3.12/site-packages/airflow/example_dags/example_dag_decorator.py
[2026-08-02T19:12:54.939+0000] {processor.py:840} INFO - DAG(s) 'example_dag_decorator' retrieved from /home/airflow/.local/lib/python3.12/site-packages/airflow/example_dags/example_dag_decorator.py
[2026-08-02T19:12:55.048+0000] {logging_mixin.py:188} INFO - [2026-08-02T19:12:55.047+0000] {dag.py:3089} INFO - Sync 1 DAGs
[2026-08-02T19:12:55.059+0000] {logging_mixin.py:188} INFO - [2026-08-02T19:12:55.059+0000] {dag.py:3947} INFO - Setting next_dagrun for example_dag_decorator to None, run_after=None
[2026-08-02T19:12:55.084+0000] {processor.py:183} INFO - Processing /home/airflow/.local/lib/python3.12/site-packages/airflow/example_dags/example_dag_decorator.py took 0.250 seconds
[2026-08-02T19:13:25.324+0000] {processor.py:161} INFO - Started process (PID=535) to work on /home/airflow/.local/lib/python3.12/site-packages/airflow/example_dags/example_dag_decorator.py
[2026-08-02T19:13:25.326+0000] {processor.py:830} INFO - Processing file /home/airflow/.local/lib/python3.12/site-packages/airflow/example_dags/example_dag_decorator.py for tasks to queue
[2026-08-02T19:13:25.329+0000] {logging_mixin.py:188} INFO - [2026-08-02T19:13:25.328+0000] {dagbag.py:545} INFO - Filling up the DagBag from /home/airflow/.local/lib/python3.12/site-packages/airflow/example_dags/example_dag_decorator.py
[2026-08-02T19:13:25.433+0000] {processor.py:840} INFO - DAG(s) 'example_dag_decorator' retrieved from /home/airflow/.local/lib/python3.12/site-packages/airflow/example_dags/example_dag_decorator.py
[2026-08-02T19:13:25.523+0000] {logging_mixin.py:188} INFO - [2026-08-02T19:13:25.523+0000] {dag.py:3089} INFO - Sync 1 DAGs
[2026-08-02T19:13:25.533+0000] {logging_mixin.py:188} INFO - [2026-08-02T19:13:25.532+0000] {dag.py:3947} INFO - Setting next_dagrun for example_dag_decorator to None, run_after=None
[2026-08-02T19:13:25.552+0000] {processor.py:183} INFO - Processing /home/airflow/.local/lib/python3.12/site-packages/airflow/example_dags/example_dag_decorator.py took 0.233 seconds
[2026-08-02T19:13:55.624+0000] {processor.py:161} INFO - Started process (PID=595) to work on /home/airflow/.local/lib/python3.12/site-packages/airflow/example_dags/example_dag_decorator.py
[2026-08-02T19:13:55.626+0000] {processor.py:830} INFO - Processing file /home/airflow/.local/lib/python3.12/site-packages/airflow/example_dags/example_dag_decorator.py for tasks to queue
[2026-08-02T19:13:55.629+0000] {logging_mixin.py:188} INFO - [2026-08-02T19:13:55.628+0000] {dagbag.py:545} INFO - Filling up the DagBag from /home/airflow/.local/lib/python3.12/site-packages/airflow/example_dags/example_dag_decorator.py
[2026-08-02T19:13:55.748+0000] {processor.py:840} INFO - DAG(s) 'example_dag_decorator' retrieved from /home/airflow/.local/lib/python3.12/site-packages/airflow/example_dags/example_dag_decorator.py
[2026-08-02T19:13:55.905+0000] {logging_mixin.py:188} INFO - [2026-08-02T19:13:55.905+0000] {dag.py:3089} INFO - Sync 1 DAGs
[2026-08-02T19:13:56.232+0000] {logging_mixin.py:188} INFO - [2026-08-02T19:13:56.232+0000] {dag.py:3947} INFO - Setting next_dagrun for example_dag_decorator to None, run_after=None
[2026-08-02T19:13:56.250+0000] {processor.py:183} INFO - Processing /home/airflow/.local/lib/python3.12/site-packages/airflow/example_dags/example_dag_decorator.py took 0.632 seconds
[2026-08-02T19:14:26.840+0000] {processor.py:161} INFO - Started process (PID=655) to work on /home/airflow/.local/lib/python3.12/site-packages/airflow/example_dags/example_dag_decorator.py
[2026-08-02T19:14:26.842+0000] {processor.py:830} INFO - Processing file /home/airflow/.local/lib/python3.12/site-packages/airflow/example_dags/example_dag_decorator.py for tasks to queue
[2026-08-02T19:14:26.845+0000] {logging_mixin.py:188} INFO - [2026-08-02T19:14:26.845+0000] {dagbag.py:545} INFO - Filling up the DagBag from /home/airflow/.local/lib/python3.12/site-packages/airflow/example_dags/example_dag_decorator.py
[2026-08-02T19:14:26.973+0000] {processor.py:840} INFO - DAG(s) 'example_dag_decorator' retrieved from /home/airflow/.local/lib/python3.12/site-packages/airflow/example_dags/example_dag_decorator.py
[2026-08-02T19:14:27.073+0000] {logging_mixin.py:188} INFO - [2026-08-02T19:14:27.072+0000] {dag.py:3089} INFO - Sync 1 DAGs
[2026-08-02T19:14:27.085+0000] {logging_mixin.py:188} INFO - [2026-08-02T19:14:27.085+0000] {dag.py:3947} INFO - Setting next_dagrun for example_dag_decorator to None, run_after=None
[2026-08-02T19:14:27.253+0000] {processor.py:183} INFO - Processing /home/airflow/.local/lib/python3.12/site-packages/airflow/example_dags/example_dag_decorator.py took 0.424 seconds
[2026-08-02T19:14:57.356+0000] {processor.py:161} INFO - Started process (PID=714) to work on /home/airflow/.local/lib/python3.12/site-packages/airflow/example_dags/example_dag_decorator.py
[2026-08-02T19:14:57.357+0000] {processor.py:830} INFO - Processing file /home/airflow/.local/lib/python3.12/site-packages/airflow/example_dags/example_dag_decorator.py for tasks to queue
[2026-08-02T19:14:57.359+0000] {logging_mixin.py:188} INFO - [2026-08-02T19:14:57.359+0000] {dagbag.py:545} INFO - Filling up the DagBag from /home/airflow/.local/lib/python3.12/site-packages/airflow/example_dags/example_dag_decorator.py
[2026-08-02T19:14:57.457+0000] {processor.py:840} INFO - DAG(s) 'example_dag_decorator' retrieved from /home/airflow/.local/lib/python3.12/site-packages/airflow/example_dags/example_dag_decorator.py
[2026-08-02T19:14:57.544+0000] {logging_mixin.py:188} INFO - [2026-08-02T19:14:57.544+0000] {dag.py:3089} INFO - Sync 1 DAGs
[2026-08-02T19:14:57.553+0000] {logging_mixin.py:188} INFO - [2026-08-02T19:14:57.553+0000] {dag.py:3947} INFO - Setting next_dagrun for example_dag_decorator to None, run_after=None
[2026-08-02T19:14:57.571+0000] {processor.py:183} INFO - Processing /home/airflow/.local/lib/python3.12/site-packages/airflow/example_dags/example_dag_decorator.py took 0.220 seconds
[2026-08-02T19:15:27.794+0000] {processor.py:161} INFO - Started process (PID=773) to work on /home/airflow/.local/lib/python3.12/site-packages/airflow/example_dags/example_dag_decorator.py
[2026-08-02T19:15:27.796+0000] {processor.py:830} INFO - Processing file /home/airflow/.local/lib/python3.12/site-packages/airflow/example_dags/example_dag_decorator.py for tasks to queue
[2026-08-02T19:15:27.800+0000] {logging_mixin.py:188} INFO - [2026-08-02T19:15:27.799+0000] {dagbag.py:545} INFO - Filling up the DagBag from /home/airflow/.local/lib/python3.12/site-packages/airflow/example_dags/example_dag_decorator.py
[2026-08-02T19:15:27.899+0000] {processor.py:840} INFO - DAG(s) 'example_dag_decorator' retrieved from /home/airflow/.local/lib/python3.12/site-packages/airflow/example_dags/example_dag_decorator.py
[2026-08-02T19:15:27.994+0000] {logging_mixin.py:188} INFO - [2026-08-02T19:15:27.994+0000] {dag.py:3089} INFO - Sync 1 DAGs
[2026-08-02T19:15:28.003+0000] {logging_mixin.py:188} INFO - [2026-08-02T19:15:28.003+0000] {dag.py:3947} INFO - Setting next_dagrun for example_dag_decorator to None, run_after=None
[2026-08-02T19:15:28.022+0000] {processor.py:183} INFO - Processing /home/airflow/.local/lib/python3.12/site-packages/airflow/example_dags/example_dag_decorator.py took 0.236 seconds
[2026-08-02T19:15:58.593+0000] {processor.py:161} INFO - Started process (PID=832) to work on /home/airflow/.local/lib/python3.12/site-packages/airflow/example_dags/example_dag_decorator.py
[2026-08-02T19:15:58.595+0000] {processor.py:830} INFO - Processing file /home/airflow/.local/lib/python3.12/site-packages/airflow/example_dags/example_dag_decorator.py for tasks to queue
[2026-08-02T19:15:58.597+0000] {logging_mixin.py:188} INFO - [2026-08-02T19:15:58.597+0000] {dagbag.py:545} INFO - Filling up the DagBag from /home/airflow/.local/lib/python3.12/site-packages/airflow/example_dags/example_dag_decorator.py
[2026-08-02T19:15:58.697+0000] {processor.py:840} INFO - DAG(s) 'example_dag_decorator' retrieved from /home/airflow/.local/lib/python3.12/site-packages/airflow/example_dags/example_dag_decorator.py
[2026-08-02T19:15:58.963+0000] {logging_mixin.py:188} INFO - [2026-08-02T19:15:58.963+0000] {dag.py:3089} INFO - Sync 1 DAGs
[2026-08-02T19:15:58.972+0000] {logging_mixin.py:188} INFO - [2026-08-02T19:15:58.972+0000] {dag.py:3947} INFO - Setting next_dagrun for example_dag_decorator to None, run_after=None
[2026-08-02T19:15:58.994+0000] {processor.py:183} INFO - Processing /home/airflow/.local/lib/python3.12/site-packages/airflow/example_dags/example_dag_decorator.py took 0.406 seconds
[2026-08-02T19:16:29.077+0000] {processor.py:161} INFO - Started process (PID=891) to work on /home/airflow/.local/lib/python3.12/site-packages/airflow/example_dags/example_dag_decorator.py
[2026-08-02T19:16:29.079+0000] {processor.py:830} INFO - Processing file /home/airflow/.local/lib/python3.12/site-packages/airflow/example_dags/example_dag_decorator.py for tasks to queue
[2026-08-02T19:16:29.082+0000] {logging_mixin.py:188} INFO - [2026-08-02T19:16:29.081+0000] {dagbag.py:545} INFO - Filling up the DagBag from /home/airflow/.local/lib/python3.12/site-packages/airflow/example_dags/example_dag_decorator.py
[2026-08-02T19:16:29.199+0000] {processor.py:840} INFO - DAG(s) 'example_dag_decorator' retrieved from /home/airflow/.local/lib/python3.12/site-packages/airflow/example_dags/example_dag_decorator.py
[2026-08-02T19:16:29.515+0000] {logging_mixin.py:188} INFO - [2026-08-02T19:16:29.514+0000] {dag.py:3089} INFO - Sync 1 DAGs
[2026-08-02T19:16:29.527+0000] {logging_mixin.py:188} INFO - [2026-08-02T19:16:29.527+0000] {dag.py:3947} INFO - Setting next_dagrun for example_dag_decorator to None, run_after=None
[2026-08-02T19:16:29.556+0000] {processor.py:183} INFO - Processing /home/airflow/.local/lib/python3.12/site-packages/airflow/example_dags/example_dag_decorator.py took 0.488 seconds
[2026-08-02T19:16:59.804+0000] {processor.py:161} INFO - Started process (PID=950) to work on /home/airflow/.local/lib/python3.12/site-packages/airflow/example_dags/example_dag_decorator.py
[2026-08-02T19:16:59.806+0000] {processor.py:830} INFO - Processing file /home/airflow/.local/lib/python3.12/site-packages/airflow/example_dags/example_dag_decorator.py for tasks to queue
[2026-08-02T19:16:59.809+0000] {logging_mixin.py:188} INFO - [2026-08-02T19:16:59.809+0000] {dagbag.py:545} INFO - Filling up the DagBag from /home/airflow/.local/lib/python3.12/site-packages/airflow/example_dags/example_dag_decorator.py
[2026-08-02T19:16:59.910+0000] {processor.py:840} INFO - DAG(s) 'example_dag_decorator' retrieved from /home/airflow/.local/lib/python3.12/site-packages/airflow/example_dags/example_dag_decorator.py
[2026-08-02T19:17:00.158+0000] {logging_mixin.py:188} INFO - [2026-08-02T19:17:00.158+0000] {dag.py:3089} INFO - Sync 1 DAGs
[2026-08-02T19:17:00.170+0000] {logging_mixin.py:188} INFO - [2026-08-02T19:17:00.170+0000] {dag.py:3947} INFO - Setting next_dagrun for example_dag_decorator to None, run_after=None
[2026-08-02T19:17:00.193+0000] {processor.py:183} INFO - Processing /home/airflow/.local/lib/python3.12/site-packages/airflow/example_dags/example_dag_decorator.py took 0.397 seconds
[2026-08-02T19:17:30.575+0000] {processor.py:161} INFO - Started process (PID=1009) to work on /home/airflow/.local/lib/python3.12/site-packages/airflow/example_dags/example_dag_decorator.py
[2026-08-02T19:17:30.577+0000] {processor.py:830} INFO - Processing file /home/airflow/.local/lib/python3.12/site-packages/airflow/example_dags/example_dag_decorator.py for tasks to queue
[2026-08-02T19:17:30.580+0000] {logging_mixin.py:188} INFO - [2026-08-02T19:17:30.579+0000] {dagbag.py:545} INFO - Filling up the DagBag from /home/airflow/.local/lib/python3.12/site-packages/airflow/example_dags/example_dag_decorator.py
[2026-08-02T19:17:30.678+0000] {processor.py:840} INFO - DAG(s) 'example_dag_decorator' retrieved from /home/airflow/.local/lib/python3.12/site-packages/airflow/example_dags/example_dag_decorator.py
[2026-08-02T19:17:30.889+0000] {logging_mixin.py:188} INFO - [2026-08-02T19:17:30.889+0000] {dag.py:3089} INFO - Sync 1 DAGs
[2026-08-02T19:17:30.898+0000] {logging_mixin.py:188} INFO - [2026-08-02T19:17:30.898+0000] {dag.py:3947} INFO - Setting next_dagrun for example_dag_decorator to None, run_after=None
[2026-08-02T19:17:30.915+0000] {processor.py:183} INFO - Processing /home/airflow/.local/lib/python3.12/site-packages/airflow/example_dags/example_dag_decorator.py took 0.349 seconds
[2026-08-02T19:18:01.388+0000] {processor.py:161} INFO - Started process (PID=1068) to work on /home/airflow/.local/lib/python3.12/site-packages/airflow/example_dags/example_dag_decorator.py
[2026-08-02T19:18:01.389+0000] {processor.py:830} INFO - Processing file /home/airflow/.local/lib/python3.12/site-packages/airflow/example_dags/example_dag_decorator.py for tasks to queue
[2026-08-02T19:18:01.392+0000] {logging_mixin.py:188} INFO - [2026-08-02T19:18:01.392+0000] {dagbag.py:545} INFO - Filling up the DagBag from /home/airflow/.local/lib/python3.12/site-packages/airflow/example_dags/example_dag_decorator.py
[2026-08-02T19:18:01.503+0000] {processor.py:840} INFO - DAG(s) 'example_dag_decorator' retrieved from /home/airflow/.local/lib/python3.12/site-packages/airflow/example_dags/example_dag_decorator.py
[2026-08-02T19:18:01.777+0000] {logging_mixin.py:188} INFO - [2026-08-02T19:18:01.776+0000] {dag.py:3089} INFO - Sync 1 DAGs
[2026-08-02T19:18:01.787+0000] {logging_mixin.py:188} INFO - [2026-08-02T19:18:01.786+0000] {dag.py:3947} INFO - Setting next_dagrun for example_dag_decorator to None, run_after=None
[2026-08-02T19:18:01.806+0000] {processor.py:183} INFO - Processing /home/airflow/.local/lib/python3.12/site-packages/airflow/example_dags/example_dag_decorator.py took 0.424 seconds
[2026-08-02T19:18:32.026+0000] {processor.py:161} INFO - Started process (PID=1127) to work on /home/airflow/.local/lib/python3.12/site-packages/airflow/example_dags/example_dag_decorator.py
[2026-08-02T19:18:32.028+0000] {processor.py:830} INFO - Processing file /home/airflow/.local/lib/python3.12/site-packages/airflow/example_dags/example_dag_decorator.py for tasks to queue
[2026-08-02T19:18:32.030+0000] {logging_mixin.py:188} INFO - [2026-08-02T19:18:32.030+0000] {dagbag.py:545} INFO - Filling up the DagBag from /home/airflow/.local/lib/python3.12/site-packages/airflow/example_dags/example_dag_decorator.py
[2026-08-02T19:18:32.127+0000] {processor.py:840} INFO - DAG(s) 'example_dag_decorator' retrieved from /home/airflow/.local/lib/python3.12/site-packages/airflow/example_dags/example_dag_decorator.py
[2026-08-02T19:18:32.367+0000] {logging_mixin.py:188} INFO - [2026-08-02T19:18:32.367+0000] {dag.py:3089} INFO - Sync 1 DAGs
[2026-08-02T19:18:32.378+0000] {logging_mixin.py:188} INFO - [2026-08-02T19:18:32.378+0000] {dag.py:3947} INFO - Setting next_dagrun for example_dag_decorator to None, run_after=None
[2026-08-02T19:18:32.399+0000] {processor.py:183} INFO - Processing /home/airflow/.local/lib/python3.12/site-packages/airflow/example_dags/example_dag_decorator.py took 0.378 seconds
[2026-08-02T19:19:02.496+0000] {processor.py:161} INFO - Started process (PID=1186) to work on /home/airflow/.local/lib/python3.12/site-packages/airflow/example_dags/example_dag_decorator.py
[2026-08-02T19:19:02.498+0000] {processor.py:830} INFO - Processing file /home/airflow/.local/lib/python3.12/site-packages/airflow/example_dags/example_dag_decorator.py for tasks to queue
[2026-08-02T19:19:02.501+0000] {logging_mixin.py:188} INFO - [2026-08-02T19:19:02.501+0000] {dagbag.py:545} INFO - Filling up the DagBag from /home/airflow/.local/lib/python3.12/site-packages/airflow/example_dags/example_dag_decorator.py
[2026-08-02T19:19:02.618+0000] {processor.py:840} INFO - DAG(s) 'example_dag_decorator' retrieved from /home/airflow/.local/lib/python3.12/site-packages/airflow/example_dags/example_dag_decorator.py
[2026-08-02T19:19:02.866+0000] {logging_mixin.py:188} INFO - [2026-08-02T19:19:02.866+0000] {dag.py:3089} INFO - Sync 1 DAGs
[2026-08-02T19:19:02.879+0000] {logging_mixin.py:188} INFO - [2026-08-02T19:19:02.878+0000] {dag.py:3947} INFO - Setting next_dagrun for example_dag_decorator to None, run_after=None
[2026-08-02T19:19:02.901+0000] {processor.py:183} INFO - Processing /home/airflow/.local/lib/python3.12/site-packages/airflow/example_dags/example_dag_decorator.py took 0.415 seconds
[2026-08-02T19:19:33.146+0000] {processor.py:161} INFO - Started process (PID=1245) to work on /home/airflow/.local/lib/python3.12/site-packages/airflow/example_dags/example_dag_decorator.py
[2026-08-02T19:19:33.147+0000] {processor.py:830} INFO - Processing file /home/airflow/.local/lib/python3.12/site-packages/airflow/example_dags/example_dag_decorator.py for tasks to queue
[2026-08-02T19:19:33.149+0000] {logging_mixin.py:188} INFO - [2026-08-02T19:19:33.149+0000] {dagbag.py:545} INFO - Filling up the DagBag from /home/airflow/.local/lib/python3.12/site-packages/airflow/example_dags/example_dag_decorator.py
[2026-08-02T19:19:33.253+0000] {processor.py:840} INFO - DAG(s) 'example_dag_decorator' retrieved from /home/airflow/.local/lib/python3.12/site-packages/airflow/example_dags/example_dag_decorator.py
[2026-08-02T19:19:33.482+0000] {logging_mixin.py:188} INFO - [2026-08-02T19:19:33.482+0000] {dag.py:3089} INFO - Sync 1 DAGs
[2026-08-02T19:19:33.491+0000] {logging_mixin.py:188} INFO - [2026-08-02T19:19:33.491+0000] {dag.py:3947} INFO - Setting next_dagrun for example_dag_decorator to None, run_after=None
[2026-08-02T19:19:33.508+0000] {processor.py:183} INFO - Processing /home/airflow/.local/lib/python3.12/site-packages/airflow/example_dags/example_dag_decorator.py took 0.369 seconds
[2026-08-02T19:20:03.992+0000] {processor.py:161} INFO - Started process (PID=1304) to work on /home/airflow/.local/lib/python3.12/site-packages/airflow/example_dags/example_dag_decorator.py
[2026-08-02T19:20:03.994+0000] {processor.py:830} INFO - Processing file /home/airflow/.local/lib/python3.12/site-packages/airflow/example_dags/example_dag_decorator.py for tasks to queue
[2026-08-02T19:20:03.996+0000] {logging_mixin.py:188} INFO - [2026-08-02T19:20:03.996+0000] {dagbag.py:545} INFO - Filling up the DagBag from /home/airflow/.local/lib/python3.12/site-packages/airflow/example_dags/example_dag_decorator.py
[2026-08-02T19:20:04.271+0000] {processor.py:840} INFO - DAG(s) 'example_dag_decorator' retrieved from /home/airflow/.local/lib/python3.12/site-packages/airflow/example_dags/example_dag_decorator.py
[2026-08-02T19:20:04.376+0000] {logging_mixin.py:188} INFO - [2026-08-02T19:20:04.375+0000] {dag.py:3089} INFO - Sync 1 DAGs
[2026-08-02T19:20:04.385+0000] {logging_mixin.py:188} INFO - [2026-08-02T19:20:04.385+0000] {dag.py:3947} INFO - Setting next_dagrun for example_dag_decorator to None, run_after=None
[2026-08-02T19:20:04.410+0000] {processor.py:183} INFO - Processing /home/airflow/.local/lib/python3.12/site-packages/airflow/example_dags/example_dag_decorator.py took 0.423 seconds
