[2026-08-02T18:55:14.852+0000] {processor.py:161} INFO - Started process (PID=99) to work on /home/airflow/.local/lib/python3.12/site-packages/airflow/example_dags/example_branch_operator_decorator.py
[2026-08-02T18:55:14.855+0000] {processor.py:830} INFO - Processing file /home/airflow/.local/lib/python3.12/site-packages/airflow/example_dags/example_branch_operator_decorator.py for tasks to queue
[2026-08-02T18:55:14.860+0000] {logging_mixin.py:188} INFO - [2026-08-02T18:55:14.860+0000] {dagbag.py:545} INFO - Filling up the DagBag from /home/airflow/.local/lib/python3.12/site-packages/airflow/example_dags/example_branch_operator_decorator.py
[2026-08-02T18:55:14.911+0000] {processor.py:840} INFO - DAG(s) 'example_branch_python_operator_decorator' retrieved from /home/airflow/.local/lib/python3.12/site-packages/airflow/example_dags/example_branch_operator_decorator.py
[2026-08-02T18:55:15.154+0000] {logging_mixin.py:188} INFO - [2026-08-02T18:55:15.153+0000] {dag.py:3089} INFO - Sync 1 DAGs
[2026-08-02T18:55:15.197+0000] {logging_mixin.py:188} INFO - [2026-08-02T18:55:15.196+0000] {dag.py:3947} INFO - Setting next_dagrun for example_branch_python_operator_decorator to 2026-08-01 00:00:00+00:00, run_after=2026-08-02 00:00:00+00:00
[2026-08-02T18:55:15.247+0000] {processor.py:183} INFO - Processing /home/airflow/.local/lib/python3.12/site-packages/airflow/example_dags/example_branch_operator_decorator.py took 0.407 seconds
[2026-08-02T18:55:45.686+0000] {processor.py:161} INFO - Started process (PID=157) to work on /home/airflow/.local/lib/python3.12/site-packages/airflow/example_dags/example_branch_operator_decorator.py
[2026-08-02T18:55:45.687+0000] {processor.py:830} INFO - Processing file /home/airflow/.local/lib/python3.12/site-packages/airflow/example_dags/example_branch_operator_decorator.py for tasks to queue
[2026-08-02T18:55:45.689+0000] {logging_mixin.py:188} INFO - [2026-08-02T18:55:45.689+0000] {dagbag.py:545} INFO - Filling up the DagBag from /home/airflow/.local/lib/python3.12/site-packages/airflow/example_dags/example_branch_operator_decorator.py
[2026-08-02T18:55:45.708+0000] {processor.py:840} INFO - DAG(s) 'example_branch_python_operator_decorator' retrieved from /home/airflow/.local/lib/python3.12/site-packages/airflow/example_dags/example_branch_operator_decorator.py
[2026-08-02T18:55:45.734+0000] {logging_mixin.py:188} INFO - [2026-08-02T18:55:45.734+0000] {dag.py:3089} INFO - Sync 1 DAGs
[2026-08-02T18:55:45.756+0000] {logging_mixin.py:188} INFO - [2026-08-02T18:55:45.756+0000] {dag.py:3947} INFO - Setting next_dagrun for example_branch_python_operator_decorator to 2026-08-01 00:00:00+00:00, run_after=2026-08-02 00:00:00+00:00
[2026-08-02T18:55:45.774+0000] {processor.py:183} INFO - Processing /home/airflow/.local/lib/python3.12/site-packages/airflow/example_dags/example_branch_operator_decorator.py took 0.093 seconds
[2026-08-02T18:56:16.575+0000] {processor.py:161} INFO - Started process (PID=217) to work on /home/airflow/.local/lib/python3.12/site-packages/airflow/example_dags/example_branch_operator_decorator.py
[2026-08-02T18:56:16.576+0000] {processor.py:830} INFO - Processing file /home/airflow/.local/lib/python3.12/site-packages/airflow/example_dags/example_branch_operator_decorator.py for tasks to queue
[2026-08-02T18:56:16.578+0000] {logging_mixin.py:188} INFO - [2026-08-02T18:56:16.578+0000] {dagbag.py:545} INFO - Filling up the DagBag from /home/airflow/.local/lib/python3.12/site-packages/airflow/example_dags/example_branch_operator_decorator.py
[2026-08-02T18:56:16.597+0000] {processor.py:840} INFO - DAG(s) 'example_branch_python_operator_decorator' retrieved from /home/airflow/.local/lib/python3.12/site-packages/airflow/example_dags/example_branch_operator_decorator.py
[2026-08-02T18:56:16.625+0000] {logging_mixin.py:188} INFO - [2026-08-02T18:56:16.625+0000] {dag.py:3089} INFO - Sync 1 DAGs
[2026-08-02T18:56:16.648+0000] {logging_mixin.py:188} INFO - [2026-08-02T18:56:16.648+0000] {dag.py:3947} INFO - Setting next_dagrun for example_branch_python_operator_decorator to 2026-08-01 00:00:00+00:00, run_after=2026-08-02 00:00:00+00:00
[2026-08-02T18:56:16.669+0000] {processor.py:183} INFO - Processing /home/airflow/.local/lib/python3.12/site-packages/airflow/example_dags/example_branch_operator_decorator.py took 0.100 seconds
[2026-08-02T18:56:46.925+0000] {processor.py:161} INFO - Started process (PID=275) to work on /home/airflow/.local/lib/python3.12/site-packages/airflow/example_dags/example_branch_operator_decorator.py
[2026-08-02T18:56:46.928+0000] {processor.py:830} INFO - Processing file /home/airflow/.local/lib/python3.12/site-packages/airflow/example_dags/example_branch_operator_decorator.py for tasks to queue
[2026-08-02T18:56:46.931+0000] {logging_mixin.py:188} INFO - [2026-08-02T18:56:46.931+0000] {dagbag.py:545} INFO - Filling up the DagBag from /home/airflow/.local/lib/python3.12/site-packages/airflow/example_dags/example_branch_operator_decorator.py
[2026-08-02T18:56:46.958+0000] {processor.py:840} INFO - DAG(s) 'example_branch_python_operator_decorator' retrieved from /home/airflow/.local/lib/python3.12/site-packages/airflow/example_dags/example_branch_operator_decorator.py
[2026-08-02T18:56:46.993+0000] {logging_mixin.py:188} INFO - [2026-08-02T18:56:46.993+0000] {dag.py:3089} INFO - Sync 1 DAGs
[2026-08-02T18:56:47.017+0000] {logging_mixin.py:188} INFO - [2026-08-02T18:56:47.017+0000] {dag.py:3947} INFO - Setting next_dagrun for example_branch_python_operator_decorator to 2026-08-01 00:00:00+00:00, run_after=2026-08-02 00:00:00+00:00
[2026-08-02T18:56:47.043+0000] {processor.py:183} INFO - Processing /home/airflow/.local/lib/python3.12/site-packages/airflow/example_dags/example_branch_operator_decorator.py took 0.128 seconds
[2026-08-02T18:57:17.316+0000] {processor.py:161} INFO - Started process (PID=334) to work on /home/airflow/.local/lib/python3.12/site-packages/airflow/example_dags/example_branch_operator_decorator.py
[2026-08-02T18:57:17.318+0000] {processor.py:830} INFO - Processing file /home/airflow/.local/lib/python3.12/site-packages/airflow/example_dags/example_branch_operator_decorator.py for tasks to queue
[2026-08-02T18:57:17.321+0000] {logging_mixin.py:188} INFO - [2026-08-02T18:57:17.321+0000] {dagbag.py:545} INFO - Filling up the DagBag from /home/airflow/.local/lib/python3.12/site-packages/airflow/example_dags/example_branch_operator_decorator.py
[2026-08-02T18:57:17.343+0000] {processor.py:840} INFO - DAG(s) 'example_branch_python_operator_decorator' retrieved from /home/airflow/.local/lib/python3.12/site-packages/airflow/example_dags/example_branch_operator_decorator.py
[2026-08-02T18:57:17.374+0000] {logging_mixin.py:188} INFO - [2026-08-02T18:57:17.373+0000] {dag.py:3089} INFO - Sync 1 DAGs
[2026-08-02T18:57:17.395+0000] {logging_mixin.py:188} INFO - [2026-08-02T18:57:17.395+0000] {dag.py:3947} INFO - Setting next_dagrun for example_branch_python_operator_decorator to 2026-08-01 00:00:00+00:00, run_after=2026-08-02 00:00:00+00:00
[2026-08-02T18:57:17.414+0000] {processor.py:183} INFO - Processing /home/airflow/.local/lib/python3.12/site-packages/airflow/example_dags/example_branch_operator_decorator.py took 0.105 seconds
[2026-08-02T18:57:47.739+0000] {processor.py:161} INFO - Started process (PID=393) to work on /home/airflow/.local/lib/python3.12/site-packages/airflow/example_dags/example_branch_operator_decorator.py
[2026-08-02T18:57:47.740+0000] {processor.py:830} INFO - Processing file /home/airflow/.local/lib/python3.12/site-packages/airflow/example_dags/example_branch_operator_decorator.py for tasks to queue
[2026-08-02T18:57:47.743+0000] {logging_mixin.py:188} INFO - [2026-08-02T18:57:47.742+0000] {dagbag.py:545} INFO - Filling up the DagBag from /home/airflow/.local/lib/python3.12/site-packages/airflow/example_dags/example_branch_operator_decorator.py
[2026-08-02T18:57:47.763+0000] {processor.py:840} INFO - DAG(s) 'example_branch_python_operator_decorator' retrieved from /home/airflow/.local/lib/python3.12/site-packages/airflow/example_dags/example_branch_operator_decorator.py
[2026-08-02T18:57:47.789+0000] {logging_mixin.py:188} INFO - [2026-08-02T18:57:47.789+0000] {dag.py:3089} INFO - Sync 1 DAGs
[2026-08-02T18:57:47.811+0000] {logging_mixin.py:188} INFO - [2026-08-02T18:57:47.810+0000] {dag.py:3947} INFO - Setting next_dagrun for example_branch_python_operator_decorator to 2026-08-01 00:00:00+00:00, run_after=2026-08-02 00:00:00+00:00
[2026-08-02T18:57:47.831+0000] {processor.py:183} INFO - Processing /home/airflow/.local/lib/python3.12/site-packages/airflow/example_dags/example_branch_operator_decorator.py took 0.099 seconds
[2026-08-02T19:00:10.744+0000] {processor.py:161} INFO - Started process (PID=86) to work on /home/airflow/.local/lib/python3.12/site-packages/airflow/example_dags/example_branch_operator_decorator.py
[2026-08-02T19:00:10.745+0000] {processor.py:830} INFO - Processing file /home/airflow/.local/lib/python3.12/site-packages/airflow/example_dags/example_branch_operator_decorator.py for tasks to queue
[2026-08-02T19:00:10.749+0000] {logging_mixin.py:188} INFO - [2026-08-02T19:00:10.748+0000] {dagbag.py:545} INFO - Filling up the DagBag from /home/airflow/.local/lib/python3.12/site-packages/airflow/example_dags/example_branch_operator_decorator.py
[2026-08-02T19:00:10.771+0000] {processor.py:840} INFO - DAG(s) 'example_branch_python_operator_decorator' retrieved from /home/airflow/.local/lib/python3.12/site-packages/airflow/example_dags/example_branch_operator_decorator.py
[2026-08-02T19:00:10.787+0000] {logging_mixin.py:188} INFO - [2026-08-02T19:00:10.787+0000] {dag.py:3089} INFO - Sync 1 DAGs
[2026-08-02T19:00:10.815+0000] {logging_mixin.py:188} INFO - [2026-08-02T19:00:10.815+0000] {dag.py:3947} INFO - Setting next_dagrun for example_branch_python_operator_decorator to 2026-08-01 00:00:00+00:00, run_after=2026-08-02 00:00:00+00:00
[2026-08-02T19:00:10.837+0000] {processor.py:183} INFO - Processing /home/airflow/.local/lib/python3.12/site-packages/airflow/example_dags/example_branch_operator_decorator.py took 0.105 seconds
[2026-08-02T19:00:40.912+0000] {processor.py:161} INFO - Started process (PID=145) to work on /home/airflow/.local/lib/python3.12/site-packages/airflow/example_dags/example_branch_operator_decorator.py
[2026-08-02T19:00:40.913+0000] {processor.py:830} INFO - Processing file /home/airflow/.local/lib/python3.12/site-packages/airflow/example_dags/example_branch_operator_decorator.py for tasks to queue
[2026-08-02T19:00:40.915+0000] {logging_mixin.py:188} INFO - [2026-08-02T19:00:40.915+0000] {dagbag.py:545} INFO - Filling up the DagBag from /home/airflow/.local/lib/python3.12/site-packages/airflow/example_dags/example_branch_operator_decorator.py
[2026-08-02T19:00:40.932+0000] {processor.py:840} INFO - DAG(s) 'example_branch_python_operator_decorator' retrieved from /home/airflow/.local/lib/python3.12/site-packages/airflow/example_dags/example_branch_operator_decorator.py
[2026-08-02T19:00:41.031+0000] {logging_mixin.py:188} INFO - [2026-08-02T19:00:41.031+0000] {dag.py:3089} INFO - Sync 1 DAGs
[2026-08-02T19:00:41.051+0000] {logging_mixin.py:188} INFO - [2026-08-02T19:00:41.051+0000] {dag.py:3947} INFO - Setting next_dagrun for example_branch_python_operator_decorator to 2026-08-01 00:00:00+00:00, run_after=2026-08-02 00:00:00+00:00
[2026-08-02T19:00:41.072+0000] {processor.py:183} INFO - Processing /home/airflow/.local/lib/python3.12/site-packages/airflow/example_dags/example_branch_operator_decorator.py took 0.165 seconds
[2026-08-02T19:01:11.309+0000] {processor.py:161} INFO - Started process (PID=204) to work on /home/airflow/.local/lib/python3.12/site-packages/airflow/example_dags/example_branch_operator_decorator.py
[2026-08-02T19:01:11.311+0000] {processor.py:830} INFO - Processing file /home/airflow/.local/lib/python3.12/site-packages/airflow/example_dags/example_branch_operator_decorator.py for tasks to queue
[2026-08-02T19:01:11.313+0000] {logging_mixin.py:188} INFO - [2026-08-02T19:01:11.313+0000] {dagbag.py:545} INFO - Filling up the DagBag from /home/airflow/.local/lib/python3.12/site-packages/airflow/example_dags/example_branch_operator_decorator.py
[2026-08-02T19:01:11.331+0000] {processor.py:840} INFO - DAG(s) 'example_branch_python_operator_decorator' retrieved from /home/airflow/.local/lib/python3.12/site-packages/airflow/example_dags/example_branch_operator_decorator.py
[2026-08-02T19:01:11.358+0000] {logging_mixin.py:188} INFO - [2026-08-02T19:01:11.358+0000] {dag.py:3089} INFO - Sync 1 DAGs
[2026-08-02T19:01:11.378+0000] {logging_mixin.py:188} INFO - [2026-08-02T19:01:11.377+0000] {dag.py:3947} INFO - Setting next_dagrun for example_branch_python_operator_decorator to 2026-08-01 00:00:00+00:00, run_after=2026-08-02 00:00:00+00:00
[2026-08-02T19:01:11.397+0000] {processor.py:183} INFO - Processing /home/airflow/.local/lib/python3.12/site-packages/airflow/example_dags/example_branch_operator_decorator.py took 0.093 seconds
[2026-08-02T19:01:41.822+0000] {processor.py:161} INFO - Started process (PID=264) to work on /home/airflow/.local/lib/python3.12/site-packages/airflow/example_dags/example_branch_operator_decorator.py
[2026-08-02T19:01:41.823+0000] {processor.py:830} INFO - Processing file /home/airflow/.local/lib/python3.12/site-packages/airflow/example_dags/example_branch_operator_decorator.py for tasks to queue
[2026-08-02T19:01:41.825+0000] {logging_mixin.py:188} INFO - [2026-08-02T19:01:41.825+0000] {dagbag.py:545} INFO - Filling up the DagBag from /home/airflow/.local/lib/python3.12/site-packages/airflow/example_dags/example_branch_operator_decorator.py
[2026-08-02T19:01:41.844+0000] {processor.py:840} INFO - DAG(s) 'example_branch_python_operator_decorator' retrieved from /home/airflow/.local/lib/python3.12/site-packages/airflow/example_dags/example_branch_operator_decorator.py
[2026-08-02T19:01:41.870+0000] {logging_mixin.py:188} INFO - [2026-08-02T19:01:41.870+0000] {dag.py:3089} INFO - Sync 1 DAGs
[2026-08-02T19:01:41.889+0000] {logging_mixin.py:188} INFO - [2026-08-02T19:01:41.889+0000] {dag.py:3947} INFO - Setting next_dagrun for example_branch_python_operator_decorator to 2026-08-01 00:00:00+00:00, run_after=2026-08-02 00:00:00+00:00
[2026-08-02T19:01:41.908+0000] {processor.py:183} INFO - Processing /home/airflow/.local/lib/python3.12/site-packages/airflow/example_dags/example_branch_operator_decorator.py took 0.093 seconds
[2026-08-02T19:02:12.001+0000] {processor.py:161} INFO - Started process (PID=322) to work on /home/airflow/.local/lib/python3.12/site-packages/airflow/example_dags/example_branch_operator_decorator.py
[2026-08-02T19:02:12.003+0000] {processor.py:830} INFO - Processing file /home/airflow/.local/lib/python3.12/site-packages/airflow/example_dags/example_branch_operator_decorator.py for tasks to queue
[2026-08-02T19:02:12.005+0000] {logging_mixin.py:188} INFO - [2026-08-02T19:02:12.005+0000] {dagbag.py:545} INFO - Filling up the DagBag from /home/airflow/.local/lib/python3.12/site-packages/airflow/example_dags/example_branch_operator_decorator.py
[2026-08-02T19:02:12.023+0000] {processor.py:840} INFO - DAG(s) 'example_branch_python_operator_decorator' retrieved from /home/airflow/.local/lib/python3.12/site-packages/airflow/example_dags/example_branch_operator_decorator.py
[2026-08-02T19:02:12.049+0000] {logging_mixin.py:188} INFO - [2026-08-02T19:02:12.048+0000] {dag.py:3089} INFO - Sync 1 DAGs
[2026-08-02T19:02:12.070+0000] {logging_mixin.py:188} INFO - [2026-08-02T19:02:12.070+0000] {dag.py:3947} INFO - Setting next_dagrun for example_branch_python_operator_decorator to 2026-08-01 00:00:00+00:00, run_after=2026-08-02 00:00:00+00:00
[2026-08-02T19:02:12.091+0000] {processor.py:183} INFO - Processing /home/airflow/.local/lib/python3.12/site-packages/airflow/example_dags/example_branch_operator_decorator.py took 0.095 seconds
[2026-08-02T19:02:42.195+0000] {processor.py:161} INFO - Started process (PID=381) to work on /home/airflow/.local/lib/python3.12/site-packages/airflow/example_dags/example_branch_operator_decorator.py
[2026-08-02T19:02:42.197+0000] {processor.py:830} INFO - Processing file /home/airflow/.local/lib/python3.12/site-packages/airflow/example_dags/example_branch_operator_decorator.py for tasks to queue
[2026-08-02T19:02:42.200+0000] {logging_mixin.py:188} INFO - [2026-08-02T19:02:42.199+0000] {dagbag.py:545} INFO - Filling up the DagBag from /home/airflow/.local/lib/python3.12/site-packages/airflow/example_dags/example_branch_operator_decorator.py
[2026-08-02T19:02:42.222+0000] {processor.py:840} INFO - DAG(s) 'example_branch_python_operator_decorator' retrieved from /home/airflow/.local/lib/python3.12/site-packages/airflow/example_dags/example_branch_operator_decorator.py
[2026-08-02T19:02:42.251+0000] {logging_mixin.py:188} INFO - [2026-08-02T19:02:42.251+0000] {dag.py:3089} INFO - Sync 1 DAGs
[2026-08-02T19:02:42.272+0000] {logging_mixin.py:188} INFO - [2026-08-02T19:02:42.271+0000] {dag.py:3947} INFO - Setting next_dagrun for example_branch_python_operator_decorator to 2026-08-01 00:00:00+00:00, run_after=2026-08-02 00:00:00+00:00
[2026-08-02T19:02:42.289+0000] {processor.py:183} INFO - Processing /home/airflow/.local/lib/python3.12/site-packages/airflow/example_dags/example_branch_operator_decorator.py took 0.101 seconds
[2026-08-02T19:03:12.448+0000] {processor.py:161} INFO - Started process (PID=440) to work on /home/airflow/.local/lib/python3.12/site-packages/airflow/example_dags/example_branch_operator_decorator.py
[2026-08-02T19:03:12.449+0000] {processor.py:830} INFO - Processing file /home/airflow/.local/lib/python3.12/site-packages/airflow/example_dags/example_branch_operator_decorator.py for tasks to queue
[2026-08-02T19:03:12.453+0000] {logging_mixin.py:188} INFO - [2026-08-02T19:03:12.452+0000] {dagbag.py:545} INFO - Filling up the DagBag from /home/airflow/.local/lib/python3.12/site-packages/airflow/example_dags/example_branch_operator_decorator.py
[2026-08-02T19:03:12.473+0000] {processor.py:840} INFO - DAG(s) 'example_branch_python_operator_decorator' retrieved from /home/airflow/.local/lib/python3.12/site-packages/airflow/example_dags/example_branch_operator_decorator.py
[2026-08-02T19:03:12.502+0000] {logging_mixin.py:188} INFO - [2026-08-02T19:03:12.501+0000] {dag.py:3089} INFO - Sync 1 DAGs
[2026-08-02T19:03:12.525+0000] {logging_mixin.py:188} INFO - [2026-08-02T19:03:12.524+0000] {dag.py:3947} INFO - Setting next_dagrun for example_branch_python_operator_decorator to 2026-08-01 00:00:00+00:00, run_after=2026-08-02 00:00:00+00:00
[2026-08-02T19:03:12.546+0000] {processor.py:183} INFO - Processing /home/airflow/.local/lib/python3.12/site-packages/airflow/example_dags/example_branch_operator_decorator.py took 0.109 seconds
[2026-08-02T19:03:43.152+0000] {processor.py:161} INFO - Started process (PID=499) to work on /home/airflow/.local/lib/python3.12/site-packages/airflow/example_dags/example_branch_operator_decorator.py
[2026-08-02T19:03:43.153+0000] {processor.py:830} INFO - Processing file /home/airflow/.local/lib/python3.12/site-packages/airflow/example_dags/example_branch_operator_decorator.py for tasks to queue
[2026-08-02T19:03:43.155+0000] {logging_mixin.py:188} INFO - [2026-08-02T19:03:43.155+0000] {dagbag.py:545} INFO - Filling up the DagBag from /home/airflow/.local/lib/python3.12/site-packages/airflow/example_dags/example_branch_operator_decorator.py
[2026-08-02T19:03:43.173+0000] {processor.py:840} INFO - DAG(s) 'example_branch_python_operator_decorator' retrieved from /home/airflow/.local/lib/python3.12/site-packages/airflow/example_dags/example_branch_operator_decorator.py
[2026-08-02T19:03:43.200+0000] {logging_mixin.py:188} INFO - [2026-08-02T19:03:43.200+0000] {dag.py:3089} INFO - Sync 1 DAGs
[2026-08-02T19:03:43.220+0000] {logging_mixin.py:188} INFO - [2026-08-02T19:03:43.220+0000] {dag.py:3947} INFO - Setting next_dagrun for example_branch_python_operator_decorator to 2026-08-01 00:00:00+00:00, run_after=2026-08-02 00:00:00+00:00
[2026-08-02T19:03:43.239+0000] {processor.py:183} INFO - Processing /home/airflow/.local/lib/python3.12/site-packages/airflow/example_dags/example_branch_operator_decorator.py took 0.093 seconds
[2026-08-02T19:04:14.432+0000] {processor.py:161} INFO - Started process (PID=559) to work on /home/airflow/.local/lib/python3.12/site-packages/airflow/example_dags/example_branch_operator_decorator.py
[2026-08-02T19:04:14.433+0000] {processor.py:830} INFO - Processing file /home/airflow/.local/lib/python3.12/site-packages/airflow/example_dags/example_branch_operator_decorator.py for tasks to queue
[2026-08-02T19:04:14.436+0000] {logging_mixin.py:188} INFO - [2026-08-02T19:04:14.436+0000] {dagbag.py:545} INFO - Filling up the DagBag from /home/airflow/.local/lib/python3.12/site-packages/airflow/example_dags/example_branch_operator_decorator.py
[2026-08-02T19:04:14.456+0000] {processor.py:840} INFO - DAG(s) 'example_branch_python_operator_decorator' retrieved from /home/airflow/.local/lib/python3.12/site-packages/airflow/example_dags/example_branch_operator_decorator.py
[2026-08-02T19:04:14.486+0000] {logging_mixin.py:188} INFO - [2026-08-02T19:04:14.486+0000] {dag.py:3089} INFO - Sync 1 DAGs
[2026-08-02T19:04:14.511+0000] {logging_mixin.py:188} INFO - [2026-08-02T19:04:14.510+0000] {dag.py:3947} INFO - Setting next_dagrun for example_branch_python_operator_decorator to 2026-08-01 00:00:00+00:00, run_after=2026-08-02 00:00:00+00:00
[2026-08-02T19:04:14.533+0000] {processor.py:183} INFO - Processing /home/airflow/.local/lib/python3.12/site-packages/airflow/example_dags/example_branch_operator_decorator.py took 0.108 seconds
[2026-08-02T19:04:45.025+0000] {processor.py:161} INFO - Started process (PID=618) to work on /home/airflow/.local/lib/python3.12/site-packages/airflow/example_dags/example_branch_operator_decorator.py
[2026-08-02T19:04:45.026+0000] {processor.py:830} INFO - Processing file /home/airflow/.local/lib/python3.12/site-packages/airflow/example_dags/example_branch_operator_decorator.py for tasks to queue
[2026-08-02T19:04:45.028+0000] {logging_mixin.py:188} INFO - [2026-08-02T19:04:45.028+0000] {dagbag.py:545} INFO - Filling up the DagBag from /home/airflow/.local/lib/python3.12/site-packages/airflow/example_dags/example_branch_operator_decorator.py
[2026-08-02T19:04:45.044+0000] {processor.py:840} INFO - DAG(s) 'example_branch_python_operator_decorator' retrieved from /home/airflow/.local/lib/python3.12/site-packages/airflow/example_dags/example_branch_operator_decorator.py
[2026-08-02T19:04:45.077+0000] {logging_mixin.py:188} INFO - [2026-08-02T19:04:45.076+0000] {dag.py:3089} INFO - Sync 1 DAGs
[2026-08-02T19:04:45.099+0000] {logging_mixin.py:188} INFO - [2026-08-02T19:04:45.099+0000] {dag.py:3947} INFO - Setting next_dagrun for example_branch_python_operator_decorator to 2026-08-01 00:00:00+00:00, run_after=2026-08-02 00:00:00+00:00
[2026-08-02T19:04:45.124+0000] {processor.py:183} INFO - Processing /home/airflow/.local/lib/python3.12/site-packages/airflow/example_dags/example_branch_operator_decorator.py took 0.104 seconds
[2026-08-02T19:05:15.219+0000] {processor.py:161} INFO - Started process (PID=676) to work on /home/airflow/.local/lib/python3.12/site-packages/airflow/example_dags/example_branch_operator_decorator.py
[2026-08-02T19:05:15.221+0000] {processor.py:830} INFO - Processing file /home/airflow/.local/lib/python3.12/site-packages/airflow/example_dags/example_branch_operator_decorator.py for tasks to queue
[2026-08-02T19:05:15.226+0000] {logging_mixin.py:188} INFO - [2026-08-02T19:05:15.225+0000] {dagbag.py:545} INFO - Filling up the DagBag from /home/airflow/.local/lib/python3.12/site-packages/airflow/example_dags/example_branch_operator_decorator.py
[2026-08-02T19:05:15.256+0000] {processor.py:840} INFO - DAG(s) 'example_branch_python_operator_decorator' retrieved from /home/airflow/.local/lib/python3.12/site-packages/airflow/example_dags/example_branch_operator_decorator.py
[2026-08-02T19:05:15.284+0000] {logging_mixin.py:188} INFO - [2026-08-02T19:05:15.284+0000] {dag.py:3089} INFO - Sync 1 DAGs
[2026-08-02T19:05:15.310+0000] {logging_mixin.py:188} INFO - [2026-08-02T19:05:15.309+0000] {dag.py:3947} INFO - Setting next_dagrun for example_branch_python_operator_decorator to 2026-08-01 00:00:00+00:00, run_after=2026-08-02 00:00:00+00:00
[2026-08-02T19:05:15.332+0000] {processor.py:183} INFO - Processing /home/airflow/.local/lib/python3.12/site-packages/airflow/example_dags/example_branch_operator_decorator.py took 0.127 seconds
[2026-08-02T19:05:46.291+0000] {processor.py:161} INFO - Started process (PID=736) to work on /home/airflow/.local/lib/python3.12/site-packages/airflow/example_dags/example_branch_operator_decorator.py
[2026-08-02T19:05:46.292+0000] {processor.py:830} INFO - Processing file /home/airflow/.local/lib/python3.12/site-packages/airflow/example_dags/example_branch_operator_decorator.py for tasks to queue
[2026-08-02T19:05:46.294+0000] {logging_mixin.py:188} INFO - [2026-08-02T19:05:46.294+0000] {dagbag.py:545} INFO - Filling up the DagBag from /home/airflow/.local/lib/python3.12/site-packages/airflow/example_dags/example_branch_operator_decorator.py
[2026-08-02T19:05:46.312+0000] {processor.py:840} INFO - DAG(s) 'example_branch_python_operator_decorator' retrieved from /home/airflow/.local/lib/python3.12/site-packages/airflow/example_dags/example_branch_operator_decorator.py
[2026-08-02T19:05:46.340+0000] {logging_mixin.py:188} INFO - [2026-08-02T19:05:46.339+0000] {dag.py:3089} INFO - Sync 1 DAGs
[2026-08-02T19:05:46.364+0000] {logging_mixin.py:188} INFO - [2026-08-02T19:05:46.363+0000] {dag.py:3947} INFO - Setting next_dagrun for example_branch_python_operator_decorator to 2026-08-01 00:00:00+00:00, run_after=2026-08-02 00:00:00+00:00
[2026-08-02T19:05:46.385+0000] {processor.py:183} INFO - Processing /home/airflow/.local/lib/python3.12/site-packages/airflow/example_dags/example_branch_operator_decorator.py took 0.100 seconds
[2026-08-02T19:06:16.874+0000] {processor.py:161} INFO - Started process (PID=795) to work on /home/airflow/.local/lib/python3.12/site-packages/airflow/example_dags/example_branch_operator_decorator.py
[2026-08-02T19:06:16.875+0000] {processor.py:830} INFO - Processing file /home/airflow/.local/lib/python3.12/site-packages/airflow/example_dags/example_branch_operator_decorator.py for tasks to queue
[2026-08-02T19:06:16.877+0000] {logging_mixin.py:188} INFO - [2026-08-02T19:06:16.877+0000] {dagbag.py:545} INFO - Filling up the DagBag from /home/airflow/.local/lib/python3.12/site-packages/airflow/example_dags/example_branch_operator_decorator.py
[2026-08-02T19:06:16.895+0000] {processor.py:840} INFO - DAG(s) 'example_branch_python_operator_decorator' retrieved from /home/airflow/.local/lib/python3.12/site-packages/airflow/example_dags/example_branch_operator_decorator.py
[2026-08-02T19:06:16.923+0000] {logging_mixin.py:188} INFO - [2026-08-02T19:06:16.923+0000] {dag.py:3089} INFO - Sync 1 DAGs
[2026-08-02T19:06:16.946+0000] {logging_mixin.py:188} INFO - [2026-08-02T19:06:16.946+0000] {dag.py:3947} INFO - Setting next_dagrun for example_branch_python_operator_decorator to 2026-08-01 00:00:00+00:00, run_after=2026-08-02 00:00:00+00:00
[2026-08-02T19:06:16.966+0000] {processor.py:183} INFO - Processing /home/airflow/.local/lib/python3.12/site-packages/airflow/example_dags/example_branch_operator_decorator.py took 0.098 seconds
[2026-08-02T19:06:47.615+0000] {processor.py:161} INFO - Started process (PID=854) to work on /home/airflow/.local/lib/python3.12/site-packages/airflow/example_dags/example_branch_operator_decorator.py
[2026-08-02T19:06:47.616+0000] {processor.py:830} INFO - Processing file /home/airflow/.local/lib/python3.12/site-packages/airflow/example_dags/example_branch_operator_decorator.py for tasks to queue
[2026-08-02T19:06:47.619+0000] {logging_mixin.py:188} INFO - [2026-08-02T19:06:47.619+0000] {dagbag.py:545} INFO - Filling up the DagBag from /home/airflow/.local/lib/python3.12/site-packages/airflow/example_dags/example_branch_operator_decorator.py
[2026-08-02T19:06:47.638+0000] {processor.py:840} INFO - DAG(s) 'example_branch_python_operator_decorator' retrieved from /home/airflow/.local/lib/python3.12/site-packages/airflow/example_dags/example_branch_operator_decorator.py
[2026-08-02T19:06:47.665+0000] {logging_mixin.py:188} INFO - [2026-08-02T19:06:47.664+0000] {dag.py:3089} INFO - Sync 1 DAGs
[2026-08-02T19:06:47.687+0000] {logging_mixin.py:188} INFO - [2026-08-02T19:06:47.686+0000] {dag.py:3947} INFO - Setting next_dagrun for example_branch_python_operator_decorator to 2026-08-01 00:00:00+00:00, run_after=2026-08-02 00:00:00+00:00
[2026-08-02T19:06:47.707+0000] {processor.py:183} INFO - Processing /home/airflow/.local/lib/python3.12/site-packages/airflow/example_dags/example_branch_operator_decorator.py took 0.098 seconds
[2026-08-02T19:07:18.100+0000] {processor.py:161} INFO - Started process (PID=913) to work on /home/airflow/.local/lib/python3.12/site-packages/airflow/example_dags/example_branch_operator_decorator.py
[2026-08-02T19:07:18.102+0000] {processor.py:830} INFO - Processing file /home/airflow/.local/lib/python3.12/site-packages/airflow/example_dags/example_branch_operator_decorator.py for tasks to queue
[2026-08-02T19:07:18.104+0000] {logging_mixin.py:188} INFO - [2026-08-02T19:07:18.104+0000] {dagbag.py:545} INFO - Filling up the DagBag from /home/airflow/.local/lib/python3.12/site-packages/airflow/example_dags/example_branch_operator_decorator.py
[2026-08-02T19:07:18.125+0000] {processor.py:840} INFO - DAG(s) 'example_branch_python_operator_decorator' retrieved from /home/airflow/.local/lib/python3.12/site-packages/airflow/example_dags/example_branch_operator_decorator.py
[2026-08-02T19:07:18.158+0000] {logging_mixin.py:188} INFO - [2026-08-02T19:07:18.158+0000] {dag.py:3089} INFO - Sync 1 DAGs
[2026-08-02T19:07:18.187+0000] {logging_mixin.py:188} INFO - [2026-08-02T19:07:18.187+0000] {dag.py:3947} INFO - Setting next_dagrun for example_branch_python_operator_decorator to 2026-08-01 00:00:00+00:00, run_after=2026-08-02 00:00:00+00:00
[2026-08-02T19:07:18.211+0000] {processor.py:183} INFO - Processing /home/airflow/.local/lib/python3.12/site-packages/airflow/example_dags/example_branch_operator_decorator.py took 0.118 seconds
[2026-08-02T19:07:48.613+0000] {processor.py:161} INFO - Started process (PID=972) to work on /home/airflow/.local/lib/python3.12/site-packages/airflow/example_dags/example_branch_operator_decorator.py
[2026-08-02T19:07:48.614+0000] {processor.py:830} INFO - Processing file /home/airflow/.local/lib/python3.12/site-packages/airflow/example_dags/example_branch_operator_decorator.py for tasks to queue
[2026-08-02T19:07:48.617+0000] {logging_mixin.py:188} INFO - [2026-08-02T19:07:48.616+0000] {dagbag.py:545} INFO - Filling up the DagBag from /home/airflow/.local/lib/python3.12/site-packages/airflow/example_dags/example_branch_operator_decorator.py
[2026-08-02T19:07:48.636+0000] {processor.py:840} INFO - DAG(s) 'example_branch_python_operator_decorator' retrieved from /home/airflow/.local/lib/python3.12/site-packages/airflow/example_dags/example_branch_operator_decorator.py
[2026-08-02T19:07:48.666+0000] {logging_mixin.py:188} INFO - [2026-08-02T19:07:48.666+0000] {dag.py:3089} INFO - Sync 1 DAGs
[2026-08-02T19:07:48.695+0000] {logging_mixin.py:188} INFO - [2026-08-02T19:07:48.695+0000] {dag.py:3947} INFO - Setting next_dagrun for example_branch_python_operator_decorator to 2026-08-01 00:00:00+00:00, run_after=2026-08-02 00:00:00+00:00
[2026-08-02T19:07:48.721+0000] {processor.py:183} INFO - Processing /home/airflow/.local/lib/python3.12/site-packages/airflow/example_dags/example_branch_operator_decorator.py took 0.114 seconds
[2026-08-02T19:08:18.834+0000] {processor.py:161} INFO - Started process (PID=1030) to work on /home/airflow/.local/lib/python3.12/site-packages/airflow/example_dags/example_branch_operator_decorator.py
[2026-08-02T19:08:18.836+0000] {processor.py:830} INFO - Processing file /home/airflow/.local/lib/python3.12/site-packages/airflow/example_dags/example_branch_operator_decorator.py for tasks to queue
[2026-08-02T19:08:18.839+0000] {logging_mixin.py:188} INFO - [2026-08-02T19:08:18.838+0000] {dagbag.py:545} INFO - Filling up the DagBag from /home/airflow/.local/lib/python3.12/site-packages/airflow/example_dags/example_branch_operator_decorator.py
[2026-08-02T19:08:18.859+0000] {processor.py:840} INFO - DAG(s) 'example_branch_python_operator_decorator' retrieved from /home/airflow/.local/lib/python3.12/site-packages/airflow/example_dags/example_branch_operator_decorator.py
[2026-08-02T19:08:18.888+0000] {logging_mixin.py:188} INFO - [2026-08-02T19:08:18.888+0000] {dag.py:3089} INFO - Sync 1 DAGs
[2026-08-02T19:08:18.912+0000] {logging_mixin.py:188} INFO - [2026-08-02T19:08:18.911+0000] {dag.py:3947} INFO - Setting next_dagrun for example_branch_python_operator_decorator to 2026-08-01 00:00:00+00:00, run_after=2026-08-02 00:00:00+00:00
[2026-08-02T19:08:18.932+0000] {processor.py:183} INFO - Processing /home/airflow/.local/lib/python3.12/site-packages/airflow/example_dags/example_branch_operator_decorator.py took 0.103 seconds
[2026-08-02T19:09:50.981+0000] {processor.py:161} INFO - Started process (PID=122) to work on /home/airflow/.local/lib/python3.12/site-packages/airflow/example_dags/example_branch_operator_decorator.py
[2026-08-02T19:09:50.983+0000] {processor.py:830} INFO - Processing file /home/airflow/.local/lib/python3.12/site-packages/airflow/example_dags/example_branch_operator_decorator.py for tasks to queue
[2026-08-02T19:09:50.988+0000] {logging_mixin.py:188} INFO - [2026-08-02T19:09:50.987+0000] {dagbag.py:545} INFO - Filling up the DagBag from /home/airflow/.local/lib/python3.12/site-packages/airflow/example_dags/example_branch_operator_decorator.py
[2026-08-02T19:09:51.025+0000] {processor.py:840} INFO - DAG(s) 'example_branch_python_operator_decorator' retrieved from /home/airflow/.local/lib/python3.12/site-packages/airflow/example_dags/example_branch_operator_decorator.py
[2026-08-02T19:09:51.195+0000] {logging_mixin.py:188} INFO - [2026-08-02T19:09:51.194+0000] {dag.py:3089} INFO - Sync 1 DAGs
[2026-08-02T19:09:51.224+0000] {logging_mixin.py:188} INFO - [2026-08-02T19:09:51.223+0000] {dag.py:3947} INFO - Setting next_dagrun for example_branch_python_operator_decorator to 2026-08-01 00:00:00+00:00, run_after=2026-08-02 00:00:00+00:00
[2026-08-02T19:09:51.256+0000] {processor.py:183} INFO - Processing /home/airflow/.local/lib/python3.12/site-packages/airflow/example_dags/example_branch_operator_decorator.py took 0.285 seconds
[2026-08-02T19:10:21.372+0000] {processor.py:161} INFO - Started process (PID=180) to work on /home/airflow/.local/lib/python3.12/site-packages/airflow/example_dags/example_branch_operator_decorator.py
[2026-08-02T19:10:21.374+0000] {processor.py:830} INFO - Processing file /home/airflow/.local/lib/python3.12/site-packages/airflow/example_dags/example_branch_operator_decorator.py for tasks to queue
[2026-08-02T19:10:21.376+0000] {logging_mixin.py:188} INFO - [2026-08-02T19:10:21.375+0000] {dagbag.py:545} INFO - Filling up the DagBag from /home/airflow/.local/lib/python3.12/site-packages/airflow/example_dags/example_branch_operator_decorator.py
[2026-08-02T19:10:21.395+0000] {processor.py:840} INFO - DAG(s) 'example_branch_python_operator_decorator' retrieved from /home/airflow/.local/lib/python3.12/site-packages/airflow/example_dags/example_branch_operator_decorator.py
[2026-08-02T19:10:21.424+0000] {logging_mixin.py:188} INFO - [2026-08-02T19:10:21.424+0000] {dag.py:3089} INFO - Sync 1 DAGs
[2026-08-02T19:10:21.449+0000] {logging_mixin.py:188} INFO - [2026-08-02T19:10:21.449+0000] {dag.py:3947} INFO - Setting next_dagrun for example_branch_python_operator_decorator to 2026-08-01 00:00:00+00:00, run_after=2026-08-02 00:00:00+00:00
[2026-08-02T19:10:21.469+0000] {processor.py:183} INFO - Processing /home/airflow/.local/lib/python3.12/site-packages/airflow/example_dags/example_branch_operator_decorator.py took 0.102 seconds
[2026-08-02T19:10:51.892+0000] {processor.py:161} INFO - Started process (PID=239) to work on /home/airflow/.local/lib/python3.12/site-packages/airflow/example_dags/example_branch_operator_decorator.py
[2026-08-02T19:10:51.894+0000] {processor.py:830} INFO - Processing file /home/airflow/.local/lib/python3.12/site-packages/airflow/example_dags/example_branch_operator_decorator.py for tasks to queue
[2026-08-02T19:10:51.896+0000] {logging_mixin.py:188} INFO - [2026-08-02T19:10:51.896+0000] {dagbag.py:545} INFO - Filling up the DagBag from /home/airflow/.local/lib/python3.12/site-packages/airflow/example_dags/example_branch_operator_decorator.py
[2026-08-02T19:10:51.917+0000] {processor.py:840} INFO - DAG(s) 'example_branch_python_operator_decorator' retrieved from /home/airflow/.local/lib/python3.12/site-packages/airflow/example_dags/example_branch_operator_decorator.py
[2026-08-02T19:10:51.944+0000] {logging_mixin.py:188} INFO - [2026-08-02T19:10:51.944+0000] {dag.py:3089} INFO - Sync 1 DAGs
[2026-08-02T19:10:51.967+0000] {logging_mixin.py:188} INFO - [2026-08-02T19:10:51.966+0000] {dag.py:3947} INFO - Setting next_dagrun for example_branch_python_operator_decorator to 2026-08-01 00:00:00+00:00, run_after=2026-08-02 00:00:00+00:00
[2026-08-02T19:10:51.986+0000] {processor.py:183} INFO - Processing /home/airflow/.local/lib/python3.12/site-packages/airflow/example_dags/example_branch_operator_decorator.py took 0.100 seconds
[2026-08-02T19:11:22.972+0000] {processor.py:161} INFO - Started process (PID=298) to work on /home/airflow/.local/lib/python3.12/site-packages/airflow/example_dags/example_branch_operator_decorator.py
[2026-08-02T19:11:22.974+0000] {processor.py:830} INFO - Processing file /home/airflow/.local/lib/python3.12/site-packages/airflow/example_dags/example_branch_operator_decorator.py for tasks to queue
[2026-08-02T19:11:22.977+0000] {logging_mixin.py:188} INFO - [2026-08-02T19:11:22.976+0000] {dagbag.py:545} INFO - Filling up the DagBag from /home/airflow/.local/lib/python3.12/site-packages/airflow/example_dags/example_branch_operator_decorator.py
[2026-08-02T19:11:22.996+0000] {processor.py:840} INFO - DAG(s) 'example_branch_python_operator_decorator' retrieved from /home/airflow/.local/lib/python3.12/site-packages/airflow/example_dags/example_branch_operator_decorator.py
[2026-08-02T19:11:23.024+0000] {logging_mixin.py:188} INFO - [2026-08-02T19:11:23.024+0000] {dag.py:3089} INFO - Sync 1 DAGs
[2026-08-02T19:11:23.054+0000] {logging_mixin.py:188} INFO - [2026-08-02T19:11:23.054+0000] {dag.py:3947} INFO - Setting next_dagrun for example_branch_python_operator_decorator to 2026-08-01 00:00:00+00:00, run_after=2026-08-02 00:00:00+00:00
[2026-08-02T19:11:23.092+0000] {processor.py:183} INFO - Processing /home/airflow/.local/lib/python3.12/site-packages/airflow/example_dags/example_branch_operator_decorator.py took 0.126 seconds
[2026-08-02T19:11:53.508+0000] {processor.py:161} INFO - Started process (PID=357) to work on /home/airflow/.local/lib/python3.12/site-packages/airflow/example_dags/example_branch_operator_decorator.py
[2026-08-02T19:11:53.509+0000] {processor.py:830} INFO - Processing file /home/airflow/.local/lib/python3.12/site-packages/airflow/example_dags/example_branch_operator_decorator.py for tasks to queue
[2026-08-02T19:11:53.511+0000] {logging_mixin.py:188} INFO - [2026-08-02T19:11:53.511+0000] {dagbag.py:545} INFO - Filling up the DagBag from /home/airflow/.local/lib/python3.12/site-packages/airflow/example_dags/example_branch_operator_decorator.py
[2026-08-02T19:11:53.531+0000] {processor.py:840} INFO - DAG(s) 'example_branch_python_operator_decorator' retrieved from /home/airflow/.local/lib/python3.12/site-packages/airflow/example_dags/example_branch_operator_decorator.py
[2026-08-02T19:11:53.559+0000] {logging_mixin.py:188} INFO - [2026-08-02T19:11:53.559+0000] {dag.py:3089} INFO - Sync 1 DAGs
[2026-08-02T19:11:53.583+0000] {logging_mixin.py:188} INFO - [2026-08-02T19:11:53.583+0000] {dag.py:3947} INFO - Setting next_dagrun for example_branch_python_operator_decorator to 2026-08-01 00:00:00+00:00, run_after=2026-08-02 00:00:00+00:00
[2026-08-02T19:11:53.605+0000] {processor.py:183} INFO - Processing /home/airflow/.local/lib/python3.12/site-packages/airflow/example_dags/example_branch_operator_decorator.py took 0.103 seconds
[2026-08-02T19:12:24.223+0000] {processor.py:161} INFO - Started process (PID=416) to work on /home/airflow/.local/lib/python3.12/site-packages/airflow/example_dags/example_branch_operator_decorator.py
[2026-08-02T19:12:24.225+0000] {processor.py:830} INFO - Processing file /home/airflow/.local/lib/python3.12/site-packages/airflow/example_dags/example_branch_operator_decorator.py for tasks to queue
[2026-08-02T19:12:24.227+0000] {logging_mixin.py:188} INFO - [2026-08-02T19:12:24.227+0000] {dagbag.py:545} INFO - Filling up the DagBag from /home/airflow/.local/lib/python3.12/site-packages/airflow/example_dags/example_branch_operator_decorator.py
[2026-08-02T19:12:24.247+0000] {processor.py:840} INFO - DAG(s) 'example_branch_python_operator_decorator' retrieved from /home/airflow/.local/lib/python3.12/site-packages/airflow/example_dags/example_branch_operator_decorator.py
[2026-08-02T19:12:24.275+0000] {logging_mixin.py:188} INFO - [2026-08-02T19:12:24.274+0000] {dag.py:3089} INFO - Sync 1 DAGs
[2026-08-02T19:12:24.297+0000] {logging_mixin.py:188} INFO - [2026-08-02T19:12:24.297+0000] {dag.py:3947} INFO - Setting next_dagrun for example_branch_python_operator_decorator to 2026-08-01 00:00:00+00:00, run_after=2026-08-02 00:00:00+00:00
[2026-08-02T19:12:24.316+0000] {processor.py:183} INFO - Processing /home/airflow/.local/lib/python3.12/site-packages/airflow/example_dags/example_branch_operator_decorator.py took 0.100 seconds
[2026-08-02T19:12:54.731+0000] {processor.py:161} INFO - Started process (PID=475) to work on /home/airflow/.local/lib/python3.12/site-packages/airflow/example_dags/example_branch_operator_decorator.py
[2026-08-02T19:12:54.733+0000] {processor.py:830} INFO - Processing file /home/airflow/.local/lib/python3.12/site-packages/airflow/example_dags/example_branch_operator_decorator.py for tasks to queue
[2026-08-02T19:12:54.736+0000] {logging_mixin.py:188} INFO - [2026-08-02T19:12:54.736+0000] {dagbag.py:545} INFO - Filling up the DagBag from /home/airflow/.local/lib/python3.12/site-packages/airflow/example_dags/example_branch_operator_decorator.py
[2026-08-02T19:12:54.754+0000] {processor.py:840} INFO - DAG(s) 'example_branch_python_operator_decorator' retrieved from /home/airflow/.local/lib/python3.12/site-packages/airflow/example_dags/example_branch_operator_decorator.py
[2026-08-02T19:12:54.781+0000] {logging_mixin.py:188} INFO - [2026-08-02T19:12:54.781+0000] {dag.py:3089} INFO - Sync 1 DAGs
[2026-08-02T19:12:54.801+0000] {logging_mixin.py:188} INFO - [2026-08-02T19:12:54.801+0000] {dag.py:3947} INFO - Setting next_dagrun for example_branch_python_operator_decorator to 2026-08-01 00:00:00+00:00, run_after=2026-08-02 00:00:00+00:00
[2026-08-02T19:12:54.820+0000] {processor.py:183} INFO - Processing /home/airflow/.local/lib/python3.12/site-packages/airflow/example_dags/example_branch_operator_decorator.py took 0.096 seconds
[2026-08-02T19:13:25.205+0000] {processor.py:161} INFO - Started process (PID=534) to work on /home/airflow/.local/lib/python3.12/site-packages/airflow/example_dags/example_branch_operator_decorator.py
[2026-08-02T19:13:25.207+0000] {processor.py:830} INFO - Processing file /home/airflow/.local/lib/python3.12/site-packages/airflow/example_dags/example_branch_operator_decorator.py for tasks to queue
[2026-08-02T19:13:25.210+0000] {logging_mixin.py:188} INFO - [2026-08-02T19:13:25.209+0000] {dagbag.py:545} INFO - Filling up the DagBag from /home/airflow/.local/lib/python3.12/site-packages/airflow/example_dags/example_branch_operator_decorator.py
[2026-08-02T19:13:25.231+0000] {processor.py:840} INFO - DAG(s) 'example_branch_python_operator_decorator' retrieved from /home/airflow/.local/lib/python3.12/site-packages/airflow/example_dags/example_branch_operator_decorator.py
[2026-08-02T19:13:25.259+0000] {logging_mixin.py:188} INFO - [2026-08-02T19:13:25.259+0000] {dag.py:3089} INFO - Sync 1 DAGs
[2026-08-02T19:13:25.281+0000] {logging_mixin.py:188} INFO - [2026-08-02T19:13:25.281+0000] {dag.py:3947} INFO - Setting next_dagrun for example_branch_python_operator_decorator to 2026-08-01 00:00:00+00:00, run_after=2026-08-02 00:00:00+00:00
[2026-08-02T19:13:25.304+0000] {processor.py:183} INFO - Processing /home/airflow/.local/lib/python3.12/site-packages/airflow/example_dags/example_branch_operator_decorator.py took 0.108 seconds
[2026-08-02T19:13:55.360+0000] {processor.py:161} INFO - Started process (PID=593) to work on /home/airflow/.local/lib/python3.12/site-packages/airflow/example_dags/example_branch_operator_decorator.py
[2026-08-02T19:13:55.362+0000] {processor.py:830} INFO - Processing file /home/airflow/.local/lib/python3.12/site-packages/airflow/example_dags/example_branch_operator_decorator.py for tasks to queue
[2026-08-02T19:13:55.364+0000] {logging_mixin.py:188} INFO - [2026-08-02T19:13:55.364+0000] {dagbag.py:545} INFO - Filling up the DagBag from /home/airflow/.local/lib/python3.12/site-packages/airflow/example_dags/example_branch_operator_decorator.py
[2026-08-02T19:13:55.385+0000] {processor.py:840} INFO - DAG(s) 'example_branch_python_operator_decorator' retrieved from /home/airflow/.local/lib/python3.12/site-packages/airflow/example_dags/example_branch_operator_decorator.py
[2026-08-02T19:13:55.430+0000] {logging_mixin.py:188} INFO - [2026-08-02T19:13:55.429+0000] {dag.py:3089} INFO - Sync 1 DAGs
[2026-08-02T19:13:55.472+0000] {logging_mixin.py:188} INFO - [2026-08-02T19:13:55.472+0000] {dag.py:3947} INFO - Setting next_dagrun for example_branch_python_operator_decorator to 2026-08-01 00:00:00+00:00, run_after=2026-08-02 00:00:00+00:00
[2026-08-02T19:13:55.492+0000] {processor.py:183} INFO - Processing /home/airflow/.local/lib/python3.12/site-packages/airflow/example_dags/example_branch_operator_decorator.py took 0.138 seconds
[2026-08-02T19:14:25.662+0000] {processor.py:161} INFO - Started process (PID=652) to work on /home/airflow/.local/lib/python3.12/site-packages/airflow/example_dags/example_branch_operator_decorator.py
[2026-08-02T19:14:25.664+0000] {processor.py:830} INFO - Processing file /home/airflow/.local/lib/python3.12/site-packages/airflow/example_dags/example_branch_operator_decorator.py for tasks to queue
[2026-08-02T19:14:25.668+0000] {logging_mixin.py:188} INFO - [2026-08-02T19:14:25.667+0000] {dagbag.py:545} INFO - Filling up the DagBag from /home/airflow/.local/lib/python3.12/site-packages/airflow/example_dags/example_branch_operator_decorator.py
[2026-08-02T19:14:25.688+0000] {processor.py:840} INFO - DAG(s) 'example_branch_python_operator_decorator' retrieved from /home/airflow/.local/lib/python3.12/site-packages/airflow/example_dags/example_branch_operator_decorator.py
[2026-08-02T19:14:25.715+0000] {logging_mixin.py:188} INFO - [2026-08-02T19:14:25.714+0000] {dag.py:3089} INFO - Sync 1 DAGs
[2026-08-02T19:14:25.734+0000] {logging_mixin.py:188} INFO - [2026-08-02T19:14:25.734+0000] {dag.py:3947} INFO - Setting next_dagrun for example_branch_python_operator_decorator to 2026-08-01 00:00:00+00:00, run_after=2026-08-02 00:00:00+00:00
[2026-08-02T19:14:25.754+0000] {processor.py:183} INFO - Processing /home/airflow/.local/lib/python3.12/site-packages/airflow/example_dags/example_branch_operator_decorator.py took 0.100 seconds
[2026-08-02T19:14:56.176+0000] {processor.py:161} INFO - Started process (PID=711) to work on /home/airflow/.local/lib/python3.12/site-packages/airflow/example_dags/example_branch_operator_decorator.py
[2026-08-02T19:14:56.177+0000] {processor.py:830} INFO - Processing file /home/airflow/.local/lib/python3.12/site-packages/airflow/example_dags/example_branch_operator_decorator.py for tasks to queue
[2026-08-02T19:14:56.180+0000] {logging_mixin.py:188} INFO - [2026-08-02T19:14:56.180+0000] {dagbag.py:545} INFO - Filling up the DagBag from /home/airflow/.local/lib/python3.12/site-packages/airflow/example_dags/example_branch_operator_decorator.py
[2026-08-02T19:14:56.206+0000] {processor.py:840} INFO - DAG(s) 'example_branch_python_operator_decorator' retrieved from /home/airflow/.local/lib/python3.12/site-packages/airflow/example_dags/example_branch_operator_decorator.py
[2026-08-02T19:14:56.236+0000] {logging_mixin.py:188} INFO - [2026-08-02T19:14:56.235+0000] {dag.py:3089} INFO - Sync 1 DAGs
[2026-08-02T19:14:56.259+0000] {logging_mixin.py:188} INFO - [2026-08-02T19:14:56.258+0000] {dag.py:3947} INFO - Setting next_dagrun for example_branch_python_operator_decorator to 2026-08-01 00:00:00+00:00, run_after=2026-08-02 00:00:00+00:00
[2026-08-02T19:14:56.281+0000] {processor.py:183} INFO - Processing /home/airflow/.local/lib/python3.12/site-packages/airflow/example_dags/example_branch_operator_decorator.py took 0.112 seconds
[2026-08-02T19:15:26.576+0000] {processor.py:161} INFO - Started process (PID=770) to work on /home/airflow/.local/lib/python3.12/site-packages/airflow/example_dags/example_branch_operator_decorator.py
[2026-08-02T19:15:26.577+0000] {processor.py:830} INFO - Processing file /home/airflow/.local/lib/python3.12/site-packages/airflow/example_dags/example_branch_operator_decorator.py for tasks to queue
[2026-08-02T19:15:26.580+0000] {logging_mixin.py:188} INFO - [2026-08-02T19:15:26.580+0000] {dagbag.py:545} INFO - Filling up the DagBag from /home/airflow/.local/lib/python3.12/site-packages/airflow/example_dags/example_branch_operator_decorator.py
[2026-08-02T19:15:26.598+0000] {processor.py:840} INFO - DAG(s) 'example_branch_python_operator_decorator' retrieved from /home/airflow/.local/lib/python3.12/site-packages/airflow/example_dags/example_branch_operator_decorator.py
[2026-08-02T19:15:26.624+0000] {logging_mixin.py:188} INFO - [2026-08-02T19:15:26.624+0000] {dag.py:3089} INFO - Sync 1 DAGs
[2026-08-02T19:15:26.646+0000] {logging_mixin.py:188} INFO - [2026-08-02T19:15:26.645+0000] {dag.py:3947} INFO - Setting next_dagrun for example_branch_python_operator_decorator to 2026-08-01 00:00:00+00:00, run_after=2026-08-02 00:00:00+00:00
[2026-08-02T19:15:26.663+0000] {processor.py:183} INFO - Processing /home/airflow/.local/lib/python3.12/site-packages/airflow/example_dags/example_branch_operator_decorator.py took 0.094 seconds
[2026-08-02T19:15:57.355+0000] {processor.py:161} INFO - Started process (PID=829) to work on /home/airflow/.local/lib/python3.12/site-packages/airflow/example_dags/example_branch_operator_decorator.py
[2026-08-02T19:15:57.357+0000] {processor.py:830} INFO - Processing file /home/airflow/.local/lib/python3.12/site-packages/airflow/example_dags/example_branch_operator_decorator.py for tasks to queue
[2026-08-02T19:15:57.360+0000] {logging_mixin.py:188} INFO - [2026-08-02T19:15:57.359+0000] {dagbag.py:545} INFO - Filling up the DagBag from /home/airflow/.local/lib/python3.12/site-packages/airflow/example_dags/example_branch_operator_decorator.py
[2026-08-02T19:15:57.379+0000] {processor.py:840} INFO - DAG(s) 'example_branch_python_operator_decorator' retrieved from /home/airflow/.local/lib/python3.12/site-packages/airflow/example_dags/example_branch_operator_decorator.py
[2026-08-02T19:15:57.406+0000] {logging_mixin.py:188} INFO - [2026-08-02T19:15:57.406+0000] {dag.py:3089} INFO - Sync 1 DAGs
[2026-08-02T19:15:57.430+0000] {logging_mixin.py:188} INFO - [2026-08-02T19:15:57.429+0000] {dag.py:3947} INFO - Setting next_dagrun for example_branch_python_operator_decorator to 2026-08-01 00:00:00+00:00, run_after=2026-08-02 00:00:00+00:00
[2026-08-02T19:15:57.452+0000] {processor.py:183} INFO - Processing /home/airflow/.local/lib/python3.12/site-packages/airflow/example_dags/example_branch_operator_decorator.py took 0.103 seconds
[2026-08-02T19:16:27.840+0000] {processor.py:161} INFO - Started process (PID=888) to work on /home/airflow/.local/lib/python3.12/site-packages/airflow/example_dags/example_branch_operator_decorator.py
[2026-08-02T19:16:27.841+0000] {processor.py:830} INFO - Processing file /home/airflow/.local/lib/python3.12/site-packages/airflow/example_dags/example_branch_operator_decorator.py for tasks to queue
[2026-08-02T19:16:27.843+0000] {logging_mixin.py:188} INFO - [2026-08-02T19:16:27.843+0000] {dagbag.py:545} INFO - Filling up the DagBag from /home/airflow/.local/lib/python3.12/site-packages/airflow/example_dags/example_branch_operator_decorator.py
[2026-08-02T19:16:27.862+0000] {processor.py:840} INFO - DAG(s) 'example_branch_python_operator_decorator' retrieved from /home/airflow/.local/lib/python3.12/site-packages/airflow/example_dags/example_branch_operator_decorator.py
[2026-08-02T19:16:27.889+0000] {logging_mixin.py:188} INFO - [2026-08-02T19:16:27.889+0000] {dag.py:3089} INFO - Sync 1 DAGs
[2026-08-02T19:16:27.916+0000] {logging_mixin.py:188} INFO - [2026-08-02T19:16:27.915+0000] {dag.py:3947} INFO - Setting next_dagrun for example_branch_python_operator_decorator to 2026-08-01 00:00:00+00:00, run_after=2026-08-02 00:00:00+00:00
[2026-08-02T19:16:27.936+0000] {processor.py:183} INFO - Processing /home/airflow/.local/lib/python3.12/site-packages/airflow/example_dags/example_branch_operator_decorator.py took 0.102 seconds
[2026-08-02T19:16:58.598+0000] {processor.py:161} INFO - Started process (PID=947) to work on /home/airflow/.local/lib/python3.12/site-packages/airflow/example_dags/example_branch_operator_decorator.py
[2026-08-02T19:16:58.599+0000] {processor.py:830} INFO - Processing file /home/airflow/.local/lib/python3.12/site-packages/airflow/example_dags/example_branch_operator_decorator.py for tasks to queue
[2026-08-02T19:16:58.602+0000] {logging_mixin.py:188} INFO - [2026-08-02T19:16:58.602+0000] {dagbag.py:545} INFO - Filling up the DagBag from /home/airflow/.local/lib/python3.12/site-packages/airflow/example_dags/example_branch_operator_decorator.py
[2026-08-02T19:16:58.621+0000] {processor.py:840} INFO - DAG(s) 'example_branch_python_operator_decorator' retrieved from /home/airflow/.local/lib/python3.12/site-packages/airflow/example_dags/example_branch_operator_decorator.py
[2026-08-02T19:16:58.649+0000] {logging_mixin.py:188} INFO - [2026-08-02T19:16:58.649+0000] {dag.py:3089} INFO - Sync 1 DAGs
[2026-08-02T19:16:58.670+0000] {logging_mixin.py:188} INFO - [2026-08-02T19:16:58.670+0000] {dag.py:3947} INFO - Setting next_dagrun for example_branch_python_operator_decorator to 2026-08-01 00:00:00+00:00, run_after=2026-08-02 00:00:00+00:00
[2026-08-02T19:16:58.688+0000] {processor.py:183} INFO - Processing /home/airflow/.local/lib/python3.12/site-packages/airflow/example_dags/example_branch_operator_decorator.py took 0.097 seconds
[2026-08-02T19:17:29.339+0000] {processor.py:161} INFO - Started process (PID=1006) to work on /home/airflow/.local/lib/python3.12/site-packages/airflow/example_dags/example_branch_operator_decorator.py
[2026-08-02T19:17:29.340+0000] {processor.py:830} INFO - Processing file /home/airflow/.local/lib/python3.12/site-packages/airflow/example_dags/example_branch_operator_decorator.py for tasks to queue
[2026-08-02T19:17:29.343+0000] {logging_mixin.py:188} INFO - [2026-08-02T19:17:29.343+0000] {dagbag.py:545} INFO - Filling up the DagBag from /home/airflow/.local/lib/python3.12/site-packages/airflow/example_dags/example_branch_operator_decorator.py
[2026-08-02T19:17:29.362+0000] {processor.py:840} INFO - DAG(s) 'example_branch_python_operator_decorator' retrieved from /home/airflow/.local/lib/python3.12/site-packages/airflow/example_dags/example_branch_operator_decorator.py
[2026-08-02T19:17:29.389+0000] {logging_mixin.py:188} INFO - [2026-08-02T19:17:29.388+0000] {dag.py:3089} INFO - Sync 1 DAGs
[2026-08-02T19:17:29.410+0000] {logging_mixin.py:188} INFO - [2026-08-02T19:17:29.410+0000] {dag.py:3947} INFO - Setting next_dagrun for example_branch_python_operator_decorator to 2026-08-01 00:00:00+00:00, run_after=2026-08-02 00:00:00+00:00
[2026-08-02T19:17:29.428+0000] {processor.py:183} INFO - Processing /home/airflow/.local/lib/python3.12/site-packages/airflow/example_dags/example_branch_operator_decorator.py took 0.096 seconds
[2026-08-02T19:18:00.200+0000] {processor.py:161} INFO - Started process (PID=1065) to work on /home/airflow/.local/lib/python3.12/site-packages/airflow/example_dags/example_branch_operator_decorator.py
[2026-08-02T19:18:00.202+0000] {processor.py:830} INFO - Processing file /home/airflow/.local/lib/python3.12/site-packages/airflow/example_dags/example_branch_operator_decorator.py for tasks to queue
[2026-08-02T19:18:00.204+0000] {logging_mixin.py:188} INFO - [2026-08-02T19:18:00.203+0000] {dagbag.py:545} INFO - Filling up the DagBag from /home/airflow/.local/lib/python3.12/site-packages/airflow/example_dags/example_branch_operator_decorator.py
[2026-08-02T19:18:00.219+0000] {processor.py:840} INFO - DAG(s) 'example_branch_python_operator_decorator' retrieved from /home/airflow/.local/lib/python3.12/site-packages/airflow/example_dags/example_branch_operator_decorator.py
[2026-08-02T19:18:00.241+0000] {logging_mixin.py:188} INFO - [2026-08-02T19:18:00.240+0000] {dag.py:3089} INFO - Sync 1 DAGs
[2026-08-02T19:18:00.259+0000] {logging_mixin.py:188} INFO - [2026-08-02T19:18:00.258+0000] {dag.py:3947} INFO - Setting next_dagrun for example_branch_python_operator_decorator to 2026-08-01 00:00:00+00:00, run_after=2026-08-02 00:00:00+00:00
[2026-08-02T19:18:00.274+0000] {processor.py:183} INFO - Processing /home/airflow/.local/lib/python3.12/site-packages/airflow/example_dags/example_branch_operator_decorator.py took 0.078 seconds
[2026-08-02T19:18:30.882+0000] {processor.py:161} INFO - Started process (PID=1124) to work on /home/airflow/.local/lib/python3.12/site-packages/airflow/example_dags/example_branch_operator_decorator.py
[2026-08-02T19:18:30.883+0000] {processor.py:830} INFO - Processing file /home/airflow/.local/lib/python3.12/site-packages/airflow/example_dags/example_branch_operator_decorator.py for tasks to queue
[2026-08-02T19:18:30.885+0000] {logging_mixin.py:188} INFO - [2026-08-02T19:18:30.885+0000] {dagbag.py:545} INFO - Filling up the DagBag from /home/airflow/.local/lib/python3.12/site-packages/airflow/example_dags/example_branch_operator_decorator.py
[2026-08-02T19:18:30.905+0000] {processor.py:840} INFO - DAG(s) 'example_branch_python_operator_decorator' retrieved from /home/airflow/.local/lib/python3.12/site-packages/airflow/example_dags/example_branch_operator_decorator.py
[2026-08-02T19:18:30.934+0000] {logging_mixin.py:188} INFO - [2026-08-02T19:18:30.933+0000] {dag.py:3089} INFO - Sync 1 DAGs
[2026-08-02T19:18:30.956+0000] {logging_mixin.py:188} INFO - [2026-08-02T19:18:30.956+0000] {dag.py:3947} INFO - Setting next_dagrun for example_branch_python_operator_decorator to 2026-08-01 00:00:00+00:00, run_after=2026-08-02 00:00:00+00:00
[2026-08-02T19:18:30.976+0000] {processor.py:183} INFO - Processing /home/airflow/.local/lib/python3.12/site-packages/airflow/example_dags/example_branch_operator_decorator.py took 0.100 seconds
[2026-08-02T19:19:01.318+0000] {processor.py:161} INFO - Started process (PID=1183) to work on /home/airflow/.local/lib/python3.12/site-packages/airflow/example_dags/example_branch_operator_decorator.py
[2026-08-02T19:19:01.319+0000] {processor.py:830} INFO - Processing file /home/airflow/.local/lib/python3.12/site-packages/airflow/example_dags/example_branch_operator_decorator.py for tasks to queue
[2026-08-02T19:19:01.322+0000] {logging_mixin.py:188} INFO - [2026-08-02T19:19:01.321+0000] {dagbag.py:545} INFO - Filling up the DagBag from /home/airflow/.local/lib/python3.12/site-packages/airflow/example_dags/example_branch_operator_decorator.py
[2026-08-02T19:19:01.340+0000] {processor.py:840} INFO - DAG(s) 'example_branch_python_operator_decorator' retrieved from /home/airflow/.local/lib/python3.12/site-packages/airflow/example_dags/example_branch_operator_decorator.py
[2026-08-02T19:19:01.365+0000] {logging_mixin.py:188} INFO - [2026-08-02T19:19:01.365+0000] {dag.py:3089} INFO - Sync 1 DAGs
[2026-08-02T19:19:01.385+0000] {logging_mixin.py:188} INFO - [2026-08-02T19:19:01.385+0000] {dag.py:3947} INFO - Setting next_dagrun for example_branch_python_operator_decorator to 2026-08-01 00:00:00+00:00, run_after=2026-08-02 00:00:00+00:00
[2026-08-02T19:19:01.404+0000] {processor.py:183} INFO - Processing /home/airflow/.local/lib/python3.12/site-packages/airflow/example_dags/example_branch_operator_decorator.py took 0.092 seconds
[2026-08-02T19:19:31.997+0000] {processor.py:161} INFO - Started process (PID=1242) to work on /home/airflow/.local/lib/python3.12/site-packages/airflow/example_dags/example_branch_operator_decorator.py
[2026-08-02T19:19:31.999+0000] {processor.py:830} INFO - Processing file /home/airflow/.local/lib/python3.12/site-packages/airflow/example_dags/example_branch_operator_decorator.py for tasks to queue
[2026-08-02T19:19:32.001+0000] {logging_mixin.py:188} INFO - [2026-08-02T19:19:32.001+0000] {dagbag.py:545} INFO - Filling up the DagBag from /home/airflow/.local/lib/python3.12/site-packages/airflow/example_dags/example_branch_operator_decorator.py
[2026-08-02T19:19:32.019+0000] {processor.py:840} INFO - DAG(s) 'example_branch_python_operator_decorator' retrieved from /home/airflow/.local/lib/python3.12/site-packages/airflow/example_dags/example_branch_operator_decorator.py
[2026-08-02T19:19:32.045+0000] {logging_mixin.py:188} INFO - [2026-08-02T19:19:32.045+0000] {dag.py:3089} INFO - Sync 1 DAGs
[2026-08-02T19:19:32.065+0000] {logging_mixin.py:188} INFO - [2026-08-02T19:19:32.065+0000] {dag.py:3947} INFO - Setting next_dagrun for example_branch_python_operator_decorator to 2026-08-01 00:00:00+00:00, run_after=2026-08-02 00:00:00+00:00
[2026-08-02T19:19:32.085+0000] {processor.py:183} INFO - Processing /home/airflow/.local/lib/python3.12/site-packages/airflow/example_dags/example_branch_operator_decorator.py took 0.093 seconds
[2026-08-02T19:20:02.831+0000] {processor.py:161} INFO - Started process (PID=1301) to work on /home/airflow/.local/lib/python3.12/site-packages/airflow/example_dags/example_branch_operator_decorator.py
[2026-08-02T19:20:02.833+0000] {processor.py:830} INFO - Processing file /home/airflow/.local/lib/python3.12/site-packages/airflow/example_dags/example_branch_operator_decorator.py for tasks to queue
[2026-08-02T19:20:02.835+0000] {logging_mixin.py:188} INFO - [2026-08-02T19:20:02.835+0000] {dagbag.py:545} INFO - Filling up the DagBag from /home/airflow/.local/lib/python3.12/site-packages/airflow/example_dags/example_branch_operator_decorator.py
[2026-08-02T19:20:02.860+0000] {processor.py:840} INFO - DAG(s) 'example_branch_python_operator_decorator' retrieved from /home/airflow/.local/lib/python3.12/site-packages/airflow/example_dags/example_branch_operator_decorator.py
[2026-08-02T19:20:02.886+0000] {logging_mixin.py:188} INFO - [2026-08-02T19:20:02.886+0000] {dag.py:3089} INFO - Sync 1 DAGs
[2026-08-02T19:20:02.908+0000] {logging_mixin.py:188} INFO - [2026-08-02T19:20:02.907+0000] {dag.py:3947} INFO - Setting next_dagrun for example_branch_python_operator_decorator to 2026-08-01 00:00:00+00:00, run_after=2026-08-02 00:00:00+00:00
[2026-08-02T19:20:02.927+0000] {processor.py:183} INFO - Processing /home/airflow/.local/lib/python3.12/site-packages/airflow/example_dags/example_branch_operator_decorator.py took 0.101 seconds
