[2026-08-02T18:55:10.093+0000] {processor.py:161} INFO - Started process (PID=71) to work on /home/airflow/.local/lib/python3.12/site-packages/airflow/example_dags/example_skip_dag.py
[2026-08-02T18:55:10.095+0000] {processor.py:830} INFO - Processing file /home/airflow/.local/lib/python3.12/site-packages/airflow/example_dags/example_skip_dag.py for tasks to queue
[2026-08-02T18:55:10.098+0000] {logging_mixin.py:188} INFO - [2026-08-02T18:55:10.097+0000] {dagbag.py:545} INFO - Filling up the DagBag from /home/airflow/.local/lib/python3.12/site-packages/airflow/example_dags/example_skip_dag.py
[2026-08-02T18:55:10.106+0000] {processor.py:840} INFO - DAG(s) 'example_skip_dag' retrieved from /home/airflow/.local/lib/python3.12/site-packages/airflow/example_dags/example_skip_dag.py
[2026-08-02T18:55:10.262+0000] {logging_mixin.py:188} INFO - [2026-08-02T18:55:10.261+0000] {dag.py:3089} INFO - Sync 1 DAGs
[2026-08-02T18:55:10.294+0000] {logging_mixin.py:188} INFO - [2026-08-02T18:55:10.294+0000] {dag.py:3947} INFO - Setting next_dagrun for example_skip_dag to 2026-08-01 00:00:00+00:00, run_after=2026-08-02 00:00:00+00:00
[2026-08-02T18:55:10.328+0000] {processor.py:183} INFO - Processing /home/airflow/.local/lib/python3.12/site-packages/airflow/example_dags/example_skip_dag.py took 0.242 seconds
[2026-08-02T18:55:41.174+0000] {processor.py:161} INFO - Started process (PID=130) to work on /home/airflow/.local/lib/python3.12/site-packages/airflow/example_dags/example_skip_dag.py
[2026-08-02T18:55:41.177+0000] {processor.py:830} INFO - Processing file /home/airflow/.local/lib/python3.12/site-packages/airflow/example_dags/example_skip_dag.py for tasks to queue
[2026-08-02T18:55:41.180+0000] {logging_mixin.py:188} INFO - [2026-08-02T18:55:41.180+0000] {dagbag.py:545} INFO - Filling up the DagBag from /home/airflow/.local/lib/python3.12/site-packages/airflow/example_dags/example_skip_dag.py
[2026-08-02T18:55:41.189+0000] {processor.py:840} INFO - DAG(s) 'example_skip_dag' retrieved from /home/airflow/.local/lib/python3.12/site-packages/airflow/example_dags/example_skip_dag.py
[2026-08-02T18:55:41.213+0000] {logging_mixin.py:188} INFO - [2026-08-02T18:55:41.212+0000] {dag.py:3089} INFO - Sync 1 DAGs
[2026-08-02T18:55:41.235+0000] {logging_mixin.py:188} INFO - [2026-08-02T18:55:41.234+0000] {dag.py:3947} INFO - Setting next_dagrun for example_skip_dag to 2026-08-01 00:00:00+00:00, run_after=2026-08-02 00:00:00+00:00
[2026-08-02T18:55:41.255+0000] {processor.py:183} INFO - Processing /home/airflow/.local/lib/python3.12/site-packages/airflow/example_dags/example_skip_dag.py took 0.089 seconds
[2026-08-02T18:56:12.106+0000] {processor.py:161} INFO - Started process (PID=195) to work on /home/airflow/.local/lib/python3.12/site-packages/airflow/example_dags/example_skip_dag.py
[2026-08-02T18:56:12.108+0000] {processor.py:830} INFO - Processing file /home/airflow/.local/lib/python3.12/site-packages/airflow/example_dags/example_skip_dag.py for tasks to queue
[2026-08-02T18:56:12.111+0000] {logging_mixin.py:188} INFO - [2026-08-02T18:56:12.110+0000] {dagbag.py:545} INFO - Filling up the DagBag from /home/airflow/.local/lib/python3.12/site-packages/airflow/example_dags/example_skip_dag.py
[2026-08-02T18:56:12.121+0000] {processor.py:840} INFO - DAG(s) 'example_skip_dag' retrieved from /home/airflow/.local/lib/python3.12/site-packages/airflow/example_dags/example_skip_dag.py
[2026-08-02T18:56:12.144+0000] {logging_mixin.py:188} INFO - [2026-08-02T18:56:12.144+0000] {dag.py:3089} INFO - Sync 1 DAGs
[2026-08-02T18:56:12.165+0000] {logging_mixin.py:188} INFO - [2026-08-02T18:56:12.165+0000] {dag.py:3947} INFO - Setting next_dagrun for example_skip_dag to 2026-08-01 00:00:00+00:00, run_after=2026-08-02 00:00:00+00:00
[2026-08-02T18:56:12.185+0000] {processor.py:183} INFO - Processing /home/airflow/.local/lib/python3.12/site-packages/airflow/example_dags/example_skip_dag.py took 0.094 seconds
[2026-08-02T18:56:42.374+0000] {processor.py:161} INFO - Started process (PID=254) to work on /home/airflow/.local/lib/python3.12/site-packages/airflow/example_dags/example_skip_dag.py
[2026-08-02T18:56:42.376+0000] {processor.py:830} INFO - Processing file /home/airflow/.local/lib/python3.12/site-packages/airflow/example_dags/example_skip_dag.py for tasks to queue
[2026-08-02T18:56:42.379+0000] {logging_mixin.py:188} INFO - [2026-08-02T18:56:42.379+0000] {dagbag.py:545} INFO - Filling up the DagBag from /home/airflow/.local/lib/python3.12/site-packages/airflow/example_dags/example_skip_dag.py
[2026-08-02T18:56:42.387+0000] {processor.py:840} INFO - DAG(s) 'example_skip_dag' retrieved from /home/airflow/.local/lib/python3.12/site-packages/airflow/example_dags/example_skip_dag.py
[2026-08-02T18:56:42.408+0000] {logging_mixin.py:188} INFO - [2026-08-02T18:56:42.408+0000] {dag.py:3089} INFO - Sync 1 DAGs
[2026-08-02T18:56:42.430+0000] {logging_mixin.py:188} INFO - [2026-08-02T18:56:42.430+0000] {dag.py:3947} INFO - Setting next_dagrun for example_skip_dag to 2026-08-01 00:00:00+00:00, run_after=2026-08-02 00:00:00+00:00
[2026-08-02T18:56:42.449+0000] {processor.py:183} INFO - Processing /home/airflow/.local/lib/python3.12/site-packages/airflow/example_dags/example_skip_dag.py took 0.083 seconds
[2026-08-02T18:57:12.946+0000] {processor.py:161} INFO - Started process (PID=313) to work on /home/airflow/.local/lib/python3.12/site-packages/airflow/example_dags/example_skip_dag.py
[2026-08-02T18:57:12.947+0000] {processor.py:830} INFO - Processing file /home/airflow/.local/lib/python3.12/site-packages/airflow/example_dags/example_skip_dag.py for tasks to queue
[2026-08-02T18:57:12.950+0000] {logging_mixin.py:188} INFO - [2026-08-02T18:57:12.950+0000] {dagbag.py:545} INFO - Filling up the DagBag from /home/airflow/.local/lib/python3.12/site-packages/airflow/example_dags/example_skip_dag.py
[2026-08-02T18:57:12.956+0000] {processor.py:840} INFO - DAG(s) 'example_skip_dag' retrieved from /home/airflow/.local/lib/python3.12/site-packages/airflow/example_dags/example_skip_dag.py
[2026-08-02T18:57:12.981+0000] {logging_mixin.py:188} INFO - [2026-08-02T18:57:12.981+0000] {dag.py:3089} INFO - Sync 1 DAGs
[2026-08-02T18:57:13.019+0000] {logging_mixin.py:188} INFO - [2026-08-02T18:57:13.019+0000] {dag.py:3947} INFO - Setting next_dagrun for example_skip_dag to 2026-08-01 00:00:00+00:00, run_after=2026-08-02 00:00:00+00:00
[2026-08-02T18:57:13.063+0000] {processor.py:183} INFO - Processing /home/airflow/.local/lib/python3.12/site-packages/airflow/example_dags/example_skip_dag.py took 0.122 seconds
[2026-08-02T18:57:43.269+0000] {processor.py:161} INFO - Started process (PID=372) to work on /home/airflow/.local/lib/python3.12/site-packages/airflow/example_dags/example_skip_dag.py
[2026-08-02T18:57:43.271+0000] {processor.py:830} INFO - Processing file /home/airflow/.local/lib/python3.12/site-packages/airflow/example_dags/example_skip_dag.py for tasks to queue
[2026-08-02T18:57:43.273+0000] {logging_mixin.py:188} INFO - [2026-08-02T18:57:43.273+0000] {dagbag.py:545} INFO - Filling up the DagBag from /home/airflow/.local/lib/python3.12/site-packages/airflow/example_dags/example_skip_dag.py
[2026-08-02T18:57:43.280+0000] {processor.py:840} INFO - DAG(s) 'example_skip_dag' retrieved from /home/airflow/.local/lib/python3.12/site-packages/airflow/example_dags/example_skip_dag.py
[2026-08-02T18:57:43.304+0000] {logging_mixin.py:188} INFO - [2026-08-02T18:57:43.304+0000] {dag.py:3089} INFO - Sync 1 DAGs
[2026-08-02T18:57:43.327+0000] {logging_mixin.py:188} INFO - [2026-08-02T18:57:43.327+0000] {dag.py:3947} INFO - Setting next_dagrun for example_skip_dag to 2026-08-01 00:00:00+00:00, run_after=2026-08-02 00:00:00+00:00
[2026-08-02T18:57:43.345+0000] {processor.py:183} INFO - Processing /home/airflow/.local/lib/python3.12/site-packages/airflow/example_dags/example_skip_dag.py took 0.082 seconds
[2026-08-02T19:00:08.668+0000] {processor.py:161} INFO - Started process (PID=64) to work on /home/airflow/.local/lib/python3.12/site-packages/airflow/example_dags/example_skip_dag.py
[2026-08-02T19:00:08.670+0000] {processor.py:830} INFO - Processing file /home/airflow/.local/lib/python3.12/site-packages/airflow/example_dags/example_skip_dag.py for tasks to queue
[2026-08-02T19:00:08.673+0000] {logging_mixin.py:188} INFO - [2026-08-02T19:00:08.672+0000] {dagbag.py:545} INFO - Filling up the DagBag from /home/airflow/.local/lib/python3.12/site-packages/airflow/example_dags/example_skip_dag.py
[2026-08-02T19:00:08.686+0000] {processor.py:840} INFO - DAG(s) 'example_skip_dag' retrieved from /home/airflow/.local/lib/python3.12/site-packages/airflow/example_dags/example_skip_dag.py
[2026-08-02T19:00:08.705+0000] {logging_mixin.py:188} INFO - [2026-08-02T19:00:08.704+0000] {dag.py:3089} INFO - Sync 1 DAGs
[2026-08-02T19:00:08.730+0000] {logging_mixin.py:188} INFO - [2026-08-02T19:00:08.730+0000] {dag.py:3947} INFO - Setting next_dagrun for example_skip_dag to 2026-08-01 00:00:00+00:00, run_after=2026-08-02 00:00:00+00:00
[2026-08-02T19:00:08.754+0000] {processor.py:183} INFO - Processing /home/airflow/.local/lib/python3.12/site-packages/airflow/example_dags/example_skip_dag.py took 0.094 seconds
[2026-08-02T19:00:39.026+0000] {processor.py:161} INFO - Started process (PID=123) to work on /home/airflow/.local/lib/python3.12/site-packages/airflow/example_dags/example_skip_dag.py
[2026-08-02T19:00:39.027+0000] {processor.py:830} INFO - Processing file /home/airflow/.local/lib/python3.12/site-packages/airflow/example_dags/example_skip_dag.py for tasks to queue
[2026-08-02T19:00:39.029+0000] {logging_mixin.py:188} INFO - [2026-08-02T19:00:39.029+0000] {dagbag.py:545} INFO - Filling up the DagBag from /home/airflow/.local/lib/python3.12/site-packages/airflow/example_dags/example_skip_dag.py
[2026-08-02T19:00:39.036+0000] {processor.py:840} INFO - DAG(s) 'example_skip_dag' retrieved from /home/airflow/.local/lib/python3.12/site-packages/airflow/example_dags/example_skip_dag.py
[2026-08-02T19:00:39.129+0000] {logging_mixin.py:188} INFO - [2026-08-02T19:00:39.128+0000] {dag.py:3089} INFO - Sync 1 DAGs
[2026-08-02T19:00:39.147+0000] {logging_mixin.py:188} INFO - [2026-08-02T19:00:39.146+0000] {dag.py:3947} INFO - Setting next_dagrun for example_skip_dag to 2026-08-01 00:00:00+00:00, run_after=2026-08-02 00:00:00+00:00
[2026-08-02T19:00:39.165+0000] {processor.py:183} INFO - Processing /home/airflow/.local/lib/python3.12/site-packages/airflow/example_dags/example_skip_dag.py took 0.145 seconds
[2026-08-02T19:01:09.617+0000] {processor.py:161} INFO - Started process (PID=182) to work on /home/airflow/.local/lib/python3.12/site-packages/airflow/example_dags/example_skip_dag.py
[2026-08-02T19:01:09.619+0000] {processor.py:830} INFO - Processing file /home/airflow/.local/lib/python3.12/site-packages/airflow/example_dags/example_skip_dag.py for tasks to queue
[2026-08-02T19:01:09.623+0000] {logging_mixin.py:188} INFO - [2026-08-02T19:01:09.623+0000] {dagbag.py:545} INFO - Filling up the DagBag from /home/airflow/.local/lib/python3.12/site-packages/airflow/example_dags/example_skip_dag.py
[2026-08-02T19:01:09.633+0000] {processor.py:840} INFO - DAG(s) 'example_skip_dag' retrieved from /home/airflow/.local/lib/python3.12/site-packages/airflow/example_dags/example_skip_dag.py
[2026-08-02T19:01:09.661+0000] {logging_mixin.py:188} INFO - [2026-08-02T19:01:09.661+0000] {dag.py:3089} INFO - Sync 1 DAGs
[2026-08-02T19:01:09.684+0000] {logging_mixin.py:188} INFO - [2026-08-02T19:01:09.683+0000] {dag.py:3947} INFO - Setting next_dagrun for example_skip_dag to 2026-08-01 00:00:00+00:00, run_after=2026-08-02 00:00:00+00:00
[2026-08-02T19:01:09.703+0000] {processor.py:183} INFO - Processing /home/airflow/.local/lib/python3.12/site-packages/airflow/example_dags/example_skip_dag.py took 0.094 seconds
[2026-08-02T19:01:39.903+0000] {processor.py:161} INFO - Started process (PID=242) to work on /home/airflow/.local/lib/python3.12/site-packages/airflow/example_dags/example_skip_dag.py
[2026-08-02T19:01:39.905+0000] {processor.py:830} INFO - Processing file /home/airflow/.local/lib/python3.12/site-packages/airflow/example_dags/example_skip_dag.py for tasks to queue
[2026-08-02T19:01:39.909+0000] {logging_mixin.py:188} INFO - [2026-08-02T19:01:39.908+0000] {dagbag.py:545} INFO - Filling up the DagBag from /home/airflow/.local/lib/python3.12/site-packages/airflow/example_dags/example_skip_dag.py
[2026-08-02T19:01:39.923+0000] {processor.py:840} INFO - DAG(s) 'example_skip_dag' retrieved from /home/airflow/.local/lib/python3.12/site-packages/airflow/example_dags/example_skip_dag.py
[2026-08-02T19:01:39.956+0000] {logging_mixin.py:188} INFO - [2026-08-02T19:01:39.956+0000] {dag.py:3089} INFO - Sync 1 DAGs
[2026-08-02T19:01:39.985+0000] {logging_mixin.py:188} INFO - [2026-08-02T19:01:39.984+0000] {dag.py:3947} INFO - Setting next_dagrun for example_skip_dag to 2026-08-01 00:00:00+00:00, run_after=2026-08-02 00:00:00+00:00
[2026-08-02T19:01:40.011+0000] {processor.py:183} INFO - Processing /home/airflow/.local/lib/python3.12/site-packages/airflow/example_dags/example_skip_dag.py took 0.115 seconds
[2026-08-02T19:02:10.156+0000] {processor.py:161} INFO - Started process (PID=301) to work on /home/airflow/.local/lib/python3.12/site-packages/airflow/example_dags/example_skip_dag.py
[2026-08-02T19:02:10.157+0000] {processor.py:830} INFO - Processing file /home/airflow/.local/lib/python3.12/site-packages/airflow/example_dags/example_skip_dag.py for tasks to queue
[2026-08-02T19:02:10.160+0000] {logging_mixin.py:188} INFO - [2026-08-02T19:02:10.159+0000] {dagbag.py:545} INFO - Filling up the DagBag from /home/airflow/.local/lib/python3.12/site-packages/airflow/example_dags/example_skip_dag.py
[2026-08-02T19:02:10.166+0000] {processor.py:840} INFO - DAG(s) 'example_skip_dag' retrieved from /home/airflow/.local/lib/python3.12/site-packages/airflow/example_dags/example_skip_dag.py
[2026-08-02T19:02:10.186+0000] {logging_mixin.py:188} INFO - [2026-08-02T19:02:10.186+0000] {dag.py:3089} INFO - Sync 1 DAGs
[2026-08-02T19:02:10.205+0000] {logging_mixin.py:188} INFO - [2026-08-02T19:02:10.205+0000] {dag.py:3947} INFO - Setting next_dagrun for example_skip_dag to 2026-08-01 00:00:00+00:00, run_after=2026-08-02 00:00:00+00:00
[2026-08-02T19:02:10.223+0000] {processor.py:183} INFO - Processing /home/airflow/.local/lib/python3.12/site-packages/airflow/example_dags/example_skip_dag.py took 0.073 seconds
[2026-08-02T19:02:40.533+0000] {processor.py:161} INFO - Started process (PID=360) to work on /home/airflow/.local/lib/python3.12/site-packages/airflow/example_dags/example_skip_dag.py
[2026-08-02T19:02:40.535+0000] {processor.py:830} INFO - Processing file /home/airflow/.local/lib/python3.12/site-packages/airflow/example_dags/example_skip_dag.py for tasks to queue
[2026-08-02T19:02:40.537+0000] {logging_mixin.py:188} INFO - [2026-08-02T19:02:40.537+0000] {dagbag.py:545} INFO - Filling up the DagBag from /home/airflow/.local/lib/python3.12/site-packages/airflow/example_dags/example_skip_dag.py
[2026-08-02T19:02:40.543+0000] {processor.py:840} INFO - DAG(s) 'example_skip_dag' retrieved from /home/airflow/.local/lib/python3.12/site-packages/airflow/example_dags/example_skip_dag.py
[2026-08-02T19:02:40.564+0000] {logging_mixin.py:188} INFO - [2026-08-02T19:02:40.564+0000] {dag.py:3089} INFO - Sync 1 DAGs
[2026-08-02T19:02:40.583+0000] {logging_mixin.py:188} INFO - [2026-08-02T19:02:40.583+0000] {dag.py:3947} INFO - Setting next_dagrun for example_skip_dag to 2026-08-01 00:00:00+00:00, run_after=2026-08-02 00:00:00+00:00
[2026-08-02T19:02:40.601+0000] {processor.py:183} INFO - Processing /home/airflow/.local/lib/python3.12/site-packages/airflow/example_dags/example_skip_dag.py took 0.074 seconds
[2026-08-02T19:03:10.779+0000] {processor.py:161} INFO - Started process (PID=419) to work on /home/airflow/.local/lib/python3.12/site-packages/airflow/example_dags/example_skip_dag.py
[2026-08-02T19:03:10.781+0000] {processor.py:830} INFO - Processing file /home/airflow/.local/lib/python3.12/site-packages/airflow/example_dags/example_skip_dag.py for tasks to queue
[2026-08-02T19:03:10.783+0000] {logging_mixin.py:188} INFO - [2026-08-02T19:03:10.783+0000] {dagbag.py:545} INFO - Filling up the DagBag from /home/airflow/.local/lib/python3.12/site-packages/airflow/example_dags/example_skip_dag.py
[2026-08-02T19:03:10.789+0000] {processor.py:840} INFO - DAG(s) 'example_skip_dag' retrieved from /home/airflow/.local/lib/python3.12/site-packages/airflow/example_dags/example_skip_dag.py
[2026-08-02T19:03:10.809+0000] {logging_mixin.py:188} INFO - [2026-08-02T19:03:10.808+0000] {dag.py:3089} INFO - Sync 1 DAGs
[2026-08-02T19:03:10.828+0000] {logging_mixin.py:188} INFO - [2026-08-02T19:03:10.827+0000] {dag.py:3947} INFO - Setting next_dagrun for example_skip_dag to 2026-08-01 00:00:00+00:00, run_after=2026-08-02 00:00:00+00:00
[2026-08-02T19:03:10.845+0000] {processor.py:183} INFO - Processing /home/airflow/.local/lib/python3.12/site-packages/airflow/example_dags/example_skip_dag.py took 0.071 seconds
[2026-08-02T19:03:41.462+0000] {processor.py:161} INFO - Started process (PID=478) to work on /home/airflow/.local/lib/python3.12/site-packages/airflow/example_dags/example_skip_dag.py
[2026-08-02T19:03:41.464+0000] {processor.py:830} INFO - Processing file /home/airflow/.local/lib/python3.12/site-packages/airflow/example_dags/example_skip_dag.py for tasks to queue
[2026-08-02T19:03:41.466+0000] {logging_mixin.py:188} INFO - [2026-08-02T19:03:41.466+0000] {dagbag.py:545} INFO - Filling up the DagBag from /home/airflow/.local/lib/python3.12/site-packages/airflow/example_dags/example_skip_dag.py
[2026-08-02T19:03:41.473+0000] {processor.py:840} INFO - DAG(s) 'example_skip_dag' retrieved from /home/airflow/.local/lib/python3.12/site-packages/airflow/example_dags/example_skip_dag.py
[2026-08-02T19:03:41.493+0000] {logging_mixin.py:188} INFO - [2026-08-02T19:03:41.493+0000] {dag.py:3089} INFO - Sync 1 DAGs
[2026-08-02T19:03:41.513+0000] {logging_mixin.py:188} INFO - [2026-08-02T19:03:41.513+0000] {dag.py:3947} INFO - Setting next_dagrun for example_skip_dag to 2026-08-01 00:00:00+00:00, run_after=2026-08-02 00:00:00+00:00
[2026-08-02T19:03:41.533+0000] {processor.py:183} INFO - Processing /home/airflow/.local/lib/python3.12/site-packages/airflow/example_dags/example_skip_dag.py took 0.078 seconds
[2026-08-02T19:04:11.939+0000] {processor.py:161} INFO - Started process (PID=537) to work on /home/airflow/.local/lib/python3.12/site-packages/airflow/example_dags/example_skip_dag.py
[2026-08-02T19:04:11.941+0000] {processor.py:830} INFO - Processing file /home/airflow/.local/lib/python3.12/site-packages/airflow/example_dags/example_skip_dag.py for tasks to queue
[2026-08-02T19:04:11.943+0000] {logging_mixin.py:188} INFO - [2026-08-02T19:04:11.943+0000] {dagbag.py:545} INFO - Filling up the DagBag from /home/airflow/.local/lib/python3.12/site-packages/airflow/example_dags/example_skip_dag.py
[2026-08-02T19:04:11.949+0000] {processor.py:840} INFO - DAG(s) 'example_skip_dag' retrieved from /home/airflow/.local/lib/python3.12/site-packages/airflow/example_dags/example_skip_dag.py
[2026-08-02T19:04:11.970+0000] {logging_mixin.py:188} INFO - [2026-08-02T19:04:11.970+0000] {dag.py:3089} INFO - Sync 1 DAGs
[2026-08-02T19:04:11.991+0000] {logging_mixin.py:188} INFO - [2026-08-02T19:04:11.991+0000] {dag.py:3947} INFO - Setting next_dagrun for example_skip_dag to 2026-08-01 00:00:00+00:00, run_after=2026-08-02 00:00:00+00:00
[2026-08-02T19:04:12.010+0000] {processor.py:183} INFO - Processing /home/airflow/.local/lib/python3.12/site-packages/airflow/example_dags/example_skip_dag.py took 0.076 seconds
[2026-08-02T19:04:42.237+0000] {processor.py:161} INFO - Started process (PID=596) to work on /home/airflow/.local/lib/python3.12/site-packages/airflow/example_dags/example_skip_dag.py
[2026-08-02T19:04:42.238+0000] {processor.py:830} INFO - Processing file /home/airflow/.local/lib/python3.12/site-packages/airflow/example_dags/example_skip_dag.py for tasks to queue
[2026-08-02T19:04:42.241+0000] {logging_mixin.py:188} INFO - [2026-08-02T19:04:42.240+0000] {dagbag.py:545} INFO - Filling up the DagBag from /home/airflow/.local/lib/python3.12/site-packages/airflow/example_dags/example_skip_dag.py
[2026-08-02T19:04:42.247+0000] {processor.py:840} INFO - DAG(s) 'example_skip_dag' retrieved from /home/airflow/.local/lib/python3.12/site-packages/airflow/example_dags/example_skip_dag.py
[2026-08-02T19:04:42.269+0000] {logging_mixin.py:188} INFO - [2026-08-02T19:04:42.268+0000] {dag.py:3089} INFO - Sync 1 DAGs
[2026-08-02T19:04:42.289+0000] {logging_mixin.py:188} INFO - [2026-08-02T19:04:42.289+0000] {dag.py:3947} INFO - Setting next_dagrun for example_skip_dag to 2026-08-01 00:00:00+00:00, run_after=2026-08-02 00:00:00+00:00
[2026-08-02T19:04:42.307+0000] {processor.py:183} INFO - Processing /home/airflow/.local/lib/python3.12/site-packages/airflow/example_dags/example_skip_dag.py took 0.076 seconds
[2026-08-02T19:05:12.439+0000] {processor.py:161} INFO - Started process (PID=655) to work on /home/airflow/.local/lib/python3.12/site-packages/airflow/example_dags/example_skip_dag.py
[2026-08-02T19:05:12.441+0000] {processor.py:830} INFO - Processing file /home/airflow/.local/lib/python3.12/site-packages/airflow/example_dags/example_skip_dag.py for tasks to queue
[2026-08-02T19:05:12.443+0000] {logging_mixin.py:188} INFO - [2026-08-02T19:05:12.443+0000] {dagbag.py:545} INFO - Filling up the DagBag from /home/airflow/.local/lib/python3.12/site-packages/airflow/example_dags/example_skip_dag.py
[2026-08-02T19:05:12.449+0000] {processor.py:840} INFO - DAG(s) 'example_skip_dag' retrieved from /home/airflow/.local/lib/python3.12/site-packages/airflow/example_dags/example_skip_dag.py
[2026-08-02T19:05:12.467+0000] {logging_mixin.py:188} INFO - [2026-08-02T19:05:12.467+0000] {dag.py:3089} INFO - Sync 1 DAGs
[2026-08-02T19:05:12.485+0000] {logging_mixin.py:188} INFO - [2026-08-02T19:05:12.485+0000] {dag.py:3947} INFO - Setting next_dagrun for example_skip_dag to 2026-08-01 00:00:00+00:00, run_after=2026-08-02 00:00:00+00:00
[2026-08-02T19:05:12.501+0000] {processor.py:183} INFO - Processing /home/airflow/.local/lib/python3.12/site-packages/airflow/example_dags/example_skip_dag.py took 0.069 seconds
[2026-08-02T19:05:42.697+0000] {processor.py:161} INFO - Started process (PID=714) to work on /home/airflow/.local/lib/python3.12/site-packages/airflow/example_dags/example_skip_dag.py
[2026-08-02T19:05:42.698+0000] {processor.py:830} INFO - Processing file /home/airflow/.local/lib/python3.12/site-packages/airflow/example_dags/example_skip_dag.py for tasks to queue
[2026-08-02T19:05:42.700+0000] {logging_mixin.py:188} INFO - [2026-08-02T19:05:42.700+0000] {dagbag.py:545} INFO - Filling up the DagBag from /home/airflow/.local/lib/python3.12/site-packages/airflow/example_dags/example_skip_dag.py
[2026-08-02T19:05:42.710+0000] {processor.py:840} INFO - DAG(s) 'example_skip_dag' retrieved from /home/airflow/.local/lib/python3.12/site-packages/airflow/example_dags/example_skip_dag.py
[2026-08-02T19:05:42.729+0000] {logging_mixin.py:188} INFO - [2026-08-02T19:05:42.729+0000] {dag.py:3089} INFO - Sync 1 DAGs
[2026-08-02T19:05:42.748+0000] {logging_mixin.py:188} INFO - [2026-08-02T19:05:42.748+0000] {dag.py:3947} INFO - Setting next_dagrun for example_skip_dag to 2026-08-01 00:00:00+00:00, run_after=2026-08-02 00:00:00+00:00
[2026-08-02T19:05:42.764+0000] {processor.py:183} INFO - Processing /home/airflow/.local/lib/python3.12/site-packages/airflow/example_dags/example_skip_dag.py took 0.075 seconds
[2026-08-02T19:06:13.283+0000] {processor.py:161} INFO - Started process (PID=773) to work on /home/airflow/.local/lib/python3.12/site-packages/airflow/example_dags/example_skip_dag.py
[2026-08-02T19:06:13.284+0000] {processor.py:830} INFO - Processing file /home/airflow/.local/lib/python3.12/site-packages/airflow/example_dags/example_skip_dag.py for tasks to queue
[2026-08-02T19:06:13.287+0000] {logging_mixin.py:188} INFO - [2026-08-02T19:06:13.286+0000] {dagbag.py:545} INFO - Filling up the DagBag from /home/airflow/.local/lib/python3.12/site-packages/airflow/example_dags/example_skip_dag.py
[2026-08-02T19:06:13.294+0000] {processor.py:840} INFO - DAG(s) 'example_skip_dag' retrieved from /home/airflow/.local/lib/python3.12/site-packages/airflow/example_dags/example_skip_dag.py
[2026-08-02T19:06:13.314+0000] {logging_mixin.py:188} INFO - [2026-08-02T19:06:13.314+0000] {dag.py:3089} INFO - Sync 1 DAGs
[2026-08-02T19:06:13.334+0000] {logging_mixin.py:188} INFO - [2026-08-02T19:06:13.334+0000] {dag.py:3947} INFO - Setting next_dagrun for example_skip_dag to 2026-08-01 00:00:00+00:00, run_after=2026-08-02 00:00:00+00:00
[2026-08-02T19:06:13.354+0000] {processor.py:183} INFO - Processing /home/airflow/.local/lib/python3.12/site-packages/airflow/example_dags/example_skip_dag.py took 0.077 seconds
[2026-08-02T19:06:43.895+0000] {processor.py:161} INFO - Started process (PID=832) to work on /home/airflow/.local/lib/python3.12/site-packages/airflow/example_dags/example_skip_dag.py
[2026-08-02T19:06:43.897+0000] {processor.py:830} INFO - Processing file /home/airflow/.local/lib/python3.12/site-packages/airflow/example_dags/example_skip_dag.py for tasks to queue
[2026-08-02T19:06:43.899+0000] {logging_mixin.py:188} INFO - [2026-08-02T19:06:43.898+0000] {dagbag.py:545} INFO - Filling up the DagBag from /home/airflow/.local/lib/python3.12/site-packages/airflow/example_dags/example_skip_dag.py
[2026-08-02T19:06:43.905+0000] {processor.py:840} INFO - DAG(s) 'example_skip_dag' retrieved from /home/airflow/.local/lib/python3.12/site-packages/airflow/example_dags/example_skip_dag.py
[2026-08-02T19:06:43.924+0000] {logging_mixin.py:188} INFO - [2026-08-02T19:06:43.924+0000] {dag.py:3089} INFO - Sync 1 DAGs
[2026-08-02T19:06:43.942+0000] {logging_mixin.py:188} INFO - [2026-08-02T19:06:43.942+0000] {dag.py:3947} INFO - Setting next_dagrun for example_skip_dag to 2026-08-01 00:00:00+00:00, run_after=2026-08-02 00:00:00+00:00
[2026-08-02T19:06:43.959+0000] {processor.py:183} INFO - Processing /home/airflow/.local/lib/python3.12/site-packages/airflow/example_dags/example_skip_dag.py took 0.070 seconds
[2026-08-02T19:07:14.577+0000] {processor.py:161} INFO - Started process (PID=891) to work on /home/airflow/.local/lib/python3.12/site-packages/airflow/example_dags/example_skip_dag.py
[2026-08-02T19:07:14.579+0000] {processor.py:830} INFO - Processing file /home/airflow/.local/lib/python3.12/site-packages/airflow/example_dags/example_skip_dag.py for tasks to queue
[2026-08-02T19:07:14.582+0000] {logging_mixin.py:188} INFO - [2026-08-02T19:07:14.582+0000] {dagbag.py:545} INFO - Filling up the DagBag from /home/airflow/.local/lib/python3.12/site-packages/airflow/example_dags/example_skip_dag.py
[2026-08-02T19:07:14.589+0000] {processor.py:840} INFO - DAG(s) 'example_skip_dag' retrieved from /home/airflow/.local/lib/python3.12/site-packages/airflow/example_dags/example_skip_dag.py
[2026-08-02T19:07:14.611+0000] {logging_mixin.py:188} INFO - [2026-08-02T19:07:14.611+0000] {dag.py:3089} INFO - Sync 1 DAGs
[2026-08-02T19:07:14.630+0000] {logging_mixin.py:188} INFO - [2026-08-02T19:07:14.630+0000] {dag.py:3947} INFO - Setting next_dagrun for example_skip_dag to 2026-08-01 00:00:00+00:00, run_after=2026-08-02 00:00:00+00:00
[2026-08-02T19:07:14.649+0000] {processor.py:183} INFO - Processing /home/airflow/.local/lib/python3.12/site-packages/airflow/example_dags/example_skip_dag.py took 0.083 seconds
[2026-08-02T19:07:44.846+0000] {processor.py:161} INFO - Started process (PID=950) to work on /home/airflow/.local/lib/python3.12/site-packages/airflow/example_dags/example_skip_dag.py
[2026-08-02T19:07:44.848+0000] {processor.py:830} INFO - Processing file /home/airflow/.local/lib/python3.12/site-packages/airflow/example_dags/example_skip_dag.py for tasks to queue
[2026-08-02T19:07:44.850+0000] {logging_mixin.py:188} INFO - [2026-08-02T19:07:44.850+0000] {dagbag.py:545} INFO - Filling up the DagBag from /home/airflow/.local/lib/python3.12/site-packages/airflow/example_dags/example_skip_dag.py
[2026-08-02T19:07:44.856+0000] {processor.py:840} INFO - DAG(s) 'example_skip_dag' retrieved from /home/airflow/.local/lib/python3.12/site-packages/airflow/example_dags/example_skip_dag.py
[2026-08-02T19:07:44.876+0000] {logging_mixin.py:188} INFO - [2026-08-02T19:07:44.875+0000] {dag.py:3089} INFO - Sync 1 DAGs
[2026-08-02T19:07:44.898+0000] {logging_mixin.py:188} INFO - [2026-08-02T19:07:44.898+0000] {dag.py:3947} INFO - Setting next_dagrun for example_skip_dag to 2026-08-01 00:00:00+00:00, run_after=2026-08-02 00:00:00+00:00
[2026-08-02T19:07:44.919+0000] {processor.py:183} INFO - Processing /home/airflow/.local/lib/python3.12/site-packages/airflow/example_dags/example_skip_dag.py took 0.078 seconds
[2026-08-02T19:08:15.416+0000] {processor.py:161} INFO - Started process (PID=1009) to work on /home/airflow/.local/lib/python3.12/site-packages/airflow/example_dags/example_skip_dag.py
[2026-08-02T19:08:15.418+0000] {processor.py:830} INFO - Processing file /home/airflow/.local/lib/python3.12/site-packages/airflow/example_dags/example_skip_dag.py for tasks to queue
[2026-08-02T19:08:15.421+0000] {logging_mixin.py:188} INFO - [2026-08-02T19:08:15.420+0000] {dagbag.py:545} INFO - Filling up the DagBag from /home/airflow/.local/lib/python3.12/site-packages/airflow/example_dags/example_skip_dag.py
[2026-08-02T19:08:15.432+0000] {processor.py:840} INFO - DAG(s) 'example_skip_dag' retrieved from /home/airflow/.local/lib/python3.12/site-packages/airflow/example_dags/example_skip_dag.py
[2026-08-02T19:08:15.457+0000] {logging_mixin.py:188} INFO - [2026-08-02T19:08:15.456+0000] {dag.py:3089} INFO - Sync 1 DAGs
[2026-08-02T19:08:15.479+0000] {logging_mixin.py:188} INFO - [2026-08-02T19:08:15.479+0000] {dag.py:3947} INFO - Setting next_dagrun for example_skip_dag to 2026-08-01 00:00:00+00:00, run_after=2026-08-02 00:00:00+00:00
[2026-08-02T19:08:15.501+0000] {processor.py:183} INFO - Processing /home/airflow/.local/lib/python3.12/site-packages/airflow/example_dags/example_skip_dag.py took 0.093 seconds
[2026-08-02T19:09:46.224+0000] {processor.py:161} INFO - Started process (PID=94) to work on /home/airflow/.local/lib/python3.12/site-packages/airflow/example_dags/example_skip_dag.py
[2026-08-02T19:09:46.227+0000] {processor.py:830} INFO - Processing file /home/airflow/.local/lib/python3.12/site-packages/airflow/example_dags/example_skip_dag.py for tasks to queue
[2026-08-02T19:09:46.230+0000] {logging_mixin.py:188} INFO - [2026-08-02T19:09:46.230+0000] {dagbag.py:545} INFO - Filling up the DagBag from /home/airflow/.local/lib/python3.12/site-packages/airflow/example_dags/example_skip_dag.py
[2026-08-02T19:09:46.245+0000] {processor.py:840} INFO - DAG(s) 'example_skip_dag' retrieved from /home/airflow/.local/lib/python3.12/site-packages/airflow/example_dags/example_skip_dag.py
[2026-08-02T19:09:46.480+0000] {logging_mixin.py:188} INFO - [2026-08-02T19:09:46.479+0000] {dag.py:3089} INFO - Sync 1 DAGs
[2026-08-02T19:09:46.527+0000] {logging_mixin.py:188} INFO - [2026-08-02T19:09:46.526+0000] {dag.py:3947} INFO - Setting next_dagrun for example_skip_dag to 2026-08-01 00:00:00+00:00, run_after=2026-08-02 00:00:00+00:00
[2026-08-02T19:09:46.573+0000] {processor.py:183} INFO - Processing /home/airflow/.local/lib/python3.12/site-packages/airflow/example_dags/example_skip_dag.py took 0.362 seconds
[2026-08-02T19:10:16.938+0000] {processor.py:161} INFO - Started process (PID=153) to work on /home/airflow/.local/lib/python3.12/site-packages/airflow/example_dags/example_skip_dag.py
[2026-08-02T19:10:16.939+0000] {processor.py:830} INFO - Processing file /home/airflow/.local/lib/python3.12/site-packages/airflow/example_dags/example_skip_dag.py for tasks to queue
[2026-08-02T19:10:16.942+0000] {logging_mixin.py:188} INFO - [2026-08-02T19:10:16.942+0000] {dagbag.py:545} INFO - Filling up the DagBag from /home/airflow/.local/lib/python3.12/site-packages/airflow/example_dags/example_skip_dag.py
[2026-08-02T19:10:16.949+0000] {processor.py:840} INFO - DAG(s) 'example_skip_dag' retrieved from /home/airflow/.local/lib/python3.12/site-packages/airflow/example_dags/example_skip_dag.py
[2026-08-02T19:10:16.970+0000] {logging_mixin.py:188} INFO - [2026-08-02T19:10:16.970+0000] {dag.py:3089} INFO - Sync 1 DAGs
[2026-08-02T19:10:16.991+0000] {logging_mixin.py:188} INFO - [2026-08-02T19:10:16.991+0000] {dag.py:3947} INFO - Setting next_dagrun for example_skip_dag to 2026-08-01 00:00:00+00:00, run_after=2026-08-02 00:00:00+00:00
[2026-08-02T19:10:17.011+0000] {processor.py:183} INFO - Processing /home/airflow/.local/lib/python3.12/site-packages/airflow/example_dags/example_skip_dag.py took 0.080 seconds
[2026-08-02T19:10:47.528+0000] {processor.py:161} INFO - Started process (PID=212) to work on /home/airflow/.local/lib/python3.12/site-packages/airflow/example_dags/example_skip_dag.py
[2026-08-02T19:10:47.530+0000] {processor.py:830} INFO - Processing file /home/airflow/.local/lib/python3.12/site-packages/airflow/example_dags/example_skip_dag.py for tasks to queue
[2026-08-02T19:10:47.532+0000] {logging_mixin.py:188} INFO - [2026-08-02T19:10:47.532+0000] {dagbag.py:545} INFO - Filling up the DagBag from /home/airflow/.local/lib/python3.12/site-packages/airflow/example_dags/example_skip_dag.py
[2026-08-02T19:10:47.541+0000] {processor.py:840} INFO - DAG(s) 'example_skip_dag' retrieved from /home/airflow/.local/lib/python3.12/site-packages/airflow/example_dags/example_skip_dag.py
[2026-08-02T19:10:47.564+0000] {logging_mixin.py:188} INFO - [2026-08-02T19:10:47.563+0000] {dag.py:3089} INFO - Sync 1 DAGs
[2026-08-02T19:10:47.588+0000] {logging_mixin.py:188} INFO - [2026-08-02T19:10:47.587+0000] {dag.py:3947} INFO - Setting next_dagrun for example_skip_dag to 2026-08-01 00:00:00+00:00, run_after=2026-08-02 00:00:00+00:00
[2026-08-02T19:10:47.614+0000] {processor.py:183} INFO - Processing /home/airflow/.local/lib/python3.12/site-packages/airflow/example_dags/example_skip_dag.py took 0.093 seconds
[2026-08-02T19:11:18.319+0000] {processor.py:161} INFO - Started process (PID=271) to work on /home/airflow/.local/lib/python3.12/site-packages/airflow/example_dags/example_skip_dag.py
[2026-08-02T19:11:18.321+0000] {processor.py:830} INFO - Processing file /home/airflow/.local/lib/python3.12/site-packages/airflow/example_dags/example_skip_dag.py for tasks to queue
[2026-08-02T19:11:18.324+0000] {logging_mixin.py:188} INFO - [2026-08-02T19:11:18.323+0000] {dagbag.py:545} INFO - Filling up the DagBag from /home/airflow/.local/lib/python3.12/site-packages/airflow/example_dags/example_skip_dag.py
[2026-08-02T19:11:18.335+0000] {processor.py:840} INFO - DAG(s) 'example_skip_dag' retrieved from /home/airflow/.local/lib/python3.12/site-packages/airflow/example_dags/example_skip_dag.py
[2026-08-02T19:11:18.396+0000] {logging_mixin.py:188} INFO - [2026-08-02T19:11:18.396+0000] {dag.py:3089} INFO - Sync 1 DAGs
[2026-08-02T19:11:18.446+0000] {logging_mixin.py:188} INFO - [2026-08-02T19:11:18.446+0000] {dag.py:3947} INFO - Setting next_dagrun for example_skip_dag to 2026-08-01 00:00:00+00:00, run_after=2026-08-02 00:00:00+00:00
[2026-08-02T19:11:18.479+0000] {processor.py:183} INFO - Processing /home/airflow/.local/lib/python3.12/site-packages/airflow/example_dags/example_skip_dag.py took 0.169 seconds
[2026-08-02T19:11:49.310+0000] {processor.py:161} INFO - Started process (PID=336) to work on /home/airflow/.local/lib/python3.12/site-packages/airflow/example_dags/example_skip_dag.py
[2026-08-02T19:11:49.311+0000] {processor.py:830} INFO - Processing file /home/airflow/.local/lib/python3.12/site-packages/airflow/example_dags/example_skip_dag.py for tasks to queue
[2026-08-02T19:11:49.313+0000] {logging_mixin.py:188} INFO - [2026-08-02T19:11:49.313+0000] {dagbag.py:545} INFO - Filling up the DagBag from /home/airflow/.local/lib/python3.12/site-packages/airflow/example_dags/example_skip_dag.py
[2026-08-02T19:11:49.320+0000] {processor.py:840} INFO - DAG(s) 'example_skip_dag' retrieved from /home/airflow/.local/lib/python3.12/site-packages/airflow/example_dags/example_skip_dag.py
[2026-08-02T19:11:49.341+0000] {logging_mixin.py:188} INFO - [2026-08-02T19:11:49.341+0000] {dag.py:3089} INFO - Sync 1 DAGs
[2026-08-02T19:11:49.363+0000] {logging_mixin.py:188} INFO - [2026-08-02T19:11:49.363+0000] {dag.py:3947} INFO - Setting next_dagrun for example_skip_dag to 2026-08-01 00:00:00+00:00, run_after=2026-08-02 00:00:00+00:00
[2026-08-02T19:11:49.383+0000] {processor.py:183} INFO - Processing /home/airflow/.local/lib/python3.12/site-packages/airflow/example_dags/example_skip_dag.py took 0.079 seconds
[2026-08-02T19:12:19.693+0000] {processor.py:161} INFO - Started process (PID=395) to work on /home/airflow/.local/lib/python3.12/site-packages/airflow/example_dags/example_skip_dag.py
[2026-08-02T19:12:19.695+0000] {processor.py:830} INFO - Processing file /home/airflow/.local/lib/python3.12/site-packages/airflow/example_dags/example_skip_dag.py for tasks to queue
[2026-08-02T19:12:19.698+0000] {logging_mixin.py:188} INFO - [2026-08-02T19:12:19.697+0000] {dagbag.py:545} INFO - Filling up the DagBag from /home/airflow/.local/lib/python3.12/site-packages/airflow/example_dags/example_skip_dag.py
[2026-08-02T19:12:19.707+0000] {processor.py:840} INFO - DAG(s) 'example_skip_dag' retrieved from /home/airflow/.local/lib/python3.12/site-packages/airflow/example_dags/example_skip_dag.py
[2026-08-02T19:12:19.740+0000] {logging_mixin.py:188} INFO - [2026-08-02T19:12:19.740+0000] {dag.py:3089} INFO - Sync 1 DAGs
[2026-08-02T19:12:19.768+0000] {logging_mixin.py:188} INFO - [2026-08-02T19:12:19.767+0000] {dag.py:3947} INFO - Setting next_dagrun for example_skip_dag to 2026-08-01 00:00:00+00:00, run_after=2026-08-02 00:00:00+00:00
[2026-08-02T19:12:19.791+0000] {processor.py:183} INFO - Processing /home/airflow/.local/lib/python3.12/site-packages/airflow/example_dags/example_skip_dag.py took 0.106 seconds
[2026-08-02T19:12:50.152+0000] {processor.py:161} INFO - Started process (PID=454) to work on /home/airflow/.local/lib/python3.12/site-packages/airflow/example_dags/example_skip_dag.py
[2026-08-02T19:12:50.154+0000] {processor.py:830} INFO - Processing file /home/airflow/.local/lib/python3.12/site-packages/airflow/example_dags/example_skip_dag.py for tasks to queue
[2026-08-02T19:12:50.156+0000] {logging_mixin.py:188} INFO - [2026-08-02T19:12:50.155+0000] {dagbag.py:545} INFO - Filling up the DagBag from /home/airflow/.local/lib/python3.12/site-packages/airflow/example_dags/example_skip_dag.py
[2026-08-02T19:12:50.162+0000] {processor.py:840} INFO - DAG(s) 'example_skip_dag' retrieved from /home/airflow/.local/lib/python3.12/site-packages/airflow/example_dags/example_skip_dag.py
[2026-08-02T19:12:50.181+0000] {logging_mixin.py:188} INFO - [2026-08-02T19:12:50.181+0000] {dag.py:3089} INFO - Sync 1 DAGs
[2026-08-02T19:12:50.201+0000] {logging_mixin.py:188} INFO - [2026-08-02T19:12:50.201+0000] {dag.py:3947} INFO - Setting next_dagrun for example_skip_dag to 2026-08-01 00:00:00+00:00, run_after=2026-08-02 00:00:00+00:00
[2026-08-02T19:12:50.221+0000] {processor.py:183} INFO - Processing /home/airflow/.local/lib/python3.12/site-packages/airflow/example_dags/example_skip_dag.py took 0.075 seconds
[2026-08-02T19:13:20.545+0000] {processor.py:161} INFO - Started process (PID=513) to work on /home/airflow/.local/lib/python3.12/site-packages/airflow/example_dags/example_skip_dag.py
[2026-08-02T19:13:20.546+0000] {processor.py:830} INFO - Processing file /home/airflow/.local/lib/python3.12/site-packages/airflow/example_dags/example_skip_dag.py for tasks to queue
[2026-08-02T19:13:20.549+0000] {logging_mixin.py:188} INFO - [2026-08-02T19:13:20.548+0000] {dagbag.py:545} INFO - Filling up the DagBag from /home/airflow/.local/lib/python3.12/site-packages/airflow/example_dags/example_skip_dag.py
[2026-08-02T19:13:20.555+0000] {processor.py:840} INFO - DAG(s) 'example_skip_dag' retrieved from /home/airflow/.local/lib/python3.12/site-packages/airflow/example_dags/example_skip_dag.py
[2026-08-02T19:13:20.578+0000] {logging_mixin.py:188} INFO - [2026-08-02T19:13:20.577+0000] {dag.py:3089} INFO - Sync 1 DAGs
[2026-08-02T19:13:20.600+0000] {logging_mixin.py:188} INFO - [2026-08-02T19:13:20.599+0000] {dag.py:3947} INFO - Setting next_dagrun for example_skip_dag to 2026-08-01 00:00:00+00:00, run_after=2026-08-02 00:00:00+00:00
[2026-08-02T19:13:20.622+0000] {processor.py:183} INFO - Processing /home/airflow/.local/lib/python3.12/site-packages/airflow/example_dags/example_skip_dag.py took 0.087 seconds
[2026-08-02T19:13:51.501+0000] {processor.py:161} INFO - Started process (PID=572) to work on /home/airflow/.local/lib/python3.12/site-packages/airflow/example_dags/example_skip_dag.py
[2026-08-02T19:13:51.502+0000] {processor.py:830} INFO - Processing file /home/airflow/.local/lib/python3.12/site-packages/airflow/example_dags/example_skip_dag.py for tasks to queue
[2026-08-02T19:13:51.505+0000] {logging_mixin.py:188} INFO - [2026-08-02T19:13:51.505+0000] {dagbag.py:545} INFO - Filling up the DagBag from /home/airflow/.local/lib/python3.12/site-packages/airflow/example_dags/example_skip_dag.py
[2026-08-02T19:13:51.513+0000] {processor.py:840} INFO - DAG(s) 'example_skip_dag' retrieved from /home/airflow/.local/lib/python3.12/site-packages/airflow/example_dags/example_skip_dag.py
[2026-08-02T19:13:51.541+0000] {logging_mixin.py:188} INFO - [2026-08-02T19:13:51.541+0000] {dag.py:3089} INFO - Sync 1 DAGs
[2026-08-02T19:13:51.562+0000] {logging_mixin.py:188} INFO - [2026-08-02T19:13:51.562+0000] {dag.py:3947} INFO - Setting next_dagrun for example_skip_dag to 2026-08-01 00:00:00+00:00, run_after=2026-08-02 00:00:00+00:00
[2026-08-02T19:13:51.582+0000] {processor.py:183} INFO - Processing /home/airflow/.local/lib/python3.12/site-packages/airflow/example_dags/example_skip_dag.py took 0.087 seconds
[2026-08-02T19:14:22.019+0000] {processor.py:161} INFO - Started process (PID=631) to work on /home/airflow/.local/lib/python3.12/site-packages/airflow/example_dags/example_skip_dag.py
[2026-08-02T19:14:22.020+0000] {processor.py:830} INFO - Processing file /home/airflow/.local/lib/python3.12/site-packages/airflow/example_dags/example_skip_dag.py for tasks to queue
[2026-08-02T19:14:22.025+0000] {logging_mixin.py:188} INFO - [2026-08-02T19:14:22.023+0000] {dagbag.py:545} INFO - Filling up the DagBag from /home/airflow/.local/lib/python3.12/site-packages/airflow/example_dags/example_skip_dag.py
[2026-08-02T19:14:22.039+0000] {processor.py:840} INFO - DAG(s) 'example_skip_dag' retrieved from /home/airflow/.local/lib/python3.12/site-packages/airflow/example_dags/example_skip_dag.py
[2026-08-02T19:14:22.079+0000] {logging_mixin.py:188} INFO - [2026-08-02T19:14:22.078+0000] {dag.py:3089} INFO - Sync 1 DAGs
[2026-08-02T19:14:22.117+0000] {logging_mixin.py:188} INFO - [2026-08-02T19:14:22.117+0000] {dag.py:3947} INFO - Setting next_dagrun for example_skip_dag to 2026-08-01 00:00:00+00:00, run_after=2026-08-02 00:00:00+00:00
[2026-08-02T19:14:22.135+0000] {processor.py:183} INFO - Processing /home/airflow/.local/lib/python3.12/site-packages/airflow/example_dags/example_skip_dag.py took 0.127 seconds
[2026-08-02T19:14:52.804+0000] {processor.py:161} INFO - Started process (PID=690) to work on /home/airflow/.local/lib/python3.12/site-packages/airflow/example_dags/example_skip_dag.py
[2026-08-02T19:14:52.806+0000] {processor.py:830} INFO - Processing file /home/airflow/.local/lib/python3.12/site-packages/airflow/example_dags/example_skip_dag.py for tasks to queue
[2026-08-02T19:14:52.808+0000] {logging_mixin.py:188} INFO - [2026-08-02T19:14:52.808+0000] {dagbag.py:545} INFO - Filling up the DagBag from /home/airflow/.local/lib/python3.12/site-packages/airflow/example_dags/example_skip_dag.py
[2026-08-02T19:14:52.815+0000] {processor.py:840} INFO - DAG(s) 'example_skip_dag' retrieved from /home/airflow/.local/lib/python3.12/site-packages/airflow/example_dags/example_skip_dag.py
[2026-08-02T19:14:52.834+0000] {logging_mixin.py:188} INFO - [2026-08-02T19:14:52.834+0000] {dag.py:3089} INFO - Sync 1 DAGs
[2026-08-02T19:14:52.858+0000] {logging_mixin.py:188} INFO - [2026-08-02T19:14:52.858+0000] {dag.py:3947} INFO - Setting next_dagrun for example_skip_dag to 2026-08-01 00:00:00+00:00, run_after=2026-08-02 00:00:00+00:00
[2026-08-02T19:14:52.877+0000] {processor.py:183} INFO - Processing /home/airflow/.local/lib/python3.12/site-packages/airflow/example_dags/example_skip_dag.py took 0.079 seconds
[2026-08-02T19:15:23.285+0000] {processor.py:161} INFO - Started process (PID=749) to work on /home/airflow/.local/lib/python3.12/site-packages/airflow/example_dags/example_skip_dag.py
[2026-08-02T19:15:23.286+0000] {processor.py:830} INFO - Processing file /home/airflow/.local/lib/python3.12/site-packages/airflow/example_dags/example_skip_dag.py for tasks to queue
[2026-08-02T19:15:23.288+0000] {logging_mixin.py:188} INFO - [2026-08-02T19:15:23.288+0000] {dagbag.py:545} INFO - Filling up the DagBag from /home/airflow/.local/lib/python3.12/site-packages/airflow/example_dags/example_skip_dag.py
[2026-08-02T19:15:23.295+0000] {processor.py:840} INFO - DAG(s) 'example_skip_dag' retrieved from /home/airflow/.local/lib/python3.12/site-packages/airflow/example_dags/example_skip_dag.py
[2026-08-02T19:15:23.314+0000] {logging_mixin.py:188} INFO - [2026-08-02T19:15:23.314+0000] {dag.py:3089} INFO - Sync 1 DAGs
[2026-08-02T19:15:23.334+0000] {logging_mixin.py:188} INFO - [2026-08-02T19:15:23.334+0000] {dag.py:3947} INFO - Setting next_dagrun for example_skip_dag to 2026-08-01 00:00:00+00:00, run_after=2026-08-02 00:00:00+00:00
[2026-08-02T19:15:23.353+0000] {processor.py:183} INFO - Processing /home/airflow/.local/lib/python3.12/site-packages/airflow/example_dags/example_skip_dag.py took 0.074 seconds
[2026-08-02T19:15:53.665+0000] {processor.py:161} INFO - Started process (PID=808) to work on /home/airflow/.local/lib/python3.12/site-packages/airflow/example_dags/example_skip_dag.py
[2026-08-02T19:15:53.667+0000] {processor.py:830} INFO - Processing file /home/airflow/.local/lib/python3.12/site-packages/airflow/example_dags/example_skip_dag.py for tasks to queue
[2026-08-02T19:15:53.669+0000] {logging_mixin.py:188} INFO - [2026-08-02T19:15:53.668+0000] {dagbag.py:545} INFO - Filling up the DagBag from /home/airflow/.local/lib/python3.12/site-packages/airflow/example_dags/example_skip_dag.py
[2026-08-02T19:15:53.675+0000] {processor.py:840} INFO - DAG(s) 'example_skip_dag' retrieved from /home/airflow/.local/lib/python3.12/site-packages/airflow/example_dags/example_skip_dag.py
[2026-08-02T19:15:53.696+0000] {logging_mixin.py:188} INFO - [2026-08-02T19:15:53.696+0000] {dag.py:3089} INFO - Sync 1 DAGs
[2026-08-02T19:15:53.716+0000] {logging_mixin.py:188} INFO - [2026-08-02T19:15:53.716+0000] {dag.py:3947} INFO - Setting next_dagrun for example_skip_dag to 2026-08-01 00:00:00+00:00, run_after=2026-08-02 00:00:00+00:00
[2026-08-02T19:15:53.734+0000] {processor.py:183} INFO - Processing /home/airflow/.local/lib/python3.12/site-packages/airflow/example_dags/example_skip_dag.py took 0.075 seconds
[2026-08-02T19:16:24.044+0000] {processor.py:161} INFO - Started process (PID=867) to work on /home/airflow/.local/lib/python3.12/site-packages/airflow/example_dags/example_skip_dag.py
[2026-08-02T19:16:24.045+0000] {processor.py:830} INFO - Processing file /home/airflow/.local/lib/python3.12/site-packages/airflow/example_dags/example_skip_dag.py for tasks to queue
[2026-08-02T19:16:24.048+0000] {logging_mixin.py:188} INFO - [2026-08-02T19:16:24.047+0000] {dagbag.py:545} INFO - Filling up the DagBag from /home/airflow/.local/lib/python3.12/site-packages/airflow/example_dags/example_skip_dag.py
[2026-08-02T19:16:24.054+0000] {processor.py:840} INFO - DAG(s) 'example_skip_dag' retrieved from /home/airflow/.local/lib/python3.12/site-packages/airflow/example_dags/example_skip_dag.py
[2026-08-02T19:16:24.073+0000] {logging_mixin.py:188} INFO - [2026-08-02T19:16:24.073+0000] {dag.py:3089} INFO - Sync 1 DAGs
[2026-08-02T19:16:24.095+0000] {logging_mixin.py:188} INFO - [2026-08-02T19:16:24.094+0000] {dag.py:3947} INFO - Setting next_dagrun for example_skip_dag to 2026-08-01 00:00:00+00:00, run_after=2026-08-02 00:00:00+00:00
[2026-08-02T19:16:24.113+0000] {processor.py:183} INFO - Processing /home/airflow/.local/lib/python3.12/site-packages/airflow/example_dags/example_skip_dag.py took 0.074 seconds
[2026-08-02T19:16:54.222+0000] {processor.py:161} INFO - Started process (PID=926) to work on /home/airflow/.local/lib/python3.12/site-packages/airflow/example_dags/example_skip_dag.py
[2026-08-02T19:16:54.224+0000] {processor.py:830} INFO - Processing file /home/airflow/.local/lib/python3.12/site-packages/airflow/example_dags/example_skip_dag.py for tasks to queue
[2026-08-02T19:16:54.226+0000] {logging_mixin.py:188} INFO - [2026-08-02T19:16:54.226+0000] {dagbag.py:545} INFO - Filling up the DagBag from /home/airflow/.local/lib/python3.12/site-packages/airflow/example_dags/example_skip_dag.py
[2026-08-02T19:16:54.232+0000] {processor.py:840} INFO - DAG(s) 'example_skip_dag' retrieved from /home/airflow/.local/lib/python3.12/site-packages/airflow/example_dags/example_skip_dag.py
[2026-08-02T19:16:54.253+0000] {logging_mixin.py:188} INFO - [2026-08-02T19:16:54.253+0000] {dag.py:3089} INFO - Sync 1 DAGs
[2026-08-02T19:16:54.273+0000] {logging_mixin.py:188} INFO - [2026-08-02T19:16:54.273+0000] {dag.py:3947} INFO - Setting next_dagrun for example_skip_dag to 2026-08-01 00:00:00+00:00, run_after=2026-08-02 00:00:00+00:00
[2026-08-02T19:16:54.292+0000] {processor.py:183} INFO - Processing /home/airflow/.local/lib/python3.12/site-packages/airflow/example_dags/example_skip_dag.py took 0.076 seconds
[2026-08-02T19:17:24.748+0000] {processor.py:161} INFO - Started process (PID=985) to work on /home/airflow/.local/lib/python3.12/site-packages/airflow/example_dags/example_skip_dag.py
[2026-08-02T19:17:24.750+0000] {processor.py:830} INFO - Processing file /home/airflow/.local/lib/python3.12/site-packages/airflow/example_dags/example_skip_dag.py for tasks to queue
[2026-08-02T19:17:24.753+0000] {logging_mixin.py:188} INFO - [2026-08-02T19:17:24.752+0000] {dagbag.py:545} INFO - Filling up the DagBag from /home/airflow/.local/lib/python3.12/site-packages/airflow/example_dags/example_skip_dag.py
[2026-08-02T19:17:24.764+0000] {processor.py:840} INFO - DAG(s) 'example_skip_dag' retrieved from /home/airflow/.local/lib/python3.12/site-packages/airflow/example_dags/example_skip_dag.py
[2026-08-02T19:17:24.802+0000] {logging_mixin.py:188} INFO - [2026-08-02T19:17:24.802+0000] {dag.py:3089} INFO - Sync 1 DAGs
[2026-08-02T19:17:24.834+0000] {logging_mixin.py:188} INFO - [2026-08-02T19:17:24.834+0000] {dag.py:3947} INFO - Setting next_dagrun for example_skip_dag to 2026-08-01 00:00:00+00:00, run_after=2026-08-02 00:00:00+00:00
[2026-08-02T19:17:24.862+0000] {processor.py:183} INFO - Processing /home/airflow/.local/lib/python3.12/site-packages/airflow/example_dags/example_skip_dag.py took 0.124 seconds
[2026-08-02T19:17:54.912+0000] {processor.py:161} INFO - Started process (PID=1044) to work on /home/airflow/.local/lib/python3.12/site-packages/airflow/example_dags/example_skip_dag.py
[2026-08-02T19:17:54.913+0000] {processor.py:830} INFO - Processing file /home/airflow/.local/lib/python3.12/site-packages/airflow/example_dags/example_skip_dag.py for tasks to queue
[2026-08-02T19:17:54.916+0000] {logging_mixin.py:188} INFO - [2026-08-02T19:17:54.915+0000] {dagbag.py:545} INFO - Filling up the DagBag from /home/airflow/.local/lib/python3.12/site-packages/airflow/example_dags/example_skip_dag.py
[2026-08-02T19:17:54.923+0000] {processor.py:840} INFO - DAG(s) 'example_skip_dag' retrieved from /home/airflow/.local/lib/python3.12/site-packages/airflow/example_dags/example_skip_dag.py
[2026-08-02T19:17:54.946+0000] {logging_mixin.py:188} INFO - [2026-08-02T19:17:54.946+0000] {dag.py:3089} INFO - Sync 1 DAGs
[2026-08-02T19:17:54.968+0000] {logging_mixin.py:188} INFO - [2026-08-02T19:17:54.968+0000] {dag.py:3947} INFO - Setting next_dagrun for example_skip_dag to 2026-08-01 00:00:00+00:00, run_after=2026-08-02 00:00:00+00:00
[2026-08-02T19:17:54.989+0000] {processor.py:183} INFO - Processing /home/airflow/.local/lib/python3.12/site-packages/airflow/example_dags/example_skip_dag.py took 0.084 seconds
[2026-08-02T19:18:25.344+0000] {processor.py:161} INFO - Started process (PID=1103) to work on /home/airflow/.local/lib/python3.12/site-packages/airflow/example_dags/example_skip_dag.py
[2026-08-02T19:18:25.345+0000] {processor.py:830} INFO - Processing file /home/airflow/.local/lib/python3.12/site-packages/airflow/example_dags/example_skip_dag.py for tasks to queue
[2026-08-02T19:18:25.348+0000] {logging_mixin.py:188} INFO - [2026-08-02T19:18:25.347+0000] {dagbag.py:545} INFO - Filling up the DagBag from /home/airflow/.local/lib/python3.12/site-packages/airflow/example_dags/example_skip_dag.py
[2026-08-02T19:18:25.355+0000] {processor.py:840} INFO - DAG(s) 'example_skip_dag' retrieved from /home/airflow/.local/lib/python3.12/site-packages/airflow/example_dags/example_skip_dag.py
[2026-08-02T19:18:25.378+0000] {logging_mixin.py:188} INFO - [2026-08-02T19:18:25.377+0000] {dag.py:3089} INFO - Sync 1 DAGs
[2026-08-02T19:18:25.402+0000] {logging_mixin.py:188} INFO - [2026-08-02T19:18:25.401+0000] {dag.py:3947} INFO - Setting next_dagrun for example_skip_dag to 2026-08-01 00:00:00+00:00, run_after=2026-08-02 00:00:00+00:00
[2026-08-02T19:18:25.423+0000] {processor.py:183} INFO - Processing /home/airflow/.local/lib/python3.12/site-packages/airflow/example_dags/example_skip_dag.py took 0.087 seconds
[2026-08-02T19:18:55.945+0000] {processor.py:161} INFO - Started process (PID=1162) to work on /home/airflow/.local/lib/python3.12/site-packages/airflow/example_dags/example_skip_dag.py
[2026-08-02T19:18:55.946+0000] {processor.py:830} INFO - Processing file /home/airflow/.local/lib/python3.12/site-packages/airflow/example_dags/example_skip_dag.py for tasks to queue
[2026-08-02T19:18:55.949+0000] {logging_mixin.py:188} INFO - [2026-08-02T19:18:55.948+0000] {dagbag.py:545} INFO - Filling up the DagBag from /home/airflow/.local/lib/python3.12/site-packages/airflow/example_dags/example_skip_dag.py
[2026-08-02T19:18:55.957+0000] {processor.py:840} INFO - DAG(s) 'example_skip_dag' retrieved from /home/airflow/.local/lib/python3.12/site-packages/airflow/example_dags/example_skip_dag.py
[2026-08-02T19:18:55.978+0000] {logging_mixin.py:188} INFO - [2026-08-02T19:18:55.978+0000] {dag.py:3089} INFO - Sync 1 DAGs
[2026-08-02T19:18:55.997+0000] {logging_mixin.py:188} INFO - [2026-08-02T19:18:55.997+0000] {dag.py:3947} INFO - Setting next_dagrun for example_skip_dag to 2026-08-01 00:00:00+00:00, run_after=2026-08-02 00:00:00+00:00
[2026-08-02T19:18:56.016+0000] {processor.py:183} INFO - Processing /home/airflow/.local/lib/python3.12/site-packages/airflow/example_dags/example_skip_dag.py took 0.078 seconds
[2026-08-02T19:19:26.474+0000] {processor.py:161} INFO - Started process (PID=1221) to work on /home/airflow/.local/lib/python3.12/site-packages/airflow/example_dags/example_skip_dag.py
[2026-08-02T19:19:26.476+0000] {processor.py:830} INFO - Processing file /home/airflow/.local/lib/python3.12/site-packages/airflow/example_dags/example_skip_dag.py for tasks to queue
[2026-08-02T19:19:26.479+0000] {logging_mixin.py:188} INFO - [2026-08-02T19:19:26.478+0000] {dagbag.py:545} INFO - Filling up the DagBag from /home/airflow/.local/lib/python3.12/site-packages/airflow/example_dags/example_skip_dag.py
[2026-08-02T19:19:26.485+0000] {processor.py:840} INFO - DAG(s) 'example_skip_dag' retrieved from /home/airflow/.local/lib/python3.12/site-packages/airflow/example_dags/example_skip_dag.py
[2026-08-02T19:19:26.511+0000] {logging_mixin.py:188} INFO - [2026-08-02T19:19:26.511+0000] {dag.py:3089} INFO - Sync 1 DAGs
[2026-08-02T19:19:26.540+0000] {logging_mixin.py:188} INFO - [2026-08-02T19:19:26.540+0000] {dag.py:3947} INFO - Setting next_dagrun for example_skip_dag to 2026-08-01 00:00:00+00:00, run_after=2026-08-02 00:00:00+00:00
[2026-08-02T19:19:26.564+0000] {processor.py:183} INFO - Processing /home/airflow/.local/lib/python3.12/site-packages/airflow/example_dags/example_skip_dag.py took 0.098 seconds
[2026-08-02T19:19:57.129+0000] {processor.py:161} INFO - Started process (PID=1280) to work on /home/airflow/.local/lib/python3.12/site-packages/airflow/example_dags/example_skip_dag.py
[2026-08-02T19:19:57.131+0000] {processor.py:830} INFO - Processing file /home/airflow/.local/lib/python3.12/site-packages/airflow/example_dags/example_skip_dag.py for tasks to queue
[2026-08-02T19:19:57.133+0000] {logging_mixin.py:188} INFO - [2026-08-02T19:19:57.133+0000] {dagbag.py:545} INFO - Filling up the DagBag from /home/airflow/.local/lib/python3.12/site-packages/airflow/example_dags/example_skip_dag.py
[2026-08-02T19:19:57.140+0000] {processor.py:840} INFO - DAG(s) 'example_skip_dag' retrieved from /home/airflow/.local/lib/python3.12/site-packages/airflow/example_dags/example_skip_dag.py
[2026-08-02T19:19:57.161+0000] {logging_mixin.py:188} INFO - [2026-08-02T19:19:57.160+0000] {dag.py:3089} INFO - Sync 1 DAGs
[2026-08-02T19:19:57.181+0000] {logging_mixin.py:188} INFO - [2026-08-02T19:19:57.181+0000] {dag.py:3947} INFO - Setting next_dagrun for example_skip_dag to 2026-08-01 00:00:00+00:00, run_after=2026-08-02 00:00:00+00:00
[2026-08-02T19:19:57.202+0000] {processor.py:183} INFO - Processing /home/airflow/.local/lib/python3.12/site-packages/airflow/example_dags/example_skip_dag.py took 0.079 seconds
[2026-08-02T19:20:27.387+0000] {processor.py:161} INFO - Started process (PID=1339) to work on /home/airflow/.local/lib/python3.12/site-packages/airflow/example_dags/example_skip_dag.py
[2026-08-02T19:20:27.389+0000] {processor.py:830} INFO - Processing file /home/airflow/.local/lib/python3.12/site-packages/airflow/example_dags/example_skip_dag.py for tasks to queue
[2026-08-02T19:20:27.391+0000] {logging_mixin.py:188} INFO - [2026-08-02T19:20:27.391+0000] {dagbag.py:545} INFO - Filling up the DagBag from /home/airflow/.local/lib/python3.12/site-packages/airflow/example_dags/example_skip_dag.py
[2026-08-02T19:20:27.399+0000] {processor.py:840} INFO - DAG(s) 'example_skip_dag' retrieved from /home/airflow/.local/lib/python3.12/site-packages/airflow/example_dags/example_skip_dag.py
[2026-08-02T19:20:27.422+0000] {logging_mixin.py:188} INFO - [2026-08-02T19:20:27.422+0000] {dag.py:3089} INFO - Sync 1 DAGs
[2026-08-02T19:20:27.445+0000] {logging_mixin.py:188} INFO - [2026-08-02T19:20:27.445+0000] {dag.py:3947} INFO - Setting next_dagrun for example_skip_dag to 2026-08-01 00:00:00+00:00, run_after=2026-08-02 00:00:00+00:00
[2026-08-02T19:20:27.467+0000] {processor.py:183} INFO - Processing /home/airflow/.local/lib/python3.12/site-packages/airflow/example_dags/example_skip_dag.py took 0.086 seconds
