[2026-08-02T18:55:17.197+0000] {processor.py:161} INFO - Started process (PID=108) to work on /home/airflow/.local/lib/python3.12/site-packages/airflow/example_dags/example_local_kubernetes_executor.py
[2026-08-02T18:55:17.199+0000] {processor.py:830} INFO - Processing file /home/airflow/.local/lib/python3.12/site-packages/airflow/example_dags/example_local_kubernetes_executor.py for tasks to queue
[2026-08-02T18:55:17.202+0000] {logging_mixin.py:188} INFO - [2026-08-02T18:55:17.202+0000] {dagbag.py:545} INFO - Filling up the DagBag from /home/airflow/.local/lib/python3.12/site-packages/airflow/example_dags/example_local_kubernetes_executor.py
[2026-08-02T18:55:17.214+0000] {processor.py:840} INFO - DAG(s) 'example_local_kubernetes_executor' retrieved from /home/airflow/.local/lib/python3.12/site-packages/airflow/example_dags/example_local_kubernetes_executor.py
[2026-08-02T18:55:17.407+0000] {logging_mixin.py:188} INFO - [2026-08-02T18:55:17.406+0000] {dag.py:3089} INFO - Sync 1 DAGs
[2026-08-02T18:55:17.425+0000] {logging_mixin.py:188} INFO - [2026-08-02T18:55:17.425+0000] {dag.py:3947} INFO - Setting next_dagrun for example_local_kubernetes_executor to None, run_after=None
[2026-08-02T18:55:17.458+0000] {processor.py:183} INFO - Processing /home/airflow/.local/lib/python3.12/site-packages/airflow/example_dags/example_local_kubernetes_executor.py took 0.268 seconds
[2026-08-02T18:55:48.398+0000] {processor.py:161} INFO - Started process (PID=167) to work on /home/airflow/.local/lib/python3.12/site-packages/airflow/example_dags/example_local_kubernetes_executor.py
[2026-08-02T18:55:48.400+0000] {processor.py:830} INFO - Processing file /home/airflow/.local/lib/python3.12/site-packages/airflow/example_dags/example_local_kubernetes_executor.py for tasks to queue
[2026-08-02T18:55:48.403+0000] {logging_mixin.py:188} INFO - [2026-08-02T18:55:48.402+0000] {dagbag.py:545} INFO - Filling up the DagBag from /home/airflow/.local/lib/python3.12/site-packages/airflow/example_dags/example_local_kubernetes_executor.py
[2026-08-02T18:55:48.414+0000] {processor.py:840} INFO - DAG(s) 'example_local_kubernetes_executor' retrieved from /home/airflow/.local/lib/python3.12/site-packages/airflow/example_dags/example_local_kubernetes_executor.py
[2026-08-02T18:55:48.458+0000] {logging_mixin.py:188} INFO - [2026-08-02T18:55:48.457+0000] {dag.py:3089} INFO - Sync 1 DAGs
[2026-08-02T18:55:48.472+0000] {logging_mixin.py:188} INFO - [2026-08-02T18:55:48.472+0000] {dag.py:3947} INFO - Setting next_dagrun for example_local_kubernetes_executor to None, run_after=None
[2026-08-02T18:55:48.492+0000] {processor.py:183} INFO - Processing /home/airflow/.local/lib/python3.12/site-packages/airflow/example_dags/example_local_kubernetes_executor.py took 0.101 seconds
[2026-08-02T18:56:19.247+0000] {processor.py:161} INFO - Started process (PID=226) to work on /home/airflow/.local/lib/python3.12/site-packages/airflow/example_dags/example_local_kubernetes_executor.py
[2026-08-02T18:56:19.249+0000] {processor.py:830} INFO - Processing file /home/airflow/.local/lib/python3.12/site-packages/airflow/example_dags/example_local_kubernetes_executor.py for tasks to queue
[2026-08-02T18:56:19.250+0000] {logging_mixin.py:188} INFO - [2026-08-02T18:56:19.250+0000] {dagbag.py:545} INFO - Filling up the DagBag from /home/airflow/.local/lib/python3.12/site-packages/airflow/example_dags/example_local_kubernetes_executor.py
[2026-08-02T18:56:19.258+0000] {processor.py:840} INFO - DAG(s) 'example_local_kubernetes_executor' retrieved from /home/airflow/.local/lib/python3.12/site-packages/airflow/example_dags/example_local_kubernetes_executor.py
[2026-08-02T18:56:19.295+0000] {logging_mixin.py:188} INFO - [2026-08-02T18:56:19.295+0000] {dag.py:3089} INFO - Sync 1 DAGs
[2026-08-02T18:56:19.309+0000] {logging_mixin.py:188} INFO - [2026-08-02T18:56:19.309+0000] {dag.py:3947} INFO - Setting next_dagrun for example_local_kubernetes_executor to None, run_after=None
[2026-08-02T18:56:19.329+0000] {processor.py:183} INFO - Processing /home/airflow/.local/lib/python3.12/site-packages/airflow/example_dags/example_local_kubernetes_executor.py took 0.087 seconds
[2026-08-02T18:56:49.720+0000] {processor.py:161} INFO - Started process (PID=285) to work on /home/airflow/.local/lib/python3.12/site-packages/airflow/example_dags/example_local_kubernetes_executor.py
[2026-08-02T18:56:49.722+0000] {processor.py:830} INFO - Processing file /home/airflow/.local/lib/python3.12/site-packages/airflow/example_dags/example_local_kubernetes_executor.py for tasks to queue
[2026-08-02T18:56:49.726+0000] {logging_mixin.py:188} INFO - [2026-08-02T18:56:49.725+0000] {dagbag.py:545} INFO - Filling up the DagBag from /home/airflow/.local/lib/python3.12/site-packages/airflow/example_dags/example_local_kubernetes_executor.py
[2026-08-02T18:56:49.734+0000] {processor.py:840} INFO - DAG(s) 'example_local_kubernetes_executor' retrieved from /home/airflow/.local/lib/python3.12/site-packages/airflow/example_dags/example_local_kubernetes_executor.py
[2026-08-02T18:56:49.768+0000] {logging_mixin.py:188} INFO - [2026-08-02T18:56:49.768+0000] {dag.py:3089} INFO - Sync 1 DAGs
[2026-08-02T18:56:49.782+0000] {logging_mixin.py:188} INFO - [2026-08-02T18:56:49.782+0000] {dag.py:3947} INFO - Setting next_dagrun for example_local_kubernetes_executor to None, run_after=None
[2026-08-02T18:56:49.815+0000] {processor.py:183} INFO - Processing /home/airflow/.local/lib/python3.12/site-packages/airflow/example_dags/example_local_kubernetes_executor.py took 0.104 seconds
[2026-08-02T18:57:19.948+0000] {processor.py:161} INFO - Started process (PID=344) to work on /home/airflow/.local/lib/python3.12/site-packages/airflow/example_dags/example_local_kubernetes_executor.py
[2026-08-02T18:57:19.950+0000] {processor.py:830} INFO - Processing file /home/airflow/.local/lib/python3.12/site-packages/airflow/example_dags/example_local_kubernetes_executor.py for tasks to queue
[2026-08-02T18:57:19.952+0000] {logging_mixin.py:188} INFO - [2026-08-02T18:57:19.952+0000] {dagbag.py:545} INFO - Filling up the DagBag from /home/airflow/.local/lib/python3.12/site-packages/airflow/example_dags/example_local_kubernetes_executor.py
[2026-08-02T18:57:19.960+0000] {processor.py:840} INFO - DAG(s) 'example_local_kubernetes_executor' retrieved from /home/airflow/.local/lib/python3.12/site-packages/airflow/example_dags/example_local_kubernetes_executor.py
[2026-08-02T18:57:19.991+0000] {logging_mixin.py:188} INFO - [2026-08-02T18:57:19.991+0000] {dag.py:3089} INFO - Sync 1 DAGs
[2026-08-02T18:57:20.003+0000] {logging_mixin.py:188} INFO - [2026-08-02T18:57:20.003+0000] {dag.py:3947} INFO - Setting next_dagrun for example_local_kubernetes_executor to None, run_after=None
[2026-08-02T18:57:20.033+0000] {processor.py:183} INFO - Processing /home/airflow/.local/lib/python3.12/site-packages/airflow/example_dags/example_local_kubernetes_executor.py took 0.091 seconds
[2026-08-02T18:57:50.349+0000] {processor.py:161} INFO - Started process (PID=403) to work on /home/airflow/.local/lib/python3.12/site-packages/airflow/example_dags/example_local_kubernetes_executor.py
[2026-08-02T18:57:50.351+0000] {processor.py:830} INFO - Processing file /home/airflow/.local/lib/python3.12/site-packages/airflow/example_dags/example_local_kubernetes_executor.py for tasks to queue
[2026-08-02T18:57:50.354+0000] {logging_mixin.py:188} INFO - [2026-08-02T18:57:50.353+0000] {dagbag.py:545} INFO - Filling up the DagBag from /home/airflow/.local/lib/python3.12/site-packages/airflow/example_dags/example_local_kubernetes_executor.py
[2026-08-02T18:57:50.363+0000] {processor.py:840} INFO - DAG(s) 'example_local_kubernetes_executor' retrieved from /home/airflow/.local/lib/python3.12/site-packages/airflow/example_dags/example_local_kubernetes_executor.py
[2026-08-02T18:57:50.400+0000] {logging_mixin.py:188} INFO - [2026-08-02T18:57:50.400+0000] {dag.py:3089} INFO - Sync 1 DAGs
[2026-08-02T18:57:50.413+0000] {logging_mixin.py:188} INFO - [2026-08-02T18:57:50.413+0000] {dag.py:3947} INFO - Setting next_dagrun for example_local_kubernetes_executor to None, run_after=None
[2026-08-02T18:57:50.441+0000] {processor.py:183} INFO - Processing /home/airflow/.local/lib/python3.12/site-packages/airflow/example_dags/example_local_kubernetes_executor.py took 0.101 seconds
[2026-08-02T19:00:11.353+0000] {processor.py:161} INFO - Started process (PID=95) to work on /home/airflow/.local/lib/python3.12/site-packages/airflow/example_dags/example_local_kubernetes_executor.py
[2026-08-02T19:00:11.354+0000] {processor.py:830} INFO - Processing file /home/airflow/.local/lib/python3.12/site-packages/airflow/example_dags/example_local_kubernetes_executor.py for tasks to queue
[2026-08-02T19:00:11.356+0000] {logging_mixin.py:188} INFO - [2026-08-02T19:00:11.356+0000] {dagbag.py:545} INFO - Filling up the DagBag from /home/airflow/.local/lib/python3.12/site-packages/airflow/example_dags/example_local_kubernetes_executor.py
[2026-08-02T19:00:11.364+0000] {processor.py:840} INFO - DAG(s) 'example_local_kubernetes_executor' retrieved from /home/airflow/.local/lib/python3.12/site-packages/airflow/example_dags/example_local_kubernetes_executor.py
[2026-08-02T19:00:11.377+0000] {logging_mixin.py:188} INFO - [2026-08-02T19:00:11.377+0000] {dag.py:3089} INFO - Sync 1 DAGs
[2026-08-02T19:00:11.391+0000] {logging_mixin.py:188} INFO - [2026-08-02T19:00:11.390+0000] {dag.py:3947} INFO - Setting next_dagrun for example_local_kubernetes_executor to None, run_after=None
[2026-08-02T19:00:11.410+0000] {processor.py:183} INFO - Processing /home/airflow/.local/lib/python3.12/site-packages/airflow/example_dags/example_local_kubernetes_executor.py took 0.063 seconds
[2026-08-02T19:00:41.767+0000] {processor.py:161} INFO - Started process (PID=154) to work on /home/airflow/.local/lib/python3.12/site-packages/airflow/example_dags/example_local_kubernetes_executor.py
[2026-08-02T19:00:41.768+0000] {processor.py:830} INFO - Processing file /home/airflow/.local/lib/python3.12/site-packages/airflow/example_dags/example_local_kubernetes_executor.py for tasks to queue
[2026-08-02T19:00:41.770+0000] {logging_mixin.py:188} INFO - [2026-08-02T19:00:41.770+0000] {dagbag.py:545} INFO - Filling up the DagBag from /home/airflow/.local/lib/python3.12/site-packages/airflow/example_dags/example_local_kubernetes_executor.py
[2026-08-02T19:00:41.778+0000] {processor.py:840} INFO - DAG(s) 'example_local_kubernetes_executor' retrieved from /home/airflow/.local/lib/python3.12/site-packages/airflow/example_dags/example_local_kubernetes_executor.py
[2026-08-02T19:00:41.875+0000] {logging_mixin.py:188} INFO - [2026-08-02T19:00:41.874+0000] {dag.py:3089} INFO - Sync 1 DAGs
[2026-08-02T19:00:41.884+0000] {logging_mixin.py:188} INFO - [2026-08-02T19:00:41.883+0000] {dag.py:3947} INFO - Setting next_dagrun for example_local_kubernetes_executor to None, run_after=None
[2026-08-02T19:00:41.902+0000] {processor.py:183} INFO - Processing /home/airflow/.local/lib/python3.12/site-packages/airflow/example_dags/example_local_kubernetes_executor.py took 0.141 seconds
[2026-08-02T19:01:12.851+0000] {processor.py:161} INFO - Started process (PID=213) to work on /home/airflow/.local/lib/python3.12/site-packages/airflow/example_dags/example_local_kubernetes_executor.py
[2026-08-02T19:01:12.852+0000] {processor.py:830} INFO - Processing file /home/airflow/.local/lib/python3.12/site-packages/airflow/example_dags/example_local_kubernetes_executor.py for tasks to queue
[2026-08-02T19:01:12.854+0000] {logging_mixin.py:188} INFO - [2026-08-02T19:01:12.854+0000] {dagbag.py:545} INFO - Filling up the DagBag from /home/airflow/.local/lib/python3.12/site-packages/airflow/example_dags/example_local_kubernetes_executor.py
[2026-08-02T19:01:12.862+0000] {processor.py:840} INFO - DAG(s) 'example_local_kubernetes_executor' retrieved from /home/airflow/.local/lib/python3.12/site-packages/airflow/example_dags/example_local_kubernetes_executor.py
[2026-08-02T19:01:12.893+0000] {logging_mixin.py:188} INFO - [2026-08-02T19:01:12.892+0000] {dag.py:3089} INFO - Sync 1 DAGs
[2026-08-02T19:01:12.904+0000] {logging_mixin.py:188} INFO - [2026-08-02T19:01:12.904+0000] {dag.py:3947} INFO - Setting next_dagrun for example_local_kubernetes_executor to None, run_after=None
[2026-08-02T19:01:12.923+0000] {processor.py:183} INFO - Processing /home/airflow/.local/lib/python3.12/site-packages/airflow/example_dags/example_local_kubernetes_executor.py took 0.079 seconds
[2026-08-02T19:01:43.508+0000] {processor.py:161} INFO - Started process (PID=273) to work on /home/airflow/.local/lib/python3.12/site-packages/airflow/example_dags/example_local_kubernetes_executor.py
[2026-08-02T19:01:43.510+0000] {processor.py:830} INFO - Processing file /home/airflow/.local/lib/python3.12/site-packages/airflow/example_dags/example_local_kubernetes_executor.py for tasks to queue
[2026-08-02T19:01:43.513+0000] {logging_mixin.py:188} INFO - [2026-08-02T19:01:43.513+0000] {dagbag.py:545} INFO - Filling up the DagBag from /home/airflow/.local/lib/python3.12/site-packages/airflow/example_dags/example_local_kubernetes_executor.py
[2026-08-02T19:01:43.522+0000] {processor.py:840} INFO - DAG(s) 'example_local_kubernetes_executor' retrieved from /home/airflow/.local/lib/python3.12/site-packages/airflow/example_dags/example_local_kubernetes_executor.py
[2026-08-02T19:01:43.553+0000] {logging_mixin.py:188} INFO - [2026-08-02T19:01:43.553+0000] {dag.py:3089} INFO - Sync 1 DAGs
[2026-08-02T19:01:43.565+0000] {logging_mixin.py:188} INFO - [2026-08-02T19:01:43.565+0000] {dag.py:3947} INFO - Setting next_dagrun for example_local_kubernetes_executor to None, run_after=None
[2026-08-02T19:01:43.584+0000] {processor.py:183} INFO - Processing /home/airflow/.local/lib/python3.12/site-packages/airflow/example_dags/example_local_kubernetes_executor.py took 0.085 seconds
[2026-08-02T19:02:13.708+0000] {processor.py:161} INFO - Started process (PID=332) to work on /home/airflow/.local/lib/python3.12/site-packages/airflow/example_dags/example_local_kubernetes_executor.py
[2026-08-02T19:02:13.709+0000] {processor.py:830} INFO - Processing file /home/airflow/.local/lib/python3.12/site-packages/airflow/example_dags/example_local_kubernetes_executor.py for tasks to queue
[2026-08-02T19:02:13.711+0000] {logging_mixin.py:188} INFO - [2026-08-02T19:02:13.711+0000] {dagbag.py:545} INFO - Filling up the DagBag from /home/airflow/.local/lib/python3.12/site-packages/airflow/example_dags/example_local_kubernetes_executor.py
[2026-08-02T19:02:13.719+0000] {processor.py:840} INFO - DAG(s) 'example_local_kubernetes_executor' retrieved from /home/airflow/.local/lib/python3.12/site-packages/airflow/example_dags/example_local_kubernetes_executor.py
[2026-08-02T19:02:13.748+0000] {logging_mixin.py:188} INFO - [2026-08-02T19:02:13.748+0000] {dag.py:3089} INFO - Sync 1 DAGs
[2026-08-02T19:02:13.759+0000] {logging_mixin.py:188} INFO - [2026-08-02T19:02:13.759+0000] {dag.py:3947} INFO - Setting next_dagrun for example_local_kubernetes_executor to None, run_after=None
[2026-08-02T19:02:13.776+0000] {processor.py:183} INFO - Processing /home/airflow/.local/lib/python3.12/site-packages/airflow/example_dags/example_local_kubernetes_executor.py took 0.077 seconds
[2026-08-02T19:02:43.924+0000] {processor.py:161} INFO - Started process (PID=391) to work on /home/airflow/.local/lib/python3.12/site-packages/airflow/example_dags/example_local_kubernetes_executor.py
[2026-08-02T19:02:43.926+0000] {processor.py:830} INFO - Processing file /home/airflow/.local/lib/python3.12/site-packages/airflow/example_dags/example_local_kubernetes_executor.py for tasks to queue
[2026-08-02T19:02:43.929+0000] {logging_mixin.py:188} INFO - [2026-08-02T19:02:43.928+0000] {dagbag.py:545} INFO - Filling up the DagBag from /home/airflow/.local/lib/python3.12/site-packages/airflow/example_dags/example_local_kubernetes_executor.py
[2026-08-02T19:02:43.938+0000] {processor.py:840} INFO - DAG(s) 'example_local_kubernetes_executor' retrieved from /home/airflow/.local/lib/python3.12/site-packages/airflow/example_dags/example_local_kubernetes_executor.py
[2026-08-02T19:02:43.976+0000] {logging_mixin.py:188} INFO - [2026-08-02T19:02:43.976+0000] {dag.py:3089} INFO - Sync 1 DAGs
[2026-08-02T19:02:43.990+0000] {logging_mixin.py:188} INFO - [2026-08-02T19:02:43.990+0000] {dag.py:3947} INFO - Setting next_dagrun for example_local_kubernetes_executor to None, run_after=None
[2026-08-02T19:02:44.020+0000] {processor.py:183} INFO - Processing /home/airflow/.local/lib/python3.12/site-packages/airflow/example_dags/example_local_kubernetes_executor.py took 0.101 seconds
[2026-08-02T19:03:14.193+0000] {processor.py:161} INFO - Started process (PID=450) to work on /home/airflow/.local/lib/python3.12/site-packages/airflow/example_dags/example_local_kubernetes_executor.py
[2026-08-02T19:03:14.196+0000] {processor.py:830} INFO - Processing file /home/airflow/.local/lib/python3.12/site-packages/airflow/example_dags/example_local_kubernetes_executor.py for tasks to queue
[2026-08-02T19:03:14.198+0000] {logging_mixin.py:188} INFO - [2026-08-02T19:03:14.197+0000] {dagbag.py:545} INFO - Filling up the DagBag from /home/airflow/.local/lib/python3.12/site-packages/airflow/example_dags/example_local_kubernetes_executor.py
[2026-08-02T19:03:14.205+0000] {processor.py:840} INFO - DAG(s) 'example_local_kubernetes_executor' retrieved from /home/airflow/.local/lib/python3.12/site-packages/airflow/example_dags/example_local_kubernetes_executor.py
[2026-08-02T19:03:14.241+0000] {logging_mixin.py:188} INFO - [2026-08-02T19:03:14.241+0000] {dag.py:3089} INFO - Sync 1 DAGs
[2026-08-02T19:03:14.253+0000] {logging_mixin.py:188} INFO - [2026-08-02T19:03:14.253+0000] {dag.py:3947} INFO - Setting next_dagrun for example_local_kubernetes_executor to None, run_after=None
[2026-08-02T19:03:14.277+0000] {processor.py:183} INFO - Processing /home/airflow/.local/lib/python3.12/site-packages/airflow/example_dags/example_local_kubernetes_executor.py took 0.091 seconds
[2026-08-02T19:03:45.074+0000] {processor.py:161} INFO - Started process (PID=509) to work on /home/airflow/.local/lib/python3.12/site-packages/airflow/example_dags/example_local_kubernetes_executor.py
[2026-08-02T19:03:45.076+0000] {processor.py:830} INFO - Processing file /home/airflow/.local/lib/python3.12/site-packages/airflow/example_dags/example_local_kubernetes_executor.py for tasks to queue
[2026-08-02T19:03:45.079+0000] {logging_mixin.py:188} INFO - [2026-08-02T19:03:45.079+0000] {dagbag.py:545} INFO - Filling up the DagBag from /home/airflow/.local/lib/python3.12/site-packages/airflow/example_dags/example_local_kubernetes_executor.py
[2026-08-02T19:03:45.087+0000] {processor.py:840} INFO - DAG(s) 'example_local_kubernetes_executor' retrieved from /home/airflow/.local/lib/python3.12/site-packages/airflow/example_dags/example_local_kubernetes_executor.py
[2026-08-02T19:03:45.122+0000] {logging_mixin.py:188} INFO - [2026-08-02T19:03:45.122+0000] {dag.py:3089} INFO - Sync 1 DAGs
[2026-08-02T19:03:45.135+0000] {logging_mixin.py:188} INFO - [2026-08-02T19:03:45.135+0000] {dag.py:3947} INFO - Setting next_dagrun for example_local_kubernetes_executor to None, run_after=None
[2026-08-02T19:03:45.157+0000] {processor.py:183} INFO - Processing /home/airflow/.local/lib/python3.12/site-packages/airflow/example_dags/example_local_kubernetes_executor.py took 0.093 seconds
[2026-08-02T19:04:16.071+0000] {processor.py:161} INFO - Started process (PID=568) to work on /home/airflow/.local/lib/python3.12/site-packages/airflow/example_dags/example_local_kubernetes_executor.py
[2026-08-02T19:04:16.073+0000] {processor.py:830} INFO - Processing file /home/airflow/.local/lib/python3.12/site-packages/airflow/example_dags/example_local_kubernetes_executor.py for tasks to queue
[2026-08-02T19:04:16.076+0000] {logging_mixin.py:188} INFO - [2026-08-02T19:04:16.075+0000] {dagbag.py:545} INFO - Filling up the DagBag from /home/airflow/.local/lib/python3.12/site-packages/airflow/example_dags/example_local_kubernetes_executor.py
[2026-08-02T19:04:16.085+0000] {processor.py:840} INFO - DAG(s) 'example_local_kubernetes_executor' retrieved from /home/airflow/.local/lib/python3.12/site-packages/airflow/example_dags/example_local_kubernetes_executor.py
[2026-08-02T19:04:16.119+0000] {logging_mixin.py:188} INFO - [2026-08-02T19:04:16.119+0000] {dag.py:3089} INFO - Sync 1 DAGs
[2026-08-02T19:04:16.132+0000] {logging_mixin.py:188} INFO - [2026-08-02T19:04:16.131+0000] {dag.py:3947} INFO - Setting next_dagrun for example_local_kubernetes_executor to None, run_after=None
[2026-08-02T19:04:16.152+0000] {processor.py:183} INFO - Processing /home/airflow/.local/lib/python3.12/site-packages/airflow/example_dags/example_local_kubernetes_executor.py took 0.090 seconds
[2026-08-02T19:04:46.641+0000] {processor.py:161} INFO - Started process (PID=627) to work on /home/airflow/.local/lib/python3.12/site-packages/airflow/example_dags/example_local_kubernetes_executor.py
[2026-08-02T19:04:46.645+0000] {processor.py:830} INFO - Processing file /home/airflow/.local/lib/python3.12/site-packages/airflow/example_dags/example_local_kubernetes_executor.py for tasks to queue
[2026-08-02T19:04:46.648+0000] {logging_mixin.py:188} INFO - [2026-08-02T19:04:46.648+0000] {dagbag.py:545} INFO - Filling up the DagBag from /home/airflow/.local/lib/python3.12/site-packages/airflow/example_dags/example_local_kubernetes_executor.py
[2026-08-02T19:04:46.658+0000] {processor.py:840} INFO - DAG(s) 'example_local_kubernetes_executor' retrieved from /home/airflow/.local/lib/python3.12/site-packages/airflow/example_dags/example_local_kubernetes_executor.py
[2026-08-02T19:04:46.693+0000] {logging_mixin.py:188} INFO - [2026-08-02T19:04:46.692+0000] {dag.py:3089} INFO - Sync 1 DAGs
[2026-08-02T19:04:46.705+0000] {logging_mixin.py:188} INFO - [2026-08-02T19:04:46.704+0000] {dag.py:3947} INFO - Setting next_dagrun for example_local_kubernetes_executor to None, run_after=None
[2026-08-02T19:04:46.723+0000] {processor.py:183} INFO - Processing /home/airflow/.local/lib/python3.12/site-packages/airflow/example_dags/example_local_kubernetes_executor.py took 0.091 seconds
[2026-08-02T19:05:17.339+0000] {processor.py:161} INFO - Started process (PID=686) to work on /home/airflow/.local/lib/python3.12/site-packages/airflow/example_dags/example_local_kubernetes_executor.py
[2026-08-02T19:05:17.341+0000] {processor.py:830} INFO - Processing file /home/airflow/.local/lib/python3.12/site-packages/airflow/example_dags/example_local_kubernetes_executor.py for tasks to queue
[2026-08-02T19:05:17.343+0000] {logging_mixin.py:188} INFO - [2026-08-02T19:05:17.342+0000] {dagbag.py:545} INFO - Filling up the DagBag from /home/airflow/.local/lib/python3.12/site-packages/airflow/example_dags/example_local_kubernetes_executor.py
[2026-08-02T19:05:17.350+0000] {processor.py:840} INFO - DAG(s) 'example_local_kubernetes_executor' retrieved from /home/airflow/.local/lib/python3.12/site-packages/airflow/example_dags/example_local_kubernetes_executor.py
[2026-08-02T19:05:17.381+0000] {logging_mixin.py:188} INFO - [2026-08-02T19:05:17.381+0000] {dag.py:3089} INFO - Sync 1 DAGs
[2026-08-02T19:05:17.395+0000] {logging_mixin.py:188} INFO - [2026-08-02T19:05:17.395+0000] {dag.py:3947} INFO - Setting next_dagrun for example_local_kubernetes_executor to None, run_after=None
[2026-08-02T19:05:17.413+0000] {processor.py:183} INFO - Processing /home/airflow/.local/lib/python3.12/site-packages/airflow/example_dags/example_local_kubernetes_executor.py took 0.080 seconds
[2026-08-02T19:05:47.904+0000] {processor.py:161} INFO - Started process (PID=745) to work on /home/airflow/.local/lib/python3.12/site-packages/airflow/example_dags/example_local_kubernetes_executor.py
[2026-08-02T19:05:47.905+0000] {processor.py:830} INFO - Processing file /home/airflow/.local/lib/python3.12/site-packages/airflow/example_dags/example_local_kubernetes_executor.py for tasks to queue
[2026-08-02T19:05:47.909+0000] {logging_mixin.py:188} INFO - [2026-08-02T19:05:47.908+0000] {dagbag.py:545} INFO - Filling up the DagBag from /home/airflow/.local/lib/python3.12/site-packages/airflow/example_dags/example_local_kubernetes_executor.py
[2026-08-02T19:05:47.922+0000] {processor.py:840} INFO - DAG(s) 'example_local_kubernetes_executor' retrieved from /home/airflow/.local/lib/python3.12/site-packages/airflow/example_dags/example_local_kubernetes_executor.py
[2026-08-02T19:05:47.956+0000] {logging_mixin.py:188} INFO - [2026-08-02T19:05:47.956+0000] {dag.py:3089} INFO - Sync 1 DAGs
[2026-08-02T19:05:47.970+0000] {logging_mixin.py:188} INFO - [2026-08-02T19:05:47.969+0000] {dag.py:3947} INFO - Setting next_dagrun for example_local_kubernetes_executor to None, run_after=None
[2026-08-02T19:05:47.990+0000] {processor.py:183} INFO - Processing /home/airflow/.local/lib/python3.12/site-packages/airflow/example_dags/example_local_kubernetes_executor.py took 0.092 seconds
[2026-08-02T19:06:18.412+0000] {processor.py:161} INFO - Started process (PID=804) to work on /home/airflow/.local/lib/python3.12/site-packages/airflow/example_dags/example_local_kubernetes_executor.py
[2026-08-02T19:06:18.413+0000] {processor.py:830} INFO - Processing file /home/airflow/.local/lib/python3.12/site-packages/airflow/example_dags/example_local_kubernetes_executor.py for tasks to queue
[2026-08-02T19:06:18.416+0000] {logging_mixin.py:188} INFO - [2026-08-02T19:06:18.416+0000] {dagbag.py:545} INFO - Filling up the DagBag from /home/airflow/.local/lib/python3.12/site-packages/airflow/example_dags/example_local_kubernetes_executor.py
[2026-08-02T19:06:18.424+0000] {processor.py:840} INFO - DAG(s) 'example_local_kubernetes_executor' retrieved from /home/airflow/.local/lib/python3.12/site-packages/airflow/example_dags/example_local_kubernetes_executor.py
[2026-08-02T19:06:18.453+0000] {logging_mixin.py:188} INFO - [2026-08-02T19:06:18.453+0000] {dag.py:3089} INFO - Sync 1 DAGs
[2026-08-02T19:06:18.465+0000] {logging_mixin.py:188} INFO - [2026-08-02T19:06:18.464+0000] {dag.py:3947} INFO - Setting next_dagrun for example_local_kubernetes_executor to None, run_after=None
[2026-08-02T19:06:18.492+0000] {processor.py:183} INFO - Processing /home/airflow/.local/lib/python3.12/site-packages/airflow/example_dags/example_local_kubernetes_executor.py took 0.087 seconds
[2026-08-02T19:06:49.113+0000] {processor.py:161} INFO - Started process (PID=863) to work on /home/airflow/.local/lib/python3.12/site-packages/airflow/example_dags/example_local_kubernetes_executor.py
[2026-08-02T19:06:49.116+0000] {processor.py:830} INFO - Processing file /home/airflow/.local/lib/python3.12/site-packages/airflow/example_dags/example_local_kubernetes_executor.py for tasks to queue
[2026-08-02T19:06:49.119+0000] {logging_mixin.py:188} INFO - [2026-08-02T19:06:49.119+0000] {dagbag.py:545} INFO - Filling up the DagBag from /home/airflow/.local/lib/python3.12/site-packages/airflow/example_dags/example_local_kubernetes_executor.py
[2026-08-02T19:06:49.131+0000] {processor.py:840} INFO - DAG(s) 'example_local_kubernetes_executor' retrieved from /home/airflow/.local/lib/python3.12/site-packages/airflow/example_dags/example_local_kubernetes_executor.py
[2026-08-02T19:06:49.166+0000] {logging_mixin.py:188} INFO - [2026-08-02T19:06:49.166+0000] {dag.py:3089} INFO - Sync 1 DAGs
[2026-08-02T19:06:49.179+0000] {logging_mixin.py:188} INFO - [2026-08-02T19:06:49.179+0000] {dag.py:3947} INFO - Setting next_dagrun for example_local_kubernetes_executor to None, run_after=None
[2026-08-02T19:06:49.211+0000] {processor.py:183} INFO - Processing /home/airflow/.local/lib/python3.12/site-packages/airflow/example_dags/example_local_kubernetes_executor.py took 0.106 seconds
[2026-08-02T19:07:19.657+0000] {processor.py:161} INFO - Started process (PID=922) to work on /home/airflow/.local/lib/python3.12/site-packages/airflow/example_dags/example_local_kubernetes_executor.py
[2026-08-02T19:07:19.659+0000] {processor.py:830} INFO - Processing file /home/airflow/.local/lib/python3.12/site-packages/airflow/example_dags/example_local_kubernetes_executor.py for tasks to queue
[2026-08-02T19:07:19.662+0000] {logging_mixin.py:188} INFO - [2026-08-02T19:07:19.662+0000] {dagbag.py:545} INFO - Filling up the DagBag from /home/airflow/.local/lib/python3.12/site-packages/airflow/example_dags/example_local_kubernetes_executor.py
[2026-08-02T19:07:19.669+0000] {processor.py:840} INFO - DAG(s) 'example_local_kubernetes_executor' retrieved from /home/airflow/.local/lib/python3.12/site-packages/airflow/example_dags/example_local_kubernetes_executor.py
[2026-08-02T19:07:19.700+0000] {logging_mixin.py:188} INFO - [2026-08-02T19:07:19.700+0000] {dag.py:3089} INFO - Sync 1 DAGs
[2026-08-02T19:07:19.713+0000] {logging_mixin.py:188} INFO - [2026-08-02T19:07:19.712+0000] {dag.py:3947} INFO - Setting next_dagrun for example_local_kubernetes_executor to None, run_after=None
[2026-08-02T19:07:19.743+0000] {processor.py:183} INFO - Processing /home/airflow/.local/lib/python3.12/site-packages/airflow/example_dags/example_local_kubernetes_executor.py took 0.092 seconds
[2026-08-02T19:07:50.276+0000] {processor.py:161} INFO - Started process (PID=981) to work on /home/airflow/.local/lib/python3.12/site-packages/airflow/example_dags/example_local_kubernetes_executor.py
[2026-08-02T19:07:50.278+0000] {processor.py:830} INFO - Processing file /home/airflow/.local/lib/python3.12/site-packages/airflow/example_dags/example_local_kubernetes_executor.py for tasks to queue
[2026-08-02T19:07:50.280+0000] {logging_mixin.py:188} INFO - [2026-08-02T19:07:50.280+0000] {dagbag.py:545} INFO - Filling up the DagBag from /home/airflow/.local/lib/python3.12/site-packages/airflow/example_dags/example_local_kubernetes_executor.py
[2026-08-02T19:07:50.289+0000] {processor.py:840} INFO - DAG(s) 'example_local_kubernetes_executor' retrieved from /home/airflow/.local/lib/python3.12/site-packages/airflow/example_dags/example_local_kubernetes_executor.py
[2026-08-02T19:07:50.327+0000] {logging_mixin.py:188} INFO - [2026-08-02T19:07:50.326+0000] {dag.py:3089} INFO - Sync 1 DAGs
[2026-08-02T19:07:50.344+0000] {logging_mixin.py:188} INFO - [2026-08-02T19:07:50.343+0000] {dag.py:3947} INFO - Setting next_dagrun for example_local_kubernetes_executor to None, run_after=None
[2026-08-02T19:07:50.363+0000] {processor.py:183} INFO - Processing /home/airflow/.local/lib/python3.12/site-packages/airflow/example_dags/example_local_kubernetes_executor.py took 0.099 seconds
[2026-08-02T19:08:20.571+0000] {processor.py:161} INFO - Started process (PID=1040) to work on /home/airflow/.local/lib/python3.12/site-packages/airflow/example_dags/example_local_kubernetes_executor.py
[2026-08-02T19:08:20.573+0000] {processor.py:830} INFO - Processing file /home/airflow/.local/lib/python3.12/site-packages/airflow/example_dags/example_local_kubernetes_executor.py for tasks to queue
[2026-08-02T19:08:20.575+0000] {logging_mixin.py:188} INFO - [2026-08-02T19:08:20.575+0000] {dagbag.py:545} INFO - Filling up the DagBag from /home/airflow/.local/lib/python3.12/site-packages/airflow/example_dags/example_local_kubernetes_executor.py
[2026-08-02T19:08:20.583+0000] {processor.py:840} INFO - DAG(s) 'example_local_kubernetes_executor' retrieved from /home/airflow/.local/lib/python3.12/site-packages/airflow/example_dags/example_local_kubernetes_executor.py
[2026-08-02T19:08:20.618+0000] {logging_mixin.py:188} INFO - [2026-08-02T19:08:20.618+0000] {dag.py:3089} INFO - Sync 1 DAGs
[2026-08-02T19:08:20.631+0000] {logging_mixin.py:188} INFO - [2026-08-02T19:08:20.631+0000] {dag.py:3947} INFO - Setting next_dagrun for example_local_kubernetes_executor to None, run_after=None
[2026-08-02T19:08:20.653+0000] {processor.py:183} INFO - Processing /home/airflow/.local/lib/python3.12/site-packages/airflow/example_dags/example_local_kubernetes_executor.py took 0.087 seconds
[2026-08-02T19:09:52.463+0000] {processor.py:161} INFO - Started process (PID=131) to work on /home/airflow/.local/lib/python3.12/site-packages/airflow/example_dags/example_local_kubernetes_executor.py
[2026-08-02T19:09:52.464+0000] {processor.py:830} INFO - Processing file /home/airflow/.local/lib/python3.12/site-packages/airflow/example_dags/example_local_kubernetes_executor.py for tasks to queue
[2026-08-02T19:09:52.466+0000] {logging_mixin.py:188} INFO - [2026-08-02T19:09:52.466+0000] {dagbag.py:545} INFO - Filling up the DagBag from /home/airflow/.local/lib/python3.12/site-packages/airflow/example_dags/example_local_kubernetes_executor.py
[2026-08-02T19:09:52.475+0000] {processor.py:840} INFO - DAG(s) 'example_local_kubernetes_executor' retrieved from /home/airflow/.local/lib/python3.12/site-packages/airflow/example_dags/example_local_kubernetes_executor.py
[2026-08-02T19:09:52.604+0000] {logging_mixin.py:188} INFO - [2026-08-02T19:09:52.603+0000] {dag.py:3089} INFO - Sync 1 DAGs
[2026-08-02T19:09:52.616+0000] {logging_mixin.py:188} INFO - [2026-08-02T19:09:52.616+0000] {dag.py:3947} INFO - Setting next_dagrun for example_local_kubernetes_executor to None, run_after=None
[2026-08-02T19:09:52.638+0000] {processor.py:183} INFO - Processing /home/airflow/.local/lib/python3.12/site-packages/airflow/example_dags/example_local_kubernetes_executor.py took 0.181 seconds
[2026-08-02T19:10:23.045+0000] {processor.py:161} INFO - Started process (PID=190) to work on /home/airflow/.local/lib/python3.12/site-packages/airflow/example_dags/example_local_kubernetes_executor.py
[2026-08-02T19:10:23.047+0000] {processor.py:830} INFO - Processing file /home/airflow/.local/lib/python3.12/site-packages/airflow/example_dags/example_local_kubernetes_executor.py for tasks to queue
[2026-08-02T19:10:23.049+0000] {logging_mixin.py:188} INFO - [2026-08-02T19:10:23.049+0000] {dagbag.py:545} INFO - Filling up the DagBag from /home/airflow/.local/lib/python3.12/site-packages/airflow/example_dags/example_local_kubernetes_executor.py
[2026-08-02T19:10:23.057+0000] {processor.py:840} INFO - DAG(s) 'example_local_kubernetes_executor' retrieved from /home/airflow/.local/lib/python3.12/site-packages/airflow/example_dags/example_local_kubernetes_executor.py
[2026-08-02T19:10:23.090+0000] {logging_mixin.py:188} INFO - [2026-08-02T19:10:23.090+0000] {dag.py:3089} INFO - Sync 1 DAGs
[2026-08-02T19:10:23.102+0000] {logging_mixin.py:188} INFO - [2026-08-02T19:10:23.102+0000] {dag.py:3947} INFO - Setting next_dagrun for example_local_kubernetes_executor to None, run_after=None
[2026-08-02T19:10:23.121+0000] {processor.py:183} INFO - Processing /home/airflow/.local/lib/python3.12/site-packages/airflow/example_dags/example_local_kubernetes_executor.py took 0.082 seconds
[2026-08-02T19:10:53.612+0000] {processor.py:161} INFO - Started process (PID=249) to work on /home/airflow/.local/lib/python3.12/site-packages/airflow/example_dags/example_local_kubernetes_executor.py
[2026-08-02T19:10:53.613+0000] {processor.py:830} INFO - Processing file /home/airflow/.local/lib/python3.12/site-packages/airflow/example_dags/example_local_kubernetes_executor.py for tasks to queue
[2026-08-02T19:10:53.616+0000] {logging_mixin.py:188} INFO - [2026-08-02T19:10:53.616+0000] {dagbag.py:545} INFO - Filling up the DagBag from /home/airflow/.local/lib/python3.12/site-packages/airflow/example_dags/example_local_kubernetes_executor.py
[2026-08-02T19:10:53.625+0000] {processor.py:840} INFO - DAG(s) 'example_local_kubernetes_executor' retrieved from /home/airflow/.local/lib/python3.12/site-packages/airflow/example_dags/example_local_kubernetes_executor.py
[2026-08-02T19:10:53.660+0000] {logging_mixin.py:188} INFO - [2026-08-02T19:10:53.660+0000] {dag.py:3089} INFO - Sync 1 DAGs
[2026-08-02T19:10:53.676+0000] {logging_mixin.py:188} INFO - [2026-08-02T19:10:53.676+0000] {dag.py:3947} INFO - Setting next_dagrun for example_local_kubernetes_executor to None, run_after=None
[2026-08-02T19:10:53.697+0000] {processor.py:183} INFO - Processing /home/airflow/.local/lib/python3.12/site-packages/airflow/example_dags/example_local_kubernetes_executor.py took 0.092 seconds
[2026-08-02T19:11:23.877+0000] {processor.py:161} INFO - Started process (PID=308) to work on /home/airflow/.local/lib/python3.12/site-packages/airflow/example_dags/example_local_kubernetes_executor.py
[2026-08-02T19:11:23.878+0000] {processor.py:830} INFO - Processing file /home/airflow/.local/lib/python3.12/site-packages/airflow/example_dags/example_local_kubernetes_executor.py for tasks to queue
[2026-08-02T19:11:23.881+0000] {logging_mixin.py:188} INFO - [2026-08-02T19:11:23.881+0000] {dagbag.py:545} INFO - Filling up the DagBag from /home/airflow/.local/lib/python3.12/site-packages/airflow/example_dags/example_local_kubernetes_executor.py
[2026-08-02T19:11:23.889+0000] {processor.py:840} INFO - DAG(s) 'example_local_kubernetes_executor' retrieved from /home/airflow/.local/lib/python3.12/site-packages/airflow/example_dags/example_local_kubernetes_executor.py
[2026-08-02T19:11:23.923+0000] {logging_mixin.py:188} INFO - [2026-08-02T19:11:23.922+0000] {dag.py:3089} INFO - Sync 1 DAGs
[2026-08-02T19:11:23.941+0000] {logging_mixin.py:188} INFO - [2026-08-02T19:11:23.940+0000] {dag.py:3947} INFO - Setting next_dagrun for example_local_kubernetes_executor to None, run_after=None
[2026-08-02T19:11:23.963+0000] {processor.py:183} INFO - Processing /home/airflow/.local/lib/python3.12/site-packages/airflow/example_dags/example_local_kubernetes_executor.py took 0.093 seconds
[2026-08-02T19:11:54.536+0000] {processor.py:161} INFO - Started process (PID=367) to work on /home/airflow/.local/lib/python3.12/site-packages/airflow/example_dags/example_local_kubernetes_executor.py
[2026-08-02T19:11:54.537+0000] {processor.py:830} INFO - Processing file /home/airflow/.local/lib/python3.12/site-packages/airflow/example_dags/example_local_kubernetes_executor.py for tasks to queue
[2026-08-02T19:11:54.540+0000] {logging_mixin.py:188} INFO - [2026-08-02T19:11:54.539+0000] {dagbag.py:545} INFO - Filling up the DagBag from /home/airflow/.local/lib/python3.12/site-packages/airflow/example_dags/example_local_kubernetes_executor.py
[2026-08-02T19:11:54.550+0000] {processor.py:840} INFO - DAG(s) 'example_local_kubernetes_executor' retrieved from /home/airflow/.local/lib/python3.12/site-packages/airflow/example_dags/example_local_kubernetes_executor.py
[2026-08-02T19:11:54.583+0000] {logging_mixin.py:188} INFO - [2026-08-02T19:11:54.583+0000] {dag.py:3089} INFO - Sync 1 DAGs
[2026-08-02T19:11:54.595+0000] {logging_mixin.py:188} INFO - [2026-08-02T19:11:54.595+0000] {dag.py:3947} INFO - Setting next_dagrun for example_local_kubernetes_executor to None, run_after=None
[2026-08-02T19:11:54.615+0000] {processor.py:183} INFO - Processing /home/airflow/.local/lib/python3.12/site-packages/airflow/example_dags/example_local_kubernetes_executor.py took 0.085 seconds
[2026-08-02T19:12:24.893+0000] {processor.py:161} INFO - Started process (PID=426) to work on /home/airflow/.local/lib/python3.12/site-packages/airflow/example_dags/example_local_kubernetes_executor.py
[2026-08-02T19:12:24.895+0000] {processor.py:830} INFO - Processing file /home/airflow/.local/lib/python3.12/site-packages/airflow/example_dags/example_local_kubernetes_executor.py for tasks to queue
[2026-08-02T19:12:24.897+0000] {logging_mixin.py:188} INFO - [2026-08-02T19:12:24.897+0000] {dagbag.py:545} INFO - Filling up the DagBag from /home/airflow/.local/lib/python3.12/site-packages/airflow/example_dags/example_local_kubernetes_executor.py
[2026-08-02T19:12:24.905+0000] {processor.py:840} INFO - DAG(s) 'example_local_kubernetes_executor' retrieved from /home/airflow/.local/lib/python3.12/site-packages/airflow/example_dags/example_local_kubernetes_executor.py
[2026-08-02T19:12:24.938+0000] {logging_mixin.py:188} INFO - [2026-08-02T19:12:24.938+0000] {dag.py:3089} INFO - Sync 1 DAGs
[2026-08-02T19:12:24.951+0000] {logging_mixin.py:188} INFO - [2026-08-02T19:12:24.951+0000] {dag.py:3947} INFO - Setting next_dagrun for example_local_kubernetes_executor to None, run_after=None
[2026-08-02T19:12:24.969+0000] {processor.py:183} INFO - Processing /home/airflow/.local/lib/python3.12/site-packages/airflow/example_dags/example_local_kubernetes_executor.py took 0.082 seconds
[2026-08-02T19:12:55.453+0000] {processor.py:161} INFO - Started process (PID=485) to work on /home/airflow/.local/lib/python3.12/site-packages/airflow/example_dags/example_local_kubernetes_executor.py
[2026-08-02T19:12:55.455+0000] {processor.py:830} INFO - Processing file /home/airflow/.local/lib/python3.12/site-packages/airflow/example_dags/example_local_kubernetes_executor.py for tasks to queue
[2026-08-02T19:12:55.458+0000] {logging_mixin.py:188} INFO - [2026-08-02T19:12:55.457+0000] {dagbag.py:545} INFO - Filling up the DagBag from /home/airflow/.local/lib/python3.12/site-packages/airflow/example_dags/example_local_kubernetes_executor.py
[2026-08-02T19:12:55.467+0000] {processor.py:840} INFO - DAG(s) 'example_local_kubernetes_executor' retrieved from /home/airflow/.local/lib/python3.12/site-packages/airflow/example_dags/example_local_kubernetes_executor.py
[2026-08-02T19:12:55.503+0000] {logging_mixin.py:188} INFO - [2026-08-02T19:12:55.503+0000] {dag.py:3089} INFO - Sync 1 DAGs
[2026-08-02T19:12:55.518+0000] {logging_mixin.py:188} INFO - [2026-08-02T19:12:55.517+0000] {dag.py:3947} INFO - Setting next_dagrun for example_local_kubernetes_executor to None, run_after=None
[2026-08-02T19:12:55.537+0000] {processor.py:183} INFO - Processing /home/airflow/.local/lib/python3.12/site-packages/airflow/example_dags/example_local_kubernetes_executor.py took 0.090 seconds
[2026-08-02T19:13:25.962+0000] {processor.py:161} INFO - Started process (PID=544) to work on /home/airflow/.local/lib/python3.12/site-packages/airflow/example_dags/example_local_kubernetes_executor.py
[2026-08-02T19:13:25.963+0000] {processor.py:830} INFO - Processing file /home/airflow/.local/lib/python3.12/site-packages/airflow/example_dags/example_local_kubernetes_executor.py for tasks to queue
[2026-08-02T19:13:25.966+0000] {logging_mixin.py:188} INFO - [2026-08-02T19:13:25.965+0000] {dagbag.py:545} INFO - Filling up the DagBag from /home/airflow/.local/lib/python3.12/site-packages/airflow/example_dags/example_local_kubernetes_executor.py
[2026-08-02T19:13:25.974+0000] {processor.py:840} INFO - DAG(s) 'example_local_kubernetes_executor' retrieved from /home/airflow/.local/lib/python3.12/site-packages/airflow/example_dags/example_local_kubernetes_executor.py
[2026-08-02T19:13:26.030+0000] {logging_mixin.py:188} INFO - [2026-08-02T19:13:26.030+0000] {dag.py:3089} INFO - Sync 1 DAGs
[2026-08-02T19:13:26.046+0000] {logging_mixin.py:188} INFO - [2026-08-02T19:13:26.046+0000] {dag.py:3947} INFO - Setting next_dagrun for example_local_kubernetes_executor to None, run_after=None
[2026-08-02T19:13:26.067+0000] {processor.py:183} INFO - Processing /home/airflow/.local/lib/python3.12/site-packages/airflow/example_dags/example_local_kubernetes_executor.py took 0.121 seconds
[2026-08-02T19:13:56.636+0000] {processor.py:161} INFO - Started process (PID=603) to work on /home/airflow/.local/lib/python3.12/site-packages/airflow/example_dags/example_local_kubernetes_executor.py
[2026-08-02T19:13:56.637+0000] {processor.py:830} INFO - Processing file /home/airflow/.local/lib/python3.12/site-packages/airflow/example_dags/example_local_kubernetes_executor.py for tasks to queue
[2026-08-02T19:13:56.640+0000] {logging_mixin.py:188} INFO - [2026-08-02T19:13:56.639+0000] {dagbag.py:545} INFO - Filling up the DagBag from /home/airflow/.local/lib/python3.12/site-packages/airflow/example_dags/example_local_kubernetes_executor.py
[2026-08-02T19:13:56.648+0000] {processor.py:840} INFO - DAG(s) 'example_local_kubernetes_executor' retrieved from /home/airflow/.local/lib/python3.12/site-packages/airflow/example_dags/example_local_kubernetes_executor.py
[2026-08-02T19:13:56.679+0000] {logging_mixin.py:188} INFO - [2026-08-02T19:13:56.679+0000] {dag.py:3089} INFO - Sync 1 DAGs
[2026-08-02T19:13:56.692+0000] {logging_mixin.py:188} INFO - [2026-08-02T19:13:56.692+0000] {dag.py:3947} INFO - Setting next_dagrun for example_local_kubernetes_executor to None, run_after=None
[2026-08-02T19:13:56.713+0000] {processor.py:183} INFO - Processing /home/airflow/.local/lib/python3.12/site-packages/airflow/example_dags/example_local_kubernetes_executor.py took 0.083 seconds
[2026-08-02T19:14:27.390+0000] {processor.py:161} INFO - Started process (PID=662) to work on /home/airflow/.local/lib/python3.12/site-packages/airflow/example_dags/example_local_kubernetes_executor.py
[2026-08-02T19:14:27.391+0000] {processor.py:830} INFO - Processing file /home/airflow/.local/lib/python3.12/site-packages/airflow/example_dags/example_local_kubernetes_executor.py for tasks to queue
[2026-08-02T19:14:27.394+0000] {logging_mixin.py:188} INFO - [2026-08-02T19:14:27.393+0000] {dagbag.py:545} INFO - Filling up the DagBag from /home/airflow/.local/lib/python3.12/site-packages/airflow/example_dags/example_local_kubernetes_executor.py
[2026-08-02T19:14:27.402+0000] {processor.py:840} INFO - DAG(s) 'example_local_kubernetes_executor' retrieved from /home/airflow/.local/lib/python3.12/site-packages/airflow/example_dags/example_local_kubernetes_executor.py
[2026-08-02T19:14:27.436+0000] {logging_mixin.py:188} INFO - [2026-08-02T19:14:27.436+0000] {dag.py:3089} INFO - Sync 1 DAGs
[2026-08-02T19:14:27.448+0000] {logging_mixin.py:188} INFO - [2026-08-02T19:14:27.448+0000] {dag.py:3947} INFO - Setting next_dagrun for example_local_kubernetes_executor to None, run_after=None
[2026-08-02T19:14:27.474+0000] {processor.py:183} INFO - Processing /home/airflow/.local/lib/python3.12/site-packages/airflow/example_dags/example_local_kubernetes_executor.py took 0.090 seconds
[2026-08-02T19:14:57.916+0000] {processor.py:161} INFO - Started process (PID=721) to work on /home/airflow/.local/lib/python3.12/site-packages/airflow/example_dags/example_local_kubernetes_executor.py
[2026-08-02T19:14:57.917+0000] {processor.py:830} INFO - Processing file /home/airflow/.local/lib/python3.12/site-packages/airflow/example_dags/example_local_kubernetes_executor.py for tasks to queue
[2026-08-02T19:14:57.919+0000] {logging_mixin.py:188} INFO - [2026-08-02T19:14:57.919+0000] {dagbag.py:545} INFO - Filling up the DagBag from /home/airflow/.local/lib/python3.12/site-packages/airflow/example_dags/example_local_kubernetes_executor.py
[2026-08-02T19:14:57.927+0000] {processor.py:840} INFO - DAG(s) 'example_local_kubernetes_executor' retrieved from /home/airflow/.local/lib/python3.12/site-packages/airflow/example_dags/example_local_kubernetes_executor.py
[2026-08-02T19:14:57.961+0000] {logging_mixin.py:188} INFO - [2026-08-02T19:14:57.960+0000] {dag.py:3089} INFO - Sync 1 DAGs
[2026-08-02T19:14:57.973+0000] {logging_mixin.py:188} INFO - [2026-08-02T19:14:57.973+0000] {dag.py:3947} INFO - Setting next_dagrun for example_local_kubernetes_executor to None, run_after=None
[2026-08-02T19:14:57.991+0000] {processor.py:183} INFO - Processing /home/airflow/.local/lib/python3.12/site-packages/airflow/example_dags/example_local_kubernetes_executor.py took 0.081 seconds
[2026-08-02T19:15:28.243+0000] {processor.py:161} INFO - Started process (PID=780) to work on /home/airflow/.local/lib/python3.12/site-packages/airflow/example_dags/example_local_kubernetes_executor.py
[2026-08-02T19:15:28.244+0000] {processor.py:830} INFO - Processing file /home/airflow/.local/lib/python3.12/site-packages/airflow/example_dags/example_local_kubernetes_executor.py for tasks to queue
[2026-08-02T19:15:28.247+0000] {logging_mixin.py:188} INFO - [2026-08-02T19:15:28.246+0000] {dagbag.py:545} INFO - Filling up the DagBag from /home/airflow/.local/lib/python3.12/site-packages/airflow/example_dags/example_local_kubernetes_executor.py
[2026-08-02T19:15:28.254+0000] {processor.py:840} INFO - DAG(s) 'example_local_kubernetes_executor' retrieved from /home/airflow/.local/lib/python3.12/site-packages/airflow/example_dags/example_local_kubernetes_executor.py
[2026-08-02T19:15:28.288+0000] {logging_mixin.py:188} INFO - [2026-08-02T19:15:28.288+0000] {dag.py:3089} INFO - Sync 1 DAGs
[2026-08-02T19:15:28.301+0000] {logging_mixin.py:188} INFO - [2026-08-02T19:15:28.301+0000] {dag.py:3947} INFO - Setting next_dagrun for example_local_kubernetes_executor to None, run_after=None
[2026-08-02T19:15:28.319+0000] {processor.py:183} INFO - Processing /home/airflow/.local/lib/python3.12/site-packages/airflow/example_dags/example_local_kubernetes_executor.py took 0.082 seconds
[2026-08-02T19:15:59.138+0000] {processor.py:161} INFO - Started process (PID=839) to work on /home/airflow/.local/lib/python3.12/site-packages/airflow/example_dags/example_local_kubernetes_executor.py
[2026-08-02T19:15:59.140+0000] {processor.py:830} INFO - Processing file /home/airflow/.local/lib/python3.12/site-packages/airflow/example_dags/example_local_kubernetes_executor.py for tasks to queue
[2026-08-02T19:15:59.142+0000] {logging_mixin.py:188} INFO - [2026-08-02T19:15:59.142+0000] {dagbag.py:545} INFO - Filling up the DagBag from /home/airflow/.local/lib/python3.12/site-packages/airflow/example_dags/example_local_kubernetes_executor.py
[2026-08-02T19:15:59.151+0000] {processor.py:840} INFO - DAG(s) 'example_local_kubernetes_executor' retrieved from /home/airflow/.local/lib/python3.12/site-packages/airflow/example_dags/example_local_kubernetes_executor.py
[2026-08-02T19:15:59.188+0000] {logging_mixin.py:188} INFO - [2026-08-02T19:15:59.188+0000] {dag.py:3089} INFO - Sync 1 DAGs
[2026-08-02T19:15:59.202+0000] {logging_mixin.py:188} INFO - [2026-08-02T19:15:59.202+0000] {dag.py:3947} INFO - Setting next_dagrun for example_local_kubernetes_executor to None, run_after=None
[2026-08-02T19:15:59.226+0000] {processor.py:183} INFO - Processing /home/airflow/.local/lib/python3.12/site-packages/airflow/example_dags/example_local_kubernetes_executor.py took 0.094 seconds
[2026-08-02T19:16:29.739+0000] {processor.py:161} INFO - Started process (PID=898) to work on /home/airflow/.local/lib/python3.12/site-packages/airflow/example_dags/example_local_kubernetes_executor.py
[2026-08-02T19:16:29.741+0000] {processor.py:830} INFO - Processing file /home/airflow/.local/lib/python3.12/site-packages/airflow/example_dags/example_local_kubernetes_executor.py for tasks to queue
[2026-08-02T19:16:29.744+0000] {logging_mixin.py:188} INFO - [2026-08-02T19:16:29.744+0000] {dagbag.py:545} INFO - Filling up the DagBag from /home/airflow/.local/lib/python3.12/site-packages/airflow/example_dags/example_local_kubernetes_executor.py
[2026-08-02T19:16:29.753+0000] {processor.py:840} INFO - DAG(s) 'example_local_kubernetes_executor' retrieved from /home/airflow/.local/lib/python3.12/site-packages/airflow/example_dags/example_local_kubernetes_executor.py
[2026-08-02T19:16:29.793+0000] {logging_mixin.py:188} INFO - [2026-08-02T19:16:29.792+0000] {dag.py:3089} INFO - Sync 1 DAGs
[2026-08-02T19:16:29.807+0000] {logging_mixin.py:188} INFO - [2026-08-02T19:16:29.807+0000] {dag.py:3947} INFO - Setting next_dagrun for example_local_kubernetes_executor to None, run_after=None
[2026-08-02T19:16:29.831+0000] {processor.py:183} INFO - Processing /home/airflow/.local/lib/python3.12/site-packages/airflow/example_dags/example_local_kubernetes_executor.py took 0.098 seconds
[2026-08-02T19:17:00.342+0000] {processor.py:161} INFO - Started process (PID=957) to work on /home/airflow/.local/lib/python3.12/site-packages/airflow/example_dags/example_local_kubernetes_executor.py
[2026-08-02T19:17:00.344+0000] {processor.py:830} INFO - Processing file /home/airflow/.local/lib/python3.12/site-packages/airflow/example_dags/example_local_kubernetes_executor.py for tasks to queue
[2026-08-02T19:17:00.346+0000] {logging_mixin.py:188} INFO - [2026-08-02T19:17:00.346+0000] {dagbag.py:545} INFO - Filling up the DagBag from /home/airflow/.local/lib/python3.12/site-packages/airflow/example_dags/example_local_kubernetes_executor.py
[2026-08-02T19:17:00.354+0000] {processor.py:840} INFO - DAG(s) 'example_local_kubernetes_executor' retrieved from /home/airflow/.local/lib/python3.12/site-packages/airflow/example_dags/example_local_kubernetes_executor.py
[2026-08-02T19:17:00.393+0000] {logging_mixin.py:188} INFO - [2026-08-02T19:17:00.392+0000] {dag.py:3089} INFO - Sync 1 DAGs
[2026-08-02T19:17:00.406+0000] {logging_mixin.py:188} INFO - [2026-08-02T19:17:00.405+0000] {dag.py:3947} INFO - Setting next_dagrun for example_local_kubernetes_executor to None, run_after=None
[2026-08-02T19:17:00.429+0000] {processor.py:183} INFO - Processing /home/airflow/.local/lib/python3.12/site-packages/airflow/example_dags/example_local_kubernetes_executor.py took 0.093 seconds
[2026-08-02T19:17:31.050+0000] {processor.py:161} INFO - Started process (PID=1016) to work on /home/airflow/.local/lib/python3.12/site-packages/airflow/example_dags/example_local_kubernetes_executor.py
[2026-08-02T19:17:31.052+0000] {processor.py:830} INFO - Processing file /home/airflow/.local/lib/python3.12/site-packages/airflow/example_dags/example_local_kubernetes_executor.py for tasks to queue
[2026-08-02T19:17:31.054+0000] {logging_mixin.py:188} INFO - [2026-08-02T19:17:31.054+0000] {dagbag.py:545} INFO - Filling up the DagBag from /home/airflow/.local/lib/python3.12/site-packages/airflow/example_dags/example_local_kubernetes_executor.py
[2026-08-02T19:17:31.062+0000] {processor.py:840} INFO - DAG(s) 'example_local_kubernetes_executor' retrieved from /home/airflow/.local/lib/python3.12/site-packages/airflow/example_dags/example_local_kubernetes_executor.py
[2026-08-02T19:17:31.094+0000] {logging_mixin.py:188} INFO - [2026-08-02T19:17:31.094+0000] {dag.py:3089} INFO - Sync 1 DAGs
[2026-08-02T19:17:31.106+0000] {logging_mixin.py:188} INFO - [2026-08-02T19:17:31.106+0000] {dag.py:3947} INFO - Setting next_dagrun for example_local_kubernetes_executor to None, run_after=None
[2026-08-02T19:17:31.125+0000] {processor.py:183} INFO - Processing /home/airflow/.local/lib/python3.12/site-packages/airflow/example_dags/example_local_kubernetes_executor.py took 0.080 seconds
[2026-08-02T19:18:01.954+0000] {processor.py:161} INFO - Started process (PID=1075) to work on /home/airflow/.local/lib/python3.12/site-packages/airflow/example_dags/example_local_kubernetes_executor.py
[2026-08-02T19:18:01.955+0000] {processor.py:830} INFO - Processing file /home/airflow/.local/lib/python3.12/site-packages/airflow/example_dags/example_local_kubernetes_executor.py for tasks to queue
[2026-08-02T19:18:01.958+0000] {logging_mixin.py:188} INFO - [2026-08-02T19:18:01.957+0000] {dagbag.py:545} INFO - Filling up the DagBag from /home/airflow/.local/lib/python3.12/site-packages/airflow/example_dags/example_local_kubernetes_executor.py
[2026-08-02T19:18:01.967+0000] {processor.py:840} INFO - DAG(s) 'example_local_kubernetes_executor' retrieved from /home/airflow/.local/lib/python3.12/site-packages/airflow/example_dags/example_local_kubernetes_executor.py
[2026-08-02T19:18:02.005+0000] {logging_mixin.py:188} INFO - [2026-08-02T19:18:02.004+0000] {dag.py:3089} INFO - Sync 1 DAGs
[2026-08-02T19:18:02.019+0000] {logging_mixin.py:188} INFO - [2026-08-02T19:18:02.018+0000] {dag.py:3947} INFO - Setting next_dagrun for example_local_kubernetes_executor to None, run_after=None
[2026-08-02T19:18:02.045+0000] {processor.py:183} INFO - Processing /home/airflow/.local/lib/python3.12/site-packages/airflow/example_dags/example_local_kubernetes_executor.py took 0.098 seconds
[2026-08-02T19:18:32.541+0000] {processor.py:161} INFO - Started process (PID=1134) to work on /home/airflow/.local/lib/python3.12/site-packages/airflow/example_dags/example_local_kubernetes_executor.py
[2026-08-02T19:18:32.543+0000] {processor.py:830} INFO - Processing file /home/airflow/.local/lib/python3.12/site-packages/airflow/example_dags/example_local_kubernetes_executor.py for tasks to queue
[2026-08-02T19:18:32.546+0000] {logging_mixin.py:188} INFO - [2026-08-02T19:18:32.545+0000] {dagbag.py:545} INFO - Filling up the DagBag from /home/airflow/.local/lib/python3.12/site-packages/airflow/example_dags/example_local_kubernetes_executor.py
[2026-08-02T19:18:32.554+0000] {processor.py:840} INFO - DAG(s) 'example_local_kubernetes_executor' retrieved from /home/airflow/.local/lib/python3.12/site-packages/airflow/example_dags/example_local_kubernetes_executor.py
[2026-08-02T19:18:32.587+0000] {logging_mixin.py:188} INFO - [2026-08-02T19:18:32.587+0000] {dag.py:3089} INFO - Sync 1 DAGs
[2026-08-02T19:18:32.599+0000] {logging_mixin.py:188} INFO - [2026-08-02T19:18:32.599+0000] {dag.py:3947} INFO - Setting next_dagrun for example_local_kubernetes_executor to None, run_after=None
[2026-08-02T19:18:32.622+0000] {processor.py:183} INFO - Processing /home/airflow/.local/lib/python3.12/site-packages/airflow/example_dags/example_local_kubernetes_executor.py took 0.087 seconds
[2026-08-02T19:19:03.048+0000] {processor.py:161} INFO - Started process (PID=1193) to work on /home/airflow/.local/lib/python3.12/site-packages/airflow/example_dags/example_local_kubernetes_executor.py
[2026-08-02T19:19:03.050+0000] {processor.py:830} INFO - Processing file /home/airflow/.local/lib/python3.12/site-packages/airflow/example_dags/example_local_kubernetes_executor.py for tasks to queue
[2026-08-02T19:19:03.052+0000] {logging_mixin.py:188} INFO - [2026-08-02T19:19:03.052+0000] {dagbag.py:545} INFO - Filling up the DagBag from /home/airflow/.local/lib/python3.12/site-packages/airflow/example_dags/example_local_kubernetes_executor.py
[2026-08-02T19:19:03.060+0000] {processor.py:840} INFO - DAG(s) 'example_local_kubernetes_executor' retrieved from /home/airflow/.local/lib/python3.12/site-packages/airflow/example_dags/example_local_kubernetes_executor.py
[2026-08-02T19:19:03.094+0000] {logging_mixin.py:188} INFO - [2026-08-02T19:19:03.094+0000] {dag.py:3089} INFO - Sync 1 DAGs
[2026-08-02T19:19:03.107+0000] {logging_mixin.py:188} INFO - [2026-08-02T19:19:03.106+0000] {dag.py:3947} INFO - Setting next_dagrun for example_local_kubernetes_executor to None, run_after=None
[2026-08-02T19:19:03.126+0000] {processor.py:183} INFO - Processing /home/airflow/.local/lib/python3.12/site-packages/airflow/example_dags/example_local_kubernetes_executor.py took 0.085 seconds
[2026-08-02T19:19:33.646+0000] {processor.py:161} INFO - Started process (PID=1252) to work on /home/airflow/.local/lib/python3.12/site-packages/airflow/example_dags/example_local_kubernetes_executor.py
[2026-08-02T19:19:33.651+0000] {processor.py:830} INFO - Processing file /home/airflow/.local/lib/python3.12/site-packages/airflow/example_dags/example_local_kubernetes_executor.py for tasks to queue
[2026-08-02T19:19:33.653+0000] {logging_mixin.py:188} INFO - [2026-08-02T19:19:33.653+0000] {dagbag.py:545} INFO - Filling up the DagBag from /home/airflow/.local/lib/python3.12/site-packages/airflow/example_dags/example_local_kubernetes_executor.py
[2026-08-02T19:19:33.661+0000] {processor.py:840} INFO - DAG(s) 'example_local_kubernetes_executor' retrieved from /home/airflow/.local/lib/python3.12/site-packages/airflow/example_dags/example_local_kubernetes_executor.py
[2026-08-02T19:19:33.692+0000] {logging_mixin.py:188} INFO - [2026-08-02T19:19:33.692+0000] {dag.py:3089} INFO - Sync 1 DAGs
[2026-08-02T19:19:33.703+0000] {logging_mixin.py:188} INFO - [2026-08-02T19:19:33.703+0000] {dag.py:3947} INFO - Setting next_dagrun for example_local_kubernetes_executor to None, run_after=None
[2026-08-02T19:19:33.723+0000] {processor.py:183} INFO - Processing /home/airflow/.local/lib/python3.12/site-packages/airflow/example_dags/example_local_kubernetes_executor.py took 0.083 seconds
[2026-08-02T19:20:04.557+0000] {processor.py:161} INFO - Started process (PID=1311) to work on /home/airflow/.local/lib/python3.12/site-packages/airflow/example_dags/example_local_kubernetes_executor.py
[2026-08-02T19:20:04.559+0000] {processor.py:830} INFO - Processing file /home/airflow/.local/lib/python3.12/site-packages/airflow/example_dags/example_local_kubernetes_executor.py for tasks to queue
[2026-08-02T19:20:04.562+0000] {logging_mixin.py:188} INFO - [2026-08-02T19:20:04.561+0000] {dagbag.py:545} INFO - Filling up the DagBag from /home/airflow/.local/lib/python3.12/site-packages/airflow/example_dags/example_local_kubernetes_executor.py
[2026-08-02T19:20:04.570+0000] {processor.py:840} INFO - DAG(s) 'example_local_kubernetes_executor' retrieved from /home/airflow/.local/lib/python3.12/site-packages/airflow/example_dags/example_local_kubernetes_executor.py
[2026-08-02T19:20:04.606+0000] {logging_mixin.py:188} INFO - [2026-08-02T19:20:04.606+0000] {dag.py:3089} INFO - Sync 1 DAGs
[2026-08-02T19:20:04.619+0000] {logging_mixin.py:188} INFO - [2026-08-02T19:20:04.619+0000] {dag.py:3947} INFO - Setting next_dagrun for example_local_kubernetes_executor to None, run_after=None
[2026-08-02T19:20:04.642+0000] {processor.py:183} INFO - Processing /home/airflow/.local/lib/python3.12/site-packages/airflow/example_dags/example_local_kubernetes_executor.py took 0.091 seconds
