[2026-08-02T18:55:17.197+0000] {processor.py:161} INFO - Started process (PID=107) to work on /home/airflow/.local/lib/python3.12/site-packages/airflow/example_dags/example_branch_datetime_operator.py
[2026-08-02T18:55:17.199+0000] {processor.py:830} INFO - Processing file /home/airflow/.local/lib/python3.12/site-packages/airflow/example_dags/example_branch_datetime_operator.py for tasks to queue
[2026-08-02T18:55:17.202+0000] {logging_mixin.py:188} INFO - [2026-08-02T18:55:17.202+0000] {dagbag.py:545} INFO - Filling up the DagBag from /home/airflow/.local/lib/python3.12/site-packages/airflow/example_dags/example_branch_datetime_operator.py
[2026-08-02T18:55:17.218+0000] {processor.py:840} INFO - DAG(s) 'example_branch_datetime_operator', 'example_branch_datetime_operator_2', 'example_branch_datetime_operator_3' retrieved from /home/airflow/.local/lib/python3.12/site-packages/airflow/example_dags/example_branch_datetime_operator.py
[2026-08-02T18:55:17.424+0000] {logging_mixin.py:188} INFO - [2026-08-02T18:55:17.423+0000] {dag.py:3089} INFO - Sync 3 DAGs
[2026-08-02T18:55:17.457+0000] {logging_mixin.py:188} INFO - [2026-08-02T18:55:17.456+0000] {dag.py:3947} INFO - Setting next_dagrun for example_branch_datetime_operator to 2026-08-01 00:00:00+00:00, run_after=2026-08-02 00:00:00+00:00
[2026-08-02T18:55:17.463+0000] {logging_mixin.py:188} INFO - [2026-08-02T18:55:17.463+0000] {dag.py:3947} INFO - Setting next_dagrun for example_branch_datetime_operator_2 to 2026-08-01 00:00:00+00:00, run_after=2026-08-02 00:00:00+00:00
[2026-08-02T18:55:17.467+0000] {logging_mixin.py:188} INFO - [2026-08-02T18:55:17.466+0000] {dag.py:3947} INFO - Setting next_dagrun for example_branch_datetime_operator_3 to 2026-08-01 00:00:00+00:00, run_after=2026-08-02 00:00:00+00:00
[2026-08-02T18:55:17.491+0000] {processor.py:183} INFO - Processing /home/airflow/.local/lib/python3.12/site-packages/airflow/example_dags/example_branch_datetime_operator.py took 0.301 seconds
[2026-08-02T18:55:48.398+0000] {processor.py:161} INFO - Started process (PID=166) to work on /home/airflow/.local/lib/python3.12/site-packages/airflow/example_dags/example_branch_datetime_operator.py
[2026-08-02T18:55:48.400+0000] {processor.py:830} INFO - Processing file /home/airflow/.local/lib/python3.12/site-packages/airflow/example_dags/example_branch_datetime_operator.py for tasks to queue
[2026-08-02T18:55:48.403+0000] {logging_mixin.py:188} INFO - [2026-08-02T18:55:48.402+0000] {dagbag.py:545} INFO - Filling up the DagBag from /home/airflow/.local/lib/python3.12/site-packages/airflow/example_dags/example_branch_datetime_operator.py
[2026-08-02T18:55:48.415+0000] {processor.py:840} INFO - DAG(s) 'example_branch_datetime_operator_2', 'example_branch_datetime_operator_3', 'example_branch_datetime_operator' retrieved from /home/airflow/.local/lib/python3.12/site-packages/airflow/example_dags/example_branch_datetime_operator.py
[2026-08-02T18:55:48.446+0000] {logging_mixin.py:188} INFO - [2026-08-02T18:55:48.446+0000] {dag.py:3089} INFO - Sync 3 DAGs
[2026-08-02T18:55:48.473+0000] {logging_mixin.py:188} INFO - [2026-08-02T18:55:48.472+0000] {dag.py:3947} INFO - Setting next_dagrun for example_branch_datetime_operator to 2026-08-01 00:00:00+00:00, run_after=2026-08-02 00:00:00+00:00
[2026-08-02T18:55:48.477+0000] {logging_mixin.py:188} INFO - [2026-08-02T18:55:48.477+0000] {dag.py:3947} INFO - Setting next_dagrun for example_branch_datetime_operator_2 to 2026-08-01 00:00:00+00:00, run_after=2026-08-02 00:00:00+00:00
[2026-08-02T18:55:48.480+0000] {logging_mixin.py:188} INFO - [2026-08-02T18:55:48.480+0000] {dag.py:3947} INFO - Setting next_dagrun for example_branch_datetime_operator_3 to 2026-08-01 00:00:00+00:00, run_after=2026-08-02 00:00:00+00:00
[2026-08-02T18:55:48.497+0000] {processor.py:183} INFO - Processing /home/airflow/.local/lib/python3.12/site-packages/airflow/example_dags/example_branch_datetime_operator.py took 0.105 seconds
[2026-08-02T18:56:19.247+0000] {processor.py:161} INFO - Started process (PID=225) to work on /home/airflow/.local/lib/python3.12/site-packages/airflow/example_dags/example_branch_datetime_operator.py
[2026-08-02T18:56:19.249+0000] {processor.py:830} INFO - Processing file /home/airflow/.local/lib/python3.12/site-packages/airflow/example_dags/example_branch_datetime_operator.py for tasks to queue
[2026-08-02T18:56:19.250+0000] {logging_mixin.py:188} INFO - [2026-08-02T18:56:19.250+0000] {dagbag.py:545} INFO - Filling up the DagBag from /home/airflow/.local/lib/python3.12/site-packages/airflow/example_dags/example_branch_datetime_operator.py
[2026-08-02T18:56:19.259+0000] {processor.py:840} INFO - DAG(s) 'example_branch_datetime_operator_3', 'example_branch_datetime_operator_2', 'example_branch_datetime_operator' retrieved from /home/airflow/.local/lib/python3.12/site-packages/airflow/example_dags/example_branch_datetime_operator.py
[2026-08-02T18:56:19.286+0000] {logging_mixin.py:188} INFO - [2026-08-02T18:56:19.286+0000] {dag.py:3089} INFO - Sync 3 DAGs
[2026-08-02T18:56:19.311+0000] {logging_mixin.py:188} INFO - [2026-08-02T18:56:19.311+0000] {dag.py:3947} INFO - Setting next_dagrun for example_branch_datetime_operator to 2026-08-01 00:00:00+00:00, run_after=2026-08-02 00:00:00+00:00
[2026-08-02T18:56:19.316+0000] {logging_mixin.py:188} INFO - [2026-08-02T18:56:19.316+0000] {dag.py:3947} INFO - Setting next_dagrun for example_branch_datetime_operator_2 to 2026-08-01 00:00:00+00:00, run_after=2026-08-02 00:00:00+00:00
[2026-08-02T18:56:19.319+0000] {logging_mixin.py:188} INFO - [2026-08-02T18:56:19.319+0000] {dag.py:3947} INFO - Setting next_dagrun for example_branch_datetime_operator_3 to 2026-08-01 00:00:00+00:00, run_after=2026-08-02 00:00:00+00:00
[2026-08-02T18:56:19.337+0000] {processor.py:183} INFO - Processing /home/airflow/.local/lib/python3.12/site-packages/airflow/example_dags/example_branch_datetime_operator.py took 0.095 seconds
[2026-08-02T18:56:49.720+0000] {processor.py:161} INFO - Started process (PID=284) to work on /home/airflow/.local/lib/python3.12/site-packages/airflow/example_dags/example_branch_datetime_operator.py
[2026-08-02T18:56:49.722+0000] {processor.py:830} INFO - Processing file /home/airflow/.local/lib/python3.12/site-packages/airflow/example_dags/example_branch_datetime_operator.py for tasks to queue
[2026-08-02T18:56:49.725+0000] {logging_mixin.py:188} INFO - [2026-08-02T18:56:49.725+0000] {dagbag.py:545} INFO - Filling up the DagBag from /home/airflow/.local/lib/python3.12/site-packages/airflow/example_dags/example_branch_datetime_operator.py
[2026-08-02T18:56:49.736+0000] {processor.py:840} INFO - DAG(s) 'example_branch_datetime_operator_3', 'example_branch_datetime_operator', 'example_branch_datetime_operator_2' retrieved from /home/airflow/.local/lib/python3.12/site-packages/airflow/example_dags/example_branch_datetime_operator.py
[2026-08-02T18:56:49.760+0000] {logging_mixin.py:188} INFO - [2026-08-02T18:56:49.760+0000] {dag.py:3089} INFO - Sync 3 DAGs
[2026-08-02T18:56:49.785+0000] {logging_mixin.py:188} INFO - [2026-08-02T18:56:49.784+0000] {dag.py:3947} INFO - Setting next_dagrun for example_branch_datetime_operator to 2026-08-01 00:00:00+00:00, run_after=2026-08-02 00:00:00+00:00
[2026-08-02T18:56:49.790+0000] {logging_mixin.py:188} INFO - [2026-08-02T18:56:49.789+0000] {dag.py:3947} INFO - Setting next_dagrun for example_branch_datetime_operator_2 to 2026-08-01 00:00:00+00:00, run_after=2026-08-02 00:00:00+00:00
[2026-08-02T18:56:49.793+0000] {logging_mixin.py:188} INFO - [2026-08-02T18:56:49.792+0000] {dag.py:3947} INFO - Setting next_dagrun for example_branch_datetime_operator_3 to 2026-08-01 00:00:00+00:00, run_after=2026-08-02 00:00:00+00:00
[2026-08-02T18:56:49.817+0000] {processor.py:183} INFO - Processing /home/airflow/.local/lib/python3.12/site-packages/airflow/example_dags/example_branch_datetime_operator.py took 0.106 seconds
[2026-08-02T18:57:19.948+0000] {processor.py:161} INFO - Started process (PID=343) to work on /home/airflow/.local/lib/python3.12/site-packages/airflow/example_dags/example_branch_datetime_operator.py
[2026-08-02T18:57:19.950+0000] {processor.py:830} INFO - Processing file /home/airflow/.local/lib/python3.12/site-packages/airflow/example_dags/example_branch_datetime_operator.py for tasks to queue
[2026-08-02T18:57:19.952+0000] {logging_mixin.py:188} INFO - [2026-08-02T18:57:19.952+0000] {dagbag.py:545} INFO - Filling up the DagBag from /home/airflow/.local/lib/python3.12/site-packages/airflow/example_dags/example_branch_datetime_operator.py
[2026-08-02T18:57:19.961+0000] {processor.py:840} INFO - DAG(s) 'example_branch_datetime_operator_2', 'example_branch_datetime_operator_3', 'example_branch_datetime_operator' retrieved from /home/airflow/.local/lib/python3.12/site-packages/airflow/example_dags/example_branch_datetime_operator.py
[2026-08-02T18:57:19.985+0000] {logging_mixin.py:188} INFO - [2026-08-02T18:57:19.985+0000] {dag.py:3089} INFO - Sync 3 DAGs
[2026-08-02T18:57:20.006+0000] {logging_mixin.py:188} INFO - [2026-08-02T18:57:20.006+0000] {dag.py:3947} INFO - Setting next_dagrun for example_branch_datetime_operator to 2026-08-01 00:00:00+00:00, run_after=2026-08-02 00:00:00+00:00
[2026-08-02T18:57:20.011+0000] {logging_mixin.py:188} INFO - [2026-08-02T18:57:20.011+0000] {dag.py:3947} INFO - Setting next_dagrun for example_branch_datetime_operator_2 to 2026-08-01 00:00:00+00:00, run_after=2026-08-02 00:00:00+00:00
[2026-08-02T18:57:20.014+0000] {logging_mixin.py:188} INFO - [2026-08-02T18:57:20.014+0000] {dag.py:3947} INFO - Setting next_dagrun for example_branch_datetime_operator_3 to 2026-08-01 00:00:00+00:00, run_after=2026-08-02 00:00:00+00:00
[2026-08-02T18:57:20.035+0000] {processor.py:183} INFO - Processing /home/airflow/.local/lib/python3.12/site-packages/airflow/example_dags/example_branch_datetime_operator.py took 0.094 seconds
[2026-08-02T18:57:50.349+0000] {processor.py:161} INFO - Started process (PID=402) to work on /home/airflow/.local/lib/python3.12/site-packages/airflow/example_dags/example_branch_datetime_operator.py
[2026-08-02T18:57:50.351+0000] {processor.py:830} INFO - Processing file /home/airflow/.local/lib/python3.12/site-packages/airflow/example_dags/example_branch_datetime_operator.py for tasks to queue
[2026-08-02T18:57:50.354+0000] {logging_mixin.py:188} INFO - [2026-08-02T18:57:50.353+0000] {dagbag.py:545} INFO - Filling up the DagBag from /home/airflow/.local/lib/python3.12/site-packages/airflow/example_dags/example_branch_datetime_operator.py
[2026-08-02T18:57:50.365+0000] {processor.py:840} INFO - DAG(s) 'example_branch_datetime_operator', 'example_branch_datetime_operator_2', 'example_branch_datetime_operator_3' retrieved from /home/airflow/.local/lib/python3.12/site-packages/airflow/example_dags/example_branch_datetime_operator.py
[2026-08-02T18:57:50.392+0000] {logging_mixin.py:188} INFO - [2026-08-02T18:57:50.392+0000] {dag.py:3089} INFO - Sync 3 DAGs
[2026-08-02T18:57:50.415+0000] {logging_mixin.py:188} INFO - [2026-08-02T18:57:50.415+0000] {dag.py:3947} INFO - Setting next_dagrun for example_branch_datetime_operator to 2026-08-01 00:00:00+00:00, run_after=2026-08-02 00:00:00+00:00
[2026-08-02T18:57:50.420+0000] {logging_mixin.py:188} INFO - [2026-08-02T18:57:50.420+0000] {dag.py:3947} INFO - Setting next_dagrun for example_branch_datetime_operator_2 to 2026-08-01 00:00:00+00:00, run_after=2026-08-02 00:00:00+00:00
[2026-08-02T18:57:50.423+0000] {logging_mixin.py:188} INFO - [2026-08-02T18:57:50.423+0000] {dag.py:3947} INFO - Setting next_dagrun for example_branch_datetime_operator_3 to 2026-08-01 00:00:00+00:00, run_after=2026-08-02 00:00:00+00:00
[2026-08-02T18:57:50.446+0000] {processor.py:183} INFO - Processing /home/airflow/.local/lib/python3.12/site-packages/airflow/example_dags/example_branch_datetime_operator.py took 0.106 seconds
[2026-08-02T19:00:11.352+0000] {processor.py:161} INFO - Started process (PID=94) to work on /home/airflow/.local/lib/python3.12/site-packages/airflow/example_dags/example_branch_datetime_operator.py
[2026-08-02T19:00:11.353+0000] {processor.py:830} INFO - Processing file /home/airflow/.local/lib/python3.12/site-packages/airflow/example_dags/example_branch_datetime_operator.py for tasks to queue
[2026-08-02T19:00:11.356+0000] {logging_mixin.py:188} INFO - [2026-08-02T19:00:11.356+0000] {dagbag.py:545} INFO - Filling up the DagBag from /home/airflow/.local/lib/python3.12/site-packages/airflow/example_dags/example_branch_datetime_operator.py
[2026-08-02T19:00:11.366+0000] {processor.py:840} INFO - DAG(s) 'example_branch_datetime_operator_3', 'example_branch_datetime_operator_2', 'example_branch_datetime_operator' retrieved from /home/airflow/.local/lib/python3.12/site-packages/airflow/example_dags/example_branch_datetime_operator.py
[2026-08-02T19:00:11.381+0000] {logging_mixin.py:188} INFO - [2026-08-02T19:00:11.381+0000] {dag.py:3089} INFO - Sync 3 DAGs
[2026-08-02T19:00:11.404+0000] {logging_mixin.py:188} INFO - [2026-08-02T19:00:11.404+0000] {dag.py:3947} INFO - Setting next_dagrun for example_branch_datetime_operator to 2026-08-01 00:00:00+00:00, run_after=2026-08-02 00:00:00+00:00
[2026-08-02T19:00:11.409+0000] {logging_mixin.py:188} INFO - [2026-08-02T19:00:11.409+0000] {dag.py:3947} INFO - Setting next_dagrun for example_branch_datetime_operator_2 to 2026-08-01 00:00:00+00:00, run_after=2026-08-02 00:00:00+00:00
[2026-08-02T19:00:11.412+0000] {logging_mixin.py:188} INFO - [2026-08-02T19:00:11.412+0000] {dag.py:3947} INFO - Setting next_dagrun for example_branch_datetime_operator_3 to 2026-08-01 00:00:00+00:00, run_after=2026-08-02 00:00:00+00:00
[2026-08-02T19:00:11.430+0000] {processor.py:183} INFO - Processing /home/airflow/.local/lib/python3.12/site-packages/airflow/example_dags/example_branch_datetime_operator.py took 0.083 seconds
[2026-08-02T19:00:41.717+0000] {processor.py:161} INFO - Started process (PID=153) to work on /home/airflow/.local/lib/python3.12/site-packages/airflow/example_dags/example_branch_datetime_operator.py
[2026-08-02T19:00:41.718+0000] {processor.py:830} INFO - Processing file /home/airflow/.local/lib/python3.12/site-packages/airflow/example_dags/example_branch_datetime_operator.py for tasks to queue
[2026-08-02T19:00:41.721+0000] {logging_mixin.py:188} INFO - [2026-08-02T19:00:41.720+0000] {dagbag.py:545} INFO - Filling up the DagBag from /home/airflow/.local/lib/python3.12/site-packages/airflow/example_dags/example_branch_datetime_operator.py
[2026-08-02T19:00:41.730+0000] {processor.py:840} INFO - DAG(s) 'example_branch_datetime_operator_3', 'example_branch_datetime_operator', 'example_branch_datetime_operator_2' retrieved from /home/airflow/.local/lib/python3.12/site-packages/airflow/example_dags/example_branch_datetime_operator.py
[2026-08-02T19:00:41.840+0000] {logging_mixin.py:188} INFO - [2026-08-02T19:00:41.840+0000] {dag.py:3089} INFO - Sync 3 DAGs
[2026-08-02T19:00:41.857+0000] {logging_mixin.py:188} INFO - [2026-08-02T19:00:41.857+0000] {dag.py:3947} INFO - Setting next_dagrun for example_branch_datetime_operator to 2026-08-01 00:00:00+00:00, run_after=2026-08-02 00:00:00+00:00
[2026-08-02T19:00:41.863+0000] {logging_mixin.py:188} INFO - [2026-08-02T19:00:41.862+0000] {dag.py:3947} INFO - Setting next_dagrun for example_branch_datetime_operator_2 to 2026-08-01 00:00:00+00:00, run_after=2026-08-02 00:00:00+00:00
[2026-08-02T19:00:41.865+0000] {logging_mixin.py:188} INFO - [2026-08-02T19:00:41.865+0000] {dag.py:3947} INFO - Setting next_dagrun for example_branch_datetime_operator_3 to 2026-08-01 00:00:00+00:00, run_after=2026-08-02 00:00:00+00:00
[2026-08-02T19:00:41.882+0000] {processor.py:183} INFO - Processing /home/airflow/.local/lib/python3.12/site-packages/airflow/example_dags/example_branch_datetime_operator.py took 0.171 seconds
[2026-08-02T19:01:12.855+0000] {processor.py:161} INFO - Started process (PID=212) to work on /home/airflow/.local/lib/python3.12/site-packages/airflow/example_dags/example_branch_datetime_operator.py
[2026-08-02T19:01:12.856+0000] {processor.py:830} INFO - Processing file /home/airflow/.local/lib/python3.12/site-packages/airflow/example_dags/example_branch_datetime_operator.py for tasks to queue
[2026-08-02T19:01:12.859+0000] {logging_mixin.py:188} INFO - [2026-08-02T19:01:12.859+0000] {dagbag.py:545} INFO - Filling up the DagBag from /home/airflow/.local/lib/python3.12/site-packages/airflow/example_dags/example_branch_datetime_operator.py
[2026-08-02T19:01:12.868+0000] {processor.py:840} INFO - DAG(s) 'example_branch_datetime_operator_3', 'example_branch_datetime_operator', 'example_branch_datetime_operator_2' retrieved from /home/airflow/.local/lib/python3.12/site-packages/airflow/example_dags/example_branch_datetime_operator.py
[2026-08-02T19:01:12.893+0000] {logging_mixin.py:188} INFO - [2026-08-02T19:01:12.893+0000] {dag.py:3089} INFO - Sync 3 DAGs
[2026-08-02T19:01:12.914+0000] {logging_mixin.py:188} INFO - [2026-08-02T19:01:12.914+0000] {dag.py:3947} INFO - Setting next_dagrun for example_branch_datetime_operator to 2026-08-01 00:00:00+00:00, run_after=2026-08-02 00:00:00+00:00
[2026-08-02T19:01:12.919+0000] {logging_mixin.py:188} INFO - [2026-08-02T19:01:12.919+0000] {dag.py:3947} INFO - Setting next_dagrun for example_branch_datetime_operator_2 to 2026-08-01 00:00:00+00:00, run_after=2026-08-02 00:00:00+00:00
[2026-08-02T19:01:12.922+0000] {logging_mixin.py:188} INFO - [2026-08-02T19:01:12.922+0000] {dag.py:3947} INFO - Setting next_dagrun for example_branch_datetime_operator_3 to 2026-08-01 00:00:00+00:00, run_after=2026-08-02 00:00:00+00:00
[2026-08-02T19:01:12.937+0000] {processor.py:183} INFO - Processing /home/airflow/.local/lib/python3.12/site-packages/airflow/example_dags/example_branch_datetime_operator.py took 0.087 seconds
[2026-08-02T19:01:43.508+0000] {processor.py:161} INFO - Started process (PID=272) to work on /home/airflow/.local/lib/python3.12/site-packages/airflow/example_dags/example_branch_datetime_operator.py
[2026-08-02T19:01:43.510+0000] {processor.py:830} INFO - Processing file /home/airflow/.local/lib/python3.12/site-packages/airflow/example_dags/example_branch_datetime_operator.py for tasks to queue
[2026-08-02T19:01:43.513+0000] {logging_mixin.py:188} INFO - [2026-08-02T19:01:43.513+0000] {dagbag.py:545} INFO - Filling up the DagBag from /home/airflow/.local/lib/python3.12/site-packages/airflow/example_dags/example_branch_datetime_operator.py
[2026-08-02T19:01:43.524+0000] {processor.py:840} INFO - DAG(s) 'example_branch_datetime_operator', 'example_branch_datetime_operator_3', 'example_branch_datetime_operator_2' retrieved from /home/airflow/.local/lib/python3.12/site-packages/airflow/example_dags/example_branch_datetime_operator.py
[2026-08-02T19:01:43.549+0000] {logging_mixin.py:188} INFO - [2026-08-02T19:01:43.549+0000] {dag.py:3089} INFO - Sync 3 DAGs
[2026-08-02T19:01:43.571+0000] {logging_mixin.py:188} INFO - [2026-08-02T19:01:43.571+0000] {dag.py:3947} INFO - Setting next_dagrun for example_branch_datetime_operator to 2026-08-01 00:00:00+00:00, run_after=2026-08-02 00:00:00+00:00
[2026-08-02T19:01:43.576+0000] {logging_mixin.py:188} INFO - [2026-08-02T19:01:43.576+0000] {dag.py:3947} INFO - Setting next_dagrun for example_branch_datetime_operator_2 to 2026-08-01 00:00:00+00:00, run_after=2026-08-02 00:00:00+00:00
[2026-08-02T19:01:43.579+0000] {logging_mixin.py:188} INFO - [2026-08-02T19:01:43.579+0000] {dag.py:3947} INFO - Setting next_dagrun for example_branch_datetime_operator_3 to 2026-08-01 00:00:00+00:00, run_after=2026-08-02 00:00:00+00:00
[2026-08-02T19:01:43.596+0000] {processor.py:183} INFO - Processing /home/airflow/.local/lib/python3.12/site-packages/airflow/example_dags/example_branch_datetime_operator.py took 0.097 seconds
[2026-08-02T19:02:13.708+0000] {processor.py:161} INFO - Started process (PID=331) to work on /home/airflow/.local/lib/python3.12/site-packages/airflow/example_dags/example_branch_datetime_operator.py
[2026-08-02T19:02:13.709+0000] {processor.py:830} INFO - Processing file /home/airflow/.local/lib/python3.12/site-packages/airflow/example_dags/example_branch_datetime_operator.py for tasks to queue
[2026-08-02T19:02:13.711+0000] {logging_mixin.py:188} INFO - [2026-08-02T19:02:13.711+0000] {dagbag.py:545} INFO - Filling up the DagBag from /home/airflow/.local/lib/python3.12/site-packages/airflow/example_dags/example_branch_datetime_operator.py
[2026-08-02T19:02:13.719+0000] {processor.py:840} INFO - DAG(s) 'example_branch_datetime_operator_3', 'example_branch_datetime_operator', 'example_branch_datetime_operator_2' retrieved from /home/airflow/.local/lib/python3.12/site-packages/airflow/example_dags/example_branch_datetime_operator.py
[2026-08-02T19:02:13.743+0000] {logging_mixin.py:188} INFO - [2026-08-02T19:02:13.742+0000] {dag.py:3089} INFO - Sync 3 DAGs
[2026-08-02T19:02:13.760+0000] {logging_mixin.py:188} INFO - [2026-08-02T19:02:13.760+0000] {dag.py:3947} INFO - Setting next_dagrun for example_branch_datetime_operator to 2026-08-01 00:00:00+00:00, run_after=2026-08-02 00:00:00+00:00
[2026-08-02T19:02:13.764+0000] {logging_mixin.py:188} INFO - [2026-08-02T19:02:13.763+0000] {dag.py:3947} INFO - Setting next_dagrun for example_branch_datetime_operator_2 to 2026-08-01 00:00:00+00:00, run_after=2026-08-02 00:00:00+00:00
[2026-08-02T19:02:13.766+0000] {logging_mixin.py:188} INFO - [2026-08-02T19:02:13.765+0000] {dag.py:3947} INFO - Setting next_dagrun for example_branch_datetime_operator_3 to 2026-08-01 00:00:00+00:00, run_after=2026-08-02 00:00:00+00:00
[2026-08-02T19:02:13.779+0000] {processor.py:183} INFO - Processing /home/airflow/.local/lib/python3.12/site-packages/airflow/example_dags/example_branch_datetime_operator.py took 0.080 seconds
[2026-08-02T19:02:43.924+0000] {processor.py:161} INFO - Started process (PID=390) to work on /home/airflow/.local/lib/python3.12/site-packages/airflow/example_dags/example_branch_datetime_operator.py
[2026-08-02T19:02:43.926+0000] {processor.py:830} INFO - Processing file /home/airflow/.local/lib/python3.12/site-packages/airflow/example_dags/example_branch_datetime_operator.py for tasks to queue
[2026-08-02T19:02:43.929+0000] {logging_mixin.py:188} INFO - [2026-08-02T19:02:43.928+0000] {dagbag.py:545} INFO - Filling up the DagBag from /home/airflow/.local/lib/python3.12/site-packages/airflow/example_dags/example_branch_datetime_operator.py
[2026-08-02T19:02:43.940+0000] {processor.py:840} INFO - DAG(s) 'example_branch_datetime_operator', 'example_branch_datetime_operator_2', 'example_branch_datetime_operator_3' retrieved from /home/airflow/.local/lib/python3.12/site-packages/airflow/example_dags/example_branch_datetime_operator.py
[2026-08-02T19:02:43.969+0000] {logging_mixin.py:188} INFO - [2026-08-02T19:02:43.969+0000] {dag.py:3089} INFO - Sync 3 DAGs
[2026-08-02T19:02:43.994+0000] {logging_mixin.py:188} INFO - [2026-08-02T19:02:43.994+0000] {dag.py:3947} INFO - Setting next_dagrun for example_branch_datetime_operator to 2026-08-01 00:00:00+00:00, run_after=2026-08-02 00:00:00+00:00
[2026-08-02T19:02:43.999+0000] {logging_mixin.py:188} INFO - [2026-08-02T19:02:43.999+0000] {dag.py:3947} INFO - Setting next_dagrun for example_branch_datetime_operator_2 to 2026-08-01 00:00:00+00:00, run_after=2026-08-02 00:00:00+00:00
[2026-08-02T19:02:44.001+0000] {logging_mixin.py:188} INFO - [2026-08-02T19:02:44.001+0000] {dag.py:3947} INFO - Setting next_dagrun for example_branch_datetime_operator_3 to 2026-08-01 00:00:00+00:00, run_after=2026-08-02 00:00:00+00:00
[2026-08-02T19:02:44.022+0000] {processor.py:183} INFO - Processing /home/airflow/.local/lib/python3.12/site-packages/airflow/example_dags/example_branch_datetime_operator.py took 0.103 seconds
[2026-08-02T19:03:14.195+0000] {processor.py:161} INFO - Started process (PID=449) to work on /home/airflow/.local/lib/python3.12/site-packages/airflow/example_dags/example_branch_datetime_operator.py
[2026-08-02T19:03:14.197+0000] {processor.py:830} INFO - Processing file /home/airflow/.local/lib/python3.12/site-packages/airflow/example_dags/example_branch_datetime_operator.py for tasks to queue
[2026-08-02T19:03:14.199+0000] {logging_mixin.py:188} INFO - [2026-08-02T19:03:14.199+0000] {dagbag.py:545} INFO - Filling up the DagBag from /home/airflow/.local/lib/python3.12/site-packages/airflow/example_dags/example_branch_datetime_operator.py
[2026-08-02T19:03:14.211+0000] {processor.py:840} INFO - DAG(s) 'example_branch_datetime_operator', 'example_branch_datetime_operator_3', 'example_branch_datetime_operator_2' retrieved from /home/airflow/.local/lib/python3.12/site-packages/airflow/example_dags/example_branch_datetime_operator.py
[2026-08-02T19:03:14.239+0000] {logging_mixin.py:188} INFO - [2026-08-02T19:03:14.239+0000] {dag.py:3089} INFO - Sync 3 DAGs
[2026-08-02T19:03:14.263+0000] {logging_mixin.py:188} INFO - [2026-08-02T19:03:14.263+0000] {dag.py:3947} INFO - Setting next_dagrun for example_branch_datetime_operator to 2026-08-01 00:00:00+00:00, run_after=2026-08-02 00:00:00+00:00
[2026-08-02T19:03:14.269+0000] {logging_mixin.py:188} INFO - [2026-08-02T19:03:14.269+0000] {dag.py:3947} INFO - Setting next_dagrun for example_branch_datetime_operator_2 to 2026-08-01 00:00:00+00:00, run_after=2026-08-02 00:00:00+00:00
[2026-08-02T19:03:14.273+0000] {logging_mixin.py:188} INFO - [2026-08-02T19:03:14.272+0000] {dag.py:3947} INFO - Setting next_dagrun for example_branch_datetime_operator_3 to 2026-08-01 00:00:00+00:00, run_after=2026-08-02 00:00:00+00:00
[2026-08-02T19:03:14.292+0000] {processor.py:183} INFO - Processing /home/airflow/.local/lib/python3.12/site-packages/airflow/example_dags/example_branch_datetime_operator.py took 0.104 seconds
[2026-08-02T19:03:45.074+0000] {processor.py:161} INFO - Started process (PID=508) to work on /home/airflow/.local/lib/python3.12/site-packages/airflow/example_dags/example_branch_datetime_operator.py
[2026-08-02T19:03:45.076+0000] {processor.py:830} INFO - Processing file /home/airflow/.local/lib/python3.12/site-packages/airflow/example_dags/example_branch_datetime_operator.py for tasks to queue
[2026-08-02T19:03:45.079+0000] {logging_mixin.py:188} INFO - [2026-08-02T19:03:45.078+0000] {dagbag.py:545} INFO - Filling up the DagBag from /home/airflow/.local/lib/python3.12/site-packages/airflow/example_dags/example_branch_datetime_operator.py
[2026-08-02T19:03:45.089+0000] {processor.py:840} INFO - DAG(s) 'example_branch_datetime_operator_2', 'example_branch_datetime_operator_3', 'example_branch_datetime_operator' retrieved from /home/airflow/.local/lib/python3.12/site-packages/airflow/example_dags/example_branch_datetime_operator.py
[2026-08-02T19:03:45.116+0000] {logging_mixin.py:188} INFO - [2026-08-02T19:03:45.116+0000] {dag.py:3089} INFO - Sync 3 DAGs
[2026-08-02T19:03:45.138+0000] {logging_mixin.py:188} INFO - [2026-08-02T19:03:45.138+0000] {dag.py:3947} INFO - Setting next_dagrun for example_branch_datetime_operator to 2026-08-01 00:00:00+00:00, run_after=2026-08-02 00:00:00+00:00
[2026-08-02T19:03:45.144+0000] {logging_mixin.py:188} INFO - [2026-08-02T19:03:45.143+0000] {dag.py:3947} INFO - Setting next_dagrun for example_branch_datetime_operator_2 to 2026-08-01 00:00:00+00:00, run_after=2026-08-02 00:00:00+00:00
[2026-08-02T19:03:45.147+0000] {logging_mixin.py:188} INFO - [2026-08-02T19:03:45.147+0000] {dag.py:3947} INFO - Setting next_dagrun for example_branch_datetime_operator_3 to 2026-08-01 00:00:00+00:00, run_after=2026-08-02 00:00:00+00:00
[2026-08-02T19:03:45.166+0000] {processor.py:183} INFO - Processing /home/airflow/.local/lib/python3.12/site-packages/airflow/example_dags/example_branch_datetime_operator.py took 0.103 seconds
[2026-08-02T19:04:16.071+0000] {processor.py:161} INFO - Started process (PID=567) to work on /home/airflow/.local/lib/python3.12/site-packages/airflow/example_dags/example_branch_datetime_operator.py
[2026-08-02T19:04:16.073+0000] {processor.py:830} INFO - Processing file /home/airflow/.local/lib/python3.12/site-packages/airflow/example_dags/example_branch_datetime_operator.py for tasks to queue
[2026-08-02T19:04:16.076+0000] {logging_mixin.py:188} INFO - [2026-08-02T19:04:16.075+0000] {dagbag.py:545} INFO - Filling up the DagBag from /home/airflow/.local/lib/python3.12/site-packages/airflow/example_dags/example_branch_datetime_operator.py
[2026-08-02T19:04:16.086+0000] {processor.py:840} INFO - DAG(s) 'example_branch_datetime_operator_3', 'example_branch_datetime_operator_2', 'example_branch_datetime_operator' retrieved from /home/airflow/.local/lib/python3.12/site-packages/airflow/example_dags/example_branch_datetime_operator.py
[2026-08-02T19:04:16.111+0000] {logging_mixin.py:188} INFO - [2026-08-02T19:04:16.111+0000] {dag.py:3089} INFO - Sync 3 DAGs
[2026-08-02T19:04:16.132+0000] {logging_mixin.py:188} INFO - [2026-08-02T19:04:16.132+0000] {dag.py:3947} INFO - Setting next_dagrun for example_branch_datetime_operator to 2026-08-01 00:00:00+00:00, run_after=2026-08-02 00:00:00+00:00
[2026-08-02T19:04:16.137+0000] {logging_mixin.py:188} INFO - [2026-08-02T19:04:16.136+0000] {dag.py:3947} INFO - Setting next_dagrun for example_branch_datetime_operator_2 to 2026-08-01 00:00:00+00:00, run_after=2026-08-02 00:00:00+00:00
[2026-08-02T19:04:16.139+0000] {logging_mixin.py:188} INFO - [2026-08-02T19:04:16.139+0000] {dag.py:3947} INFO - Setting next_dagrun for example_branch_datetime_operator_3 to 2026-08-01 00:00:00+00:00, run_after=2026-08-02 00:00:00+00:00
[2026-08-02T19:04:16.155+0000] {processor.py:183} INFO - Processing /home/airflow/.local/lib/python3.12/site-packages/airflow/example_dags/example_branch_datetime_operator.py took 0.094 seconds
[2026-08-02T19:04:46.641+0000] {processor.py:161} INFO - Started process (PID=626) to work on /home/airflow/.local/lib/python3.12/site-packages/airflow/example_dags/example_branch_datetime_operator.py
[2026-08-02T19:04:46.645+0000] {processor.py:830} INFO - Processing file /home/airflow/.local/lib/python3.12/site-packages/airflow/example_dags/example_branch_datetime_operator.py for tasks to queue
[2026-08-02T19:04:46.648+0000] {logging_mixin.py:188} INFO - [2026-08-02T19:04:46.648+0000] {dagbag.py:545} INFO - Filling up the DagBag from /home/airflow/.local/lib/python3.12/site-packages/airflow/example_dags/example_branch_datetime_operator.py
[2026-08-02T19:04:46.660+0000] {processor.py:840} INFO - DAG(s) 'example_branch_datetime_operator_3', 'example_branch_datetime_operator', 'example_branch_datetime_operator_2' retrieved from /home/airflow/.local/lib/python3.12/site-packages/airflow/example_dags/example_branch_datetime_operator.py
[2026-08-02T19:04:46.687+0000] {logging_mixin.py:188} INFO - [2026-08-02T19:04:46.687+0000] {dag.py:3089} INFO - Sync 3 DAGs
[2026-08-02T19:04:46.709+0000] {logging_mixin.py:188} INFO - [2026-08-02T19:04:46.709+0000] {dag.py:3947} INFO - Setting next_dagrun for example_branch_datetime_operator to 2026-08-01 00:00:00+00:00, run_after=2026-08-02 00:00:00+00:00
[2026-08-02T19:04:46.714+0000] {logging_mixin.py:188} INFO - [2026-08-02T19:04:46.714+0000] {dag.py:3947} INFO - Setting next_dagrun for example_branch_datetime_operator_2 to 2026-08-01 00:00:00+00:00, run_after=2026-08-02 00:00:00+00:00
[2026-08-02T19:04:46.717+0000] {logging_mixin.py:188} INFO - [2026-08-02T19:04:46.717+0000] {dag.py:3947} INFO - Setting next_dagrun for example_branch_datetime_operator_3 to 2026-08-01 00:00:00+00:00, run_after=2026-08-02 00:00:00+00:00
[2026-08-02T19:04:46.734+0000] {processor.py:183} INFO - Processing /home/airflow/.local/lib/python3.12/site-packages/airflow/example_dags/example_branch_datetime_operator.py took 0.101 seconds
[2026-08-02T19:05:17.339+0000] {processor.py:161} INFO - Started process (PID=685) to work on /home/airflow/.local/lib/python3.12/site-packages/airflow/example_dags/example_branch_datetime_operator.py
[2026-08-02T19:05:17.340+0000] {processor.py:830} INFO - Processing file /home/airflow/.local/lib/python3.12/site-packages/airflow/example_dags/example_branch_datetime_operator.py for tasks to queue
[2026-08-02T19:05:17.343+0000] {logging_mixin.py:188} INFO - [2026-08-02T19:05:17.342+0000] {dagbag.py:545} INFO - Filling up the DagBag from /home/airflow/.local/lib/python3.12/site-packages/airflow/example_dags/example_branch_datetime_operator.py
[2026-08-02T19:05:17.352+0000] {processor.py:840} INFO - DAG(s) 'example_branch_datetime_operator', 'example_branch_datetime_operator_2', 'example_branch_datetime_operator_3' retrieved from /home/airflow/.local/lib/python3.12/site-packages/airflow/example_dags/example_branch_datetime_operator.py
[2026-08-02T19:05:17.378+0000] {logging_mixin.py:188} INFO - [2026-08-02T19:05:17.378+0000] {dag.py:3089} INFO - Sync 3 DAGs
[2026-08-02T19:05:17.401+0000] {logging_mixin.py:188} INFO - [2026-08-02T19:05:17.401+0000] {dag.py:3947} INFO - Setting next_dagrun for example_branch_datetime_operator to 2026-08-01 00:00:00+00:00, run_after=2026-08-02 00:00:00+00:00
[2026-08-02T19:05:17.406+0000] {logging_mixin.py:188} INFO - [2026-08-02T19:05:17.406+0000] {dag.py:3947} INFO - Setting next_dagrun for example_branch_datetime_operator_2 to 2026-08-01 00:00:00+00:00, run_after=2026-08-02 00:00:00+00:00
[2026-08-02T19:05:17.409+0000] {logging_mixin.py:188} INFO - [2026-08-02T19:05:17.408+0000] {dag.py:3947} INFO - Setting next_dagrun for example_branch_datetime_operator_3 to 2026-08-01 00:00:00+00:00, run_after=2026-08-02 00:00:00+00:00
[2026-08-02T19:05:17.426+0000] {processor.py:183} INFO - Processing /home/airflow/.local/lib/python3.12/site-packages/airflow/example_dags/example_branch_datetime_operator.py took 0.093 seconds
[2026-08-02T19:05:47.903+0000] {processor.py:161} INFO - Started process (PID=744) to work on /home/airflow/.local/lib/python3.12/site-packages/airflow/example_dags/example_branch_datetime_operator.py
[2026-08-02T19:05:47.905+0000] {processor.py:830} INFO - Processing file /home/airflow/.local/lib/python3.12/site-packages/airflow/example_dags/example_branch_datetime_operator.py for tasks to queue
[2026-08-02T19:05:47.908+0000] {logging_mixin.py:188} INFO - [2026-08-02T19:05:47.908+0000] {dagbag.py:545} INFO - Filling up the DagBag from /home/airflow/.local/lib/python3.12/site-packages/airflow/example_dags/example_branch_datetime_operator.py
[2026-08-02T19:05:47.924+0000] {processor.py:840} INFO - DAG(s) 'example_branch_datetime_operator_2', 'example_branch_datetime_operator', 'example_branch_datetime_operator_3' retrieved from /home/airflow/.local/lib/python3.12/site-packages/airflow/example_dags/example_branch_datetime_operator.py
[2026-08-02T19:05:47.951+0000] {logging_mixin.py:188} INFO - [2026-08-02T19:05:47.950+0000] {dag.py:3089} INFO - Sync 3 DAGs
[2026-08-02T19:05:47.974+0000] {logging_mixin.py:188} INFO - [2026-08-02T19:05:47.974+0000] {dag.py:3947} INFO - Setting next_dagrun for example_branch_datetime_operator to 2026-08-01 00:00:00+00:00, run_after=2026-08-02 00:00:00+00:00
[2026-08-02T19:05:47.980+0000] {logging_mixin.py:188} INFO - [2026-08-02T19:05:47.979+0000] {dag.py:3947} INFO - Setting next_dagrun for example_branch_datetime_operator_2 to 2026-08-01 00:00:00+00:00, run_after=2026-08-02 00:00:00+00:00
[2026-08-02T19:05:47.982+0000] {logging_mixin.py:188} INFO - [2026-08-02T19:05:47.982+0000] {dag.py:3947} INFO - Setting next_dagrun for example_branch_datetime_operator_3 to 2026-08-01 00:00:00+00:00, run_after=2026-08-02 00:00:00+00:00
[2026-08-02T19:05:47.999+0000] {processor.py:183} INFO - Processing /home/airflow/.local/lib/python3.12/site-packages/airflow/example_dags/example_branch_datetime_operator.py took 0.102 seconds
[2026-08-02T19:06:18.412+0000] {processor.py:161} INFO - Started process (PID=803) to work on /home/airflow/.local/lib/python3.12/site-packages/airflow/example_dags/example_branch_datetime_operator.py
[2026-08-02T19:06:18.414+0000] {processor.py:830} INFO - Processing file /home/airflow/.local/lib/python3.12/site-packages/airflow/example_dags/example_branch_datetime_operator.py for tasks to queue
[2026-08-02T19:06:18.416+0000] {logging_mixin.py:188} INFO - [2026-08-02T19:06:18.416+0000] {dagbag.py:545} INFO - Filling up the DagBag from /home/airflow/.local/lib/python3.12/site-packages/airflow/example_dags/example_branch_datetime_operator.py
[2026-08-02T19:06:18.425+0000] {processor.py:840} INFO - DAG(s) 'example_branch_datetime_operator_2', 'example_branch_datetime_operator_3', 'example_branch_datetime_operator' retrieved from /home/airflow/.local/lib/python3.12/site-packages/airflow/example_dags/example_branch_datetime_operator.py
[2026-08-02T19:06:18.449+0000] {logging_mixin.py:188} INFO - [2026-08-02T19:06:18.449+0000] {dag.py:3089} INFO - Sync 3 DAGs
[2026-08-02T19:06:18.469+0000] {logging_mixin.py:188} INFO - [2026-08-02T19:06:18.469+0000] {dag.py:3947} INFO - Setting next_dagrun for example_branch_datetime_operator to 2026-08-01 00:00:00+00:00, run_after=2026-08-02 00:00:00+00:00
[2026-08-02T19:06:18.474+0000] {logging_mixin.py:188} INFO - [2026-08-02T19:06:18.474+0000] {dag.py:3947} INFO - Setting next_dagrun for example_branch_datetime_operator_2 to 2026-08-01 00:00:00+00:00, run_after=2026-08-02 00:00:00+00:00
[2026-08-02T19:06:18.477+0000] {logging_mixin.py:188} INFO - [2026-08-02T19:06:18.476+0000] {dag.py:3947} INFO - Setting next_dagrun for example_branch_datetime_operator_3 to 2026-08-01 00:00:00+00:00, run_after=2026-08-02 00:00:00+00:00
[2026-08-02T19:06:18.494+0000] {processor.py:183} INFO - Processing /home/airflow/.local/lib/python3.12/site-packages/airflow/example_dags/example_branch_datetime_operator.py took 0.089 seconds
[2026-08-02T19:06:49.113+0000] {processor.py:161} INFO - Started process (PID=862) to work on /home/airflow/.local/lib/python3.12/site-packages/airflow/example_dags/example_branch_datetime_operator.py
[2026-08-02T19:06:49.116+0000] {processor.py:830} INFO - Processing file /home/airflow/.local/lib/python3.12/site-packages/airflow/example_dags/example_branch_datetime_operator.py for tasks to queue
[2026-08-02T19:06:49.119+0000] {logging_mixin.py:188} INFO - [2026-08-02T19:06:49.119+0000] {dagbag.py:545} INFO - Filling up the DagBag from /home/airflow/.local/lib/python3.12/site-packages/airflow/example_dags/example_branch_datetime_operator.py
[2026-08-02T19:06:49.133+0000] {processor.py:840} INFO - DAG(s) 'example_branch_datetime_operator_3', 'example_branch_datetime_operator_2', 'example_branch_datetime_operator' retrieved from /home/airflow/.local/lib/python3.12/site-packages/airflow/example_dags/example_branch_datetime_operator.py
[2026-08-02T19:06:49.161+0000] {logging_mixin.py:188} INFO - [2026-08-02T19:06:49.160+0000] {dag.py:3089} INFO - Sync 3 DAGs
[2026-08-02T19:06:49.184+0000] {logging_mixin.py:188} INFO - [2026-08-02T19:06:49.184+0000] {dag.py:3947} INFO - Setting next_dagrun for example_branch_datetime_operator to 2026-08-01 00:00:00+00:00, run_after=2026-08-02 00:00:00+00:00
[2026-08-02T19:06:49.190+0000] {logging_mixin.py:188} INFO - [2026-08-02T19:06:49.190+0000] {dag.py:3947} INFO - Setting next_dagrun for example_branch_datetime_operator_2 to 2026-08-01 00:00:00+00:00, run_after=2026-08-02 00:00:00+00:00
[2026-08-02T19:06:49.192+0000] {logging_mixin.py:188} INFO - [2026-08-02T19:06:49.192+0000] {dag.py:3947} INFO - Setting next_dagrun for example_branch_datetime_operator_3 to 2026-08-01 00:00:00+00:00, run_after=2026-08-02 00:00:00+00:00
[2026-08-02T19:06:49.217+0000] {processor.py:183} INFO - Processing /home/airflow/.local/lib/python3.12/site-packages/airflow/example_dags/example_branch_datetime_operator.py took 0.111 seconds
[2026-08-02T19:07:19.657+0000] {processor.py:161} INFO - Started process (PID=921) to work on /home/airflow/.local/lib/python3.12/site-packages/airflow/example_dags/example_branch_datetime_operator.py
[2026-08-02T19:07:19.659+0000] {processor.py:830} INFO - Processing file /home/airflow/.local/lib/python3.12/site-packages/airflow/example_dags/example_branch_datetime_operator.py for tasks to queue
[2026-08-02T19:07:19.662+0000] {logging_mixin.py:188} INFO - [2026-08-02T19:07:19.662+0000] {dagbag.py:545} INFO - Filling up the DagBag from /home/airflow/.local/lib/python3.12/site-packages/airflow/example_dags/example_branch_datetime_operator.py
[2026-08-02T19:07:19.670+0000] {processor.py:840} INFO - DAG(s) 'example_branch_datetime_operator_3', 'example_branch_datetime_operator', 'example_branch_datetime_operator_2' retrieved from /home/airflow/.local/lib/python3.12/site-packages/airflow/example_dags/example_branch_datetime_operator.py
[2026-08-02T19:07:19.698+0000] {logging_mixin.py:188} INFO - [2026-08-02T19:07:19.698+0000] {dag.py:3089} INFO - Sync 3 DAGs
[2026-08-02T19:07:19.720+0000] {logging_mixin.py:188} INFO - [2026-08-02T19:07:19.719+0000] {dag.py:3947} INFO - Setting next_dagrun for example_branch_datetime_operator to 2026-08-01 00:00:00+00:00, run_after=2026-08-02 00:00:00+00:00
[2026-08-02T19:07:19.724+0000] {logging_mixin.py:188} INFO - [2026-08-02T19:07:19.724+0000] {dag.py:3947} INFO - Setting next_dagrun for example_branch_datetime_operator_2 to 2026-08-01 00:00:00+00:00, run_after=2026-08-02 00:00:00+00:00
[2026-08-02T19:07:19.727+0000] {logging_mixin.py:188} INFO - [2026-08-02T19:07:19.727+0000] {dag.py:3947} INFO - Setting next_dagrun for example_branch_datetime_operator_3 to 2026-08-01 00:00:00+00:00, run_after=2026-08-02 00:00:00+00:00
[2026-08-02T19:07:19.744+0000] {processor.py:183} INFO - Processing /home/airflow/.local/lib/python3.12/site-packages/airflow/example_dags/example_branch_datetime_operator.py took 0.093 seconds
[2026-08-02T19:07:50.276+0000] {processor.py:161} INFO - Started process (PID=980) to work on /home/airflow/.local/lib/python3.12/site-packages/airflow/example_dags/example_branch_datetime_operator.py
[2026-08-02T19:07:50.278+0000] {processor.py:830} INFO - Processing file /home/airflow/.local/lib/python3.12/site-packages/airflow/example_dags/example_branch_datetime_operator.py for tasks to queue
[2026-08-02T19:07:50.280+0000] {logging_mixin.py:188} INFO - [2026-08-02T19:07:50.280+0000] {dagbag.py:545} INFO - Filling up the DagBag from /home/airflow/.local/lib/python3.12/site-packages/airflow/example_dags/example_branch_datetime_operator.py
[2026-08-02T19:07:50.291+0000] {processor.py:840} INFO - DAG(s) 'example_branch_datetime_operator_3', 'example_branch_datetime_operator_2', 'example_branch_datetime_operator' retrieved from /home/airflow/.local/lib/python3.12/site-packages/airflow/example_dags/example_branch_datetime_operator.py
[2026-08-02T19:07:50.320+0000] {logging_mixin.py:188} INFO - [2026-08-02T19:07:50.320+0000] {dag.py:3089} INFO - Sync 3 DAGs
[2026-08-02T19:07:50.348+0000] {logging_mixin.py:188} INFO - [2026-08-02T19:07:50.348+0000] {dag.py:3947} INFO - Setting next_dagrun for example_branch_datetime_operator to 2026-08-01 00:00:00+00:00, run_after=2026-08-02 00:00:00+00:00
[2026-08-02T19:07:50.353+0000] {logging_mixin.py:188} INFO - [2026-08-02T19:07:50.353+0000] {dag.py:3947} INFO - Setting next_dagrun for example_branch_datetime_operator_2 to 2026-08-01 00:00:00+00:00, run_after=2026-08-02 00:00:00+00:00
[2026-08-02T19:07:50.356+0000] {logging_mixin.py:188} INFO - [2026-08-02T19:07:50.356+0000] {dag.py:3947} INFO - Setting next_dagrun for example_branch_datetime_operator_3 to 2026-08-01 00:00:00+00:00, run_after=2026-08-02 00:00:00+00:00
[2026-08-02T19:07:50.373+0000] {processor.py:183} INFO - Processing /home/airflow/.local/lib/python3.12/site-packages/airflow/example_dags/example_branch_datetime_operator.py took 0.109 seconds
[2026-08-02T19:08:20.571+0000] {processor.py:161} INFO - Started process (PID=1039) to work on /home/airflow/.local/lib/python3.12/site-packages/airflow/example_dags/example_branch_datetime_operator.py
[2026-08-02T19:08:20.573+0000] {processor.py:830} INFO - Processing file /home/airflow/.local/lib/python3.12/site-packages/airflow/example_dags/example_branch_datetime_operator.py for tasks to queue
[2026-08-02T19:08:20.575+0000] {logging_mixin.py:188} INFO - [2026-08-02T19:08:20.575+0000] {dagbag.py:545} INFO - Filling up the DagBag from /home/airflow/.local/lib/python3.12/site-packages/airflow/example_dags/example_branch_datetime_operator.py
[2026-08-02T19:08:20.585+0000] {processor.py:840} INFO - DAG(s) 'example_branch_datetime_operator_2', 'example_branch_datetime_operator', 'example_branch_datetime_operator_3' retrieved from /home/airflow/.local/lib/python3.12/site-packages/airflow/example_dags/example_branch_datetime_operator.py
[2026-08-02T19:08:20.614+0000] {logging_mixin.py:188} INFO - [2026-08-02T19:08:20.614+0000] {dag.py:3089} INFO - Sync 3 DAGs
[2026-08-02T19:08:20.636+0000] {logging_mixin.py:188} INFO - [2026-08-02T19:08:20.636+0000] {dag.py:3947} INFO - Setting next_dagrun for example_branch_datetime_operator to 2026-08-01 00:00:00+00:00, run_after=2026-08-02 00:00:00+00:00
[2026-08-02T19:08:20.642+0000] {logging_mixin.py:188} INFO - [2026-08-02T19:08:20.642+0000] {dag.py:3947} INFO - Setting next_dagrun for example_branch_datetime_operator_2 to 2026-08-01 00:00:00+00:00, run_after=2026-08-02 00:00:00+00:00
[2026-08-02T19:08:20.646+0000] {logging_mixin.py:188} INFO - [2026-08-02T19:08:20.645+0000] {dag.py:3947} INFO - Setting next_dagrun for example_branch_datetime_operator_3 to 2026-08-01 00:00:00+00:00, run_after=2026-08-02 00:00:00+00:00
[2026-08-02T19:08:20.666+0000] {processor.py:183} INFO - Processing /home/airflow/.local/lib/python3.12/site-packages/airflow/example_dags/example_branch_datetime_operator.py took 0.101 seconds
[2026-08-02T19:09:52.464+0000] {processor.py:161} INFO - Started process (PID=130) to work on /home/airflow/.local/lib/python3.12/site-packages/airflow/example_dags/example_branch_datetime_operator.py
[2026-08-02T19:09:52.466+0000] {processor.py:830} INFO - Processing file /home/airflow/.local/lib/python3.12/site-packages/airflow/example_dags/example_branch_datetime_operator.py for tasks to queue
[2026-08-02T19:09:52.468+0000] {logging_mixin.py:188} INFO - [2026-08-02T19:09:52.468+0000] {dagbag.py:545} INFO - Filling up the DagBag from /home/airflow/.local/lib/python3.12/site-packages/airflow/example_dags/example_branch_datetime_operator.py
[2026-08-02T19:09:52.480+0000] {processor.py:840} INFO - DAG(s) 'example_branch_datetime_operator_3', 'example_branch_datetime_operator_2', 'example_branch_datetime_operator' retrieved from /home/airflow/.local/lib/python3.12/site-packages/airflow/example_dags/example_branch_datetime_operator.py
[2026-08-02T19:09:52.614+0000] {logging_mixin.py:188} INFO - [2026-08-02T19:09:52.614+0000] {dag.py:3089} INFO - Sync 3 DAGs
[2026-08-02T19:09:52.638+0000] {logging_mixin.py:188} INFO - [2026-08-02T19:09:52.638+0000] {dag.py:3947} INFO - Setting next_dagrun for example_branch_datetime_operator to 2026-08-01 00:00:00+00:00, run_after=2026-08-02 00:00:00+00:00
[2026-08-02T19:09:52.644+0000] {logging_mixin.py:188} INFO - [2026-08-02T19:09:52.644+0000] {dag.py:3947} INFO - Setting next_dagrun for example_branch_datetime_operator_2 to 2026-08-01 00:00:00+00:00, run_after=2026-08-02 00:00:00+00:00
[2026-08-02T19:09:52.647+0000] {logging_mixin.py:188} INFO - [2026-08-02T19:09:52.647+0000] {dag.py:3947} INFO - Setting next_dagrun for example_branch_datetime_operator_3 to 2026-08-01 00:00:00+00:00, run_after=2026-08-02 00:00:00+00:00
[2026-08-02T19:09:52.668+0000] {processor.py:183} INFO - Processing /home/airflow/.local/lib/python3.12/site-packages/airflow/example_dags/example_branch_datetime_operator.py took 0.211 seconds
[2026-08-02T19:10:22.983+0000] {processor.py:161} INFO - Started process (PID=189) to work on /home/airflow/.local/lib/python3.12/site-packages/airflow/example_dags/example_branch_datetime_operator.py
[2026-08-02T19:10:22.985+0000] {processor.py:830} INFO - Processing file /home/airflow/.local/lib/python3.12/site-packages/airflow/example_dags/example_branch_datetime_operator.py for tasks to queue
[2026-08-02T19:10:22.987+0000] {logging_mixin.py:188} INFO - [2026-08-02T19:10:22.987+0000] {dagbag.py:545} INFO - Filling up the DagBag from /home/airflow/.local/lib/python3.12/site-packages/airflow/example_dags/example_branch_datetime_operator.py
[2026-08-02T19:10:22.996+0000] {processor.py:840} INFO - DAG(s) 'example_branch_datetime_operator', 'example_branch_datetime_operator_2', 'example_branch_datetime_operator_3' retrieved from /home/airflow/.local/lib/python3.12/site-packages/airflow/example_dags/example_branch_datetime_operator.py
[2026-08-02T19:10:23.022+0000] {logging_mixin.py:188} INFO - [2026-08-02T19:10:23.022+0000] {dag.py:3089} INFO - Sync 3 DAGs
[2026-08-02T19:10:23.044+0000] {logging_mixin.py:188} INFO - [2026-08-02T19:10:23.044+0000] {dag.py:3947} INFO - Setting next_dagrun for example_branch_datetime_operator to 2026-08-01 00:00:00+00:00, run_after=2026-08-02 00:00:00+00:00
[2026-08-02T19:10:23.049+0000] {logging_mixin.py:188} INFO - [2026-08-02T19:10:23.048+0000] {dag.py:3947} INFO - Setting next_dagrun for example_branch_datetime_operator_2 to 2026-08-01 00:00:00+00:00, run_after=2026-08-02 00:00:00+00:00
[2026-08-02T19:10:23.051+0000] {logging_mixin.py:188} INFO - [2026-08-02T19:10:23.051+0000] {dag.py:3947} INFO - Setting next_dagrun for example_branch_datetime_operator_3 to 2026-08-01 00:00:00+00:00, run_after=2026-08-02 00:00:00+00:00
[2026-08-02T19:10:23.068+0000] {processor.py:183} INFO - Processing /home/airflow/.local/lib/python3.12/site-packages/airflow/example_dags/example_branch_datetime_operator.py took 0.090 seconds
[2026-08-02T19:10:53.572+0000] {processor.py:161} INFO - Started process (PID=248) to work on /home/airflow/.local/lib/python3.12/site-packages/airflow/example_dags/example_branch_datetime_operator.py
[2026-08-02T19:10:53.573+0000] {processor.py:830} INFO - Processing file /home/airflow/.local/lib/python3.12/site-packages/airflow/example_dags/example_branch_datetime_operator.py for tasks to queue
[2026-08-02T19:10:53.576+0000] {logging_mixin.py:188} INFO - [2026-08-02T19:10:53.576+0000] {dagbag.py:545} INFO - Filling up the DagBag from /home/airflow/.local/lib/python3.12/site-packages/airflow/example_dags/example_branch_datetime_operator.py
[2026-08-02T19:10:53.585+0000] {processor.py:840} INFO - DAG(s) 'example_branch_datetime_operator', 'example_branch_datetime_operator_3', 'example_branch_datetime_operator_2' retrieved from /home/airflow/.local/lib/python3.12/site-packages/airflow/example_dags/example_branch_datetime_operator.py
[2026-08-02T19:10:53.615+0000] {logging_mixin.py:188} INFO - [2026-08-02T19:10:53.614+0000] {dag.py:3089} INFO - Sync 3 DAGs
[2026-08-02T19:10:53.638+0000] {logging_mixin.py:188} INFO - [2026-08-02T19:10:53.638+0000] {dag.py:3947} INFO - Setting next_dagrun for example_branch_datetime_operator to 2026-08-01 00:00:00+00:00, run_after=2026-08-02 00:00:00+00:00
[2026-08-02T19:10:53.645+0000] {logging_mixin.py:188} INFO - [2026-08-02T19:10:53.645+0000] {dag.py:3947} INFO - Setting next_dagrun for example_branch_datetime_operator_2 to 2026-08-01 00:00:00+00:00, run_after=2026-08-02 00:00:00+00:00
[2026-08-02T19:10:53.648+0000] {logging_mixin.py:188} INFO - [2026-08-02T19:10:53.648+0000] {dag.py:3947} INFO - Setting next_dagrun for example_branch_datetime_operator_3 to 2026-08-01 00:00:00+00:00, run_after=2026-08-02 00:00:00+00:00
[2026-08-02T19:10:53.667+0000] {processor.py:183} INFO - Processing /home/airflow/.local/lib/python3.12/site-packages/airflow/example_dags/example_branch_datetime_operator.py took 0.101 seconds
[2026-08-02T19:11:23.844+0000] {processor.py:161} INFO - Started process (PID=307) to work on /home/airflow/.local/lib/python3.12/site-packages/airflow/example_dags/example_branch_datetime_operator.py
[2026-08-02T19:11:23.846+0000] {processor.py:830} INFO - Processing file /home/airflow/.local/lib/python3.12/site-packages/airflow/example_dags/example_branch_datetime_operator.py for tasks to queue
[2026-08-02T19:11:23.848+0000] {logging_mixin.py:188} INFO - [2026-08-02T19:11:23.848+0000] {dagbag.py:545} INFO - Filling up the DagBag from /home/airflow/.local/lib/python3.12/site-packages/airflow/example_dags/example_branch_datetime_operator.py
[2026-08-02T19:11:23.858+0000] {processor.py:840} INFO - DAG(s) 'example_branch_datetime_operator_3', 'example_branch_datetime_operator_2', 'example_branch_datetime_operator' retrieved from /home/airflow/.local/lib/python3.12/site-packages/airflow/example_dags/example_branch_datetime_operator.py
[2026-08-02T19:11:23.885+0000] {logging_mixin.py:188} INFO - [2026-08-02T19:11:23.885+0000] {dag.py:3089} INFO - Sync 3 DAGs
[2026-08-02T19:11:23.909+0000] {logging_mixin.py:188} INFO - [2026-08-02T19:11:23.909+0000] {dag.py:3947} INFO - Setting next_dagrun for example_branch_datetime_operator to 2026-08-01 00:00:00+00:00, run_after=2026-08-02 00:00:00+00:00
[2026-08-02T19:11:23.915+0000] {logging_mixin.py:188} INFO - [2026-08-02T19:11:23.915+0000] {dag.py:3947} INFO - Setting next_dagrun for example_branch_datetime_operator_2 to 2026-08-01 00:00:00+00:00, run_after=2026-08-02 00:00:00+00:00
[2026-08-02T19:11:23.918+0000] {logging_mixin.py:188} INFO - [2026-08-02T19:11:23.918+0000] {dag.py:3947} INFO - Setting next_dagrun for example_branch_datetime_operator_3 to 2026-08-01 00:00:00+00:00, run_after=2026-08-02 00:00:00+00:00
[2026-08-02T19:11:23.939+0000] {processor.py:183} INFO - Processing /home/airflow/.local/lib/python3.12/site-packages/airflow/example_dags/example_branch_datetime_operator.py took 0.100 seconds
[2026-08-02T19:11:54.536+0000] {processor.py:161} INFO - Started process (PID=366) to work on /home/airflow/.local/lib/python3.12/site-packages/airflow/example_dags/example_branch_datetime_operator.py
[2026-08-02T19:11:54.537+0000] {processor.py:830} INFO - Processing file /home/airflow/.local/lib/python3.12/site-packages/airflow/example_dags/example_branch_datetime_operator.py for tasks to queue
[2026-08-02T19:11:54.540+0000] {logging_mixin.py:188} INFO - [2026-08-02T19:11:54.539+0000] {dagbag.py:545} INFO - Filling up the DagBag from /home/airflow/.local/lib/python3.12/site-packages/airflow/example_dags/example_branch_datetime_operator.py
[2026-08-02T19:11:54.552+0000] {processor.py:840} INFO - DAG(s) 'example_branch_datetime_operator', 'example_branch_datetime_operator_3', 'example_branch_datetime_operator_2' retrieved from /home/airflow/.local/lib/python3.12/site-packages/airflow/example_dags/example_branch_datetime_operator.py
[2026-08-02T19:11:54.580+0000] {logging_mixin.py:188} INFO - [2026-08-02T19:11:54.580+0000] {dag.py:3089} INFO - Sync 3 DAGs
[2026-08-02T19:11:54.603+0000] {logging_mixin.py:188} INFO - [2026-08-02T19:11:54.603+0000] {dag.py:3947} INFO - Setting next_dagrun for example_branch_datetime_operator to 2026-08-01 00:00:00+00:00, run_after=2026-08-02 00:00:00+00:00
[2026-08-02T19:11:54.609+0000] {logging_mixin.py:188} INFO - [2026-08-02T19:11:54.608+0000] {dag.py:3947} INFO - Setting next_dagrun for example_branch_datetime_operator_2 to 2026-08-01 00:00:00+00:00, run_after=2026-08-02 00:00:00+00:00
[2026-08-02T19:11:54.611+0000] {logging_mixin.py:188} INFO - [2026-08-02T19:11:54.611+0000] {dag.py:3947} INFO - Setting next_dagrun for example_branch_datetime_operator_3 to 2026-08-01 00:00:00+00:00, run_after=2026-08-02 00:00:00+00:00
[2026-08-02T19:11:54.629+0000] {processor.py:183} INFO - Processing /home/airflow/.local/lib/python3.12/site-packages/airflow/example_dags/example_branch_datetime_operator.py took 0.099 seconds
[2026-08-02T19:12:24.845+0000] {processor.py:161} INFO - Started process (PID=425) to work on /home/airflow/.local/lib/python3.12/site-packages/airflow/example_dags/example_branch_datetime_operator.py
[2026-08-02T19:12:24.847+0000] {processor.py:830} INFO - Processing file /home/airflow/.local/lib/python3.12/site-packages/airflow/example_dags/example_branch_datetime_operator.py for tasks to queue
[2026-08-02T19:12:24.850+0000] {logging_mixin.py:188} INFO - [2026-08-02T19:12:24.850+0000] {dagbag.py:545} INFO - Filling up the DagBag from /home/airflow/.local/lib/python3.12/site-packages/airflow/example_dags/example_branch_datetime_operator.py
[2026-08-02T19:12:24.860+0000] {processor.py:840} INFO - DAG(s) 'example_branch_datetime_operator_2', 'example_branch_datetime_operator', 'example_branch_datetime_operator_3' retrieved from /home/airflow/.local/lib/python3.12/site-packages/airflow/example_dags/example_branch_datetime_operator.py
[2026-08-02T19:12:24.887+0000] {logging_mixin.py:188} INFO - [2026-08-02T19:12:24.887+0000] {dag.py:3089} INFO - Sync 3 DAGs
[2026-08-02T19:12:24.910+0000] {logging_mixin.py:188} INFO - [2026-08-02T19:12:24.909+0000] {dag.py:3947} INFO - Setting next_dagrun for example_branch_datetime_operator to 2026-08-01 00:00:00+00:00, run_after=2026-08-02 00:00:00+00:00
[2026-08-02T19:12:24.915+0000] {logging_mixin.py:188} INFO - [2026-08-02T19:12:24.915+0000] {dag.py:3947} INFO - Setting next_dagrun for example_branch_datetime_operator_2 to 2026-08-01 00:00:00+00:00, run_after=2026-08-02 00:00:00+00:00
[2026-08-02T19:12:24.918+0000] {logging_mixin.py:188} INFO - [2026-08-02T19:12:24.918+0000] {dag.py:3947} INFO - Setting next_dagrun for example_branch_datetime_operator_3 to 2026-08-01 00:00:00+00:00, run_after=2026-08-02 00:00:00+00:00
[2026-08-02T19:12:24.936+0000] {processor.py:183} INFO - Processing /home/airflow/.local/lib/python3.12/site-packages/airflow/example_dags/example_branch_datetime_operator.py took 0.097 seconds
[2026-08-02T19:12:55.393+0000] {processor.py:161} INFO - Started process (PID=484) to work on /home/airflow/.local/lib/python3.12/site-packages/airflow/example_dags/example_branch_datetime_operator.py
[2026-08-02T19:12:55.394+0000] {processor.py:830} INFO - Processing file /home/airflow/.local/lib/python3.12/site-packages/airflow/example_dags/example_branch_datetime_operator.py for tasks to queue
[2026-08-02T19:12:55.397+0000] {logging_mixin.py:188} INFO - [2026-08-02T19:12:55.396+0000] {dagbag.py:545} INFO - Filling up the DagBag from /home/airflow/.local/lib/python3.12/site-packages/airflow/example_dags/example_branch_datetime_operator.py
[2026-08-02T19:12:55.407+0000] {processor.py:840} INFO - DAG(s) 'example_branch_datetime_operator', 'example_branch_datetime_operator_2', 'example_branch_datetime_operator_3' retrieved from /home/airflow/.local/lib/python3.12/site-packages/airflow/example_dags/example_branch_datetime_operator.py
[2026-08-02T19:12:55.443+0000] {logging_mixin.py:188} INFO - [2026-08-02T19:12:55.442+0000] {dag.py:3089} INFO - Sync 3 DAGs
[2026-08-02T19:12:55.467+0000] {logging_mixin.py:188} INFO - [2026-08-02T19:12:55.466+0000] {dag.py:3947} INFO - Setting next_dagrun for example_branch_datetime_operator to 2026-08-01 00:00:00+00:00, run_after=2026-08-02 00:00:00+00:00
[2026-08-02T19:12:55.472+0000] {logging_mixin.py:188} INFO - [2026-08-02T19:12:55.472+0000] {dag.py:3947} INFO - Setting next_dagrun for example_branch_datetime_operator_2 to 2026-08-01 00:00:00+00:00, run_after=2026-08-02 00:00:00+00:00
[2026-08-02T19:12:55.475+0000] {logging_mixin.py:188} INFO - [2026-08-02T19:12:55.475+0000] {dag.py:3947} INFO - Setting next_dagrun for example_branch_datetime_operator_3 to 2026-08-01 00:00:00+00:00, run_after=2026-08-02 00:00:00+00:00
[2026-08-02T19:12:55.496+0000] {processor.py:183} INFO - Processing /home/airflow/.local/lib/python3.12/site-packages/airflow/example_dags/example_branch_datetime_operator.py took 0.110 seconds
[2026-08-02T19:13:25.865+0000] {processor.py:161} INFO - Started process (PID=543) to work on /home/airflow/.local/lib/python3.12/site-packages/airflow/example_dags/example_branch_datetime_operator.py
[2026-08-02T19:13:25.868+0000] {processor.py:830} INFO - Processing file /home/airflow/.local/lib/python3.12/site-packages/airflow/example_dags/example_branch_datetime_operator.py for tasks to queue
[2026-08-02T19:13:25.875+0000] {logging_mixin.py:188} INFO - [2026-08-02T19:13:25.874+0000] {dagbag.py:545} INFO - Filling up the DagBag from /home/airflow/.local/lib/python3.12/site-packages/airflow/example_dags/example_branch_datetime_operator.py
[2026-08-02T19:13:25.899+0000] {processor.py:840} INFO - DAG(s) 'example_branch_datetime_operator_2', 'example_branch_datetime_operator_3', 'example_branch_datetime_operator' retrieved from /home/airflow/.local/lib/python3.12/site-packages/airflow/example_dags/example_branch_datetime_operator.py
[2026-08-02T19:13:25.940+0000] {logging_mixin.py:188} INFO - [2026-08-02T19:13:25.940+0000] {dag.py:3089} INFO - Sync 3 DAGs
[2026-08-02T19:13:25.971+0000] {logging_mixin.py:188} INFO - [2026-08-02T19:13:25.971+0000] {dag.py:3947} INFO - Setting next_dagrun for example_branch_datetime_operator to 2026-08-01 00:00:00+00:00, run_after=2026-08-02 00:00:00+00:00
[2026-08-02T19:13:25.976+0000] {logging_mixin.py:188} INFO - [2026-08-02T19:13:25.976+0000] {dag.py:3947} INFO - Setting next_dagrun for example_branch_datetime_operator_2 to 2026-08-01 00:00:00+00:00, run_after=2026-08-02 00:00:00+00:00
[2026-08-02T19:13:25.979+0000] {logging_mixin.py:188} INFO - [2026-08-02T19:13:25.979+0000] {dag.py:3947} INFO - Setting next_dagrun for example_branch_datetime_operator_3 to 2026-08-01 00:00:00+00:00, run_after=2026-08-02 00:00:00+00:00
[2026-08-02T19:13:26.007+0000] {processor.py:183} INFO - Processing /home/airflow/.local/lib/python3.12/site-packages/airflow/example_dags/example_branch_datetime_operator.py took 0.161 seconds
[2026-08-02T19:13:56.512+0000] {processor.py:161} INFO - Started process (PID=602) to work on /home/airflow/.local/lib/python3.12/site-packages/airflow/example_dags/example_branch_datetime_operator.py
[2026-08-02T19:13:56.513+0000] {processor.py:830} INFO - Processing file /home/airflow/.local/lib/python3.12/site-packages/airflow/example_dags/example_branch_datetime_operator.py for tasks to queue
[2026-08-02T19:13:56.515+0000] {logging_mixin.py:188} INFO - [2026-08-02T19:13:56.515+0000] {dagbag.py:545} INFO - Filling up the DagBag from /home/airflow/.local/lib/python3.12/site-packages/airflow/example_dags/example_branch_datetime_operator.py
[2026-08-02T19:13:56.525+0000] {processor.py:840} INFO - DAG(s) 'example_branch_datetime_operator', 'example_branch_datetime_operator_2', 'example_branch_datetime_operator_3' retrieved from /home/airflow/.local/lib/python3.12/site-packages/airflow/example_dags/example_branch_datetime_operator.py
[2026-08-02T19:13:56.551+0000] {logging_mixin.py:188} INFO - [2026-08-02T19:13:56.551+0000] {dag.py:3089} INFO - Sync 3 DAGs
[2026-08-02T19:13:56.572+0000] {logging_mixin.py:188} INFO - [2026-08-02T19:13:56.572+0000] {dag.py:3947} INFO - Setting next_dagrun for example_branch_datetime_operator to 2026-08-01 00:00:00+00:00, run_after=2026-08-02 00:00:00+00:00
[2026-08-02T19:13:56.577+0000] {logging_mixin.py:188} INFO - [2026-08-02T19:13:56.577+0000] {dag.py:3947} INFO - Setting next_dagrun for example_branch_datetime_operator_2 to 2026-08-01 00:00:00+00:00, run_after=2026-08-02 00:00:00+00:00
[2026-08-02T19:13:56.580+0000] {logging_mixin.py:188} INFO - [2026-08-02T19:13:56.580+0000] {dag.py:3947} INFO - Setting next_dagrun for example_branch_datetime_operator_3 to 2026-08-01 00:00:00+00:00, run_after=2026-08-02 00:00:00+00:00
[2026-08-02T19:13:56.595+0000] {processor.py:183} INFO - Processing /home/airflow/.local/lib/python3.12/site-packages/airflow/example_dags/example_branch_datetime_operator.py took 0.090 seconds
[2026-08-02T19:14:27.365+0000] {processor.py:161} INFO - Started process (PID=661) to work on /home/airflow/.local/lib/python3.12/site-packages/airflow/example_dags/example_branch_datetime_operator.py
[2026-08-02T19:14:27.366+0000] {processor.py:830} INFO - Processing file /home/airflow/.local/lib/python3.12/site-packages/airflow/example_dags/example_branch_datetime_operator.py for tasks to queue
[2026-08-02T19:14:27.368+0000] {logging_mixin.py:188} INFO - [2026-08-02T19:14:27.368+0000] {dagbag.py:545} INFO - Filling up the DagBag from /home/airflow/.local/lib/python3.12/site-packages/airflow/example_dags/example_branch_datetime_operator.py
[2026-08-02T19:14:27.378+0000] {processor.py:840} INFO - DAG(s) 'example_branch_datetime_operator', 'example_branch_datetime_operator_3', 'example_branch_datetime_operator_2' retrieved from /home/airflow/.local/lib/python3.12/site-packages/airflow/example_dags/example_branch_datetime_operator.py
[2026-08-02T19:14:27.404+0000] {logging_mixin.py:188} INFO - [2026-08-02T19:14:27.404+0000] {dag.py:3089} INFO - Sync 3 DAGs
[2026-08-02T19:14:27.428+0000] {logging_mixin.py:188} INFO - [2026-08-02T19:14:27.427+0000] {dag.py:3947} INFO - Setting next_dagrun for example_branch_datetime_operator to 2026-08-01 00:00:00+00:00, run_after=2026-08-02 00:00:00+00:00
[2026-08-02T19:14:27.433+0000] {logging_mixin.py:188} INFO - [2026-08-02T19:14:27.433+0000] {dag.py:3947} INFO - Setting next_dagrun for example_branch_datetime_operator_2 to 2026-08-01 00:00:00+00:00, run_after=2026-08-02 00:00:00+00:00
[2026-08-02T19:14:27.436+0000] {logging_mixin.py:188} INFO - [2026-08-02T19:14:27.436+0000] {dag.py:3947} INFO - Setting next_dagrun for example_branch_datetime_operator_3 to 2026-08-01 00:00:00+00:00, run_after=2026-08-02 00:00:00+00:00
[2026-08-02T19:14:27.471+0000] {processor.py:183} INFO - Processing /home/airflow/.local/lib/python3.12/site-packages/airflow/example_dags/example_branch_datetime_operator.py took 0.112 seconds
[2026-08-02T19:14:57.802+0000] {processor.py:161} INFO - Started process (PID=720) to work on /home/airflow/.local/lib/python3.12/site-packages/airflow/example_dags/example_branch_datetime_operator.py
[2026-08-02T19:14:57.803+0000] {processor.py:830} INFO - Processing file /home/airflow/.local/lib/python3.12/site-packages/airflow/example_dags/example_branch_datetime_operator.py for tasks to queue
[2026-08-02T19:14:57.805+0000] {logging_mixin.py:188} INFO - [2026-08-02T19:14:57.805+0000] {dagbag.py:545} INFO - Filling up the DagBag from /home/airflow/.local/lib/python3.12/site-packages/airflow/example_dags/example_branch_datetime_operator.py
[2026-08-02T19:14:57.814+0000] {processor.py:840} INFO - DAG(s) 'example_branch_datetime_operator', 'example_branch_datetime_operator_2', 'example_branch_datetime_operator_3' retrieved from /home/airflow/.local/lib/python3.12/site-packages/airflow/example_dags/example_branch_datetime_operator.py
[2026-08-02T19:14:57.837+0000] {logging_mixin.py:188} INFO - [2026-08-02T19:14:57.837+0000] {dag.py:3089} INFO - Sync 3 DAGs
[2026-08-02T19:14:57.856+0000] {logging_mixin.py:188} INFO - [2026-08-02T19:14:57.856+0000] {dag.py:3947} INFO - Setting next_dagrun for example_branch_datetime_operator to 2026-08-01 00:00:00+00:00, run_after=2026-08-02 00:00:00+00:00
[2026-08-02T19:14:57.861+0000] {logging_mixin.py:188} INFO - [2026-08-02T19:14:57.861+0000] {dag.py:3947} INFO - Setting next_dagrun for example_branch_datetime_operator_2 to 2026-08-01 00:00:00+00:00, run_after=2026-08-02 00:00:00+00:00
[2026-08-02T19:14:57.863+0000] {logging_mixin.py:188} INFO - [2026-08-02T19:14:57.863+0000] {dag.py:3947} INFO - Setting next_dagrun for example_branch_datetime_operator_3 to 2026-08-01 00:00:00+00:00, run_after=2026-08-02 00:00:00+00:00
[2026-08-02T19:14:57.879+0000] {processor.py:183} INFO - Processing /home/airflow/.local/lib/python3.12/site-packages/airflow/example_dags/example_branch_datetime_operator.py took 0.082 seconds
[2026-08-02T19:15:28.166+0000] {processor.py:161} INFO - Started process (PID=779) to work on /home/airflow/.local/lib/python3.12/site-packages/airflow/example_dags/example_branch_datetime_operator.py
[2026-08-02T19:15:28.167+0000] {processor.py:830} INFO - Processing file /home/airflow/.local/lib/python3.12/site-packages/airflow/example_dags/example_branch_datetime_operator.py for tasks to queue
[2026-08-02T19:15:28.170+0000] {logging_mixin.py:188} INFO - [2026-08-02T19:15:28.170+0000] {dagbag.py:545} INFO - Filling up the DagBag from /home/airflow/.local/lib/python3.12/site-packages/airflow/example_dags/example_branch_datetime_operator.py
[2026-08-02T19:15:28.181+0000] {processor.py:840} INFO - DAG(s) 'example_branch_datetime_operator_2', 'example_branch_datetime_operator', 'example_branch_datetime_operator_3' retrieved from /home/airflow/.local/lib/python3.12/site-packages/airflow/example_dags/example_branch_datetime_operator.py
[2026-08-02T19:15:28.210+0000] {logging_mixin.py:188} INFO - [2026-08-02T19:15:28.209+0000] {dag.py:3089} INFO - Sync 3 DAGs
[2026-08-02T19:15:28.236+0000] {logging_mixin.py:188} INFO - [2026-08-02T19:15:28.235+0000] {dag.py:3947} INFO - Setting next_dagrun for example_branch_datetime_operator to 2026-08-01 00:00:00+00:00, run_after=2026-08-02 00:00:00+00:00
[2026-08-02T19:15:28.241+0000] {logging_mixin.py:188} INFO - [2026-08-02T19:15:28.241+0000] {dag.py:3947} INFO - Setting next_dagrun for example_branch_datetime_operator_2 to 2026-08-01 00:00:00+00:00, run_after=2026-08-02 00:00:00+00:00
[2026-08-02T19:15:28.243+0000] {logging_mixin.py:188} INFO - [2026-08-02T19:15:28.243+0000] {dag.py:3947} INFO - Setting next_dagrun for example_branch_datetime_operator_3 to 2026-08-01 00:00:00+00:00, run_after=2026-08-02 00:00:00+00:00
[2026-08-02T19:15:28.260+0000] {processor.py:183} INFO - Processing /home/airflow/.local/lib/python3.12/site-packages/airflow/example_dags/example_branch_datetime_operator.py took 0.101 seconds
[2026-08-02T19:15:59.090+0000] {processor.py:161} INFO - Started process (PID=838) to work on /home/airflow/.local/lib/python3.12/site-packages/airflow/example_dags/example_branch_datetime_operator.py
[2026-08-02T19:15:59.092+0000] {processor.py:830} INFO - Processing file /home/airflow/.local/lib/python3.12/site-packages/airflow/example_dags/example_branch_datetime_operator.py for tasks to queue
[2026-08-02T19:15:59.095+0000] {logging_mixin.py:188} INFO - [2026-08-02T19:15:59.094+0000] {dagbag.py:545} INFO - Filling up the DagBag from /home/airflow/.local/lib/python3.12/site-packages/airflow/example_dags/example_branch_datetime_operator.py
[2026-08-02T19:15:59.106+0000] {processor.py:840} INFO - DAG(s) 'example_branch_datetime_operator_3', 'example_branch_datetime_operator_2', 'example_branch_datetime_operator' retrieved from /home/airflow/.local/lib/python3.12/site-packages/airflow/example_dags/example_branch_datetime_operator.py
[2026-08-02T19:15:59.139+0000] {logging_mixin.py:188} INFO - [2026-08-02T19:15:59.139+0000] {dag.py:3089} INFO - Sync 3 DAGs
[2026-08-02T19:15:59.165+0000] {logging_mixin.py:188} INFO - [2026-08-02T19:15:59.164+0000] {dag.py:3947} INFO - Setting next_dagrun for example_branch_datetime_operator to 2026-08-01 00:00:00+00:00, run_after=2026-08-02 00:00:00+00:00
[2026-08-02T19:15:59.171+0000] {logging_mixin.py:188} INFO - [2026-08-02T19:15:59.171+0000] {dag.py:3947} INFO - Setting next_dagrun for example_branch_datetime_operator_2 to 2026-08-01 00:00:00+00:00, run_after=2026-08-02 00:00:00+00:00
[2026-08-02T19:15:59.174+0000] {logging_mixin.py:188} INFO - [2026-08-02T19:15:59.173+0000] {dag.py:3947} INFO - Setting next_dagrun for example_branch_datetime_operator_3 to 2026-08-01 00:00:00+00:00, run_after=2026-08-02 00:00:00+00:00
[2026-08-02T19:15:59.194+0000] {processor.py:183} INFO - Processing /home/airflow/.local/lib/python3.12/site-packages/airflow/example_dags/example_branch_datetime_operator.py took 0.109 seconds
[2026-08-02T19:16:29.709+0000] {processor.py:161} INFO - Started process (PID=897) to work on /home/airflow/.local/lib/python3.12/site-packages/airflow/example_dags/example_branch_datetime_operator.py
[2026-08-02T19:16:29.711+0000] {processor.py:830} INFO - Processing file /home/airflow/.local/lib/python3.12/site-packages/airflow/example_dags/example_branch_datetime_operator.py for tasks to queue
[2026-08-02T19:16:29.714+0000] {logging_mixin.py:188} INFO - [2026-08-02T19:16:29.713+0000] {dagbag.py:545} INFO - Filling up the DagBag from /home/airflow/.local/lib/python3.12/site-packages/airflow/example_dags/example_branch_datetime_operator.py
[2026-08-02T19:16:29.725+0000] {processor.py:840} INFO - DAG(s) 'example_branch_datetime_operator', 'example_branch_datetime_operator_3', 'example_branch_datetime_operator_2' retrieved from /home/airflow/.local/lib/python3.12/site-packages/airflow/example_dags/example_branch_datetime_operator.py
[2026-08-02T19:16:29.756+0000] {logging_mixin.py:188} INFO - [2026-08-02T19:16:29.756+0000] {dag.py:3089} INFO - Sync 3 DAGs
[2026-08-02T19:16:29.783+0000] {logging_mixin.py:188} INFO - [2026-08-02T19:16:29.783+0000] {dag.py:3947} INFO - Setting next_dagrun for example_branch_datetime_operator to 2026-08-01 00:00:00+00:00, run_after=2026-08-02 00:00:00+00:00
[2026-08-02T19:16:29.790+0000] {logging_mixin.py:188} INFO - [2026-08-02T19:16:29.790+0000] {dag.py:3947} INFO - Setting next_dagrun for example_branch_datetime_operator_2 to 2026-08-01 00:00:00+00:00, run_after=2026-08-02 00:00:00+00:00
[2026-08-02T19:16:29.793+0000] {logging_mixin.py:188} INFO - [2026-08-02T19:16:29.793+0000] {dag.py:3947} INFO - Setting next_dagrun for example_branch_datetime_operator_3 to 2026-08-01 00:00:00+00:00, run_after=2026-08-02 00:00:00+00:00
[2026-08-02T19:16:29.818+0000] {processor.py:183} INFO - Processing /home/airflow/.local/lib/python3.12/site-packages/airflow/example_dags/example_branch_datetime_operator.py took 0.117 seconds
[2026-08-02T19:17:00.289+0000] {processor.py:161} INFO - Started process (PID=956) to work on /home/airflow/.local/lib/python3.12/site-packages/airflow/example_dags/example_branch_datetime_operator.py
[2026-08-02T19:17:00.291+0000] {processor.py:830} INFO - Processing file /home/airflow/.local/lib/python3.12/site-packages/airflow/example_dags/example_branch_datetime_operator.py for tasks to queue
[2026-08-02T19:17:00.294+0000] {logging_mixin.py:188} INFO - [2026-08-02T19:17:00.293+0000] {dagbag.py:545} INFO - Filling up the DagBag from /home/airflow/.local/lib/python3.12/site-packages/airflow/example_dags/example_branch_datetime_operator.py
[2026-08-02T19:17:00.303+0000] {processor.py:840} INFO - DAG(s) 'example_branch_datetime_operator', 'example_branch_datetime_operator_2', 'example_branch_datetime_operator_3' retrieved from /home/airflow/.local/lib/python3.12/site-packages/airflow/example_dags/example_branch_datetime_operator.py
[2026-08-02T19:17:00.332+0000] {logging_mixin.py:188} INFO - [2026-08-02T19:17:00.331+0000] {dag.py:3089} INFO - Sync 3 DAGs
[2026-08-02T19:17:00.354+0000] {logging_mixin.py:188} INFO - [2026-08-02T19:17:00.354+0000] {dag.py:3947} INFO - Setting next_dagrun for example_branch_datetime_operator to 2026-08-01 00:00:00+00:00, run_after=2026-08-02 00:00:00+00:00
[2026-08-02T19:17:00.360+0000] {logging_mixin.py:188} INFO - [2026-08-02T19:17:00.360+0000] {dag.py:3947} INFO - Setting next_dagrun for example_branch_datetime_operator_2 to 2026-08-01 00:00:00+00:00, run_after=2026-08-02 00:00:00+00:00
[2026-08-02T19:17:00.363+0000] {logging_mixin.py:188} INFO - [2026-08-02T19:17:00.363+0000] {dag.py:3947} INFO - Setting next_dagrun for example_branch_datetime_operator_3 to 2026-08-01 00:00:00+00:00, run_after=2026-08-02 00:00:00+00:00
[2026-08-02T19:17:00.386+0000] {processor.py:183} INFO - Processing /home/airflow/.local/lib/python3.12/site-packages/airflow/example_dags/example_branch_datetime_operator.py took 0.103 seconds
[2026-08-02T19:17:31.019+0000] {processor.py:161} INFO - Started process (PID=1015) to work on /home/airflow/.local/lib/python3.12/site-packages/airflow/example_dags/example_branch_datetime_operator.py
[2026-08-02T19:17:31.020+0000] {processor.py:830} INFO - Processing file /home/airflow/.local/lib/python3.12/site-packages/airflow/example_dags/example_branch_datetime_operator.py for tasks to queue
[2026-08-02T19:17:31.023+0000] {logging_mixin.py:188} INFO - [2026-08-02T19:17:31.022+0000] {dagbag.py:545} INFO - Filling up the DagBag from /home/airflow/.local/lib/python3.12/site-packages/airflow/example_dags/example_branch_datetime_operator.py
[2026-08-02T19:17:31.032+0000] {processor.py:840} INFO - DAG(s) 'example_branch_datetime_operator_2', 'example_branch_datetime_operator_3', 'example_branch_datetime_operator' retrieved from /home/airflow/.local/lib/python3.12/site-packages/airflow/example_dags/example_branch_datetime_operator.py
[2026-08-02T19:17:31.057+0000] {logging_mixin.py:188} INFO - [2026-08-02T19:17:31.057+0000] {dag.py:3089} INFO - Sync 3 DAGs
[2026-08-02T19:17:31.078+0000] {logging_mixin.py:188} INFO - [2026-08-02T19:17:31.078+0000] {dag.py:3947} INFO - Setting next_dagrun for example_branch_datetime_operator to 2026-08-01 00:00:00+00:00, run_after=2026-08-02 00:00:00+00:00
[2026-08-02T19:17:31.083+0000] {logging_mixin.py:188} INFO - [2026-08-02T19:17:31.083+0000] {dag.py:3947} INFO - Setting next_dagrun for example_branch_datetime_operator_2 to 2026-08-01 00:00:00+00:00, run_after=2026-08-02 00:00:00+00:00
[2026-08-02T19:17:31.085+0000] {logging_mixin.py:188} INFO - [2026-08-02T19:17:31.085+0000] {dag.py:3947} INFO - Setting next_dagrun for example_branch_datetime_operator_3 to 2026-08-01 00:00:00+00:00, run_after=2026-08-02 00:00:00+00:00
[2026-08-02T19:17:31.102+0000] {processor.py:183} INFO - Processing /home/airflow/.local/lib/python3.12/site-packages/airflow/example_dags/example_branch_datetime_operator.py took 0.089 seconds
[2026-08-02T19:18:01.883+0000] {processor.py:161} INFO - Started process (PID=1074) to work on /home/airflow/.local/lib/python3.12/site-packages/airflow/example_dags/example_branch_datetime_operator.py
[2026-08-02T19:18:01.885+0000] {processor.py:830} INFO - Processing file /home/airflow/.local/lib/python3.12/site-packages/airflow/example_dags/example_branch_datetime_operator.py for tasks to queue
[2026-08-02T19:18:01.888+0000] {logging_mixin.py:188} INFO - [2026-08-02T19:18:01.887+0000] {dagbag.py:545} INFO - Filling up the DagBag from /home/airflow/.local/lib/python3.12/site-packages/airflow/example_dags/example_branch_datetime_operator.py
[2026-08-02T19:18:01.899+0000] {processor.py:840} INFO - DAG(s) 'example_branch_datetime_operator', 'example_branch_datetime_operator_2', 'example_branch_datetime_operator_3' retrieved from /home/airflow/.local/lib/python3.12/site-packages/airflow/example_dags/example_branch_datetime_operator.py
[2026-08-02T19:18:01.934+0000] {logging_mixin.py:188} INFO - [2026-08-02T19:18:01.934+0000] {dag.py:3089} INFO - Sync 3 DAGs
[2026-08-02T19:18:01.962+0000] {logging_mixin.py:188} INFO - [2026-08-02T19:18:01.962+0000] {dag.py:3947} INFO - Setting next_dagrun for example_branch_datetime_operator to 2026-08-01 00:00:00+00:00, run_after=2026-08-02 00:00:00+00:00
[2026-08-02T19:18:01.969+0000] {logging_mixin.py:188} INFO - [2026-08-02T19:18:01.968+0000] {dag.py:3947} INFO - Setting next_dagrun for example_branch_datetime_operator_2 to 2026-08-01 00:00:00+00:00, run_after=2026-08-02 00:00:00+00:00
[2026-08-02T19:18:01.971+0000] {logging_mixin.py:188} INFO - [2026-08-02T19:18:01.971+0000] {dag.py:3947} INFO - Setting next_dagrun for example_branch_datetime_operator_3 to 2026-08-01 00:00:00+00:00, run_after=2026-08-02 00:00:00+00:00
[2026-08-02T19:18:01.990+0000] {processor.py:183} INFO - Processing /home/airflow/.local/lib/python3.12/site-packages/airflow/example_dags/example_branch_datetime_operator.py took 0.114 seconds
[2026-08-02T19:18:32.501+0000] {processor.py:161} INFO - Started process (PID=1133) to work on /home/airflow/.local/lib/python3.12/site-packages/airflow/example_dags/example_branch_datetime_operator.py
[2026-08-02T19:18:32.503+0000] {processor.py:830} INFO - Processing file /home/airflow/.local/lib/python3.12/site-packages/airflow/example_dags/example_branch_datetime_operator.py for tasks to queue
[2026-08-02T19:18:32.506+0000] {logging_mixin.py:188} INFO - [2026-08-02T19:18:32.505+0000] {dagbag.py:545} INFO - Filling up the DagBag from /home/airflow/.local/lib/python3.12/site-packages/airflow/example_dags/example_branch_datetime_operator.py
[2026-08-02T19:18:32.516+0000] {processor.py:840} INFO - DAG(s) 'example_branch_datetime_operator_2', 'example_branch_datetime_operator', 'example_branch_datetime_operator_3' retrieved from /home/airflow/.local/lib/python3.12/site-packages/airflow/example_dags/example_branch_datetime_operator.py
[2026-08-02T19:18:32.545+0000] {logging_mixin.py:188} INFO - [2026-08-02T19:18:32.544+0000] {dag.py:3089} INFO - Sync 3 DAGs
[2026-08-02T19:18:32.567+0000] {logging_mixin.py:188} INFO - [2026-08-02T19:18:32.567+0000] {dag.py:3947} INFO - Setting next_dagrun for example_branch_datetime_operator to 2026-08-01 00:00:00+00:00, run_after=2026-08-02 00:00:00+00:00
[2026-08-02T19:18:32.572+0000] {logging_mixin.py:188} INFO - [2026-08-02T19:18:32.572+0000] {dag.py:3947} INFO - Setting next_dagrun for example_branch_datetime_operator_2 to 2026-08-01 00:00:00+00:00, run_after=2026-08-02 00:00:00+00:00
[2026-08-02T19:18:32.575+0000] {logging_mixin.py:188} INFO - [2026-08-02T19:18:32.575+0000] {dag.py:3947} INFO - Setting next_dagrun for example_branch_datetime_operator_3 to 2026-08-01 00:00:00+00:00, run_after=2026-08-02 00:00:00+00:00
[2026-08-02T19:18:32.594+0000] {processor.py:183} INFO - Processing /home/airflow/.local/lib/python3.12/site-packages/airflow/example_dags/example_branch_datetime_operator.py took 0.099 seconds
[2026-08-02T19:19:03.012+0000] {processor.py:161} INFO - Started process (PID=1192) to work on /home/airflow/.local/lib/python3.12/site-packages/airflow/example_dags/example_branch_datetime_operator.py
[2026-08-02T19:19:03.014+0000] {processor.py:830} INFO - Processing file /home/airflow/.local/lib/python3.12/site-packages/airflow/example_dags/example_branch_datetime_operator.py for tasks to queue
[2026-08-02T19:19:03.017+0000] {logging_mixin.py:188} INFO - [2026-08-02T19:19:03.016+0000] {dagbag.py:545} INFO - Filling up the DagBag from /home/airflow/.local/lib/python3.12/site-packages/airflow/example_dags/example_branch_datetime_operator.py
[2026-08-02T19:19:03.027+0000] {processor.py:840} INFO - DAG(s) 'example_branch_datetime_operator_2', 'example_branch_datetime_operator_3', 'example_branch_datetime_operator' retrieved from /home/airflow/.local/lib/python3.12/site-packages/airflow/example_dags/example_branch_datetime_operator.py
[2026-08-02T19:19:03.057+0000] {logging_mixin.py:188} INFO - [2026-08-02T19:19:03.057+0000] {dag.py:3089} INFO - Sync 3 DAGs
[2026-08-02T19:19:03.081+0000] {logging_mixin.py:188} INFO - [2026-08-02T19:19:03.081+0000] {dag.py:3947} INFO - Setting next_dagrun for example_branch_datetime_operator to 2026-08-01 00:00:00+00:00, run_after=2026-08-02 00:00:00+00:00
[2026-08-02T19:19:03.086+0000] {logging_mixin.py:188} INFO - [2026-08-02T19:19:03.086+0000] {dag.py:3947} INFO - Setting next_dagrun for example_branch_datetime_operator_2 to 2026-08-01 00:00:00+00:00, run_after=2026-08-02 00:00:00+00:00
[2026-08-02T19:19:03.089+0000] {logging_mixin.py:188} INFO - [2026-08-02T19:19:03.089+0000] {dag.py:3947} INFO - Setting next_dagrun for example_branch_datetime_operator_3 to 2026-08-01 00:00:00+00:00, run_after=2026-08-02 00:00:00+00:00
[2026-08-02T19:19:03.108+0000] {processor.py:183} INFO - Processing /home/airflow/.local/lib/python3.12/site-packages/airflow/example_dags/example_branch_datetime_operator.py took 0.101 seconds
[2026-08-02T19:19:33.620+0000] {processor.py:161} INFO - Started process (PID=1251) to work on /home/airflow/.local/lib/python3.12/site-packages/airflow/example_dags/example_branch_datetime_operator.py
[2026-08-02T19:19:33.622+0000] {processor.py:830} INFO - Processing file /home/airflow/.local/lib/python3.12/site-packages/airflow/example_dags/example_branch_datetime_operator.py for tasks to queue
[2026-08-02T19:19:33.624+0000] {logging_mixin.py:188} INFO - [2026-08-02T19:19:33.624+0000] {dagbag.py:545} INFO - Filling up the DagBag from /home/airflow/.local/lib/python3.12/site-packages/airflow/example_dags/example_branch_datetime_operator.py
[2026-08-02T19:19:33.633+0000] {processor.py:840} INFO - DAG(s) 'example_branch_datetime_operator_3', 'example_branch_datetime_operator', 'example_branch_datetime_operator_2' retrieved from /home/airflow/.local/lib/python3.12/site-packages/airflow/example_dags/example_branch_datetime_operator.py
[2026-08-02T19:19:33.658+0000] {logging_mixin.py:188} INFO - [2026-08-02T19:19:33.658+0000] {dag.py:3089} INFO - Sync 3 DAGs
[2026-08-02T19:19:33.679+0000] {logging_mixin.py:188} INFO - [2026-08-02T19:19:33.679+0000] {dag.py:3947} INFO - Setting next_dagrun for example_branch_datetime_operator to 2026-08-01 00:00:00+00:00, run_after=2026-08-02 00:00:00+00:00
[2026-08-02T19:19:33.683+0000] {logging_mixin.py:188} INFO - [2026-08-02T19:19:33.683+0000] {dag.py:3947} INFO - Setting next_dagrun for example_branch_datetime_operator_2 to 2026-08-01 00:00:00+00:00, run_after=2026-08-02 00:00:00+00:00
[2026-08-02T19:19:33.686+0000] {logging_mixin.py:188} INFO - [2026-08-02T19:19:33.686+0000] {dag.py:3947} INFO - Setting next_dagrun for example_branch_datetime_operator_3 to 2026-08-01 00:00:00+00:00, run_after=2026-08-02 00:00:00+00:00
[2026-08-02T19:19:33.702+0000] {processor.py:183} INFO - Processing /home/airflow/.local/lib/python3.12/site-packages/airflow/example_dags/example_branch_datetime_operator.py took 0.088 seconds
[2026-08-02T19:20:04.527+0000] {processor.py:161} INFO - Started process (PID=1310) to work on /home/airflow/.local/lib/python3.12/site-packages/airflow/example_dags/example_branch_datetime_operator.py
[2026-08-02T19:20:04.528+0000] {processor.py:830} INFO - Processing file /home/airflow/.local/lib/python3.12/site-packages/airflow/example_dags/example_branch_datetime_operator.py for tasks to queue
[2026-08-02T19:20:04.531+0000] {logging_mixin.py:188} INFO - [2026-08-02T19:20:04.531+0000] {dagbag.py:545} INFO - Filling up the DagBag from /home/airflow/.local/lib/python3.12/site-packages/airflow/example_dags/example_branch_datetime_operator.py
[2026-08-02T19:20:04.541+0000] {processor.py:840} INFO - DAG(s) 'example_branch_datetime_operator', 'example_branch_datetime_operator_2', 'example_branch_datetime_operator_3' retrieved from /home/airflow/.local/lib/python3.12/site-packages/airflow/example_dags/example_branch_datetime_operator.py
[2026-08-02T19:20:04.571+0000] {logging_mixin.py:188} INFO - [2026-08-02T19:20:04.571+0000] {dag.py:3089} INFO - Sync 3 DAGs
[2026-08-02T19:20:04.596+0000] {logging_mixin.py:188} INFO - [2026-08-02T19:20:04.596+0000] {dag.py:3947} INFO - Setting next_dagrun for example_branch_datetime_operator to 2026-08-01 00:00:00+00:00, run_after=2026-08-02 00:00:00+00:00
[2026-08-02T19:20:04.602+0000] {logging_mixin.py:188} INFO - [2026-08-02T19:20:04.602+0000] {dag.py:3947} INFO - Setting next_dagrun for example_branch_datetime_operator_2 to 2026-08-01 00:00:00+00:00, run_after=2026-08-02 00:00:00+00:00
[2026-08-02T19:20:04.606+0000] {logging_mixin.py:188} INFO - [2026-08-02T19:20:04.606+0000] {dag.py:3947} INFO - Setting next_dagrun for example_branch_datetime_operator_3 to 2026-08-01 00:00:00+00:00, run_after=2026-08-02 00:00:00+00:00
[2026-08-02T19:20:04.625+0000] {processor.py:183} INFO - Processing /home/airflow/.local/lib/python3.12/site-packages/airflow/example_dags/example_branch_datetime_operator.py took 0.106 seconds
