[2026-08-02T18:55:10.395+0000] {processor.py:161} INFO - Started process (PID=73) to work on /home/airflow/.local/lib/python3.12/site-packages/airflow/example_dags/example_external_task_marker_dag.py
[2026-08-02T18:55:10.398+0000] {processor.py:830} INFO - Processing file /home/airflow/.local/lib/python3.12/site-packages/airflow/example_dags/example_external_task_marker_dag.py for tasks to queue
[2026-08-02T18:55:10.402+0000] {logging_mixin.py:188} INFO - [2026-08-02T18:55:10.402+0000] {dagbag.py:545} INFO - Filling up the DagBag from /home/airflow/.local/lib/python3.12/site-packages/airflow/example_dags/example_external_task_marker_dag.py
[2026-08-02T18:55:10.420+0000] {processor.py:840} INFO - DAG(s) 'example_external_task_marker_child', 'example_external_task_marker_parent' retrieved from /home/airflow/.local/lib/python3.12/site-packages/airflow/example_dags/example_external_task_marker_dag.py
[2026-08-02T18:55:10.666+0000] {logging_mixin.py:188} INFO - [2026-08-02T18:55:10.666+0000] {dag.py:3089} INFO - Sync 2 DAGs
[2026-08-02T18:55:10.688+0000] {logging_mixin.py:188} INFO - [2026-08-02T18:55:10.688+0000] {dag.py:3947} INFO - Setting next_dagrun for example_external_task_marker_child to None, run_after=None
[2026-08-02T18:55:10.695+0000] {logging_mixin.py:188} INFO - [2026-08-02T18:55:10.695+0000] {dag.py:3947} INFO - Setting next_dagrun for example_external_task_marker_parent to None, run_after=None
[2026-08-02T18:55:10.728+0000] {processor.py:183} INFO - Processing /home/airflow/.local/lib/python3.12/site-packages/airflow/example_dags/example_external_task_marker_dag.py took 0.345 seconds
[2026-08-02T18:55:41.313+0000] {processor.py:161} INFO - Started process (PID=132) to work on /home/airflow/.local/lib/python3.12/site-packages/airflow/example_dags/example_external_task_marker_dag.py
[2026-08-02T18:55:41.315+0000] {processor.py:830} INFO - Processing file /home/airflow/.local/lib/python3.12/site-packages/airflow/example_dags/example_external_task_marker_dag.py for tasks to queue
[2026-08-02T18:55:41.318+0000] {logging_mixin.py:188} INFO - [2026-08-02T18:55:41.318+0000] {dagbag.py:545} INFO - Filling up the DagBag from /home/airflow/.local/lib/python3.12/site-packages/airflow/example_dags/example_external_task_marker_dag.py
[2026-08-02T18:55:41.326+0000] {processor.py:840} INFO - DAG(s) 'example_external_task_marker_child', 'example_external_task_marker_parent' retrieved from /home/airflow/.local/lib/python3.12/site-packages/airflow/example_dags/example_external_task_marker_dag.py
[2026-08-02T18:55:41.361+0000] {logging_mixin.py:188} INFO - [2026-08-02T18:55:41.361+0000] {dag.py:3089} INFO - Sync 2 DAGs
[2026-08-02T18:55:41.376+0000] {logging_mixin.py:188} INFO - [2026-08-02T18:55:41.376+0000] {dag.py:3947} INFO - Setting next_dagrun for example_external_task_marker_child to None, run_after=None
[2026-08-02T18:55:41.381+0000] {logging_mixin.py:188} INFO - [2026-08-02T18:55:41.381+0000] {dag.py:3947} INFO - Setting next_dagrun for example_external_task_marker_parent to None, run_after=None
[2026-08-02T18:55:41.398+0000] {processor.py:183} INFO - Processing /home/airflow/.local/lib/python3.12/site-packages/airflow/example_dags/example_external_task_marker_dag.py took 0.096 seconds
[2026-08-02T18:56:12.238+0000] {processor.py:161} INFO - Started process (PID=197) to work on /home/airflow/.local/lib/python3.12/site-packages/airflow/example_dags/example_external_task_marker_dag.py
[2026-08-02T18:56:12.240+0000] {processor.py:830} INFO - Processing file /home/airflow/.local/lib/python3.12/site-packages/airflow/example_dags/example_external_task_marker_dag.py for tasks to queue
[2026-08-02T18:56:12.243+0000] {logging_mixin.py:188} INFO - [2026-08-02T18:56:12.242+0000] {dagbag.py:545} INFO - Filling up the DagBag from /home/airflow/.local/lib/python3.12/site-packages/airflow/example_dags/example_external_task_marker_dag.py
[2026-08-02T18:56:12.249+0000] {processor.py:840} INFO - DAG(s) 'example_external_task_marker_child', 'example_external_task_marker_parent' retrieved from /home/airflow/.local/lib/python3.12/site-packages/airflow/example_dags/example_external_task_marker_dag.py
[2026-08-02T18:56:12.273+0000] {logging_mixin.py:188} INFO - [2026-08-02T18:56:12.273+0000] {dag.py:3089} INFO - Sync 2 DAGs
[2026-08-02T18:56:12.288+0000] {logging_mixin.py:188} INFO - [2026-08-02T18:56:12.288+0000] {dag.py:3947} INFO - Setting next_dagrun for example_external_task_marker_child to None, run_after=None
[2026-08-02T18:56:12.292+0000] {logging_mixin.py:188} INFO - [2026-08-02T18:56:12.292+0000] {dag.py:3947} INFO - Setting next_dagrun for example_external_task_marker_parent to None, run_after=None
[2026-08-02T18:56:12.312+0000] {processor.py:183} INFO - Processing /home/airflow/.local/lib/python3.12/site-packages/airflow/example_dags/example_external_task_marker_dag.py took 0.080 seconds
[2026-08-02T18:56:42.507+0000] {processor.py:161} INFO - Started process (PID=256) to work on /home/airflow/.local/lib/python3.12/site-packages/airflow/example_dags/example_external_task_marker_dag.py
[2026-08-02T18:56:42.509+0000] {processor.py:830} INFO - Processing file /home/airflow/.local/lib/python3.12/site-packages/airflow/example_dags/example_external_task_marker_dag.py for tasks to queue
[2026-08-02T18:56:42.511+0000] {logging_mixin.py:188} INFO - [2026-08-02T18:56:42.511+0000] {dagbag.py:545} INFO - Filling up the DagBag from /home/airflow/.local/lib/python3.12/site-packages/airflow/example_dags/example_external_task_marker_dag.py
[2026-08-02T18:56:42.519+0000] {processor.py:840} INFO - DAG(s) 'example_external_task_marker_parent', 'example_external_task_marker_child' retrieved from /home/airflow/.local/lib/python3.12/site-packages/airflow/example_dags/example_external_task_marker_dag.py
[2026-08-02T18:56:42.550+0000] {logging_mixin.py:188} INFO - [2026-08-02T18:56:42.550+0000] {dag.py:3089} INFO - Sync 2 DAGs
[2026-08-02T18:56:42.568+0000] {logging_mixin.py:188} INFO - [2026-08-02T18:56:42.568+0000] {dag.py:3947} INFO - Setting next_dagrun for example_external_task_marker_child to None, run_after=None
[2026-08-02T18:56:42.572+0000] {logging_mixin.py:188} INFO - [2026-08-02T18:56:42.572+0000] {dag.py:3947} INFO - Setting next_dagrun for example_external_task_marker_parent to None, run_after=None
[2026-08-02T18:56:42.593+0000] {processor.py:183} INFO - Processing /home/airflow/.local/lib/python3.12/site-packages/airflow/example_dags/example_external_task_marker_dag.py took 0.093 seconds
[2026-08-02T18:57:13.117+0000] {processor.py:161} INFO - Started process (PID=315) to work on /home/airflow/.local/lib/python3.12/site-packages/airflow/example_dags/example_external_task_marker_dag.py
[2026-08-02T18:57:13.119+0000] {processor.py:830} INFO - Processing file /home/airflow/.local/lib/python3.12/site-packages/airflow/example_dags/example_external_task_marker_dag.py for tasks to queue
[2026-08-02T18:57:13.122+0000] {logging_mixin.py:188} INFO - [2026-08-02T18:57:13.121+0000] {dagbag.py:545} INFO - Filling up the DagBag from /home/airflow/.local/lib/python3.12/site-packages/airflow/example_dags/example_external_task_marker_dag.py
[2026-08-02T18:57:13.131+0000] {processor.py:840} INFO - DAG(s) 'example_external_task_marker_child', 'example_external_task_marker_parent' retrieved from /home/airflow/.local/lib/python3.12/site-packages/airflow/example_dags/example_external_task_marker_dag.py
[2026-08-02T18:57:13.161+0000] {logging_mixin.py:188} INFO - [2026-08-02T18:57:13.161+0000] {dag.py:3089} INFO - Sync 2 DAGs
[2026-08-02T18:57:13.174+0000] {logging_mixin.py:188} INFO - [2026-08-02T18:57:13.174+0000] {dag.py:3947} INFO - Setting next_dagrun for example_external_task_marker_child to None, run_after=None
[2026-08-02T18:57:13.179+0000] {logging_mixin.py:188} INFO - [2026-08-02T18:57:13.178+0000] {dag.py:3947} INFO - Setting next_dagrun for example_external_task_marker_parent to None, run_after=None
[2026-08-02T18:57:13.196+0000] {processor.py:183} INFO - Processing /home/airflow/.local/lib/python3.12/site-packages/airflow/example_dags/example_external_task_marker_dag.py took 0.087 seconds
[2026-08-02T18:57:43.411+0000] {processor.py:161} INFO - Started process (PID=374) to work on /home/airflow/.local/lib/python3.12/site-packages/airflow/example_dags/example_external_task_marker_dag.py
[2026-08-02T18:57:43.412+0000] {processor.py:830} INFO - Processing file /home/airflow/.local/lib/python3.12/site-packages/airflow/example_dags/example_external_task_marker_dag.py for tasks to queue
[2026-08-02T18:57:43.418+0000] {logging_mixin.py:188} INFO - [2026-08-02T18:57:43.417+0000] {dagbag.py:545} INFO - Filling up the DagBag from /home/airflow/.local/lib/python3.12/site-packages/airflow/example_dags/example_external_task_marker_dag.py
[2026-08-02T18:57:43.425+0000] {processor.py:840} INFO - DAG(s) 'example_external_task_marker_parent', 'example_external_task_marker_child' retrieved from /home/airflow/.local/lib/python3.12/site-packages/airflow/example_dags/example_external_task_marker_dag.py
[2026-08-02T18:57:43.453+0000] {logging_mixin.py:188} INFO - [2026-08-02T18:57:43.453+0000] {dag.py:3089} INFO - Sync 2 DAGs
[2026-08-02T18:57:43.468+0000] {logging_mixin.py:188} INFO - [2026-08-02T18:57:43.467+0000] {dag.py:3947} INFO - Setting next_dagrun for example_external_task_marker_child to None, run_after=None
[2026-08-02T18:57:43.472+0000] {logging_mixin.py:188} INFO - [2026-08-02T18:57:43.472+0000] {dag.py:3947} INFO - Setting next_dagrun for example_external_task_marker_parent to None, run_after=None
[2026-08-02T18:57:43.488+0000] {processor.py:183} INFO - Processing /home/airflow/.local/lib/python3.12/site-packages/airflow/example_dags/example_external_task_marker_dag.py took 0.087 seconds
[2026-08-02T19:00:08.930+0000] {processor.py:161} INFO - Started process (PID=66) to work on /home/airflow/.local/lib/python3.12/site-packages/airflow/example_dags/example_external_task_marker_dag.py
[2026-08-02T19:00:08.932+0000] {processor.py:830} INFO - Processing file /home/airflow/.local/lib/python3.12/site-packages/airflow/example_dags/example_external_task_marker_dag.py for tasks to queue
[2026-08-02T19:00:08.935+0000] {logging_mixin.py:188} INFO - [2026-08-02T19:00:08.934+0000] {dagbag.py:545} INFO - Filling up the DagBag from /home/airflow/.local/lib/python3.12/site-packages/airflow/example_dags/example_external_task_marker_dag.py
[2026-08-02T19:00:08.945+0000] {processor.py:840} INFO - DAG(s) 'example_external_task_marker_child', 'example_external_task_marker_parent' retrieved from /home/airflow/.local/lib/python3.12/site-packages/airflow/example_dags/example_external_task_marker_dag.py
[2026-08-02T19:00:08.964+0000] {logging_mixin.py:188} INFO - [2026-08-02T19:00:08.964+0000] {dag.py:3089} INFO - Sync 2 DAGs
[2026-08-02T19:00:08.982+0000] {logging_mixin.py:188} INFO - [2026-08-02T19:00:08.982+0000] {dag.py:3947} INFO - Setting next_dagrun for example_external_task_marker_child to None, run_after=None
[2026-08-02T19:00:08.987+0000] {logging_mixin.py:188} INFO - [2026-08-02T19:00:08.987+0000] {dag.py:3947} INFO - Setting next_dagrun for example_external_task_marker_parent to None, run_after=None
[2026-08-02T19:00:09.011+0000] {processor.py:183} INFO - Processing /home/airflow/.local/lib/python3.12/site-packages/airflow/example_dags/example_external_task_marker_dag.py took 0.088 seconds
[2026-08-02T19:00:39.201+0000] {processor.py:161} INFO - Started process (PID=125) to work on /home/airflow/.local/lib/python3.12/site-packages/airflow/example_dags/example_external_task_marker_dag.py
[2026-08-02T19:00:39.203+0000] {processor.py:830} INFO - Processing file /home/airflow/.local/lib/python3.12/site-packages/airflow/example_dags/example_external_task_marker_dag.py for tasks to queue
[2026-08-02T19:00:39.205+0000] {logging_mixin.py:188} INFO - [2026-08-02T19:00:39.204+0000] {dagbag.py:545} INFO - Filling up the DagBag from /home/airflow/.local/lib/python3.12/site-packages/airflow/example_dags/example_external_task_marker_dag.py
[2026-08-02T19:00:39.211+0000] {processor.py:840} INFO - DAG(s) 'example_external_task_marker_child', 'example_external_task_marker_parent' retrieved from /home/airflow/.local/lib/python3.12/site-packages/airflow/example_dags/example_external_task_marker_dag.py
[2026-08-02T19:00:39.310+0000] {logging_mixin.py:188} INFO - [2026-08-02T19:00:39.309+0000] {dag.py:3089} INFO - Sync 2 DAGs
[2026-08-02T19:00:39.319+0000] {logging_mixin.py:188} INFO - [2026-08-02T19:00:39.319+0000] {dag.py:3947} INFO - Setting next_dagrun for example_external_task_marker_child to None, run_after=None
[2026-08-02T19:00:39.322+0000] {logging_mixin.py:188} INFO - [2026-08-02T19:00:39.322+0000] {dag.py:3947} INFO - Setting next_dagrun for example_external_task_marker_parent to None, run_after=None
[2026-08-02T19:00:39.339+0000] {processor.py:183} INFO - Processing /home/airflow/.local/lib/python3.12/site-packages/airflow/example_dags/example_external_task_marker_dag.py took 0.143 seconds
[2026-08-02T19:01:09.761+0000] {processor.py:161} INFO - Started process (PID=184) to work on /home/airflow/.local/lib/python3.12/site-packages/airflow/example_dags/example_external_task_marker_dag.py
[2026-08-02T19:01:09.763+0000] {processor.py:830} INFO - Processing file /home/airflow/.local/lib/python3.12/site-packages/airflow/example_dags/example_external_task_marker_dag.py for tasks to queue
[2026-08-02T19:01:09.765+0000] {logging_mixin.py:188} INFO - [2026-08-02T19:01:09.765+0000] {dagbag.py:545} INFO - Filling up the DagBag from /home/airflow/.local/lib/python3.12/site-packages/airflow/example_dags/example_external_task_marker_dag.py
[2026-08-02T19:01:09.772+0000] {processor.py:840} INFO - DAG(s) 'example_external_task_marker_parent', 'example_external_task_marker_child' retrieved from /home/airflow/.local/lib/python3.12/site-packages/airflow/example_dags/example_external_task_marker_dag.py
[2026-08-02T19:01:09.797+0000] {logging_mixin.py:188} INFO - [2026-08-02T19:01:09.797+0000] {dag.py:3089} INFO - Sync 2 DAGs
[2026-08-02T19:01:09.813+0000] {logging_mixin.py:188} INFO - [2026-08-02T19:01:09.812+0000] {dag.py:3947} INFO - Setting next_dagrun for example_external_task_marker_child to None, run_after=None
[2026-08-02T19:01:09.817+0000] {logging_mixin.py:188} INFO - [2026-08-02T19:01:09.817+0000] {dag.py:3947} INFO - Setting next_dagrun for example_external_task_marker_parent to None, run_after=None
[2026-08-02T19:01:09.838+0000] {processor.py:183} INFO - Processing /home/airflow/.local/lib/python3.12/site-packages/airflow/example_dags/example_external_task_marker_dag.py took 0.083 seconds
[2026-08-02T19:01:40.063+0000] {processor.py:161} INFO - Started process (PID=244) to work on /home/airflow/.local/lib/python3.12/site-packages/airflow/example_dags/example_external_task_marker_dag.py
[2026-08-02T19:01:40.064+0000] {processor.py:830} INFO - Processing file /home/airflow/.local/lib/python3.12/site-packages/airflow/example_dags/example_external_task_marker_dag.py for tasks to queue
[2026-08-02T19:01:40.066+0000] {logging_mixin.py:188} INFO - [2026-08-02T19:01:40.066+0000] {dagbag.py:545} INFO - Filling up the DagBag from /home/airflow/.local/lib/python3.12/site-packages/airflow/example_dags/example_external_task_marker_dag.py
[2026-08-02T19:01:40.073+0000] {processor.py:840} INFO - DAG(s) 'example_external_task_marker_parent', 'example_external_task_marker_child' retrieved from /home/airflow/.local/lib/python3.12/site-packages/airflow/example_dags/example_external_task_marker_dag.py
[2026-08-02T19:01:40.101+0000] {logging_mixin.py:188} INFO - [2026-08-02T19:01:40.101+0000] {dag.py:3089} INFO - Sync 2 DAGs
[2026-08-02T19:01:40.116+0000] {logging_mixin.py:188} INFO - [2026-08-02T19:01:40.115+0000] {dag.py:3947} INFO - Setting next_dagrun for example_external_task_marker_child to None, run_after=None
[2026-08-02T19:01:40.121+0000] {logging_mixin.py:188} INFO - [2026-08-02T19:01:40.120+0000] {dag.py:3947} INFO - Setting next_dagrun for example_external_task_marker_parent to None, run_after=None
[2026-08-02T19:01:40.140+0000] {processor.py:183} INFO - Processing /home/airflow/.local/lib/python3.12/site-packages/airflow/example_dags/example_external_task_marker_dag.py took 0.084 seconds
[2026-08-02T19:02:10.382+0000] {processor.py:161} INFO - Started process (PID=303) to work on /home/airflow/.local/lib/python3.12/site-packages/airflow/example_dags/example_external_task_marker_dag.py
[2026-08-02T19:02:10.384+0000] {processor.py:830} INFO - Processing file /home/airflow/.local/lib/python3.12/site-packages/airflow/example_dags/example_external_task_marker_dag.py for tasks to queue
[2026-08-02T19:02:10.386+0000] {logging_mixin.py:188} INFO - [2026-08-02T19:02:10.386+0000] {dagbag.py:545} INFO - Filling up the DagBag from /home/airflow/.local/lib/python3.12/site-packages/airflow/example_dags/example_external_task_marker_dag.py
[2026-08-02T19:02:10.392+0000] {processor.py:840} INFO - DAG(s) 'example_external_task_marker_child', 'example_external_task_marker_parent' retrieved from /home/airflow/.local/lib/python3.12/site-packages/airflow/example_dags/example_external_task_marker_dag.py
[2026-08-02T19:02:10.418+0000] {logging_mixin.py:188} INFO - [2026-08-02T19:02:10.417+0000] {dag.py:3089} INFO - Sync 2 DAGs
[2026-08-02T19:02:10.431+0000] {logging_mixin.py:188} INFO - [2026-08-02T19:02:10.431+0000] {dag.py:3947} INFO - Setting next_dagrun for example_external_task_marker_child to None, run_after=None
[2026-08-02T19:02:10.435+0000] {logging_mixin.py:188} INFO - [2026-08-02T19:02:10.435+0000] {dag.py:3947} INFO - Setting next_dagrun for example_external_task_marker_parent to None, run_after=None
[2026-08-02T19:02:10.454+0000] {processor.py:183} INFO - Processing /home/airflow/.local/lib/python3.12/site-packages/airflow/example_dags/example_external_task_marker_dag.py took 0.077 seconds
[2026-08-02T19:02:40.650+0000] {processor.py:161} INFO - Started process (PID=362) to work on /home/airflow/.local/lib/python3.12/site-packages/airflow/example_dags/example_external_task_marker_dag.py
[2026-08-02T19:02:40.653+0000] {processor.py:830} INFO - Processing file /home/airflow/.local/lib/python3.12/site-packages/airflow/example_dags/example_external_task_marker_dag.py for tasks to queue
[2026-08-02T19:02:40.655+0000] {logging_mixin.py:188} INFO - [2026-08-02T19:02:40.655+0000] {dagbag.py:545} INFO - Filling up the DagBag from /home/airflow/.local/lib/python3.12/site-packages/airflow/example_dags/example_external_task_marker_dag.py
[2026-08-02T19:02:40.661+0000] {processor.py:840} INFO - DAG(s) 'example_external_task_marker_child', 'example_external_task_marker_parent' retrieved from /home/airflow/.local/lib/python3.12/site-packages/airflow/example_dags/example_external_task_marker_dag.py
[2026-08-02T19:02:40.686+0000] {logging_mixin.py:188} INFO - [2026-08-02T19:02:40.685+0000] {dag.py:3089} INFO - Sync 2 DAGs
[2026-08-02T19:02:40.698+0000] {logging_mixin.py:188} INFO - [2026-08-02T19:02:40.697+0000] {dag.py:3947} INFO - Setting next_dagrun for example_external_task_marker_child to None, run_after=None
[2026-08-02T19:02:40.701+0000] {logging_mixin.py:188} INFO - [2026-08-02T19:02:40.701+0000] {dag.py:3947} INFO - Setting next_dagrun for example_external_task_marker_parent to None, run_after=None
[2026-08-02T19:02:40.717+0000] {processor.py:183} INFO - Processing /home/airflow/.local/lib/python3.12/site-packages/airflow/example_dags/example_external_task_marker_dag.py took 0.073 seconds
[2026-08-02T19:03:10.891+0000] {processor.py:161} INFO - Started process (PID=421) to work on /home/airflow/.local/lib/python3.12/site-packages/airflow/example_dags/example_external_task_marker_dag.py
[2026-08-02T19:03:10.893+0000] {processor.py:830} INFO - Processing file /home/airflow/.local/lib/python3.12/site-packages/airflow/example_dags/example_external_task_marker_dag.py for tasks to queue
[2026-08-02T19:03:10.897+0000] {logging_mixin.py:188} INFO - [2026-08-02T19:03:10.896+0000] {dagbag.py:545} INFO - Filling up the DagBag from /home/airflow/.local/lib/python3.12/site-packages/airflow/example_dags/example_external_task_marker_dag.py
[2026-08-02T19:03:10.908+0000] {processor.py:840} INFO - DAG(s) 'example_external_task_marker_child', 'example_external_task_marker_parent' retrieved from /home/airflow/.local/lib/python3.12/site-packages/airflow/example_dags/example_external_task_marker_dag.py
[2026-08-02T19:03:10.944+0000] {logging_mixin.py:188} INFO - [2026-08-02T19:03:10.944+0000] {dag.py:3089} INFO - Sync 2 DAGs
[2026-08-02T19:03:10.964+0000] {logging_mixin.py:188} INFO - [2026-08-02T19:03:10.963+0000] {dag.py:3947} INFO - Setting next_dagrun for example_external_task_marker_child to None, run_after=None
[2026-08-02T19:03:10.970+0000] {logging_mixin.py:188} INFO - [2026-08-02T19:03:10.969+0000] {dag.py:3947} INFO - Setting next_dagrun for example_external_task_marker_parent to None, run_after=None
[2026-08-02T19:03:10.993+0000] {processor.py:183} INFO - Processing /home/airflow/.local/lib/python3.12/site-packages/airflow/example_dags/example_external_task_marker_dag.py took 0.111 seconds
[2026-08-02T19:03:41.589+0000] {processor.py:161} INFO - Started process (PID=480) to work on /home/airflow/.local/lib/python3.12/site-packages/airflow/example_dags/example_external_task_marker_dag.py
[2026-08-02T19:03:41.591+0000] {processor.py:830} INFO - Processing file /home/airflow/.local/lib/python3.12/site-packages/airflow/example_dags/example_external_task_marker_dag.py for tasks to queue
[2026-08-02T19:03:41.595+0000] {logging_mixin.py:188} INFO - [2026-08-02T19:03:41.594+0000] {dagbag.py:545} INFO - Filling up the DagBag from /home/airflow/.local/lib/python3.12/site-packages/airflow/example_dags/example_external_task_marker_dag.py
[2026-08-02T19:03:41.606+0000] {processor.py:840} INFO - DAG(s) 'example_external_task_marker_parent', 'example_external_task_marker_child' retrieved from /home/airflow/.local/lib/python3.12/site-packages/airflow/example_dags/example_external_task_marker_dag.py
[2026-08-02T19:03:41.632+0000] {logging_mixin.py:188} INFO - [2026-08-02T19:03:41.632+0000] {dag.py:3089} INFO - Sync 2 DAGs
[2026-08-02T19:03:41.645+0000] {logging_mixin.py:188} INFO - [2026-08-02T19:03:41.645+0000] {dag.py:3947} INFO - Setting next_dagrun for example_external_task_marker_child to None, run_after=None
[2026-08-02T19:03:41.649+0000] {logging_mixin.py:188} INFO - [2026-08-02T19:03:41.649+0000] {dag.py:3947} INFO - Setting next_dagrun for example_external_task_marker_parent to None, run_after=None
[2026-08-02T19:03:41.665+0000] {processor.py:183} INFO - Processing /home/airflow/.local/lib/python3.12/site-packages/airflow/example_dags/example_external_task_marker_dag.py took 0.087 seconds
[2026-08-02T19:04:12.061+0000] {processor.py:161} INFO - Started process (PID=539) to work on /home/airflow/.local/lib/python3.12/site-packages/airflow/example_dags/example_external_task_marker_dag.py
[2026-08-02T19:04:12.063+0000] {processor.py:830} INFO - Processing file /home/airflow/.local/lib/python3.12/site-packages/airflow/example_dags/example_external_task_marker_dag.py for tasks to queue
[2026-08-02T19:04:12.065+0000] {logging_mixin.py:188} INFO - [2026-08-02T19:04:12.065+0000] {dagbag.py:545} INFO - Filling up the DagBag from /home/airflow/.local/lib/python3.12/site-packages/airflow/example_dags/example_external_task_marker_dag.py
[2026-08-02T19:04:12.071+0000] {processor.py:840} INFO - DAG(s) 'example_external_task_marker_parent', 'example_external_task_marker_child' retrieved from /home/airflow/.local/lib/python3.12/site-packages/airflow/example_dags/example_external_task_marker_dag.py
[2026-08-02T19:04:12.094+0000] {logging_mixin.py:188} INFO - [2026-08-02T19:04:12.093+0000] {dag.py:3089} INFO - Sync 2 DAGs
[2026-08-02T19:04:12.106+0000] {logging_mixin.py:188} INFO - [2026-08-02T19:04:12.105+0000] {dag.py:3947} INFO - Setting next_dagrun for example_external_task_marker_child to None, run_after=None
[2026-08-02T19:04:12.110+0000] {logging_mixin.py:188} INFO - [2026-08-02T19:04:12.109+0000] {dag.py:3947} INFO - Setting next_dagrun for example_external_task_marker_parent to None, run_after=None
[2026-08-02T19:04:12.128+0000] {processor.py:183} INFO - Processing /home/airflow/.local/lib/python3.12/site-packages/airflow/example_dags/example_external_task_marker_dag.py took 0.072 seconds
[2026-08-02T19:04:42.361+0000] {processor.py:161} INFO - Started process (PID=598) to work on /home/airflow/.local/lib/python3.12/site-packages/airflow/example_dags/example_external_task_marker_dag.py
[2026-08-02T19:04:42.363+0000] {processor.py:830} INFO - Processing file /home/airflow/.local/lib/python3.12/site-packages/airflow/example_dags/example_external_task_marker_dag.py for tasks to queue
[2026-08-02T19:04:42.366+0000] {logging_mixin.py:188} INFO - [2026-08-02T19:04:42.366+0000] {dagbag.py:545} INFO - Filling up the DagBag from /home/airflow/.local/lib/python3.12/site-packages/airflow/example_dags/example_external_task_marker_dag.py
[2026-08-02T19:04:42.375+0000] {processor.py:840} INFO - DAG(s) 'example_external_task_marker_parent', 'example_external_task_marker_child' retrieved from /home/airflow/.local/lib/python3.12/site-packages/airflow/example_dags/example_external_task_marker_dag.py
[2026-08-02T19:04:42.402+0000] {logging_mixin.py:188} INFO - [2026-08-02T19:04:42.402+0000] {dag.py:3089} INFO - Sync 2 DAGs
[2026-08-02T19:04:42.414+0000] {logging_mixin.py:188} INFO - [2026-08-02T19:04:42.414+0000] {dag.py:3947} INFO - Setting next_dagrun for example_external_task_marker_child to None, run_after=None
[2026-08-02T19:04:42.418+0000] {logging_mixin.py:188} INFO - [2026-08-02T19:04:42.418+0000] {dag.py:3947} INFO - Setting next_dagrun for example_external_task_marker_parent to None, run_after=None
[2026-08-02T19:04:42.437+0000] {processor.py:183} INFO - Processing /home/airflow/.local/lib/python3.12/site-packages/airflow/example_dags/example_external_task_marker_dag.py took 0.085 seconds
[2026-08-02T19:05:12.658+0000] {processor.py:161} INFO - Started process (PID=657) to work on /home/airflow/.local/lib/python3.12/site-packages/airflow/example_dags/example_external_task_marker_dag.py
[2026-08-02T19:05:12.660+0000] {processor.py:830} INFO - Processing file /home/airflow/.local/lib/python3.12/site-packages/airflow/example_dags/example_external_task_marker_dag.py for tasks to queue
[2026-08-02T19:05:12.661+0000] {logging_mixin.py:188} INFO - [2026-08-02T19:05:12.661+0000] {dagbag.py:545} INFO - Filling up the DagBag from /home/airflow/.local/lib/python3.12/site-packages/airflow/example_dags/example_external_task_marker_dag.py
[2026-08-02T19:05:12.667+0000] {processor.py:840} INFO - DAG(s) 'example_external_task_marker_child', 'example_external_task_marker_parent' retrieved from /home/airflow/.local/lib/python3.12/site-packages/airflow/example_dags/example_external_task_marker_dag.py
[2026-08-02T19:05:12.685+0000] {logging_mixin.py:188} INFO - [2026-08-02T19:05:12.685+0000] {dag.py:3089} INFO - Sync 2 DAGs
[2026-08-02T19:05:12.696+0000] {logging_mixin.py:188} INFO - [2026-08-02T19:05:12.696+0000] {dag.py:3947} INFO - Setting next_dagrun for example_external_task_marker_child to None, run_after=None
[2026-08-02T19:05:12.699+0000] {logging_mixin.py:188} INFO - [2026-08-02T19:05:12.699+0000] {dag.py:3947} INFO - Setting next_dagrun for example_external_task_marker_parent to None, run_after=None
[2026-08-02T19:05:12.713+0000] {processor.py:183} INFO - Processing /home/airflow/.local/lib/python3.12/site-packages/airflow/example_dags/example_external_task_marker_dag.py took 0.060 seconds
[2026-08-02T19:05:42.914+0000] {processor.py:161} INFO - Started process (PID=716) to work on /home/airflow/.local/lib/python3.12/site-packages/airflow/example_dags/example_external_task_marker_dag.py
[2026-08-02T19:05:42.916+0000] {processor.py:830} INFO - Processing file /home/airflow/.local/lib/python3.12/site-packages/airflow/example_dags/example_external_task_marker_dag.py for tasks to queue
[2026-08-02T19:05:42.918+0000] {logging_mixin.py:188} INFO - [2026-08-02T19:05:42.918+0000] {dagbag.py:545} INFO - Filling up the DagBag from /home/airflow/.local/lib/python3.12/site-packages/airflow/example_dags/example_external_task_marker_dag.py
[2026-08-02T19:05:42.925+0000] {processor.py:840} INFO - DAG(s) 'example_external_task_marker_parent', 'example_external_task_marker_child' retrieved from /home/airflow/.local/lib/python3.12/site-packages/airflow/example_dags/example_external_task_marker_dag.py
[2026-08-02T19:05:42.945+0000] {logging_mixin.py:188} INFO - [2026-08-02T19:05:42.945+0000] {dag.py:3089} INFO - Sync 2 DAGs
[2026-08-02T19:05:42.957+0000] {logging_mixin.py:188} INFO - [2026-08-02T19:05:42.957+0000] {dag.py:3947} INFO - Setting next_dagrun for example_external_task_marker_child to None, run_after=None
[2026-08-02T19:05:42.960+0000] {logging_mixin.py:188} INFO - [2026-08-02T19:05:42.960+0000] {dag.py:3947} INFO - Setting next_dagrun for example_external_task_marker_parent to None, run_after=None
[2026-08-02T19:05:42.977+0000] {processor.py:183} INFO - Processing /home/airflow/.local/lib/python3.12/site-packages/airflow/example_dags/example_external_task_marker_dag.py took 0.069 seconds
[2026-08-02T19:06:13.392+0000] {processor.py:161} INFO - Started process (PID=775) to work on /home/airflow/.local/lib/python3.12/site-packages/airflow/example_dags/example_external_task_marker_dag.py
[2026-08-02T19:06:13.393+0000] {processor.py:830} INFO - Processing file /home/airflow/.local/lib/python3.12/site-packages/airflow/example_dags/example_external_task_marker_dag.py for tasks to queue
[2026-08-02T19:06:13.395+0000] {logging_mixin.py:188} INFO - [2026-08-02T19:06:13.395+0000] {dagbag.py:545} INFO - Filling up the DagBag from /home/airflow/.local/lib/python3.12/site-packages/airflow/example_dags/example_external_task_marker_dag.py
[2026-08-02T19:06:13.401+0000] {processor.py:840} INFO - DAG(s) 'example_external_task_marker_child', 'example_external_task_marker_parent' retrieved from /home/airflow/.local/lib/python3.12/site-packages/airflow/example_dags/example_external_task_marker_dag.py
[2026-08-02T19:06:13.426+0000] {logging_mixin.py:188} INFO - [2026-08-02T19:06:13.426+0000] {dag.py:3089} INFO - Sync 2 DAGs
[2026-08-02T19:06:13.439+0000] {logging_mixin.py:188} INFO - [2026-08-02T19:06:13.438+0000] {dag.py:3947} INFO - Setting next_dagrun for example_external_task_marker_child to None, run_after=None
[2026-08-02T19:06:13.443+0000] {logging_mixin.py:188} INFO - [2026-08-02T19:06:13.442+0000] {dag.py:3947} INFO - Setting next_dagrun for example_external_task_marker_parent to None, run_after=None
[2026-08-02T19:06:13.461+0000] {processor.py:183} INFO - Processing /home/airflow/.local/lib/python3.12/site-packages/airflow/example_dags/example_external_task_marker_dag.py took 0.074 seconds
[2026-08-02T19:06:44.114+0000] {processor.py:161} INFO - Started process (PID=834) to work on /home/airflow/.local/lib/python3.12/site-packages/airflow/example_dags/example_external_task_marker_dag.py
[2026-08-02T19:06:44.116+0000] {processor.py:830} INFO - Processing file /home/airflow/.local/lib/python3.12/site-packages/airflow/example_dags/example_external_task_marker_dag.py for tasks to queue
[2026-08-02T19:06:44.118+0000] {logging_mixin.py:188} INFO - [2026-08-02T19:06:44.118+0000] {dagbag.py:545} INFO - Filling up the DagBag from /home/airflow/.local/lib/python3.12/site-packages/airflow/example_dags/example_external_task_marker_dag.py
[2026-08-02T19:06:44.125+0000] {processor.py:840} INFO - DAG(s) 'example_external_task_marker_parent', 'example_external_task_marker_child' retrieved from /home/airflow/.local/lib/python3.12/site-packages/airflow/example_dags/example_external_task_marker_dag.py
[2026-08-02T19:06:44.147+0000] {logging_mixin.py:188} INFO - [2026-08-02T19:06:44.146+0000] {dag.py:3089} INFO - Sync 2 DAGs
[2026-08-02T19:06:44.160+0000] {logging_mixin.py:188} INFO - [2026-08-02T19:06:44.160+0000] {dag.py:3947} INFO - Setting next_dagrun for example_external_task_marker_child to None, run_after=None
[2026-08-02T19:06:44.164+0000] {logging_mixin.py:188} INFO - [2026-08-02T19:06:44.164+0000] {dag.py:3947} INFO - Setting next_dagrun for example_external_task_marker_parent to None, run_after=None
[2026-08-02T19:06:44.182+0000] {processor.py:183} INFO - Processing /home/airflow/.local/lib/python3.12/site-packages/airflow/example_dags/example_external_task_marker_dag.py took 0.073 seconds
[2026-08-02T19:07:14.701+0000] {processor.py:161} INFO - Started process (PID=893) to work on /home/airflow/.local/lib/python3.12/site-packages/airflow/example_dags/example_external_task_marker_dag.py
[2026-08-02T19:07:14.703+0000] {processor.py:830} INFO - Processing file /home/airflow/.local/lib/python3.12/site-packages/airflow/example_dags/example_external_task_marker_dag.py for tasks to queue
[2026-08-02T19:07:14.707+0000] {logging_mixin.py:188} INFO - [2026-08-02T19:07:14.706+0000] {dagbag.py:545} INFO - Filling up the DagBag from /home/airflow/.local/lib/python3.12/site-packages/airflow/example_dags/example_external_task_marker_dag.py
[2026-08-02T19:07:14.719+0000] {processor.py:840} INFO - DAG(s) 'example_external_task_marker_child', 'example_external_task_marker_parent' retrieved from /home/airflow/.local/lib/python3.12/site-packages/airflow/example_dags/example_external_task_marker_dag.py
[2026-08-02T19:07:14.754+0000] {logging_mixin.py:188} INFO - [2026-08-02T19:07:14.754+0000] {dag.py:3089} INFO - Sync 2 DAGs
[2026-08-02T19:07:14.776+0000] {logging_mixin.py:188} INFO - [2026-08-02T19:07:14.775+0000] {dag.py:3947} INFO - Setting next_dagrun for example_external_task_marker_child to None, run_after=None
[2026-08-02T19:07:14.780+0000] {logging_mixin.py:188} INFO - [2026-08-02T19:07:14.780+0000] {dag.py:3947} INFO - Setting next_dagrun for example_external_task_marker_parent to None, run_after=None
[2026-08-02T19:07:14.797+0000] {processor.py:183} INFO - Processing /home/airflow/.local/lib/python3.12/site-packages/airflow/example_dags/example_external_task_marker_dag.py took 0.105 seconds
[2026-08-02T19:07:44.971+0000] {processor.py:161} INFO - Started process (PID=952) to work on /home/airflow/.local/lib/python3.12/site-packages/airflow/example_dags/example_external_task_marker_dag.py
[2026-08-02T19:07:44.973+0000] {processor.py:830} INFO - Processing file /home/airflow/.local/lib/python3.12/site-packages/airflow/example_dags/example_external_task_marker_dag.py for tasks to queue
[2026-08-02T19:07:44.975+0000] {logging_mixin.py:188} INFO - [2026-08-02T19:07:44.975+0000] {dagbag.py:545} INFO - Filling up the DagBag from /home/airflow/.local/lib/python3.12/site-packages/airflow/example_dags/example_external_task_marker_dag.py
[2026-08-02T19:07:44.982+0000] {processor.py:840} INFO - DAG(s) 'example_external_task_marker_child', 'example_external_task_marker_parent' retrieved from /home/airflow/.local/lib/python3.12/site-packages/airflow/example_dags/example_external_task_marker_dag.py
[2026-08-02T19:07:45.003+0000] {logging_mixin.py:188} INFO - [2026-08-02T19:07:45.002+0000] {dag.py:3089} INFO - Sync 2 DAGs
[2026-08-02T19:07:45.015+0000] {logging_mixin.py:188} INFO - [2026-08-02T19:07:45.014+0000] {dag.py:3947} INFO - Setting next_dagrun for example_external_task_marker_child to None, run_after=None
[2026-08-02T19:07:45.022+0000] {logging_mixin.py:188} INFO - [2026-08-02T19:07:45.022+0000] {dag.py:3947} INFO - Setting next_dagrun for example_external_task_marker_parent to None, run_after=None
[2026-08-02T19:07:45.045+0000] {processor.py:183} INFO - Processing /home/airflow/.local/lib/python3.12/site-packages/airflow/example_dags/example_external_task_marker_dag.py took 0.083 seconds
[2026-08-02T19:08:15.548+0000] {processor.py:161} INFO - Started process (PID=1011) to work on /home/airflow/.local/lib/python3.12/site-packages/airflow/example_dags/example_external_task_marker_dag.py
[2026-08-02T19:08:15.550+0000] {processor.py:830} INFO - Processing file /home/airflow/.local/lib/python3.12/site-packages/airflow/example_dags/example_external_task_marker_dag.py for tasks to queue
[2026-08-02T19:08:15.552+0000] {logging_mixin.py:188} INFO - [2026-08-02T19:08:15.552+0000] {dagbag.py:545} INFO - Filling up the DagBag from /home/airflow/.local/lib/python3.12/site-packages/airflow/example_dags/example_external_task_marker_dag.py
[2026-08-02T19:08:15.559+0000] {processor.py:840} INFO - DAG(s) 'example_external_task_marker_parent', 'example_external_task_marker_child' retrieved from /home/airflow/.local/lib/python3.12/site-packages/airflow/example_dags/example_external_task_marker_dag.py
[2026-08-02T19:08:15.582+0000] {logging_mixin.py:188} INFO - [2026-08-02T19:08:15.581+0000] {dag.py:3089} INFO - Sync 2 DAGs
[2026-08-02T19:08:15.593+0000] {logging_mixin.py:188} INFO - [2026-08-02T19:08:15.593+0000] {dag.py:3947} INFO - Setting next_dagrun for example_external_task_marker_child to None, run_after=None
[2026-08-02T19:08:15.597+0000] {logging_mixin.py:188} INFO - [2026-08-02T19:08:15.597+0000] {dag.py:3947} INFO - Setting next_dagrun for example_external_task_marker_parent to None, run_after=None
[2026-08-02T19:08:15.612+0000] {processor.py:183} INFO - Processing /home/airflow/.local/lib/python3.12/site-packages/airflow/example_dags/example_external_task_marker_dag.py took 0.069 seconds
[2026-08-02T19:09:46.626+0000] {processor.py:161} INFO - Started process (PID=96) to work on /home/airflow/.local/lib/python3.12/site-packages/airflow/example_dags/example_external_task_marker_dag.py
[2026-08-02T19:09:46.628+0000] {processor.py:830} INFO - Processing file /home/airflow/.local/lib/python3.12/site-packages/airflow/example_dags/example_external_task_marker_dag.py for tasks to queue
[2026-08-02T19:09:46.631+0000] {logging_mixin.py:188} INFO - [2026-08-02T19:09:46.631+0000] {dagbag.py:545} INFO - Filling up the DagBag from /home/airflow/.local/lib/python3.12/site-packages/airflow/example_dags/example_external_task_marker_dag.py
[2026-08-02T19:09:46.646+0000] {processor.py:840} INFO - DAG(s) 'example_external_task_marker_child', 'example_external_task_marker_parent' retrieved from /home/airflow/.local/lib/python3.12/site-packages/airflow/example_dags/example_external_task_marker_dag.py
[2026-08-02T19:09:46.881+0000] {logging_mixin.py:188} INFO - [2026-08-02T19:09:46.880+0000] {dag.py:3089} INFO - Sync 2 DAGs
[2026-08-02T19:09:46.900+0000] {logging_mixin.py:188} INFO - [2026-08-02T19:09:46.900+0000] {dag.py:3947} INFO - Setting next_dagrun for example_external_task_marker_child to None, run_after=None
[2026-08-02T19:09:46.908+0000] {logging_mixin.py:188} INFO - [2026-08-02T19:09:46.907+0000] {dag.py:3947} INFO - Setting next_dagrun for example_external_task_marker_parent to None, run_after=None
[2026-08-02T19:09:46.944+0000] {processor.py:183} INFO - Processing /home/airflow/.local/lib/python3.12/site-packages/airflow/example_dags/example_external_task_marker_dag.py took 0.327 seconds
[2026-08-02T19:10:17.203+0000] {processor.py:161} INFO - Started process (PID=155) to work on /home/airflow/.local/lib/python3.12/site-packages/airflow/example_dags/example_external_task_marker_dag.py
[2026-08-02T19:10:17.205+0000] {processor.py:830} INFO - Processing file /home/airflow/.local/lib/python3.12/site-packages/airflow/example_dags/example_external_task_marker_dag.py for tasks to queue
[2026-08-02T19:10:17.208+0000] {logging_mixin.py:188} INFO - [2026-08-02T19:10:17.207+0000] {dagbag.py:545} INFO - Filling up the DagBag from /home/airflow/.local/lib/python3.12/site-packages/airflow/example_dags/example_external_task_marker_dag.py
[2026-08-02T19:10:17.215+0000] {processor.py:840} INFO - DAG(s) 'example_external_task_marker_parent', 'example_external_task_marker_child' retrieved from /home/airflow/.local/lib/python3.12/site-packages/airflow/example_dags/example_external_task_marker_dag.py
[2026-08-02T19:10:17.239+0000] {logging_mixin.py:188} INFO - [2026-08-02T19:10:17.239+0000] {dag.py:3089} INFO - Sync 2 DAGs
[2026-08-02T19:10:17.251+0000] {logging_mixin.py:188} INFO - [2026-08-02T19:10:17.251+0000] {dag.py:3947} INFO - Setting next_dagrun for example_external_task_marker_child to None, run_after=None
[2026-08-02T19:10:17.257+0000] {logging_mixin.py:188} INFO - [2026-08-02T19:10:17.257+0000] {dag.py:3947} INFO - Setting next_dagrun for example_external_task_marker_parent to None, run_after=None
[2026-08-02T19:10:17.277+0000] {processor.py:183} INFO - Processing /home/airflow/.local/lib/python3.12/site-packages/airflow/example_dags/example_external_task_marker_dag.py took 0.081 seconds
[2026-08-02T19:10:47.661+0000] {processor.py:161} INFO - Started process (PID=214) to work on /home/airflow/.local/lib/python3.12/site-packages/airflow/example_dags/example_external_task_marker_dag.py
[2026-08-02T19:10:47.662+0000] {processor.py:830} INFO - Processing file /home/airflow/.local/lib/python3.12/site-packages/airflow/example_dags/example_external_task_marker_dag.py for tasks to queue
[2026-08-02T19:10:47.665+0000] {logging_mixin.py:188} INFO - [2026-08-02T19:10:47.664+0000] {dagbag.py:545} INFO - Filling up the DagBag from /home/airflow/.local/lib/python3.12/site-packages/airflow/example_dags/example_external_task_marker_dag.py
[2026-08-02T19:10:47.672+0000] {processor.py:840} INFO - DAG(s) 'example_external_task_marker_child', 'example_external_task_marker_parent' retrieved from /home/airflow/.local/lib/python3.12/site-packages/airflow/example_dags/example_external_task_marker_dag.py
[2026-08-02T19:10:47.697+0000] {logging_mixin.py:188} INFO - [2026-08-02T19:10:47.697+0000] {dag.py:3089} INFO - Sync 2 DAGs
[2026-08-02T19:10:47.711+0000] {logging_mixin.py:188} INFO - [2026-08-02T19:10:47.711+0000] {dag.py:3947} INFO - Setting next_dagrun for example_external_task_marker_child to None, run_after=None
[2026-08-02T19:10:47.715+0000] {logging_mixin.py:188} INFO - [2026-08-02T19:10:47.715+0000] {dag.py:3947} INFO - Setting next_dagrun for example_external_task_marker_parent to None, run_after=None
[2026-08-02T19:10:47.731+0000] {processor.py:183} INFO - Processing /home/airflow/.local/lib/python3.12/site-packages/airflow/example_dags/example_external_task_marker_dag.py took 0.077 seconds
[2026-08-02T19:11:18.537+0000] {processor.py:161} INFO - Started process (PID=273) to work on /home/airflow/.local/lib/python3.12/site-packages/airflow/example_dags/example_external_task_marker_dag.py
[2026-08-02T19:11:18.543+0000] {processor.py:830} INFO - Processing file /home/airflow/.local/lib/python3.12/site-packages/airflow/example_dags/example_external_task_marker_dag.py for tasks to queue
[2026-08-02T19:11:18.551+0000] {logging_mixin.py:188} INFO - [2026-08-02T19:11:18.550+0000] {dagbag.py:545} INFO - Filling up the DagBag from /home/airflow/.local/lib/python3.12/site-packages/airflow/example_dags/example_external_task_marker_dag.py
[2026-08-02T19:11:18.578+0000] {processor.py:840} INFO - DAG(s) 'example_external_task_marker_child', 'example_external_task_marker_parent' retrieved from /home/airflow/.local/lib/python3.12/site-packages/airflow/example_dags/example_external_task_marker_dag.py
[2026-08-02T19:11:18.613+0000] {logging_mixin.py:188} INFO - [2026-08-02T19:11:18.613+0000] {dag.py:3089} INFO - Sync 2 DAGs
[2026-08-02T19:11:18.644+0000] {logging_mixin.py:188} INFO - [2026-08-02T19:11:18.644+0000] {dag.py:3947} INFO - Setting next_dagrun for example_external_task_marker_child to None, run_after=None
[2026-08-02T19:11:18.648+0000] {logging_mixin.py:188} INFO - [2026-08-02T19:11:18.648+0000] {dag.py:3947} INFO - Setting next_dagrun for example_external_task_marker_parent to None, run_after=None
[2026-08-02T19:11:18.677+0000] {processor.py:183} INFO - Processing /home/airflow/.local/lib/python3.12/site-packages/airflow/example_dags/example_external_task_marker_dag.py took 0.163 seconds
[2026-08-02T19:11:49.425+0000] {processor.py:161} INFO - Started process (PID=338) to work on /home/airflow/.local/lib/python3.12/site-packages/airflow/example_dags/example_external_task_marker_dag.py
[2026-08-02T19:11:49.427+0000] {processor.py:830} INFO - Processing file /home/airflow/.local/lib/python3.12/site-packages/airflow/example_dags/example_external_task_marker_dag.py for tasks to queue
[2026-08-02T19:11:49.429+0000] {logging_mixin.py:188} INFO - [2026-08-02T19:11:49.429+0000] {dagbag.py:545} INFO - Filling up the DagBag from /home/airflow/.local/lib/python3.12/site-packages/airflow/example_dags/example_external_task_marker_dag.py
[2026-08-02T19:11:49.435+0000] {processor.py:840} INFO - DAG(s) 'example_external_task_marker_child', 'example_external_task_marker_parent' retrieved from /home/airflow/.local/lib/python3.12/site-packages/airflow/example_dags/example_external_task_marker_dag.py
[2026-08-02T19:11:49.458+0000] {logging_mixin.py:188} INFO - [2026-08-02T19:11:49.458+0000] {dag.py:3089} INFO - Sync 2 DAGs
[2026-08-02T19:11:49.469+0000] {logging_mixin.py:188} INFO - [2026-08-02T19:11:49.469+0000] {dag.py:3947} INFO - Setting next_dagrun for example_external_task_marker_child to None, run_after=None
[2026-08-02T19:11:49.473+0000] {logging_mixin.py:188} INFO - [2026-08-02T19:11:49.473+0000] {dag.py:3947} INFO - Setting next_dagrun for example_external_task_marker_parent to None, run_after=None
[2026-08-02T19:11:49.491+0000] {processor.py:183} INFO - Processing /home/airflow/.local/lib/python3.12/site-packages/airflow/example_dags/example_external_task_marker_dag.py took 0.071 seconds
[2026-08-02T19:12:19.841+0000] {processor.py:161} INFO - Started process (PID=397) to work on /home/airflow/.local/lib/python3.12/site-packages/airflow/example_dags/example_external_task_marker_dag.py
[2026-08-02T19:12:19.843+0000] {processor.py:830} INFO - Processing file /home/airflow/.local/lib/python3.12/site-packages/airflow/example_dags/example_external_task_marker_dag.py for tasks to queue
[2026-08-02T19:12:19.846+0000] {logging_mixin.py:188} INFO - [2026-08-02T19:12:19.845+0000] {dagbag.py:545} INFO - Filling up the DagBag from /home/airflow/.local/lib/python3.12/site-packages/airflow/example_dags/example_external_task_marker_dag.py
[2026-08-02T19:12:19.852+0000] {processor.py:840} INFO - DAG(s) 'example_external_task_marker_parent', 'example_external_task_marker_child' retrieved from /home/airflow/.local/lib/python3.12/site-packages/airflow/example_dags/example_external_task_marker_dag.py
[2026-08-02T19:12:19.874+0000] {logging_mixin.py:188} INFO - [2026-08-02T19:12:19.874+0000] {dag.py:3089} INFO - Sync 2 DAGs
[2026-08-02T19:12:19.886+0000] {logging_mixin.py:188} INFO - [2026-08-02T19:12:19.886+0000] {dag.py:3947} INFO - Setting next_dagrun for example_external_task_marker_child to None, run_after=None
[2026-08-02T19:12:19.890+0000] {logging_mixin.py:188} INFO - [2026-08-02T19:12:19.890+0000] {dag.py:3947} INFO - Setting next_dagrun for example_external_task_marker_parent to None, run_after=None
[2026-08-02T19:12:19.908+0000] {processor.py:183} INFO - Processing /home/airflow/.local/lib/python3.12/site-packages/airflow/example_dags/example_external_task_marker_dag.py took 0.073 seconds
[2026-08-02T19:12:50.267+0000] {processor.py:161} INFO - Started process (PID=456) to work on /home/airflow/.local/lib/python3.12/site-packages/airflow/example_dags/example_external_task_marker_dag.py
[2026-08-02T19:12:50.268+0000] {processor.py:830} INFO - Processing file /home/airflow/.local/lib/python3.12/site-packages/airflow/example_dags/example_external_task_marker_dag.py for tasks to queue
[2026-08-02T19:12:50.271+0000] {logging_mixin.py:188} INFO - [2026-08-02T19:12:50.270+0000] {dagbag.py:545} INFO - Filling up the DagBag from /home/airflow/.local/lib/python3.12/site-packages/airflow/example_dags/example_external_task_marker_dag.py
[2026-08-02T19:12:50.277+0000] {processor.py:840} INFO - DAG(s) 'example_external_task_marker_child', 'example_external_task_marker_parent' retrieved from /home/airflow/.local/lib/python3.12/site-packages/airflow/example_dags/example_external_task_marker_dag.py
[2026-08-02T19:12:50.300+0000] {logging_mixin.py:188} INFO - [2026-08-02T19:12:50.300+0000] {dag.py:3089} INFO - Sync 2 DAGs
[2026-08-02T19:12:50.312+0000] {logging_mixin.py:188} INFO - [2026-08-02T19:12:50.312+0000] {dag.py:3947} INFO - Setting next_dagrun for example_external_task_marker_child to None, run_after=None
[2026-08-02T19:12:50.316+0000] {logging_mixin.py:188} INFO - [2026-08-02T19:12:50.315+0000] {dag.py:3947} INFO - Setting next_dagrun for example_external_task_marker_parent to None, run_after=None
[2026-08-02T19:12:50.331+0000] {processor.py:183} INFO - Processing /home/airflow/.local/lib/python3.12/site-packages/airflow/example_dags/example_external_task_marker_dag.py took 0.070 seconds
[2026-08-02T19:13:20.671+0000] {processor.py:161} INFO - Started process (PID=515) to work on /home/airflow/.local/lib/python3.12/site-packages/airflow/example_dags/example_external_task_marker_dag.py
[2026-08-02T19:13:20.673+0000] {processor.py:830} INFO - Processing file /home/airflow/.local/lib/python3.12/site-packages/airflow/example_dags/example_external_task_marker_dag.py for tasks to queue
[2026-08-02T19:13:20.676+0000] {logging_mixin.py:188} INFO - [2026-08-02T19:13:20.676+0000] {dagbag.py:545} INFO - Filling up the DagBag from /home/airflow/.local/lib/python3.12/site-packages/airflow/example_dags/example_external_task_marker_dag.py
[2026-08-02T19:13:20.684+0000] {processor.py:840} INFO - DAG(s) 'example_external_task_marker_child', 'example_external_task_marker_parent' retrieved from /home/airflow/.local/lib/python3.12/site-packages/airflow/example_dags/example_external_task_marker_dag.py
[2026-08-02T19:13:20.708+0000] {logging_mixin.py:188} INFO - [2026-08-02T19:13:20.707+0000] {dag.py:3089} INFO - Sync 2 DAGs
[2026-08-02T19:13:20.720+0000] {logging_mixin.py:188} INFO - [2026-08-02T19:13:20.719+0000] {dag.py:3947} INFO - Setting next_dagrun for example_external_task_marker_child to None, run_after=None
[2026-08-02T19:13:20.724+0000] {logging_mixin.py:188} INFO - [2026-08-02T19:13:20.724+0000] {dag.py:3947} INFO - Setting next_dagrun for example_external_task_marker_parent to None, run_after=None
[2026-08-02T19:13:20.742+0000] {processor.py:183} INFO - Processing /home/airflow/.local/lib/python3.12/site-packages/airflow/example_dags/example_external_task_marker_dag.py took 0.079 seconds
[2026-08-02T19:13:51.626+0000] {processor.py:161} INFO - Started process (PID=574) to work on /home/airflow/.local/lib/python3.12/site-packages/airflow/example_dags/example_external_task_marker_dag.py
[2026-08-02T19:13:51.628+0000] {processor.py:830} INFO - Processing file /home/airflow/.local/lib/python3.12/site-packages/airflow/example_dags/example_external_task_marker_dag.py for tasks to queue
[2026-08-02T19:13:51.630+0000] {logging_mixin.py:188} INFO - [2026-08-02T19:13:51.630+0000] {dagbag.py:545} INFO - Filling up the DagBag from /home/airflow/.local/lib/python3.12/site-packages/airflow/example_dags/example_external_task_marker_dag.py
[2026-08-02T19:13:51.637+0000] {processor.py:840} INFO - DAG(s) 'example_external_task_marker_child', 'example_external_task_marker_parent' retrieved from /home/airflow/.local/lib/python3.12/site-packages/airflow/example_dags/example_external_task_marker_dag.py
[2026-08-02T19:13:51.662+0000] {logging_mixin.py:188} INFO - [2026-08-02T19:13:51.662+0000] {dag.py:3089} INFO - Sync 2 DAGs
[2026-08-02T19:13:51.674+0000] {logging_mixin.py:188} INFO - [2026-08-02T19:13:51.674+0000] {dag.py:3947} INFO - Setting next_dagrun for example_external_task_marker_child to None, run_after=None
[2026-08-02T19:13:51.679+0000] {logging_mixin.py:188} INFO - [2026-08-02T19:13:51.678+0000] {dag.py:3947} INFO - Setting next_dagrun for example_external_task_marker_parent to None, run_after=None
[2026-08-02T19:13:51.696+0000] {processor.py:183} INFO - Processing /home/airflow/.local/lib/python3.12/site-packages/airflow/example_dags/example_external_task_marker_dag.py took 0.076 seconds
[2026-08-02T19:14:22.176+0000] {processor.py:161} INFO - Started process (PID=633) to work on /home/airflow/.local/lib/python3.12/site-packages/airflow/example_dags/example_external_task_marker_dag.py
[2026-08-02T19:14:22.177+0000] {processor.py:830} INFO - Processing file /home/airflow/.local/lib/python3.12/site-packages/airflow/example_dags/example_external_task_marker_dag.py for tasks to queue
[2026-08-02T19:14:22.180+0000] {logging_mixin.py:188} INFO - [2026-08-02T19:14:22.179+0000] {dagbag.py:545} INFO - Filling up the DagBag from /home/airflow/.local/lib/python3.12/site-packages/airflow/example_dags/example_external_task_marker_dag.py
[2026-08-02T19:14:22.186+0000] {processor.py:840} INFO - DAG(s) 'example_external_task_marker_parent', 'example_external_task_marker_child' retrieved from /home/airflow/.local/lib/python3.12/site-packages/airflow/example_dags/example_external_task_marker_dag.py
[2026-08-02T19:14:22.209+0000] {logging_mixin.py:188} INFO - [2026-08-02T19:14:22.209+0000] {dag.py:3089} INFO - Sync 2 DAGs
[2026-08-02T19:14:22.225+0000] {logging_mixin.py:188} INFO - [2026-08-02T19:14:22.225+0000] {dag.py:3947} INFO - Setting next_dagrun for example_external_task_marker_child to None, run_after=None
[2026-08-02T19:14:22.229+0000] {logging_mixin.py:188} INFO - [2026-08-02T19:14:22.229+0000] {dag.py:3947} INFO - Setting next_dagrun for example_external_task_marker_parent to None, run_after=None
[2026-08-02T19:14:22.248+0000] {processor.py:183} INFO - Processing /home/airflow/.local/lib/python3.12/site-packages/airflow/example_dags/example_external_task_marker_dag.py took 0.078 seconds
[2026-08-02T19:14:52.914+0000] {processor.py:161} INFO - Started process (PID=692) to work on /home/airflow/.local/lib/python3.12/site-packages/airflow/example_dags/example_external_task_marker_dag.py
[2026-08-02T19:14:52.915+0000] {processor.py:830} INFO - Processing file /home/airflow/.local/lib/python3.12/site-packages/airflow/example_dags/example_external_task_marker_dag.py for tasks to queue
[2026-08-02T19:14:52.917+0000] {logging_mixin.py:188} INFO - [2026-08-02T19:14:52.917+0000] {dagbag.py:545} INFO - Filling up the DagBag from /home/airflow/.local/lib/python3.12/site-packages/airflow/example_dags/example_external_task_marker_dag.py
[2026-08-02T19:14:52.923+0000] {processor.py:840} INFO - DAG(s) 'example_external_task_marker_parent', 'example_external_task_marker_child' retrieved from /home/airflow/.local/lib/python3.12/site-packages/airflow/example_dags/example_external_task_marker_dag.py
[2026-08-02T19:14:52.943+0000] {logging_mixin.py:188} INFO - [2026-08-02T19:14:52.943+0000] {dag.py:3089} INFO - Sync 2 DAGs
[2026-08-02T19:14:52.955+0000] {logging_mixin.py:188} INFO - [2026-08-02T19:14:52.955+0000] {dag.py:3947} INFO - Setting next_dagrun for example_external_task_marker_child to None, run_after=None
[2026-08-02T19:14:52.959+0000] {logging_mixin.py:188} INFO - [2026-08-02T19:14:52.959+0000] {dag.py:3947} INFO - Setting next_dagrun for example_external_task_marker_parent to None, run_after=None
[2026-08-02T19:14:52.974+0000] {processor.py:183} INFO - Processing /home/airflow/.local/lib/python3.12/site-packages/airflow/example_dags/example_external_task_marker_dag.py took 0.066 seconds
[2026-08-02T19:15:23.388+0000] {processor.py:161} INFO - Started process (PID=751) to work on /home/airflow/.local/lib/python3.12/site-packages/airflow/example_dags/example_external_task_marker_dag.py
[2026-08-02T19:15:23.390+0000] {processor.py:830} INFO - Processing file /home/airflow/.local/lib/python3.12/site-packages/airflow/example_dags/example_external_task_marker_dag.py for tasks to queue
[2026-08-02T19:15:23.392+0000] {logging_mixin.py:188} INFO - [2026-08-02T19:15:23.392+0000] {dagbag.py:545} INFO - Filling up the DagBag from /home/airflow/.local/lib/python3.12/site-packages/airflow/example_dags/example_external_task_marker_dag.py
[2026-08-02T19:15:23.398+0000] {processor.py:840} INFO - DAG(s) 'example_external_task_marker_child', 'example_external_task_marker_parent' retrieved from /home/airflow/.local/lib/python3.12/site-packages/airflow/example_dags/example_external_task_marker_dag.py
[2026-08-02T19:15:23.419+0000] {logging_mixin.py:188} INFO - [2026-08-02T19:15:23.419+0000] {dag.py:3089} INFO - Sync 2 DAGs
[2026-08-02T19:15:23.431+0000] {logging_mixin.py:188} INFO - [2026-08-02T19:15:23.431+0000] {dag.py:3947} INFO - Setting next_dagrun for example_external_task_marker_child to None, run_after=None
[2026-08-02T19:15:23.435+0000] {logging_mixin.py:188} INFO - [2026-08-02T19:15:23.434+0000] {dag.py:3947} INFO - Setting next_dagrun for example_external_task_marker_parent to None, run_after=None
[2026-08-02T19:15:23.451+0000] {processor.py:183} INFO - Processing /home/airflow/.local/lib/python3.12/site-packages/airflow/example_dags/example_external_task_marker_dag.py took 0.068 seconds
[2026-08-02T19:15:53.798+0000] {processor.py:161} INFO - Started process (PID=810) to work on /home/airflow/.local/lib/python3.12/site-packages/airflow/example_dags/example_external_task_marker_dag.py
[2026-08-02T19:15:53.800+0000] {processor.py:830} INFO - Processing file /home/airflow/.local/lib/python3.12/site-packages/airflow/example_dags/example_external_task_marker_dag.py for tasks to queue
[2026-08-02T19:15:53.803+0000] {logging_mixin.py:188} INFO - [2026-08-02T19:15:53.803+0000] {dagbag.py:545} INFO - Filling up the DagBag from /home/airflow/.local/lib/python3.12/site-packages/airflow/example_dags/example_external_task_marker_dag.py
[2026-08-02T19:15:53.813+0000] {processor.py:840} INFO - DAG(s) 'example_external_task_marker_parent', 'example_external_task_marker_child' retrieved from /home/airflow/.local/lib/python3.12/site-packages/airflow/example_dags/example_external_task_marker_dag.py
[2026-08-02T19:15:53.850+0000] {logging_mixin.py:188} INFO - [2026-08-02T19:15:53.850+0000] {dag.py:3089} INFO - Sync 2 DAGs
[2026-08-02T19:15:53.865+0000] {logging_mixin.py:188} INFO - [2026-08-02T19:15:53.865+0000] {dag.py:3947} INFO - Setting next_dagrun for example_external_task_marker_child to None, run_after=None
[2026-08-02T19:15:53.870+0000] {logging_mixin.py:188} INFO - [2026-08-02T19:15:53.870+0000] {dag.py:3947} INFO - Setting next_dagrun for example_external_task_marker_parent to None, run_after=None
[2026-08-02T19:15:53.893+0000] {processor.py:183} INFO - Processing /home/airflow/.local/lib/python3.12/site-packages/airflow/example_dags/example_external_task_marker_dag.py took 0.105 seconds
[2026-08-02T19:16:24.180+0000] {processor.py:161} INFO - Started process (PID=869) to work on /home/airflow/.local/lib/python3.12/site-packages/airflow/example_dags/example_external_task_marker_dag.py
[2026-08-02T19:16:24.183+0000] {processor.py:830} INFO - Processing file /home/airflow/.local/lib/python3.12/site-packages/airflow/example_dags/example_external_task_marker_dag.py for tasks to queue
[2026-08-02T19:16:24.187+0000] {logging_mixin.py:188} INFO - [2026-08-02T19:16:24.187+0000] {dagbag.py:545} INFO - Filling up the DagBag from /home/airflow/.local/lib/python3.12/site-packages/airflow/example_dags/example_external_task_marker_dag.py
[2026-08-02T19:16:24.202+0000] {processor.py:840} INFO - DAG(s) 'example_external_task_marker_child', 'example_external_task_marker_parent' retrieved from /home/airflow/.local/lib/python3.12/site-packages/airflow/example_dags/example_external_task_marker_dag.py
[2026-08-02T19:16:24.241+0000] {logging_mixin.py:188} INFO - [2026-08-02T19:16:24.240+0000] {dag.py:3089} INFO - Sync 2 DAGs
[2026-08-02T19:16:24.257+0000] {logging_mixin.py:188} INFO - [2026-08-02T19:16:24.256+0000] {dag.py:3947} INFO - Setting next_dagrun for example_external_task_marker_child to None, run_after=None
[2026-08-02T19:16:24.262+0000] {logging_mixin.py:188} INFO - [2026-08-02T19:16:24.261+0000] {dag.py:3947} INFO - Setting next_dagrun for example_external_task_marker_parent to None, run_after=None
[2026-08-02T19:16:24.303+0000] {processor.py:183} INFO - Processing /home/airflow/.local/lib/python3.12/site-packages/airflow/example_dags/example_external_task_marker_dag.py took 0.134 seconds
[2026-08-02T19:16:55.276+0000] {processor.py:161} INFO - Started process (PID=928) to work on /home/airflow/.local/lib/python3.12/site-packages/airflow/example_dags/example_external_task_marker_dag.py
[2026-08-02T19:16:55.279+0000] {processor.py:830} INFO - Processing file /home/airflow/.local/lib/python3.12/site-packages/airflow/example_dags/example_external_task_marker_dag.py for tasks to queue
[2026-08-02T19:16:55.282+0000] {logging_mixin.py:188} INFO - [2026-08-02T19:16:55.281+0000] {dagbag.py:545} INFO - Filling up the DagBag from /home/airflow/.local/lib/python3.12/site-packages/airflow/example_dags/example_external_task_marker_dag.py
[2026-08-02T19:16:55.290+0000] {processor.py:840} INFO - DAG(s) 'example_external_task_marker_parent', 'example_external_task_marker_child' retrieved from /home/airflow/.local/lib/python3.12/site-packages/airflow/example_dags/example_external_task_marker_dag.py
[2026-08-02T19:16:55.313+0000] {logging_mixin.py:188} INFO - [2026-08-02T19:16:55.313+0000] {dag.py:3089} INFO - Sync 2 DAGs
[2026-08-02T19:16:55.325+0000] {logging_mixin.py:188} INFO - [2026-08-02T19:16:55.325+0000] {dag.py:3947} INFO - Setting next_dagrun for example_external_task_marker_child to None, run_after=None
[2026-08-02T19:16:55.329+0000] {logging_mixin.py:188} INFO - [2026-08-02T19:16:55.329+0000] {dag.py:3947} INFO - Setting next_dagrun for example_external_task_marker_parent to None, run_after=None
[2026-08-02T19:16:55.346+0000] {processor.py:183} INFO - Processing /home/airflow/.local/lib/python3.12/site-packages/airflow/example_dags/example_external_task_marker_dag.py took 0.080 seconds
[2026-08-02T19:17:25.944+0000] {processor.py:161} INFO - Started process (PID=987) to work on /home/airflow/.local/lib/python3.12/site-packages/airflow/example_dags/example_external_task_marker_dag.py
[2026-08-02T19:17:25.946+0000] {processor.py:830} INFO - Processing file /home/airflow/.local/lib/python3.12/site-packages/airflow/example_dags/example_external_task_marker_dag.py for tasks to queue
[2026-08-02T19:17:25.950+0000] {logging_mixin.py:188} INFO - [2026-08-02T19:17:25.949+0000] {dagbag.py:545} INFO - Filling up the DagBag from /home/airflow/.local/lib/python3.12/site-packages/airflow/example_dags/example_external_task_marker_dag.py
[2026-08-02T19:17:25.958+0000] {processor.py:840} INFO - DAG(s) 'example_external_task_marker_parent', 'example_external_task_marker_child' retrieved from /home/airflow/.local/lib/python3.12/site-packages/airflow/example_dags/example_external_task_marker_dag.py
[2026-08-02T19:17:25.981+0000] {logging_mixin.py:188} INFO - [2026-08-02T19:17:25.981+0000] {dag.py:3089} INFO - Sync 2 DAGs
[2026-08-02T19:17:25.993+0000] {logging_mixin.py:188} INFO - [2026-08-02T19:17:25.993+0000] {dag.py:3947} INFO - Setting next_dagrun for example_external_task_marker_child to None, run_after=None
[2026-08-02T19:17:25.997+0000] {logging_mixin.py:188} INFO - [2026-08-02T19:17:25.997+0000] {dag.py:3947} INFO - Setting next_dagrun for example_external_task_marker_parent to None, run_after=None
[2026-08-02T19:17:26.013+0000] {processor.py:183} INFO - Processing /home/airflow/.local/lib/python3.12/site-packages/airflow/example_dags/example_external_task_marker_dag.py took 0.079 seconds
[2026-08-02T19:17:56.090+0000] {processor.py:161} INFO - Started process (PID=1046) to work on /home/airflow/.local/lib/python3.12/site-packages/airflow/example_dags/example_external_task_marker_dag.py
[2026-08-02T19:17:56.092+0000] {processor.py:830} INFO - Processing file /home/airflow/.local/lib/python3.12/site-packages/airflow/example_dags/example_external_task_marker_dag.py for tasks to queue
[2026-08-02T19:17:56.095+0000] {logging_mixin.py:188} INFO - [2026-08-02T19:17:56.095+0000] {dagbag.py:545} INFO - Filling up the DagBag from /home/airflow/.local/lib/python3.12/site-packages/airflow/example_dags/example_external_task_marker_dag.py
[2026-08-02T19:17:56.104+0000] {processor.py:840} INFO - DAG(s) 'example_external_task_marker_child', 'example_external_task_marker_parent' retrieved from /home/airflow/.local/lib/python3.12/site-packages/airflow/example_dags/example_external_task_marker_dag.py
[2026-08-02T19:17:56.135+0000] {logging_mixin.py:188} INFO - [2026-08-02T19:17:56.135+0000] {dag.py:3089} INFO - Sync 2 DAGs
[2026-08-02T19:17:56.152+0000] {logging_mixin.py:188} INFO - [2026-08-02T19:17:56.152+0000] {dag.py:3947} INFO - Setting next_dagrun for example_external_task_marker_child to None, run_after=None
[2026-08-02T19:17:56.157+0000] {logging_mixin.py:188} INFO - [2026-08-02T19:17:56.157+0000] {dag.py:3947} INFO - Setting next_dagrun for example_external_task_marker_parent to None, run_after=None
[2026-08-02T19:17:56.182+0000] {processor.py:183} INFO - Processing /home/airflow/.local/lib/python3.12/site-packages/airflow/example_dags/example_external_task_marker_dag.py took 0.101 seconds
[2026-08-02T19:18:26.349+0000] {processor.py:161} INFO - Started process (PID=1105) to work on /home/airflow/.local/lib/python3.12/site-packages/airflow/example_dags/example_external_task_marker_dag.py
[2026-08-02T19:18:26.350+0000] {processor.py:830} INFO - Processing file /home/airflow/.local/lib/python3.12/site-packages/airflow/example_dags/example_external_task_marker_dag.py for tasks to queue
[2026-08-02T19:18:26.353+0000] {logging_mixin.py:188} INFO - [2026-08-02T19:18:26.352+0000] {dagbag.py:545} INFO - Filling up the DagBag from /home/airflow/.local/lib/python3.12/site-packages/airflow/example_dags/example_external_task_marker_dag.py
[2026-08-02T19:18:26.360+0000] {processor.py:840} INFO - DAG(s) 'example_external_task_marker_child', 'example_external_task_marker_parent' retrieved from /home/airflow/.local/lib/python3.12/site-packages/airflow/example_dags/example_external_task_marker_dag.py
[2026-08-02T19:18:26.390+0000] {logging_mixin.py:188} INFO - [2026-08-02T19:18:26.390+0000] {dag.py:3089} INFO - Sync 2 DAGs
[2026-08-02T19:18:26.410+0000] {logging_mixin.py:188} INFO - [2026-08-02T19:18:26.409+0000] {dag.py:3947} INFO - Setting next_dagrun for example_external_task_marker_child to None, run_after=None
[2026-08-02T19:18:26.415+0000] {logging_mixin.py:188} INFO - [2026-08-02T19:18:26.414+0000] {dag.py:3947} INFO - Setting next_dagrun for example_external_task_marker_parent to None, run_after=None
[2026-08-02T19:18:26.438+0000] {processor.py:183} INFO - Processing /home/airflow/.local/lib/python3.12/site-packages/airflow/example_dags/example_external_task_marker_dag.py took 0.095 seconds
[2026-08-02T19:18:56.996+0000] {processor.py:161} INFO - Started process (PID=1164) to work on /home/airflow/.local/lib/python3.12/site-packages/airflow/example_dags/example_external_task_marker_dag.py
[2026-08-02T19:18:56.998+0000] {processor.py:830} INFO - Processing file /home/airflow/.local/lib/python3.12/site-packages/airflow/example_dags/example_external_task_marker_dag.py for tasks to queue
[2026-08-02T19:18:57.002+0000] {logging_mixin.py:188} INFO - [2026-08-02T19:18:57.002+0000] {dagbag.py:545} INFO - Filling up the DagBag from /home/airflow/.local/lib/python3.12/site-packages/airflow/example_dags/example_external_task_marker_dag.py
[2026-08-02T19:18:57.014+0000] {processor.py:840} INFO - DAG(s) 'example_external_task_marker_child', 'example_external_task_marker_parent' retrieved from /home/airflow/.local/lib/python3.12/site-packages/airflow/example_dags/example_external_task_marker_dag.py
[2026-08-02T19:18:57.042+0000] {logging_mixin.py:188} INFO - [2026-08-02T19:18:57.042+0000] {dag.py:3089} INFO - Sync 2 DAGs
[2026-08-02T19:18:57.054+0000] {logging_mixin.py:188} INFO - [2026-08-02T19:18:57.053+0000] {dag.py:3947} INFO - Setting next_dagrun for example_external_task_marker_child to None, run_after=None
[2026-08-02T19:18:57.058+0000] {logging_mixin.py:188} INFO - [2026-08-02T19:18:57.057+0000] {dag.py:3947} INFO - Setting next_dagrun for example_external_task_marker_parent to None, run_after=None
[2026-08-02T19:18:57.088+0000] {processor.py:183} INFO - Processing /home/airflow/.local/lib/python3.12/site-packages/airflow/example_dags/example_external_task_marker_dag.py took 0.103 seconds
[2026-08-02T19:19:27.528+0000] {processor.py:161} INFO - Started process (PID=1223) to work on /home/airflow/.local/lib/python3.12/site-packages/airflow/example_dags/example_external_task_marker_dag.py
[2026-08-02T19:19:27.530+0000] {processor.py:830} INFO - Processing file /home/airflow/.local/lib/python3.12/site-packages/airflow/example_dags/example_external_task_marker_dag.py for tasks to queue
[2026-08-02T19:19:27.534+0000] {logging_mixin.py:188} INFO - [2026-08-02T19:19:27.533+0000] {dagbag.py:545} INFO - Filling up the DagBag from /home/airflow/.local/lib/python3.12/site-packages/airflow/example_dags/example_external_task_marker_dag.py
[2026-08-02T19:19:27.542+0000] {processor.py:840} INFO - DAG(s) 'example_external_task_marker_child', 'example_external_task_marker_parent' retrieved from /home/airflow/.local/lib/python3.12/site-packages/airflow/example_dags/example_external_task_marker_dag.py
[2026-08-02T19:19:27.565+0000] {logging_mixin.py:188} INFO - [2026-08-02T19:19:27.565+0000] {dag.py:3089} INFO - Sync 2 DAGs
[2026-08-02T19:19:27.578+0000] {logging_mixin.py:188} INFO - [2026-08-02T19:19:27.577+0000] {dag.py:3947} INFO - Setting next_dagrun for example_external_task_marker_child to None, run_after=None
[2026-08-02T19:19:27.581+0000] {logging_mixin.py:188} INFO - [2026-08-02T19:19:27.581+0000] {dag.py:3947} INFO - Setting next_dagrun for example_external_task_marker_parent to None, run_after=None
[2026-08-02T19:19:27.598+0000] {processor.py:183} INFO - Processing /home/airflow/.local/lib/python3.12/site-packages/airflow/example_dags/example_external_task_marker_dag.py took 0.086 seconds
[2026-08-02T19:19:58.167+0000] {processor.py:161} INFO - Started process (PID=1282) to work on /home/airflow/.local/lib/python3.12/site-packages/airflow/example_dags/example_external_task_marker_dag.py
[2026-08-02T19:19:58.169+0000] {processor.py:830} INFO - Processing file /home/airflow/.local/lib/python3.12/site-packages/airflow/example_dags/example_external_task_marker_dag.py for tasks to queue
[2026-08-02T19:19:58.171+0000] {logging_mixin.py:188} INFO - [2026-08-02T19:19:58.171+0000] {dagbag.py:545} INFO - Filling up the DagBag from /home/airflow/.local/lib/python3.12/site-packages/airflow/example_dags/example_external_task_marker_dag.py
[2026-08-02T19:19:58.178+0000] {processor.py:840} INFO - DAG(s) 'example_external_task_marker_child', 'example_external_task_marker_parent' retrieved from /home/airflow/.local/lib/python3.12/site-packages/airflow/example_dags/example_external_task_marker_dag.py
[2026-08-02T19:19:58.205+0000] {logging_mixin.py:188} INFO - [2026-08-02T19:19:58.205+0000] {dag.py:3089} INFO - Sync 2 DAGs
[2026-08-02T19:19:58.219+0000] {logging_mixin.py:188} INFO - [2026-08-02T19:19:58.219+0000] {dag.py:3947} INFO - Setting next_dagrun for example_external_task_marker_child to None, run_after=None
[2026-08-02T19:19:58.223+0000] {logging_mixin.py:188} INFO - [2026-08-02T19:19:58.223+0000] {dag.py:3947} INFO - Setting next_dagrun for example_external_task_marker_parent to None, run_after=None
[2026-08-02T19:19:58.242+0000] {processor.py:183} INFO - Processing /home/airflow/.local/lib/python3.12/site-packages/airflow/example_dags/example_external_task_marker_dag.py took 0.083 seconds
[2026-08-02T19:20:28.410+0000] {processor.py:161} INFO - Started process (PID=1341) to work on /home/airflow/.local/lib/python3.12/site-packages/airflow/example_dags/example_external_task_marker_dag.py
[2026-08-02T19:20:28.411+0000] {processor.py:830} INFO - Processing file /home/airflow/.local/lib/python3.12/site-packages/airflow/example_dags/example_external_task_marker_dag.py for tasks to queue
[2026-08-02T19:20:28.414+0000] {logging_mixin.py:188} INFO - [2026-08-02T19:20:28.413+0000] {dagbag.py:545} INFO - Filling up the DagBag from /home/airflow/.local/lib/python3.12/site-packages/airflow/example_dags/example_external_task_marker_dag.py
[2026-08-02T19:20:28.420+0000] {processor.py:840} INFO - DAG(s) 'example_external_task_marker_child', 'example_external_task_marker_parent' retrieved from /home/airflow/.local/lib/python3.12/site-packages/airflow/example_dags/example_external_task_marker_dag.py
[2026-08-02T19:20:28.446+0000] {logging_mixin.py:188} INFO - [2026-08-02T19:20:28.445+0000] {dag.py:3089} INFO - Sync 2 DAGs
[2026-08-02T19:20:28.458+0000] {logging_mixin.py:188} INFO - [2026-08-02T19:20:28.458+0000] {dag.py:3947} INFO - Setting next_dagrun for example_external_task_marker_child to None, run_after=None
[2026-08-02T19:20:28.462+0000] {logging_mixin.py:188} INFO - [2026-08-02T19:20:28.462+0000] {dag.py:3947} INFO - Setting next_dagrun for example_external_task_marker_parent to None, run_after=None
[2026-08-02T19:20:28.480+0000] {processor.py:183} INFO - Processing /home/airflow/.local/lib/python3.12/site-packages/airflow/example_dags/example_external_task_marker_dag.py took 0.077 seconds
[2026-08-02T19:20:59.233+0000] {processor.py:161} INFO - Started process (PID=1400) to work on /home/airflow/.local/lib/python3.12/site-packages/airflow/example_dags/example_external_task_marker_dag.py
[2026-08-02T19:20:59.235+0000] {processor.py:830} INFO - Processing file /home/airflow/.local/lib/python3.12/site-packages/airflow/example_dags/example_external_task_marker_dag.py for tasks to queue
[2026-08-02T19:20:59.237+0000] {logging_mixin.py:188} INFO - [2026-08-02T19:20:59.237+0000] {dagbag.py:545} INFO - Filling up the DagBag from /home/airflow/.local/lib/python3.12/site-packages/airflow/example_dags/example_external_task_marker_dag.py
[2026-08-02T19:20:59.245+0000] {processor.py:840} INFO - DAG(s) 'example_external_task_marker_child', 'example_external_task_marker_parent' retrieved from /home/airflow/.local/lib/python3.12/site-packages/airflow/example_dags/example_external_task_marker_dag.py
[2026-08-02T19:20:59.275+0000] {logging_mixin.py:188} INFO - [2026-08-02T19:20:59.274+0000] {dag.py:3089} INFO - Sync 2 DAGs
[2026-08-02T19:20:59.289+0000] {logging_mixin.py:188} INFO - [2026-08-02T19:20:59.289+0000] {dag.py:3947} INFO - Setting next_dagrun for example_external_task_marker_child to None, run_after=None
[2026-08-02T19:20:59.293+0000] {logging_mixin.py:188} INFO - [2026-08-02T19:20:59.293+0000] {dag.py:3947} INFO - Setting next_dagrun for example_external_task_marker_parent to None, run_after=None
[2026-08-02T19:20:59.322+0000] {processor.py:183} INFO - Processing /home/airflow/.local/lib/python3.12/site-packages/airflow/example_dags/example_external_task_marker_dag.py took 0.095 seconds
