[2026-08-02T18:55:10.045+0000] {processor.py:161} INFO - Started process (PID=70) to work on /home/airflow/.local/lib/python3.12/site-packages/airflow/example_dags/example_branch_day_of_week_operator.py
[2026-08-02T18:55:10.046+0000] {processor.py:830} INFO - Processing file /home/airflow/.local/lib/python3.12/site-packages/airflow/example_dags/example_branch_day_of_week_operator.py for tasks to queue
[2026-08-02T18:55:10.050+0000] {logging_mixin.py:188} INFO - [2026-08-02T18:55:10.049+0000] {dagbag.py:545} INFO - Filling up the DagBag from /home/airflow/.local/lib/python3.12/site-packages/airflow/example_dags/example_branch_day_of_week_operator.py
[2026-08-02T18:55:10.066+0000] {processor.py:840} INFO - DAG(s) 'example_weekday_branch_operator' retrieved from /home/airflow/.local/lib/python3.12/site-packages/airflow/example_dags/example_branch_day_of_week_operator.py
[2026-08-02T18:55:10.210+0000] {logging_mixin.py:188} INFO - [2026-08-02T18:55:10.210+0000] {dag.py:3089} INFO - Sync 1 DAGs
[2026-08-02T18:55:10.248+0000] {logging_mixin.py:188} INFO - [2026-08-02T18:55:10.247+0000] {dag.py:3947} INFO - Setting next_dagrun for example_weekday_branch_operator to 2026-08-01 00:00:00+00:00, run_after=2026-08-02 00:00:00+00:00
[2026-08-02T18:55:10.279+0000] {processor.py:183} INFO - Processing /home/airflow/.local/lib/python3.12/site-packages/airflow/example_dags/example_branch_day_of_week_operator.py took 0.242 seconds
[2026-08-02T18:55:41.041+0000] {processor.py:161} INFO - Started process (PID=129) to work on /home/airflow/.local/lib/python3.12/site-packages/airflow/example_dags/example_branch_day_of_week_operator.py
[2026-08-02T18:55:41.043+0000] {processor.py:830} INFO - Processing file /home/airflow/.local/lib/python3.12/site-packages/airflow/example_dags/example_branch_day_of_week_operator.py for tasks to queue
[2026-08-02T18:55:41.047+0000] {logging_mixin.py:188} INFO - [2026-08-02T18:55:41.046+0000] {dagbag.py:545} INFO - Filling up the DagBag from /home/airflow/.local/lib/python3.12/site-packages/airflow/example_dags/example_branch_day_of_week_operator.py
[2026-08-02T18:55:41.057+0000] {processor.py:840} INFO - DAG(s) 'example_weekday_branch_operator' retrieved from /home/airflow/.local/lib/python3.12/site-packages/airflow/example_dags/example_branch_day_of_week_operator.py
[2026-08-02T18:55:41.081+0000] {logging_mixin.py:188} INFO - [2026-08-02T18:55:41.081+0000] {dag.py:3089} INFO - Sync 1 DAGs
[2026-08-02T18:55:41.104+0000] {logging_mixin.py:188} INFO - [2026-08-02T18:55:41.103+0000] {dag.py:3947} INFO - Setting next_dagrun for example_weekday_branch_operator to 2026-08-01 00:00:00+00:00, run_after=2026-08-02 00:00:00+00:00
[2026-08-02T18:55:41.125+0000] {processor.py:183} INFO - Processing /home/airflow/.local/lib/python3.12/site-packages/airflow/example_dags/example_branch_day_of_week_operator.py took 0.094 seconds
[2026-08-02T18:56:11.967+0000] {processor.py:161} INFO - Started process (PID=188) to work on /home/airflow/.local/lib/python3.12/site-packages/airflow/example_dags/example_branch_day_of_week_operator.py
[2026-08-02T18:56:11.968+0000] {processor.py:830} INFO - Processing file /home/airflow/.local/lib/python3.12/site-packages/airflow/example_dags/example_branch_day_of_week_operator.py for tasks to queue
[2026-08-02T18:56:11.971+0000] {logging_mixin.py:188} INFO - [2026-08-02T18:56:11.971+0000] {dagbag.py:545} INFO - Filling up the DagBag from /home/airflow/.local/lib/python3.12/site-packages/airflow/example_dags/example_branch_day_of_week_operator.py
[2026-08-02T18:56:11.980+0000] {processor.py:840} INFO - DAG(s) 'example_weekday_branch_operator' retrieved from /home/airflow/.local/lib/python3.12/site-packages/airflow/example_dags/example_branch_day_of_week_operator.py
[2026-08-02T18:56:12.003+0000] {logging_mixin.py:188} INFO - [2026-08-02T18:56:12.003+0000] {dag.py:3089} INFO - Sync 1 DAGs
[2026-08-02T18:56:12.031+0000] {logging_mixin.py:188} INFO - [2026-08-02T18:56:12.031+0000] {dag.py:3947} INFO - Setting next_dagrun for example_weekday_branch_operator to 2026-08-01 00:00:00+00:00, run_after=2026-08-02 00:00:00+00:00
[2026-08-02T18:56:12.051+0000] {processor.py:183} INFO - Processing /home/airflow/.local/lib/python3.12/site-packages/airflow/example_dags/example_branch_day_of_week_operator.py took 0.092 seconds
[2026-08-02T18:56:42.228+0000] {processor.py:161} INFO - Started process (PID=253) to work on /home/airflow/.local/lib/python3.12/site-packages/airflow/example_dags/example_branch_day_of_week_operator.py
[2026-08-02T18:56:42.230+0000] {processor.py:830} INFO - Processing file /home/airflow/.local/lib/python3.12/site-packages/airflow/example_dags/example_branch_day_of_week_operator.py for tasks to queue
[2026-08-02T18:56:42.233+0000] {logging_mixin.py:188} INFO - [2026-08-02T18:56:42.232+0000] {dagbag.py:545} INFO - Filling up the DagBag from /home/airflow/.local/lib/python3.12/site-packages/airflow/example_dags/example_branch_day_of_week_operator.py
[2026-08-02T18:56:42.241+0000] {processor.py:840} INFO - DAG(s) 'example_weekday_branch_operator' retrieved from /home/airflow/.local/lib/python3.12/site-packages/airflow/example_dags/example_branch_day_of_week_operator.py
[2026-08-02T18:56:42.266+0000] {logging_mixin.py:188} INFO - [2026-08-02T18:56:42.266+0000] {dag.py:3089} INFO - Sync 1 DAGs
[2026-08-02T18:56:42.290+0000] {logging_mixin.py:188} INFO - [2026-08-02T18:56:42.290+0000] {dag.py:3947} INFO - Setting next_dagrun for example_weekday_branch_operator to 2026-08-01 00:00:00+00:00, run_after=2026-08-02 00:00:00+00:00
[2026-08-02T18:56:42.311+0000] {processor.py:183} INFO - Processing /home/airflow/.local/lib/python3.12/site-packages/airflow/example_dags/example_branch_day_of_week_operator.py took 0.089 seconds
[2026-08-02T18:57:12.818+0000] {processor.py:161} INFO - Started process (PID=312) to work on /home/airflow/.local/lib/python3.12/site-packages/airflow/example_dags/example_branch_day_of_week_operator.py
[2026-08-02T18:57:12.820+0000] {processor.py:830} INFO - Processing file /home/airflow/.local/lib/python3.12/site-packages/airflow/example_dags/example_branch_day_of_week_operator.py for tasks to queue
[2026-08-02T18:57:12.822+0000] {logging_mixin.py:188} INFO - [2026-08-02T18:57:12.822+0000] {dagbag.py:545} INFO - Filling up the DagBag from /home/airflow/.local/lib/python3.12/site-packages/airflow/example_dags/example_branch_day_of_week_operator.py
[2026-08-02T18:57:12.830+0000] {processor.py:840} INFO - DAG(s) 'example_weekday_branch_operator' retrieved from /home/airflow/.local/lib/python3.12/site-packages/airflow/example_dags/example_branch_day_of_week_operator.py
[2026-08-02T18:57:12.853+0000] {logging_mixin.py:188} INFO - [2026-08-02T18:57:12.853+0000] {dag.py:3089} INFO - Sync 1 DAGs
[2026-08-02T18:57:12.879+0000] {logging_mixin.py:188} INFO - [2026-08-02T18:57:12.879+0000] {dag.py:3947} INFO - Setting next_dagrun for example_weekday_branch_operator to 2026-08-01 00:00:00+00:00, run_after=2026-08-02 00:00:00+00:00
[2026-08-02T18:57:12.900+0000] {processor.py:183} INFO - Processing /home/airflow/.local/lib/python3.12/site-packages/airflow/example_dags/example_branch_day_of_week_operator.py took 0.088 seconds
[2026-08-02T18:57:43.098+0000] {processor.py:161} INFO - Started process (PID=371) to work on /home/airflow/.local/lib/python3.12/site-packages/airflow/example_dags/example_branch_day_of_week_operator.py
[2026-08-02T18:57:43.100+0000] {processor.py:830} INFO - Processing file /home/airflow/.local/lib/python3.12/site-packages/airflow/example_dags/example_branch_day_of_week_operator.py for tasks to queue
[2026-08-02T18:57:43.103+0000] {logging_mixin.py:188} INFO - [2026-08-02T18:57:43.103+0000] {dagbag.py:545} INFO - Filling up the DagBag from /home/airflow/.local/lib/python3.12/site-packages/airflow/example_dags/example_branch_day_of_week_operator.py
[2026-08-02T18:57:43.114+0000] {processor.py:840} INFO - DAG(s) 'example_weekday_branch_operator' retrieved from /home/airflow/.local/lib/python3.12/site-packages/airflow/example_dags/example_branch_day_of_week_operator.py
[2026-08-02T18:57:43.152+0000] {logging_mixin.py:188} INFO - [2026-08-02T18:57:43.151+0000] {dag.py:3089} INFO - Sync 1 DAGs
[2026-08-02T18:57:43.184+0000] {logging_mixin.py:188} INFO - [2026-08-02T18:57:43.184+0000] {dag.py:3947} INFO - Setting next_dagrun for example_weekday_branch_operator to 2026-08-01 00:00:00+00:00, run_after=2026-08-02 00:00:00+00:00
[2026-08-02T18:57:43.217+0000] {processor.py:183} INFO - Processing /home/airflow/.local/lib/python3.12/site-packages/airflow/example_dags/example_branch_day_of_week_operator.py took 0.128 seconds
[2026-08-02T19:00:08.666+0000] {processor.py:161} INFO - Started process (PID=63) to work on /home/airflow/.local/lib/python3.12/site-packages/airflow/example_dags/example_branch_day_of_week_operator.py
[2026-08-02T19:00:08.667+0000] {processor.py:830} INFO - Processing file /home/airflow/.local/lib/python3.12/site-packages/airflow/example_dags/example_branch_day_of_week_operator.py for tasks to queue
[2026-08-02T19:00:08.671+0000] {logging_mixin.py:188} INFO - [2026-08-02T19:00:08.670+0000] {dagbag.py:545} INFO - Filling up the DagBag from /home/airflow/.local/lib/python3.12/site-packages/airflow/example_dags/example_branch_day_of_week_operator.py
[2026-08-02T19:00:08.686+0000] {processor.py:840} INFO - DAG(s) 'example_weekday_branch_operator' retrieved from /home/airflow/.local/lib/python3.12/site-packages/airflow/example_dags/example_branch_day_of_week_operator.py
[2026-08-02T19:00:08.703+0000] {logging_mixin.py:188} INFO - [2026-08-02T19:00:08.703+0000] {dag.py:3089} INFO - Sync 1 DAGs
[2026-08-02T19:00:08.738+0000] {logging_mixin.py:188} INFO - [2026-08-02T19:00:08.738+0000] {dag.py:3947} INFO - Setting next_dagrun for example_weekday_branch_operator to 2026-08-01 00:00:00+00:00, run_after=2026-08-02 00:00:00+00:00
[2026-08-02T19:00:08.763+0000] {processor.py:183} INFO - Processing /home/airflow/.local/lib/python3.12/site-packages/airflow/example_dags/example_branch_day_of_week_operator.py took 0.104 seconds
[2026-08-02T19:00:38.896+0000] {processor.py:161} INFO - Started process (PID=122) to work on /home/airflow/.local/lib/python3.12/site-packages/airflow/example_dags/example_branch_day_of_week_operator.py
[2026-08-02T19:00:38.898+0000] {processor.py:830} INFO - Processing file /home/airflow/.local/lib/python3.12/site-packages/airflow/example_dags/example_branch_day_of_week_operator.py for tasks to queue
[2026-08-02T19:00:38.900+0000] {logging_mixin.py:188} INFO - [2026-08-02T19:00:38.900+0000] {dagbag.py:545} INFO - Filling up the DagBag from /home/airflow/.local/lib/python3.12/site-packages/airflow/example_dags/example_branch_day_of_week_operator.py
[2026-08-02T19:00:38.907+0000] {processor.py:840} INFO - DAG(s) 'example_weekday_branch_operator' retrieved from /home/airflow/.local/lib/python3.12/site-packages/airflow/example_dags/example_branch_day_of_week_operator.py
[2026-08-02T19:00:38.994+0000] {logging_mixin.py:188} INFO - [2026-08-02T19:00:38.994+0000] {dag.py:3089} INFO - Sync 1 DAGs
[2026-08-02T19:00:39.012+0000] {logging_mixin.py:188} INFO - [2026-08-02T19:00:39.012+0000] {dag.py:3947} INFO - Setting next_dagrun for example_weekday_branch_operator to 2026-08-01 00:00:00+00:00, run_after=2026-08-02 00:00:00+00:00
[2026-08-02T19:00:39.029+0000] {processor.py:183} INFO - Processing /home/airflow/.local/lib/python3.12/site-packages/airflow/example_dags/example_branch_day_of_week_operator.py took 0.138 seconds
[2026-08-02T19:01:09.494+0000] {processor.py:161} INFO - Started process (PID=181) to work on /home/airflow/.local/lib/python3.12/site-packages/airflow/example_dags/example_branch_day_of_week_operator.py
[2026-08-02T19:01:09.497+0000] {processor.py:830} INFO - Processing file /home/airflow/.local/lib/python3.12/site-packages/airflow/example_dags/example_branch_day_of_week_operator.py for tasks to queue
[2026-08-02T19:01:09.501+0000] {logging_mixin.py:188} INFO - [2026-08-02T19:01:09.500+0000] {dagbag.py:545} INFO - Filling up the DagBag from /home/airflow/.local/lib/python3.12/site-packages/airflow/example_dags/example_branch_day_of_week_operator.py
[2026-08-02T19:01:09.512+0000] {processor.py:840} INFO - DAG(s) 'example_weekday_branch_operator' retrieved from /home/airflow/.local/lib/python3.12/site-packages/airflow/example_dags/example_branch_day_of_week_operator.py
[2026-08-02T19:01:09.535+0000] {logging_mixin.py:188} INFO - [2026-08-02T19:01:09.534+0000] {dag.py:3089} INFO - Sync 1 DAGs
[2026-08-02T19:01:09.554+0000] {logging_mixin.py:188} INFO - [2026-08-02T19:01:09.554+0000] {dag.py:3947} INFO - Setting next_dagrun for example_weekday_branch_operator to 2026-08-01 00:00:00+00:00, run_after=2026-08-02 00:00:00+00:00
[2026-08-02T19:01:09.572+0000] {processor.py:183} INFO - Processing /home/airflow/.local/lib/python3.12/site-packages/airflow/example_dags/example_branch_day_of_week_operator.py took 0.086 seconds
[2026-08-02T19:01:39.775+0000] {processor.py:161} INFO - Started process (PID=241) to work on /home/airflow/.local/lib/python3.12/site-packages/airflow/example_dags/example_branch_day_of_week_operator.py
[2026-08-02T19:01:39.777+0000] {processor.py:830} INFO - Processing file /home/airflow/.local/lib/python3.12/site-packages/airflow/example_dags/example_branch_day_of_week_operator.py for tasks to queue
[2026-08-02T19:01:39.779+0000] {logging_mixin.py:188} INFO - [2026-08-02T19:01:39.779+0000] {dagbag.py:545} INFO - Filling up the DagBag from /home/airflow/.local/lib/python3.12/site-packages/airflow/example_dags/example_branch_day_of_week_operator.py
[2026-08-02T19:01:39.788+0000] {processor.py:840} INFO - DAG(s) 'example_weekday_branch_operator' retrieved from /home/airflow/.local/lib/python3.12/site-packages/airflow/example_dags/example_branch_day_of_week_operator.py
[2026-08-02T19:01:39.818+0000] {logging_mixin.py:188} INFO - [2026-08-02T19:01:39.818+0000] {dag.py:3089} INFO - Sync 1 DAGs
[2026-08-02T19:01:39.843+0000] {logging_mixin.py:188} INFO - [2026-08-02T19:01:39.843+0000] {dag.py:3947} INFO - Setting next_dagrun for example_weekday_branch_operator to 2026-08-01 00:00:00+00:00, run_after=2026-08-02 00:00:00+00:00
[2026-08-02T19:01:39.862+0000] {processor.py:183} INFO - Processing /home/airflow/.local/lib/python3.12/site-packages/airflow/example_dags/example_branch_day_of_week_operator.py took 0.092 seconds
[2026-08-02T19:02:10.034+0000] {processor.py:161} INFO - Started process (PID=300) to work on /home/airflow/.local/lib/python3.12/site-packages/airflow/example_dags/example_branch_day_of_week_operator.py
[2026-08-02T19:02:10.036+0000] {processor.py:830} INFO - Processing file /home/airflow/.local/lib/python3.12/site-packages/airflow/example_dags/example_branch_day_of_week_operator.py for tasks to queue
[2026-08-02T19:02:10.038+0000] {logging_mixin.py:188} INFO - [2026-08-02T19:02:10.038+0000] {dagbag.py:545} INFO - Filling up the DagBag from /home/airflow/.local/lib/python3.12/site-packages/airflow/example_dags/example_branch_day_of_week_operator.py
[2026-08-02T19:02:10.045+0000] {processor.py:840} INFO - DAG(s) 'example_weekday_branch_operator' retrieved from /home/airflow/.local/lib/python3.12/site-packages/airflow/example_dags/example_branch_day_of_week_operator.py
[2026-08-02T19:02:10.066+0000] {logging_mixin.py:188} INFO - [2026-08-02T19:02:10.066+0000] {dag.py:3089} INFO - Sync 1 DAGs
[2026-08-02T19:02:10.086+0000] {logging_mixin.py:188} INFO - [2026-08-02T19:02:10.086+0000] {dag.py:3947} INFO - Setting next_dagrun for example_weekday_branch_operator to 2026-08-01 00:00:00+00:00, run_after=2026-08-02 00:00:00+00:00
[2026-08-02T19:02:10.107+0000] {processor.py:183} INFO - Processing /home/airflow/.local/lib/python3.12/site-packages/airflow/example_dags/example_branch_day_of_week_operator.py took 0.078 seconds
[2026-08-02T19:02:40.397+0000] {processor.py:161} INFO - Started process (PID=359) to work on /home/airflow/.local/lib/python3.12/site-packages/airflow/example_dags/example_branch_day_of_week_operator.py
[2026-08-02T19:02:40.399+0000] {processor.py:830} INFO - Processing file /home/airflow/.local/lib/python3.12/site-packages/airflow/example_dags/example_branch_day_of_week_operator.py for tasks to queue
[2026-08-02T19:02:40.401+0000] {logging_mixin.py:188} INFO - [2026-08-02T19:02:40.401+0000] {dagbag.py:545} INFO - Filling up the DagBag from /home/airflow/.local/lib/python3.12/site-packages/airflow/example_dags/example_branch_day_of_week_operator.py
[2026-08-02T19:02:40.410+0000] {processor.py:840} INFO - DAG(s) 'example_weekday_branch_operator' retrieved from /home/airflow/.local/lib/python3.12/site-packages/airflow/example_dags/example_branch_day_of_week_operator.py
[2026-08-02T19:02:40.439+0000] {logging_mixin.py:188} INFO - [2026-08-02T19:02:40.439+0000] {dag.py:3089} INFO - Sync 1 DAGs
[2026-08-02T19:02:40.460+0000] {logging_mixin.py:188} INFO - [2026-08-02T19:02:40.460+0000] {dag.py:3947} INFO - Setting next_dagrun for example_weekday_branch_operator to 2026-08-01 00:00:00+00:00, run_after=2026-08-02 00:00:00+00:00
[2026-08-02T19:02:40.478+0000] {processor.py:183} INFO - Processing /home/airflow/.local/lib/python3.12/site-packages/airflow/example_dags/example_branch_day_of_week_operator.py took 0.087 seconds
[2026-08-02T19:03:10.676+0000] {processor.py:161} INFO - Started process (PID=418) to work on /home/airflow/.local/lib/python3.12/site-packages/airflow/example_dags/example_branch_day_of_week_operator.py
[2026-08-02T19:03:10.677+0000] {processor.py:830} INFO - Processing file /home/airflow/.local/lib/python3.12/site-packages/airflow/example_dags/example_branch_day_of_week_operator.py for tasks to queue
[2026-08-02T19:03:10.679+0000] {logging_mixin.py:188} INFO - [2026-08-02T19:03:10.679+0000] {dagbag.py:545} INFO - Filling up the DagBag from /home/airflow/.local/lib/python3.12/site-packages/airflow/example_dags/example_branch_day_of_week_operator.py
[2026-08-02T19:03:10.687+0000] {processor.py:840} INFO - DAG(s) 'example_weekday_branch_operator' retrieved from /home/airflow/.local/lib/python3.12/site-packages/airflow/example_dags/example_branch_day_of_week_operator.py
[2026-08-02T19:03:10.706+0000] {logging_mixin.py:188} INFO - [2026-08-02T19:03:10.706+0000] {dag.py:3089} INFO - Sync 1 DAGs
[2026-08-02T19:03:10.726+0000] {logging_mixin.py:188} INFO - [2026-08-02T19:03:10.726+0000] {dag.py:3947} INFO - Setting next_dagrun for example_weekday_branch_operator to 2026-08-01 00:00:00+00:00, run_after=2026-08-02 00:00:00+00:00
[2026-08-02T19:03:10.743+0000] {processor.py:183} INFO - Processing /home/airflow/.local/lib/python3.12/site-packages/airflow/example_dags/example_branch_day_of_week_operator.py took 0.073 seconds
[2026-08-02T19:03:41.334+0000] {processor.py:161} INFO - Started process (PID=477) to work on /home/airflow/.local/lib/python3.12/site-packages/airflow/example_dags/example_branch_day_of_week_operator.py
[2026-08-02T19:03:41.335+0000] {processor.py:830} INFO - Processing file /home/airflow/.local/lib/python3.12/site-packages/airflow/example_dags/example_branch_day_of_week_operator.py for tasks to queue
[2026-08-02T19:03:41.338+0000] {logging_mixin.py:188} INFO - [2026-08-02T19:03:41.337+0000] {dagbag.py:545} INFO - Filling up the DagBag from /home/airflow/.local/lib/python3.12/site-packages/airflow/example_dags/example_branch_day_of_week_operator.py
[2026-08-02T19:03:41.345+0000] {processor.py:840} INFO - DAG(s) 'example_weekday_branch_operator' retrieved from /home/airflow/.local/lib/python3.12/site-packages/airflow/example_dags/example_branch_day_of_week_operator.py
[2026-08-02T19:03:41.369+0000] {logging_mixin.py:188} INFO - [2026-08-02T19:03:41.368+0000] {dag.py:3089} INFO - Sync 1 DAGs
[2026-08-02T19:03:41.391+0000] {logging_mixin.py:188} INFO - [2026-08-02T19:03:41.391+0000] {dag.py:3947} INFO - Setting next_dagrun for example_weekday_branch_operator to 2026-08-01 00:00:00+00:00, run_after=2026-08-02 00:00:00+00:00
[2026-08-02T19:03:41.410+0000] {processor.py:183} INFO - Processing /home/airflow/.local/lib/python3.12/site-packages/airflow/example_dags/example_branch_day_of_week_operator.py took 0.085 seconds
[2026-08-02T19:04:11.832+0000] {processor.py:161} INFO - Started process (PID=536) to work on /home/airflow/.local/lib/python3.12/site-packages/airflow/example_dags/example_branch_day_of_week_operator.py
[2026-08-02T19:04:11.833+0000] {processor.py:830} INFO - Processing file /home/airflow/.local/lib/python3.12/site-packages/airflow/example_dags/example_branch_day_of_week_operator.py for tasks to queue
[2026-08-02T19:04:11.835+0000] {logging_mixin.py:188} INFO - [2026-08-02T19:04:11.835+0000] {dagbag.py:545} INFO - Filling up the DagBag from /home/airflow/.local/lib/python3.12/site-packages/airflow/example_dags/example_branch_day_of_week_operator.py
[2026-08-02T19:04:11.843+0000] {processor.py:840} INFO - DAG(s) 'example_weekday_branch_operator' retrieved from /home/airflow/.local/lib/python3.12/site-packages/airflow/example_dags/example_branch_day_of_week_operator.py
[2026-08-02T19:04:11.863+0000] {logging_mixin.py:188} INFO - [2026-08-02T19:04:11.863+0000] {dag.py:3089} INFO - Sync 1 DAGs
[2026-08-02T19:04:11.883+0000] {logging_mixin.py:188} INFO - [2026-08-02T19:04:11.883+0000] {dag.py:3947} INFO - Setting next_dagrun for example_weekday_branch_operator to 2026-08-01 00:00:00+00:00, run_after=2026-08-02 00:00:00+00:00
[2026-08-02T19:04:11.901+0000] {processor.py:183} INFO - Processing /home/airflow/.local/lib/python3.12/site-packages/airflow/example_dags/example_branch_day_of_week_operator.py took 0.075 seconds
[2026-08-02T19:04:42.129+0000] {processor.py:161} INFO - Started process (PID=595) to work on /home/airflow/.local/lib/python3.12/site-packages/airflow/example_dags/example_branch_day_of_week_operator.py
[2026-08-02T19:04:42.131+0000] {processor.py:830} INFO - Processing file /home/airflow/.local/lib/python3.12/site-packages/airflow/example_dags/example_branch_day_of_week_operator.py for tasks to queue
[2026-08-02T19:04:42.133+0000] {logging_mixin.py:188} INFO - [2026-08-02T19:04:42.133+0000] {dagbag.py:545} INFO - Filling up the DagBag from /home/airflow/.local/lib/python3.12/site-packages/airflow/example_dags/example_branch_day_of_week_operator.py
[2026-08-02T19:04:42.142+0000] {processor.py:840} INFO - DAG(s) 'example_weekday_branch_operator' retrieved from /home/airflow/.local/lib/python3.12/site-packages/airflow/example_dags/example_branch_day_of_week_operator.py
[2026-08-02T19:04:42.162+0000] {logging_mixin.py:188} INFO - [2026-08-02T19:04:42.162+0000] {dag.py:3089} INFO - Sync 1 DAGs
[2026-08-02T19:04:42.182+0000] {logging_mixin.py:188} INFO - [2026-08-02T19:04:42.182+0000] {dag.py:3947} INFO - Setting next_dagrun for example_weekday_branch_operator to 2026-08-01 00:00:00+00:00, run_after=2026-08-02 00:00:00+00:00
[2026-08-02T19:04:42.201+0000] {processor.py:183} INFO - Processing /home/airflow/.local/lib/python3.12/site-packages/airflow/example_dags/example_branch_day_of_week_operator.py took 0.081 seconds
[2026-08-02T19:05:12.317+0000] {processor.py:161} INFO - Started process (PID=654) to work on /home/airflow/.local/lib/python3.12/site-packages/airflow/example_dags/example_branch_day_of_week_operator.py
[2026-08-02T19:05:12.318+0000] {processor.py:830} INFO - Processing file /home/airflow/.local/lib/python3.12/site-packages/airflow/example_dags/example_branch_day_of_week_operator.py for tasks to queue
[2026-08-02T19:05:12.320+0000] {logging_mixin.py:188} INFO - [2026-08-02T19:05:12.320+0000] {dagbag.py:545} INFO - Filling up the DagBag from /home/airflow/.local/lib/python3.12/site-packages/airflow/example_dags/example_branch_day_of_week_operator.py
[2026-08-02T19:05:12.328+0000] {processor.py:840} INFO - DAG(s) 'example_weekday_branch_operator' retrieved from /home/airflow/.local/lib/python3.12/site-packages/airflow/example_dags/example_branch_day_of_week_operator.py
[2026-08-02T19:05:12.347+0000] {logging_mixin.py:188} INFO - [2026-08-02T19:05:12.347+0000] {dag.py:3089} INFO - Sync 1 DAGs
[2026-08-02T19:05:12.367+0000] {logging_mixin.py:188} INFO - [2026-08-02T19:05:12.366+0000] {dag.py:3947} INFO - Setting next_dagrun for example_weekday_branch_operator to 2026-08-01 00:00:00+00:00, run_after=2026-08-02 00:00:00+00:00
[2026-08-02T19:05:12.382+0000] {processor.py:183} INFO - Processing /home/airflow/.local/lib/python3.12/site-packages/airflow/example_dags/example_branch_day_of_week_operator.py took 0.071 seconds
[2026-08-02T19:05:42.590+0000] {processor.py:161} INFO - Started process (PID=713) to work on /home/airflow/.local/lib/python3.12/site-packages/airflow/example_dags/example_branch_day_of_week_operator.py
[2026-08-02T19:05:42.592+0000] {processor.py:830} INFO - Processing file /home/airflow/.local/lib/python3.12/site-packages/airflow/example_dags/example_branch_day_of_week_operator.py for tasks to queue
[2026-08-02T19:05:42.594+0000] {logging_mixin.py:188} INFO - [2026-08-02T19:05:42.593+0000] {dagbag.py:545} INFO - Filling up the DagBag from /home/airflow/.local/lib/python3.12/site-packages/airflow/example_dags/example_branch_day_of_week_operator.py
[2026-08-02T19:05:42.601+0000] {processor.py:840} INFO - DAG(s) 'example_weekday_branch_operator' retrieved from /home/airflow/.local/lib/python3.12/site-packages/airflow/example_dags/example_branch_day_of_week_operator.py
[2026-08-02T19:05:42.618+0000] {logging_mixin.py:188} INFO - [2026-08-02T19:05:42.618+0000] {dag.py:3089} INFO - Sync 1 DAGs
[2026-08-02T19:05:42.636+0000] {logging_mixin.py:188} INFO - [2026-08-02T19:05:42.635+0000] {dag.py:3947} INFO - Setting next_dagrun for example_weekday_branch_operator to 2026-08-01 00:00:00+00:00, run_after=2026-08-02 00:00:00+00:00
[2026-08-02T19:05:42.652+0000] {processor.py:183} INFO - Processing /home/airflow/.local/lib/python3.12/site-packages/airflow/example_dags/example_branch_day_of_week_operator.py took 0.067 seconds
[2026-08-02T19:06:13.185+0000] {processor.py:161} INFO - Started process (PID=772) to work on /home/airflow/.local/lib/python3.12/site-packages/airflow/example_dags/example_branch_day_of_week_operator.py
[2026-08-02T19:06:13.187+0000] {processor.py:830} INFO - Processing file /home/airflow/.local/lib/python3.12/site-packages/airflow/example_dags/example_branch_day_of_week_operator.py for tasks to queue
[2026-08-02T19:06:13.189+0000] {logging_mixin.py:188} INFO - [2026-08-02T19:06:13.189+0000] {dagbag.py:545} INFO - Filling up the DagBag from /home/airflow/.local/lib/python3.12/site-packages/airflow/example_dags/example_branch_day_of_week_operator.py
[2026-08-02T19:06:13.196+0000] {processor.py:840} INFO - DAG(s) 'example_weekday_branch_operator' retrieved from /home/airflow/.local/lib/python3.12/site-packages/airflow/example_dags/example_branch_day_of_week_operator.py
[2026-08-02T19:06:13.217+0000] {logging_mixin.py:188} INFO - [2026-08-02T19:06:13.217+0000] {dag.py:3089} INFO - Sync 1 DAGs
[2026-08-02T19:06:13.238+0000] {logging_mixin.py:188} INFO - [2026-08-02T19:06:13.238+0000] {dag.py:3947} INFO - Setting next_dagrun for example_weekday_branch_operator to 2026-08-01 00:00:00+00:00, run_after=2026-08-02 00:00:00+00:00
[2026-08-02T19:06:13.257+0000] {processor.py:183} INFO - Processing /home/airflow/.local/lib/python3.12/site-packages/airflow/example_dags/example_branch_day_of_week_operator.py took 0.077 seconds
[2026-08-02T19:06:43.792+0000] {processor.py:161} INFO - Started process (PID=831) to work on /home/airflow/.local/lib/python3.12/site-packages/airflow/example_dags/example_branch_day_of_week_operator.py
[2026-08-02T19:06:43.794+0000] {processor.py:830} INFO - Processing file /home/airflow/.local/lib/python3.12/site-packages/airflow/example_dags/example_branch_day_of_week_operator.py for tasks to queue
[2026-08-02T19:06:43.796+0000] {logging_mixin.py:188} INFO - [2026-08-02T19:06:43.796+0000] {dagbag.py:545} INFO - Filling up the DagBag from /home/airflow/.local/lib/python3.12/site-packages/airflow/example_dags/example_branch_day_of_week_operator.py
[2026-08-02T19:06:43.803+0000] {processor.py:840} INFO - DAG(s) 'example_weekday_branch_operator' retrieved from /home/airflow/.local/lib/python3.12/site-packages/airflow/example_dags/example_branch_day_of_week_operator.py
[2026-08-02T19:06:43.823+0000] {logging_mixin.py:188} INFO - [2026-08-02T19:06:43.823+0000] {dag.py:3089} INFO - Sync 1 DAGs
[2026-08-02T19:06:43.843+0000] {logging_mixin.py:188} INFO - [2026-08-02T19:06:43.843+0000] {dag.py:3947} INFO - Setting next_dagrun for example_weekday_branch_operator to 2026-08-01 00:00:00+00:00, run_after=2026-08-02 00:00:00+00:00
[2026-08-02T19:06:43.861+0000] {processor.py:183} INFO - Processing /home/airflow/.local/lib/python3.12/site-packages/airflow/example_dags/example_branch_day_of_week_operator.py took 0.075 seconds
[2026-08-02T19:07:14.395+0000] {processor.py:161} INFO - Started process (PID=890) to work on /home/airflow/.local/lib/python3.12/site-packages/airflow/example_dags/example_branch_day_of_week_operator.py
[2026-08-02T19:07:14.397+0000] {processor.py:830} INFO - Processing file /home/airflow/.local/lib/python3.12/site-packages/airflow/example_dags/example_branch_day_of_week_operator.py for tasks to queue
[2026-08-02T19:07:14.400+0000] {logging_mixin.py:188} INFO - [2026-08-02T19:07:14.399+0000] {dagbag.py:545} INFO - Filling up the DagBag from /home/airflow/.local/lib/python3.12/site-packages/airflow/example_dags/example_branch_day_of_week_operator.py
[2026-08-02T19:07:14.409+0000] {processor.py:840} INFO - DAG(s) 'example_weekday_branch_operator' retrieved from /home/airflow/.local/lib/python3.12/site-packages/airflow/example_dags/example_branch_day_of_week_operator.py
[2026-08-02T19:07:14.437+0000] {logging_mixin.py:188} INFO - [2026-08-02T19:07:14.437+0000] {dag.py:3089} INFO - Sync 1 DAGs
[2026-08-02T19:07:14.469+0000] {logging_mixin.py:188} INFO - [2026-08-02T19:07:14.469+0000] {dag.py:3947} INFO - Setting next_dagrun for example_weekday_branch_operator to 2026-08-01 00:00:00+00:00, run_after=2026-08-02 00:00:00+00:00
[2026-08-02T19:07:14.500+0000] {processor.py:183} INFO - Processing /home/airflow/.local/lib/python3.12/site-packages/airflow/example_dags/example_branch_day_of_week_operator.py took 0.113 seconds
[2026-08-02T19:07:44.682+0000] {processor.py:161} INFO - Started process (PID=949) to work on /home/airflow/.local/lib/python3.12/site-packages/airflow/example_dags/example_branch_day_of_week_operator.py
[2026-08-02T19:07:44.684+0000] {processor.py:830} INFO - Processing file /home/airflow/.local/lib/python3.12/site-packages/airflow/example_dags/example_branch_day_of_week_operator.py for tasks to queue
[2026-08-02T19:07:44.686+0000] {logging_mixin.py:188} INFO - [2026-08-02T19:07:44.686+0000] {dagbag.py:545} INFO - Filling up the DagBag from /home/airflow/.local/lib/python3.12/site-packages/airflow/example_dags/example_branch_day_of_week_operator.py
[2026-08-02T19:07:44.695+0000] {processor.py:840} INFO - DAG(s) 'example_weekday_branch_operator' retrieved from /home/airflow/.local/lib/python3.12/site-packages/airflow/example_dags/example_branch_day_of_week_operator.py
[2026-08-02T19:07:44.725+0000] {logging_mixin.py:188} INFO - [2026-08-02T19:07:44.725+0000] {dag.py:3089} INFO - Sync 1 DAGs
[2026-08-02T19:07:44.764+0000] {logging_mixin.py:188} INFO - [2026-08-02T19:07:44.764+0000] {dag.py:3947} INFO - Setting next_dagrun for example_weekday_branch_operator to 2026-08-01 00:00:00+00:00, run_after=2026-08-02 00:00:00+00:00
[2026-08-02T19:07:44.800+0000] {processor.py:183} INFO - Processing /home/airflow/.local/lib/python3.12/site-packages/airflow/example_dags/example_branch_day_of_week_operator.py took 0.131 seconds
[2026-08-02T19:08:15.252+0000] {processor.py:161} INFO - Started process (PID=1008) to work on /home/airflow/.local/lib/python3.12/site-packages/airflow/example_dags/example_branch_day_of_week_operator.py
[2026-08-02T19:08:15.254+0000] {processor.py:830} INFO - Processing file /home/airflow/.local/lib/python3.12/site-packages/airflow/example_dags/example_branch_day_of_week_operator.py for tasks to queue
[2026-08-02T19:08:15.256+0000] {logging_mixin.py:188} INFO - [2026-08-02T19:08:15.256+0000] {dagbag.py:545} INFO - Filling up the DagBag from /home/airflow/.local/lib/python3.12/site-packages/airflow/example_dags/example_branch_day_of_week_operator.py
[2026-08-02T19:08:15.265+0000] {processor.py:840} INFO - DAG(s) 'example_weekday_branch_operator' retrieved from /home/airflow/.local/lib/python3.12/site-packages/airflow/example_dags/example_branch_day_of_week_operator.py
[2026-08-02T19:08:15.292+0000] {logging_mixin.py:188} INFO - [2026-08-02T19:08:15.291+0000] {dag.py:3089} INFO - Sync 1 DAGs
[2026-08-02T19:08:15.338+0000] {logging_mixin.py:188} INFO - [2026-08-02T19:08:15.338+0000] {dag.py:3947} INFO - Setting next_dagrun for example_weekday_branch_operator to 2026-08-01 00:00:00+00:00, run_after=2026-08-02 00:00:00+00:00
[2026-08-02T19:08:15.369+0000] {processor.py:183} INFO - Processing /home/airflow/.local/lib/python3.12/site-packages/airflow/example_dags/example_branch_day_of_week_operator.py took 0.126 seconds
[2026-08-02T19:09:45.871+0000] {processor.py:161} INFO - Started process (PID=93) to work on /home/airflow/.local/lib/python3.12/site-packages/airflow/example_dags/example_branch_day_of_week_operator.py
[2026-08-02T19:09:45.874+0000] {processor.py:830} INFO - Processing file /home/airflow/.local/lib/python3.12/site-packages/airflow/example_dags/example_branch_day_of_week_operator.py for tasks to queue
[2026-08-02T19:09:45.879+0000] {logging_mixin.py:188} INFO - [2026-08-02T19:09:45.878+0000] {dagbag.py:545} INFO - Filling up the DagBag from /home/airflow/.local/lib/python3.12/site-packages/airflow/example_dags/example_branch_day_of_week_operator.py
[2026-08-02T19:09:45.903+0000] {processor.py:840} INFO - DAG(s) 'example_weekday_branch_operator' retrieved from /home/airflow/.local/lib/python3.12/site-packages/airflow/example_dags/example_branch_day_of_week_operator.py
[2026-08-02T19:09:46.114+0000] {logging_mixin.py:188} INFO - [2026-08-02T19:09:46.114+0000] {dag.py:3089} INFO - Sync 1 DAGs
[2026-08-02T19:09:46.149+0000] {logging_mixin.py:188} INFO - [2026-08-02T19:09:46.148+0000] {dag.py:3947} INFO - Setting next_dagrun for example_weekday_branch_operator to 2026-08-01 00:00:00+00:00, run_after=2026-08-02 00:00:00+00:00
[2026-08-02T19:09:46.189+0000] {processor.py:183} INFO - Processing /home/airflow/.local/lib/python3.12/site-packages/airflow/example_dags/example_branch_day_of_week_operator.py took 0.328 seconds
[2026-08-02T19:10:16.938+0000] {processor.py:161} INFO - Started process (PID=152) to work on /home/airflow/.local/lib/python3.12/site-packages/airflow/example_dags/example_branch_day_of_week_operator.py
[2026-08-02T19:10:16.939+0000] {processor.py:830} INFO - Processing file /home/airflow/.local/lib/python3.12/site-packages/airflow/example_dags/example_branch_day_of_week_operator.py for tasks to queue
[2026-08-02T19:10:16.942+0000] {logging_mixin.py:188} INFO - [2026-08-02T19:10:16.941+0000] {dagbag.py:545} INFO - Filling up the DagBag from /home/airflow/.local/lib/python3.12/site-packages/airflow/example_dags/example_branch_day_of_week_operator.py
[2026-08-02T19:10:16.951+0000] {processor.py:840} INFO - DAG(s) 'example_weekday_branch_operator' retrieved from /home/airflow/.local/lib/python3.12/site-packages/airflow/example_dags/example_branch_day_of_week_operator.py
[2026-08-02T19:10:16.971+0000] {logging_mixin.py:188} INFO - [2026-08-02T19:10:16.970+0000] {dag.py:3089} INFO - Sync 1 DAGs
[2026-08-02T19:10:16.992+0000] {logging_mixin.py:188} INFO - [2026-08-02T19:10:16.991+0000] {dag.py:3947} INFO - Setting next_dagrun for example_weekday_branch_operator to 2026-08-01 00:00:00+00:00, run_after=2026-08-02 00:00:00+00:00
[2026-08-02T19:10:17.012+0000] {processor.py:183} INFO - Processing /home/airflow/.local/lib/python3.12/site-packages/airflow/example_dags/example_branch_day_of_week_operator.py took 0.081 seconds
[2026-08-02T19:10:47.410+0000] {processor.py:161} INFO - Started process (PID=211) to work on /home/airflow/.local/lib/python3.12/site-packages/airflow/example_dags/example_branch_day_of_week_operator.py
[2026-08-02T19:10:47.411+0000] {processor.py:830} INFO - Processing file /home/airflow/.local/lib/python3.12/site-packages/airflow/example_dags/example_branch_day_of_week_operator.py for tasks to queue
[2026-08-02T19:10:47.413+0000] {logging_mixin.py:188} INFO - [2026-08-02T19:10:47.413+0000] {dagbag.py:545} INFO - Filling up the DagBag from /home/airflow/.local/lib/python3.12/site-packages/airflow/example_dags/example_branch_day_of_week_operator.py
[2026-08-02T19:10:47.421+0000] {processor.py:840} INFO - DAG(s) 'example_weekday_branch_operator' retrieved from /home/airflow/.local/lib/python3.12/site-packages/airflow/example_dags/example_branch_day_of_week_operator.py
[2026-08-02T19:10:47.446+0000] {logging_mixin.py:188} INFO - [2026-08-02T19:10:47.446+0000] {dag.py:3089} INFO - Sync 1 DAGs
[2026-08-02T19:10:47.468+0000] {logging_mixin.py:188} INFO - [2026-08-02T19:10:47.468+0000] {dag.py:3947} INFO - Setting next_dagrun for example_weekday_branch_operator to 2026-08-01 00:00:00+00:00, run_after=2026-08-02 00:00:00+00:00
[2026-08-02T19:10:47.487+0000] {processor.py:183} INFO - Processing /home/airflow/.local/lib/python3.12/site-packages/airflow/example_dags/example_branch_day_of_week_operator.py took 0.085 seconds
[2026-08-02T19:11:18.096+0000] {processor.py:161} INFO - Started process (PID=270) to work on /home/airflow/.local/lib/python3.12/site-packages/airflow/example_dags/example_branch_day_of_week_operator.py
[2026-08-02T19:11:18.100+0000] {processor.py:830} INFO - Processing file /home/airflow/.local/lib/python3.12/site-packages/airflow/example_dags/example_branch_day_of_week_operator.py for tasks to queue
[2026-08-02T19:11:18.108+0000] {logging_mixin.py:188} INFO - [2026-08-02T19:11:18.106+0000] {dagbag.py:545} INFO - Filling up the DagBag from /home/airflow/.local/lib/python3.12/site-packages/airflow/example_dags/example_branch_day_of_week_operator.py
[2026-08-02T19:11:18.146+0000] {processor.py:840} INFO - DAG(s) 'example_weekday_branch_operator' retrieved from /home/airflow/.local/lib/python3.12/site-packages/airflow/example_dags/example_branch_day_of_week_operator.py
[2026-08-02T19:11:18.226+0000] {logging_mixin.py:188} INFO - [2026-08-02T19:11:18.226+0000] {dag.py:3089} INFO - Sync 1 DAGs
[2026-08-02T19:11:18.278+0000] {logging_mixin.py:188} INFO - [2026-08-02T19:11:18.277+0000] {dag.py:3947} INFO - Setting next_dagrun for example_weekday_branch_operator to 2026-08-01 00:00:00+00:00, run_after=2026-08-02 00:00:00+00:00
[2026-08-02T19:11:18.300+0000] {processor.py:183} INFO - Processing /home/airflow/.local/lib/python3.12/site-packages/airflow/example_dags/example_branch_day_of_week_operator.py took 0.227 seconds
[2026-08-02T19:11:49.187+0000] {processor.py:161} INFO - Started process (PID=335) to work on /home/airflow/.local/lib/python3.12/site-packages/airflow/example_dags/example_branch_day_of_week_operator.py
[2026-08-02T19:11:49.189+0000] {processor.py:830} INFO - Processing file /home/airflow/.local/lib/python3.12/site-packages/airflow/example_dags/example_branch_day_of_week_operator.py for tasks to queue
[2026-08-02T19:11:49.193+0000] {logging_mixin.py:188} INFO - [2026-08-02T19:11:49.193+0000] {dagbag.py:545} INFO - Filling up the DagBag from /home/airflow/.local/lib/python3.12/site-packages/airflow/example_dags/example_branch_day_of_week_operator.py
[2026-08-02T19:11:49.201+0000] {processor.py:840} INFO - DAG(s) 'example_weekday_branch_operator' retrieved from /home/airflow/.local/lib/python3.12/site-packages/airflow/example_dags/example_branch_day_of_week_operator.py
[2026-08-02T19:11:49.226+0000] {logging_mixin.py:188} INFO - [2026-08-02T19:11:49.226+0000] {dag.py:3089} INFO - Sync 1 DAGs
[2026-08-02T19:11:49.247+0000] {logging_mixin.py:188} INFO - [2026-08-02T19:11:49.247+0000] {dag.py:3947} INFO - Setting next_dagrun for example_weekday_branch_operator to 2026-08-01 00:00:00+00:00, run_after=2026-08-02 00:00:00+00:00
[2026-08-02T19:11:49.265+0000] {processor.py:183} INFO - Processing /home/airflow/.local/lib/python3.12/site-packages/airflow/example_dags/example_branch_day_of_week_operator.py took 0.084 seconds
[2026-08-02T19:12:19.577+0000] {processor.py:161} INFO - Started process (PID=394) to work on /home/airflow/.local/lib/python3.12/site-packages/airflow/example_dags/example_branch_day_of_week_operator.py
[2026-08-02T19:12:19.579+0000] {processor.py:830} INFO - Processing file /home/airflow/.local/lib/python3.12/site-packages/airflow/example_dags/example_branch_day_of_week_operator.py for tasks to queue
[2026-08-02T19:12:19.582+0000] {logging_mixin.py:188} INFO - [2026-08-02T19:12:19.581+0000] {dagbag.py:545} INFO - Filling up the DagBag from /home/airflow/.local/lib/python3.12/site-packages/airflow/example_dags/example_branch_day_of_week_operator.py
[2026-08-02T19:12:19.590+0000] {processor.py:840} INFO - DAG(s) 'example_weekday_branch_operator' retrieved from /home/airflow/.local/lib/python3.12/site-packages/airflow/example_dags/example_branch_day_of_week_operator.py
[2026-08-02T19:12:19.611+0000] {logging_mixin.py:188} INFO - [2026-08-02T19:12:19.610+0000] {dag.py:3089} INFO - Sync 1 DAGs
[2026-08-02T19:12:19.631+0000] {logging_mixin.py:188} INFO - [2026-08-02T19:12:19.631+0000] {dag.py:3947} INFO - Setting next_dagrun for example_weekday_branch_operator to 2026-08-01 00:00:00+00:00, run_after=2026-08-02 00:00:00+00:00
[2026-08-02T19:12:19.649+0000] {processor.py:183} INFO - Processing /home/airflow/.local/lib/python3.12/site-packages/airflow/example_dags/example_branch_day_of_week_operator.py took 0.082 seconds
[2026-08-02T19:12:50.039+0000] {processor.py:161} INFO - Started process (PID=453) to work on /home/airflow/.local/lib/python3.12/site-packages/airflow/example_dags/example_branch_day_of_week_operator.py
[2026-08-02T19:12:50.041+0000] {processor.py:830} INFO - Processing file /home/airflow/.local/lib/python3.12/site-packages/airflow/example_dags/example_branch_day_of_week_operator.py for tasks to queue
[2026-08-02T19:12:50.043+0000] {logging_mixin.py:188} INFO - [2026-08-02T19:12:50.043+0000] {dagbag.py:545} INFO - Filling up the DagBag from /home/airflow/.local/lib/python3.12/site-packages/airflow/example_dags/example_branch_day_of_week_operator.py
[2026-08-02T19:12:50.051+0000] {processor.py:840} INFO - DAG(s) 'example_weekday_branch_operator' retrieved from /home/airflow/.local/lib/python3.12/site-packages/airflow/example_dags/example_branch_day_of_week_operator.py
[2026-08-02T19:12:50.072+0000] {logging_mixin.py:188} INFO - [2026-08-02T19:12:50.071+0000] {dag.py:3089} INFO - Sync 1 DAGs
[2026-08-02T19:12:50.092+0000] {logging_mixin.py:188} INFO - [2026-08-02T19:12:50.092+0000] {dag.py:3947} INFO - Setting next_dagrun for example_weekday_branch_operator to 2026-08-01 00:00:00+00:00, run_after=2026-08-02 00:00:00+00:00
[2026-08-02T19:12:50.111+0000] {processor.py:183} INFO - Processing /home/airflow/.local/lib/python3.12/site-packages/airflow/example_dags/example_branch_day_of_week_operator.py took 0.078 seconds
[2026-08-02T19:13:20.397+0000] {processor.py:161} INFO - Started process (PID=512) to work on /home/airflow/.local/lib/python3.12/site-packages/airflow/example_dags/example_branch_day_of_week_operator.py
[2026-08-02T19:13:20.399+0000] {processor.py:830} INFO - Processing file /home/airflow/.local/lib/python3.12/site-packages/airflow/example_dags/example_branch_day_of_week_operator.py for tasks to queue
[2026-08-02T19:13:20.402+0000] {logging_mixin.py:188} INFO - [2026-08-02T19:13:20.401+0000] {dagbag.py:545} INFO - Filling up the DagBag from /home/airflow/.local/lib/python3.12/site-packages/airflow/example_dags/example_branch_day_of_week_operator.py
[2026-08-02T19:13:20.411+0000] {processor.py:840} INFO - DAG(s) 'example_weekday_branch_operator' retrieved from /home/airflow/.local/lib/python3.12/site-packages/airflow/example_dags/example_branch_day_of_week_operator.py
[2026-08-02T19:13:20.433+0000] {logging_mixin.py:188} INFO - [2026-08-02T19:13:20.433+0000] {dag.py:3089} INFO - Sync 1 DAGs
[2026-08-02T19:13:20.455+0000] {logging_mixin.py:188} INFO - [2026-08-02T19:13:20.454+0000] {dag.py:3947} INFO - Setting next_dagrun for example_weekday_branch_operator to 2026-08-01 00:00:00+00:00, run_after=2026-08-02 00:00:00+00:00
[2026-08-02T19:13:20.484+0000] {processor.py:183} INFO - Processing /home/airflow/.local/lib/python3.12/site-packages/airflow/example_dags/example_branch_day_of_week_operator.py took 0.095 seconds
[2026-08-02T19:13:51.363+0000] {processor.py:161} INFO - Started process (PID=571) to work on /home/airflow/.local/lib/python3.12/site-packages/airflow/example_dags/example_branch_day_of_week_operator.py
[2026-08-02T19:13:51.365+0000] {processor.py:830} INFO - Processing file /home/airflow/.local/lib/python3.12/site-packages/airflow/example_dags/example_branch_day_of_week_operator.py for tasks to queue
[2026-08-02T19:13:51.369+0000] {logging_mixin.py:188} INFO - [2026-08-02T19:13:51.368+0000] {dagbag.py:545} INFO - Filling up the DagBag from /home/airflow/.local/lib/python3.12/site-packages/airflow/example_dags/example_branch_day_of_week_operator.py
[2026-08-02T19:13:51.381+0000] {processor.py:840} INFO - DAG(s) 'example_weekday_branch_operator' retrieved from /home/airflow/.local/lib/python3.12/site-packages/airflow/example_dags/example_branch_day_of_week_operator.py
[2026-08-02T19:13:51.403+0000] {logging_mixin.py:188} INFO - [2026-08-02T19:13:51.403+0000] {dag.py:3089} INFO - Sync 1 DAGs
[2026-08-02T19:13:51.427+0000] {logging_mixin.py:188} INFO - [2026-08-02T19:13:51.427+0000] {dag.py:3947} INFO - Setting next_dagrun for example_weekday_branch_operator to 2026-08-01 00:00:00+00:00, run_after=2026-08-02 00:00:00+00:00
[2026-08-02T19:13:51.456+0000] {processor.py:183} INFO - Processing /home/airflow/.local/lib/python3.12/site-packages/airflow/example_dags/example_branch_day_of_week_operator.py took 0.106 seconds
[2026-08-02T19:14:21.867+0000] {processor.py:161} INFO - Started process (PID=630) to work on /home/airflow/.local/lib/python3.12/site-packages/airflow/example_dags/example_branch_day_of_week_operator.py
[2026-08-02T19:14:21.868+0000] {processor.py:830} INFO - Processing file /home/airflow/.local/lib/python3.12/site-packages/airflow/example_dags/example_branch_day_of_week_operator.py for tasks to queue
[2026-08-02T19:14:21.871+0000] {logging_mixin.py:188} INFO - [2026-08-02T19:14:21.870+0000] {dagbag.py:545} INFO - Filling up the DagBag from /home/airflow/.local/lib/python3.12/site-packages/airflow/example_dags/example_branch_day_of_week_operator.py
[2026-08-02T19:14:21.878+0000] {processor.py:840} INFO - DAG(s) 'example_weekday_branch_operator' retrieved from /home/airflow/.local/lib/python3.12/site-packages/airflow/example_dags/example_branch_day_of_week_operator.py
[2026-08-02T19:14:21.897+0000] {logging_mixin.py:188} INFO - [2026-08-02T19:14:21.897+0000] {dag.py:3089} INFO - Sync 1 DAGs
[2026-08-02T19:14:21.919+0000] {logging_mixin.py:188} INFO - [2026-08-02T19:14:21.919+0000] {dag.py:3947} INFO - Setting next_dagrun for example_weekday_branch_operator to 2026-08-01 00:00:00+00:00, run_after=2026-08-02 00:00:00+00:00
[2026-08-02T19:14:21.958+0000] {processor.py:183} INFO - Processing /home/airflow/.local/lib/python3.12/site-packages/airflow/example_dags/example_branch_day_of_week_operator.py took 0.097 seconds
[2026-08-02T19:14:52.660+0000] {processor.py:161} INFO - Started process (PID=689) to work on /home/airflow/.local/lib/python3.12/site-packages/airflow/example_dags/example_branch_day_of_week_operator.py
[2026-08-02T19:14:52.661+0000] {processor.py:830} INFO - Processing file /home/airflow/.local/lib/python3.12/site-packages/airflow/example_dags/example_branch_day_of_week_operator.py for tasks to queue
[2026-08-02T19:14:52.663+0000] {logging_mixin.py:188} INFO - [2026-08-02T19:14:52.663+0000] {dagbag.py:545} INFO - Filling up the DagBag from /home/airflow/.local/lib/python3.12/site-packages/airflow/example_dags/example_branch_day_of_week_operator.py
[2026-08-02T19:14:52.672+0000] {processor.py:840} INFO - DAG(s) 'example_weekday_branch_operator' retrieved from /home/airflow/.local/lib/python3.12/site-packages/airflow/example_dags/example_branch_day_of_week_operator.py
[2026-08-02T19:14:52.695+0000] {logging_mixin.py:188} INFO - [2026-08-02T19:14:52.694+0000] {dag.py:3089} INFO - Sync 1 DAGs
[2026-08-02T19:14:52.734+0000] {logging_mixin.py:188} INFO - [2026-08-02T19:14:52.734+0000] {dag.py:3947} INFO - Setting next_dagrun for example_weekday_branch_operator to 2026-08-01 00:00:00+00:00, run_after=2026-08-02 00:00:00+00:00
[2026-08-02T19:14:52.771+0000] {processor.py:183} INFO - Processing /home/airflow/.local/lib/python3.12/site-packages/airflow/example_dags/example_branch_day_of_week_operator.py took 0.117 seconds
[2026-08-02T19:15:23.180+0000] {processor.py:161} INFO - Started process (PID=748) to work on /home/airflow/.local/lib/python3.12/site-packages/airflow/example_dags/example_branch_day_of_week_operator.py
[2026-08-02T19:15:23.182+0000] {processor.py:830} INFO - Processing file /home/airflow/.local/lib/python3.12/site-packages/airflow/example_dags/example_branch_day_of_week_operator.py for tasks to queue
[2026-08-02T19:15:23.186+0000] {logging_mixin.py:188} INFO - [2026-08-02T19:15:23.186+0000] {dagbag.py:545} INFO - Filling up the DagBag from /home/airflow/.local/lib/python3.12/site-packages/airflow/example_dags/example_branch_day_of_week_operator.py
[2026-08-02T19:15:23.195+0000] {processor.py:840} INFO - DAG(s) 'example_weekday_branch_operator' retrieved from /home/airflow/.local/lib/python3.12/site-packages/airflow/example_dags/example_branch_day_of_week_operator.py
[2026-08-02T19:15:23.215+0000] {logging_mixin.py:188} INFO - [2026-08-02T19:15:23.215+0000] {dag.py:3089} INFO - Sync 1 DAGs
[2026-08-02T19:15:23.235+0000] {logging_mixin.py:188} INFO - [2026-08-02T19:15:23.235+0000] {dag.py:3947} INFO - Setting next_dagrun for example_weekday_branch_operator to 2026-08-01 00:00:00+00:00, run_after=2026-08-02 00:00:00+00:00
[2026-08-02T19:15:23.253+0000] {processor.py:183} INFO - Processing /home/airflow/.local/lib/python3.12/site-packages/airflow/example_dags/example_branch_day_of_week_operator.py took 0.084 seconds
[2026-08-02T19:15:53.541+0000] {processor.py:161} INFO - Started process (PID=807) to work on /home/airflow/.local/lib/python3.12/site-packages/airflow/example_dags/example_branch_day_of_week_operator.py
[2026-08-02T19:15:53.544+0000] {processor.py:830} INFO - Processing file /home/airflow/.local/lib/python3.12/site-packages/airflow/example_dags/example_branch_day_of_week_operator.py for tasks to queue
[2026-08-02T19:15:53.546+0000] {logging_mixin.py:188} INFO - [2026-08-02T19:15:53.546+0000] {dagbag.py:545} INFO - Filling up the DagBag from /home/airflow/.local/lib/python3.12/site-packages/airflow/example_dags/example_branch_day_of_week_operator.py
[2026-08-02T19:15:53.554+0000] {processor.py:840} INFO - DAG(s) 'example_weekday_branch_operator' retrieved from /home/airflow/.local/lib/python3.12/site-packages/airflow/example_dags/example_branch_day_of_week_operator.py
[2026-08-02T19:15:53.578+0000] {logging_mixin.py:188} INFO - [2026-08-02T19:15:53.578+0000] {dag.py:3089} INFO - Sync 1 DAGs
[2026-08-02T19:15:53.601+0000] {logging_mixin.py:188} INFO - [2026-08-02T19:15:53.601+0000] {dag.py:3947} INFO - Setting next_dagrun for example_weekday_branch_operator to 2026-08-01 00:00:00+00:00, run_after=2026-08-02 00:00:00+00:00
[2026-08-02T19:15:53.620+0000] {processor.py:183} INFO - Processing /home/airflow/.local/lib/python3.12/site-packages/airflow/example_dags/example_branch_day_of_week_operator.py took 0.085 seconds
[2026-08-02T19:16:23.933+0000] {processor.py:161} INFO - Started process (PID=866) to work on /home/airflow/.local/lib/python3.12/site-packages/airflow/example_dags/example_branch_day_of_week_operator.py
[2026-08-02T19:16:23.936+0000] {processor.py:830} INFO - Processing file /home/airflow/.local/lib/python3.12/site-packages/airflow/example_dags/example_branch_day_of_week_operator.py for tasks to queue
[2026-08-02T19:16:23.938+0000] {logging_mixin.py:188} INFO - [2026-08-02T19:16:23.938+0000] {dagbag.py:545} INFO - Filling up the DagBag from /home/airflow/.local/lib/python3.12/site-packages/airflow/example_dags/example_branch_day_of_week_operator.py
[2026-08-02T19:16:23.946+0000] {processor.py:840} INFO - DAG(s) 'example_weekday_branch_operator' retrieved from /home/airflow/.local/lib/python3.12/site-packages/airflow/example_dags/example_branch_day_of_week_operator.py
[2026-08-02T19:16:23.968+0000] {logging_mixin.py:188} INFO - [2026-08-02T19:16:23.967+0000] {dag.py:3089} INFO - Sync 1 DAGs
[2026-08-02T19:16:23.988+0000] {logging_mixin.py:188} INFO - [2026-08-02T19:16:23.987+0000] {dag.py:3947} INFO - Setting next_dagrun for example_weekday_branch_operator to 2026-08-01 00:00:00+00:00, run_after=2026-08-02 00:00:00+00:00
[2026-08-02T19:16:24.006+0000] {processor.py:183} INFO - Processing /home/airflow/.local/lib/python3.12/site-packages/airflow/example_dags/example_branch_day_of_week_operator.py took 0.083 seconds
[2026-08-02T19:16:54.106+0000] {processor.py:161} INFO - Started process (PID=925) to work on /home/airflow/.local/lib/python3.12/site-packages/airflow/example_dags/example_branch_day_of_week_operator.py
[2026-08-02T19:16:54.108+0000] {processor.py:830} INFO - Processing file /home/airflow/.local/lib/python3.12/site-packages/airflow/example_dags/example_branch_day_of_week_operator.py for tasks to queue
[2026-08-02T19:16:54.110+0000] {logging_mixin.py:188} INFO - [2026-08-02T19:16:54.110+0000] {dagbag.py:545} INFO - Filling up the DagBag from /home/airflow/.local/lib/python3.12/site-packages/airflow/example_dags/example_branch_day_of_week_operator.py
[2026-08-02T19:16:54.118+0000] {processor.py:840} INFO - DAG(s) 'example_weekday_branch_operator' retrieved from /home/airflow/.local/lib/python3.12/site-packages/airflow/example_dags/example_branch_day_of_week_operator.py
[2026-08-02T19:16:54.141+0000] {logging_mixin.py:188} INFO - [2026-08-02T19:16:54.141+0000] {dag.py:3089} INFO - Sync 1 DAGs
[2026-08-02T19:16:54.162+0000] {logging_mixin.py:188} INFO - [2026-08-02T19:16:54.162+0000] {dag.py:3947} INFO - Setting next_dagrun for example_weekday_branch_operator to 2026-08-01 00:00:00+00:00, run_after=2026-08-02 00:00:00+00:00
[2026-08-02T19:16:54.181+0000] {processor.py:183} INFO - Processing /home/airflow/.local/lib/python3.12/site-packages/airflow/example_dags/example_branch_day_of_week_operator.py took 0.080 seconds
[2026-08-02T19:17:24.603+0000] {processor.py:161} INFO - Started process (PID=984) to work on /home/airflow/.local/lib/python3.12/site-packages/airflow/example_dags/example_branch_day_of_week_operator.py
[2026-08-02T19:17:24.606+0000] {processor.py:830} INFO - Processing file /home/airflow/.local/lib/python3.12/site-packages/airflow/example_dags/example_branch_day_of_week_operator.py for tasks to queue
[2026-08-02T19:17:24.609+0000] {logging_mixin.py:188} INFO - [2026-08-02T19:17:24.609+0000] {dagbag.py:545} INFO - Filling up the DagBag from /home/airflow/.local/lib/python3.12/site-packages/airflow/example_dags/example_branch_day_of_week_operator.py
[2026-08-02T19:17:24.623+0000] {processor.py:840} INFO - DAG(s) 'example_weekday_branch_operator' retrieved from /home/airflow/.local/lib/python3.12/site-packages/airflow/example_dags/example_branch_day_of_week_operator.py
[2026-08-02T19:17:24.649+0000] {logging_mixin.py:188} INFO - [2026-08-02T19:17:24.649+0000] {dag.py:3089} INFO - Sync 1 DAGs
[2026-08-02T19:17:24.670+0000] {logging_mixin.py:188} INFO - [2026-08-02T19:17:24.670+0000] {dag.py:3947} INFO - Setting next_dagrun for example_weekday_branch_operator to 2026-08-01 00:00:00+00:00, run_after=2026-08-02 00:00:00+00:00
[2026-08-02T19:17:24.688+0000] {processor.py:183} INFO - Processing /home/airflow/.local/lib/python3.12/site-packages/airflow/example_dags/example_branch_day_of_week_operator.py took 0.097 seconds
[2026-08-02T19:17:54.761+0000] {processor.py:161} INFO - Started process (PID=1043) to work on /home/airflow/.local/lib/python3.12/site-packages/airflow/example_dags/example_branch_day_of_week_operator.py
[2026-08-02T19:17:54.763+0000] {processor.py:830} INFO - Processing file /home/airflow/.local/lib/python3.12/site-packages/airflow/example_dags/example_branch_day_of_week_operator.py for tasks to queue
[2026-08-02T19:17:54.765+0000] {logging_mixin.py:188} INFO - [2026-08-02T19:17:54.765+0000] {dagbag.py:545} INFO - Filling up the DagBag from /home/airflow/.local/lib/python3.12/site-packages/airflow/example_dags/example_branch_day_of_week_operator.py
[2026-08-02T19:17:54.775+0000] {processor.py:840} INFO - DAG(s) 'example_weekday_branch_operator' retrieved from /home/airflow/.local/lib/python3.12/site-packages/airflow/example_dags/example_branch_day_of_week_operator.py
[2026-08-02T19:17:54.802+0000] {logging_mixin.py:188} INFO - [2026-08-02T19:17:54.802+0000] {dag.py:3089} INFO - Sync 1 DAGs
[2026-08-02T19:17:54.830+0000] {logging_mixin.py:188} INFO - [2026-08-02T19:17:54.830+0000] {dag.py:3947} INFO - Setting next_dagrun for example_weekday_branch_operator to 2026-08-01 00:00:00+00:00, run_after=2026-08-02 00:00:00+00:00
[2026-08-02T19:17:54.854+0000] {processor.py:183} INFO - Processing /home/airflow/.local/lib/python3.12/site-packages/airflow/example_dags/example_branch_day_of_week_operator.py took 0.100 seconds
[2026-08-02T19:18:25.213+0000] {processor.py:161} INFO - Started process (PID=1102) to work on /home/airflow/.local/lib/python3.12/site-packages/airflow/example_dags/example_branch_day_of_week_operator.py
[2026-08-02T19:18:25.215+0000] {processor.py:830} INFO - Processing file /home/airflow/.local/lib/python3.12/site-packages/airflow/example_dags/example_branch_day_of_week_operator.py for tasks to queue
[2026-08-02T19:18:25.217+0000] {logging_mixin.py:188} INFO - [2026-08-02T19:18:25.217+0000] {dagbag.py:545} INFO - Filling up the DagBag from /home/airflow/.local/lib/python3.12/site-packages/airflow/example_dags/example_branch_day_of_week_operator.py
[2026-08-02T19:18:25.226+0000] {processor.py:840} INFO - DAG(s) 'example_weekday_branch_operator' retrieved from /home/airflow/.local/lib/python3.12/site-packages/airflow/example_dags/example_branch_day_of_week_operator.py
[2026-08-02T19:18:25.249+0000] {logging_mixin.py:188} INFO - [2026-08-02T19:18:25.248+0000] {dag.py:3089} INFO - Sync 1 DAGs
[2026-08-02T19:18:25.271+0000] {logging_mixin.py:188} INFO - [2026-08-02T19:18:25.271+0000] {dag.py:3947} INFO - Setting next_dagrun for example_weekday_branch_operator to 2026-08-01 00:00:00+00:00, run_after=2026-08-02 00:00:00+00:00
[2026-08-02T19:18:25.293+0000] {processor.py:183} INFO - Processing /home/airflow/.local/lib/python3.12/site-packages/airflow/example_dags/example_branch_day_of_week_operator.py took 0.088 seconds
[2026-08-02T19:18:55.814+0000] {processor.py:161} INFO - Started process (PID=1161) to work on /home/airflow/.local/lib/python3.12/site-packages/airflow/example_dags/example_branch_day_of_week_operator.py
[2026-08-02T19:18:55.816+0000] {processor.py:830} INFO - Processing file /home/airflow/.local/lib/python3.12/site-packages/airflow/example_dags/example_branch_day_of_week_operator.py for tasks to queue
[2026-08-02T19:18:55.819+0000] {logging_mixin.py:188} INFO - [2026-08-02T19:18:55.819+0000] {dagbag.py:545} INFO - Filling up the DagBag from /home/airflow/.local/lib/python3.12/site-packages/airflow/example_dags/example_branch_day_of_week_operator.py
[2026-08-02T19:18:55.836+0000] {processor.py:840} INFO - DAG(s) 'example_weekday_branch_operator' retrieved from /home/airflow/.local/lib/python3.12/site-packages/airflow/example_dags/example_branch_day_of_week_operator.py
[2026-08-02T19:18:55.860+0000] {logging_mixin.py:188} INFO - [2026-08-02T19:18:55.859+0000] {dag.py:3089} INFO - Sync 1 DAGs
[2026-08-02T19:18:55.880+0000] {logging_mixin.py:188} INFO - [2026-08-02T19:18:55.880+0000] {dag.py:3947} INFO - Setting next_dagrun for example_weekday_branch_operator to 2026-08-01 00:00:00+00:00, run_after=2026-08-02 00:00:00+00:00
[2026-08-02T19:18:55.901+0000] {processor.py:183} INFO - Processing /home/airflow/.local/lib/python3.12/site-packages/airflow/example_dags/example_branch_day_of_week_operator.py took 0.098 seconds
[2026-08-02T19:19:26.363+0000] {processor.py:161} INFO - Started process (PID=1220) to work on /home/airflow/.local/lib/python3.12/site-packages/airflow/example_dags/example_branch_day_of_week_operator.py
[2026-08-02T19:19:26.365+0000] {processor.py:830} INFO - Processing file /home/airflow/.local/lib/python3.12/site-packages/airflow/example_dags/example_branch_day_of_week_operator.py for tasks to queue
[2026-08-02T19:19:26.368+0000] {logging_mixin.py:188} INFO - [2026-08-02T19:19:26.367+0000] {dagbag.py:545} INFO - Filling up the DagBag from /home/airflow/.local/lib/python3.12/site-packages/airflow/example_dags/example_branch_day_of_week_operator.py
[2026-08-02T19:19:26.377+0000] {processor.py:840} INFO - DAG(s) 'example_weekday_branch_operator' retrieved from /home/airflow/.local/lib/python3.12/site-packages/airflow/example_dags/example_branch_day_of_week_operator.py
[2026-08-02T19:19:26.397+0000] {logging_mixin.py:188} INFO - [2026-08-02T19:19:26.397+0000] {dag.py:3089} INFO - Sync 1 DAGs
[2026-08-02T19:19:26.417+0000] {logging_mixin.py:188} INFO - [2026-08-02T19:19:26.417+0000] {dag.py:3947} INFO - Setting next_dagrun for example_weekday_branch_operator to 2026-08-01 00:00:00+00:00, run_after=2026-08-02 00:00:00+00:00
[2026-08-02T19:19:26.434+0000] {processor.py:183} INFO - Processing /home/airflow/.local/lib/python3.12/site-packages/airflow/example_dags/example_branch_day_of_week_operator.py took 0.081 seconds
[2026-08-02T19:19:57.014+0000] {processor.py:161} INFO - Started process (PID=1279) to work on /home/airflow/.local/lib/python3.12/site-packages/airflow/example_dags/example_branch_day_of_week_operator.py
[2026-08-02T19:19:57.015+0000] {processor.py:830} INFO - Processing file /home/airflow/.local/lib/python3.12/site-packages/airflow/example_dags/example_branch_day_of_week_operator.py for tasks to queue
[2026-08-02T19:19:57.018+0000] {logging_mixin.py:188} INFO - [2026-08-02T19:19:57.018+0000] {dagbag.py:545} INFO - Filling up the DagBag from /home/airflow/.local/lib/python3.12/site-packages/airflow/example_dags/example_branch_day_of_week_operator.py
[2026-08-02T19:19:57.027+0000] {processor.py:840} INFO - DAG(s) 'example_weekday_branch_operator' retrieved from /home/airflow/.local/lib/python3.12/site-packages/airflow/example_dags/example_branch_day_of_week_operator.py
[2026-08-02T19:19:57.048+0000] {logging_mixin.py:188} INFO - [2026-08-02T19:19:57.048+0000] {dag.py:3089} INFO - Sync 1 DAGs
[2026-08-02T19:19:57.067+0000] {logging_mixin.py:188} INFO - [2026-08-02T19:19:57.067+0000] {dag.py:3947} INFO - Setting next_dagrun for example_weekday_branch_operator to 2026-08-01 00:00:00+00:00, run_after=2026-08-02 00:00:00+00:00
[2026-08-02T19:19:57.089+0000] {processor.py:183} INFO - Processing /home/airflow/.local/lib/python3.12/site-packages/airflow/example_dags/example_branch_day_of_week_operator.py took 0.085 seconds
[2026-08-02T19:20:27.257+0000] {processor.py:161} INFO - Started process (PID=1338) to work on /home/airflow/.local/lib/python3.12/site-packages/airflow/example_dags/example_branch_day_of_week_operator.py
[2026-08-02T19:20:27.259+0000] {processor.py:830} INFO - Processing file /home/airflow/.local/lib/python3.12/site-packages/airflow/example_dags/example_branch_day_of_week_operator.py for tasks to queue
[2026-08-02T19:20:27.262+0000] {logging_mixin.py:188} INFO - [2026-08-02T19:20:27.262+0000] {dagbag.py:545} INFO - Filling up the DagBag from /home/airflow/.local/lib/python3.12/site-packages/airflow/example_dags/example_branch_day_of_week_operator.py
[2026-08-02T19:20:27.272+0000] {processor.py:840} INFO - DAG(s) 'example_weekday_branch_operator' retrieved from /home/airflow/.local/lib/python3.12/site-packages/airflow/example_dags/example_branch_day_of_week_operator.py
[2026-08-02T19:20:27.298+0000] {logging_mixin.py:188} INFO - [2026-08-02T19:20:27.297+0000] {dag.py:3089} INFO - Sync 1 DAGs
[2026-08-02T19:20:27.323+0000] {logging_mixin.py:188} INFO - [2026-08-02T19:20:27.322+0000] {dag.py:3947} INFO - Setting next_dagrun for example_weekday_branch_operator to 2026-08-01 00:00:00+00:00, run_after=2026-08-02 00:00:00+00:00
[2026-08-02T19:20:27.345+0000] {processor.py:183} INFO - Processing /home/airflow/.local/lib/python3.12/site-packages/airflow/example_dags/example_branch_day_of_week_operator.py took 0.096 seconds
[2026-08-02T19:20:58.080+0000] {processor.py:161} INFO - Started process (PID=1397) to work on /home/airflow/.local/lib/python3.12/site-packages/airflow/example_dags/example_branch_day_of_week_operator.py
[2026-08-02T19:20:58.083+0000] {processor.py:830} INFO - Processing file /home/airflow/.local/lib/python3.12/site-packages/airflow/example_dags/example_branch_day_of_week_operator.py for tasks to queue
[2026-08-02T19:20:58.086+0000] {logging_mixin.py:188} INFO - [2026-08-02T19:20:58.085+0000] {dagbag.py:545} INFO - Filling up the DagBag from /home/airflow/.local/lib/python3.12/site-packages/airflow/example_dags/example_branch_day_of_week_operator.py
[2026-08-02T19:20:58.095+0000] {processor.py:840} INFO - DAG(s) 'example_weekday_branch_operator' retrieved from /home/airflow/.local/lib/python3.12/site-packages/airflow/example_dags/example_branch_day_of_week_operator.py
[2026-08-02T19:20:58.120+0000] {logging_mixin.py:188} INFO - [2026-08-02T19:20:58.120+0000] {dag.py:3089} INFO - Sync 1 DAGs
[2026-08-02T19:20:58.144+0000] {logging_mixin.py:188} INFO - [2026-08-02T19:20:58.144+0000] {dag.py:3947} INFO - Setting next_dagrun for example_weekday_branch_operator to 2026-08-01 00:00:00+00:00, run_after=2026-08-02 00:00:00+00:00
[2026-08-02T19:20:58.165+0000] {processor.py:183} INFO - Processing /home/airflow/.local/lib/python3.12/site-packages/airflow/example_dags/example_branch_day_of_week_operator.py took 0.091 seconds
