[2026-08-02T18:55:08.869+0000] {processor.py:161} INFO - Started process (PID=65) to work on /home/airflow/.local/lib/python3.12/site-packages/airflow/example_dags/example_bash_operator.py
[2026-08-02T18:55:08.873+0000] {processor.py:830} INFO - Processing file /home/airflow/.local/lib/python3.12/site-packages/airflow/example_dags/example_bash_operator.py for tasks to queue
[2026-08-02T18:55:08.884+0000] {logging_mixin.py:188} INFO - [2026-08-02T18:55:08.883+0000] {dagbag.py:545} INFO - Filling up the DagBag from /home/airflow/.local/lib/python3.12/site-packages/airflow/example_dags/example_bash_operator.py
[2026-08-02T18:55:08.937+0000] {processor.py:840} INFO - DAG(s) 'example_bash_operator' retrieved from /home/airflow/.local/lib/python3.12/site-packages/airflow/example_dags/example_bash_operator.py
[2026-08-02T18:55:08.982+0000] {logging_mixin.py:188} INFO - [2026-08-02T18:55:08.981+0000] {dag.py:3089} INFO - Sync 1 DAGs
[2026-08-02T18:55:09.073+0000] {logging_mixin.py:188} INFO - [2026-08-02T18:55:09.072+0000] {dag.py:3947} INFO - Setting next_dagrun for example_bash_operator to 2026-08-01 00:00:00+00:00, run_after=2026-08-02 00:00:00+00:00
[2026-08-02T18:55:09.144+0000] {processor.py:183} INFO - Processing /home/airflow/.local/lib/python3.12/site-packages/airflow/example_dags/example_bash_operator.py took 0.301 seconds
[2026-08-02T18:55:39.219+0000] {processor.py:161} INFO - Started process (PID=123) to work on /home/airflow/.local/lib/python3.12/site-packages/airflow/example_dags/example_bash_operator.py
[2026-08-02T18:55:39.222+0000] {processor.py:830} INFO - Processing file /home/airflow/.local/lib/python3.12/site-packages/airflow/example_dags/example_bash_operator.py for tasks to queue
[2026-08-02T18:55:39.225+0000] {logging_mixin.py:188} INFO - [2026-08-02T18:55:39.224+0000] {dagbag.py:545} INFO - Filling up the DagBag from /home/airflow/.local/lib/python3.12/site-packages/airflow/example_dags/example_bash_operator.py
[2026-08-02T18:55:39.236+0000] {processor.py:840} INFO - DAG(s) 'example_bash_operator' retrieved from /home/airflow/.local/lib/python3.12/site-packages/airflow/example_dags/example_bash_operator.py
[2026-08-02T18:55:39.346+0000] {logging_mixin.py:188} INFO - [2026-08-02T18:55:39.346+0000] {dag.py:3089} INFO - Sync 1 DAGs
[2026-08-02T18:55:39.371+0000] {logging_mixin.py:188} INFO - [2026-08-02T18:55:39.371+0000] {dag.py:3947} INFO - Setting next_dagrun for example_bash_operator to 2026-08-01 00:00:00+00:00, run_after=2026-08-02 00:00:00+00:00
[2026-08-02T18:55:39.397+0000] {processor.py:183} INFO - Processing /home/airflow/.local/lib/python3.12/site-packages/airflow/example_dags/example_bash_operator.py took 0.184 seconds
[2026-08-02T18:56:09.516+0000] {processor.py:161} INFO - Started process (PID=182) to work on /home/airflow/.local/lib/python3.12/site-packages/airflow/example_dags/example_bash_operator.py
[2026-08-02T18:56:09.518+0000] {processor.py:830} INFO - Processing file /home/airflow/.local/lib/python3.12/site-packages/airflow/example_dags/example_bash_operator.py for tasks to queue
[2026-08-02T18:56:09.521+0000] {logging_mixin.py:188} INFO - [2026-08-02T18:56:09.520+0000] {dagbag.py:545} INFO - Filling up the DagBag from /home/airflow/.local/lib/python3.12/site-packages/airflow/example_dags/example_bash_operator.py
[2026-08-02T18:56:09.533+0000] {processor.py:840} INFO - DAG(s) 'example_bash_operator' retrieved from /home/airflow/.local/lib/python3.12/site-packages/airflow/example_dags/example_bash_operator.py
[2026-08-02T18:56:09.562+0000] {logging_mixin.py:188} INFO - [2026-08-02T18:56:09.561+0000] {dag.py:3089} INFO - Sync 1 DAGs
[2026-08-02T18:56:09.587+0000] {logging_mixin.py:188} INFO - [2026-08-02T18:56:09.587+0000] {dag.py:3947} INFO - Setting next_dagrun for example_bash_operator to 2026-08-01 00:00:00+00:00, run_after=2026-08-02 00:00:00+00:00
[2026-08-02T18:56:09.607+0000] {processor.py:183} INFO - Processing /home/airflow/.local/lib/python3.12/site-packages/airflow/example_dags/example_bash_operator.py took 0.098 seconds
[2026-08-02T18:56:39.940+0000] {processor.py:161} INFO - Started process (PID=242) to work on /home/airflow/.local/lib/python3.12/site-packages/airflow/example_dags/example_bash_operator.py
[2026-08-02T18:56:39.942+0000] {processor.py:830} INFO - Processing file /home/airflow/.local/lib/python3.12/site-packages/airflow/example_dags/example_bash_operator.py for tasks to queue
[2026-08-02T18:56:39.944+0000] {logging_mixin.py:188} INFO - [2026-08-02T18:56:39.943+0000] {dagbag.py:545} INFO - Filling up the DagBag from /home/airflow/.local/lib/python3.12/site-packages/airflow/example_dags/example_bash_operator.py
[2026-08-02T18:56:39.953+0000] {processor.py:840} INFO - DAG(s) 'example_bash_operator' retrieved from /home/airflow/.local/lib/python3.12/site-packages/airflow/example_dags/example_bash_operator.py
[2026-08-02T18:56:39.975+0000] {logging_mixin.py:188} INFO - [2026-08-02T18:56:39.975+0000] {dag.py:3089} INFO - Sync 1 DAGs
[2026-08-02T18:56:39.993+0000] {logging_mixin.py:188} INFO - [2026-08-02T18:56:39.993+0000] {dag.py:3947} INFO - Setting next_dagrun for example_bash_operator to 2026-08-01 00:00:00+00:00, run_after=2026-08-02 00:00:00+00:00
[2026-08-02T18:56:40.010+0000] {processor.py:183} INFO - Processing /home/airflow/.local/lib/python3.12/site-packages/airflow/example_dags/example_bash_operator.py took 0.074 seconds
[2026-08-02T18:57:10.511+0000] {processor.py:161} INFO - Started process (PID=301) to work on /home/airflow/.local/lib/python3.12/site-packages/airflow/example_dags/example_bash_operator.py
[2026-08-02T18:57:10.512+0000] {processor.py:830} INFO - Processing file /home/airflow/.local/lib/python3.12/site-packages/airflow/example_dags/example_bash_operator.py for tasks to queue
[2026-08-02T18:57:10.515+0000] {logging_mixin.py:188} INFO - [2026-08-02T18:57:10.514+0000] {dagbag.py:545} INFO - Filling up the DagBag from /home/airflow/.local/lib/python3.12/site-packages/airflow/example_dags/example_bash_operator.py
[2026-08-02T18:57:10.530+0000] {processor.py:840} INFO - DAG(s) 'example_bash_operator' retrieved from /home/airflow/.local/lib/python3.12/site-packages/airflow/example_dags/example_bash_operator.py
[2026-08-02T18:57:10.558+0000] {logging_mixin.py:188} INFO - [2026-08-02T18:57:10.557+0000] {dag.py:3089} INFO - Sync 1 DAGs
[2026-08-02T18:57:10.582+0000] {logging_mixin.py:188} INFO - [2026-08-02T18:57:10.582+0000] {dag.py:3947} INFO - Setting next_dagrun for example_bash_operator to 2026-08-01 00:00:00+00:00, run_after=2026-08-02 00:00:00+00:00
[2026-08-02T18:57:10.605+0000] {processor.py:183} INFO - Processing /home/airflow/.local/lib/python3.12/site-packages/airflow/example_dags/example_bash_operator.py took 0.102 seconds
[2026-08-02T18:57:40.889+0000] {processor.py:161} INFO - Started process (PID=360) to work on /home/airflow/.local/lib/python3.12/site-packages/airflow/example_dags/example_bash_operator.py
[2026-08-02T18:57:40.891+0000] {processor.py:830} INFO - Processing file /home/airflow/.local/lib/python3.12/site-packages/airflow/example_dags/example_bash_operator.py for tasks to queue
[2026-08-02T18:57:40.893+0000] {logging_mixin.py:188} INFO - [2026-08-02T18:57:40.892+0000] {dagbag.py:545} INFO - Filling up the DagBag from /home/airflow/.local/lib/python3.12/site-packages/airflow/example_dags/example_bash_operator.py
[2026-08-02T18:57:40.904+0000] {processor.py:840} INFO - DAG(s) 'example_bash_operator' retrieved from /home/airflow/.local/lib/python3.12/site-packages/airflow/example_dags/example_bash_operator.py
[2026-08-02T18:57:40.933+0000] {logging_mixin.py:188} INFO - [2026-08-02T18:57:40.932+0000] {dag.py:3089} INFO - Sync 1 DAGs
[2026-08-02T18:57:40.962+0000] {logging_mixin.py:188} INFO - [2026-08-02T18:57:40.962+0000] {dag.py:3947} INFO - Setting next_dagrun for example_bash_operator to 2026-08-01 00:00:00+00:00, run_after=2026-08-02 00:00:00+00:00
[2026-08-02T18:57:40.993+0000] {processor.py:183} INFO - Processing /home/airflow/.local/lib/python3.12/site-packages/airflow/example_dags/example_bash_operator.py took 0.108 seconds
[2026-08-02T19:00:07.790+0000] {processor.py:161} INFO - Started process (PID=52) to work on /home/airflow/.local/lib/python3.12/site-packages/airflow/example_dags/example_bash_operator.py
[2026-08-02T19:00:07.793+0000] {processor.py:830} INFO - Processing file /home/airflow/.local/lib/python3.12/site-packages/airflow/example_dags/example_bash_operator.py for tasks to queue
[2026-08-02T19:00:07.798+0000] {logging_mixin.py:188} INFO - [2026-08-02T19:00:07.797+0000] {dagbag.py:545} INFO - Filling up the DagBag from /home/airflow/.local/lib/python3.12/site-packages/airflow/example_dags/example_bash_operator.py
[2026-08-02T19:00:07.834+0000] {processor.py:840} INFO - DAG(s) 'example_bash_operator' retrieved from /home/airflow/.local/lib/python3.12/site-packages/airflow/example_dags/example_bash_operator.py
[2026-08-02T19:00:07.868+0000] {logging_mixin.py:188} INFO - [2026-08-02T19:00:07.868+0000] {dag.py:3089} INFO - Sync 1 DAGs
[2026-08-02T19:00:07.917+0000] {logging_mixin.py:188} INFO - [2026-08-02T19:00:07.916+0000] {dag.py:3947} INFO - Setting next_dagrun for example_bash_operator to 2026-08-01 00:00:00+00:00, run_after=2026-08-02 00:00:00+00:00
[2026-08-02T19:00:07.952+0000] {processor.py:183} INFO - Processing /home/airflow/.local/lib/python3.12/site-packages/airflow/example_dags/example_bash_operator.py took 0.171 seconds
[2026-08-02T19:00:38.482+0000] {processor.py:161} INFO - Started process (PID=117) to work on /home/airflow/.local/lib/python3.12/site-packages/airflow/example_dags/example_bash_operator.py
[2026-08-02T19:00:38.484+0000] {processor.py:830} INFO - Processing file /home/airflow/.local/lib/python3.12/site-packages/airflow/example_dags/example_bash_operator.py for tasks to queue
[2026-08-02T19:00:38.486+0000] {logging_mixin.py:188} INFO - [2026-08-02T19:00:38.486+0000] {dagbag.py:545} INFO - Filling up the DagBag from /home/airflow/.local/lib/python3.12/site-packages/airflow/example_dags/example_bash_operator.py
[2026-08-02T19:00:38.498+0000] {processor.py:840} INFO - DAG(s) 'example_bash_operator' retrieved from /home/airflow/.local/lib/python3.12/site-packages/airflow/example_dags/example_bash_operator.py
[2026-08-02T19:00:38.593+0000] {logging_mixin.py:188} INFO - [2026-08-02T19:00:38.593+0000] {dag.py:3089} INFO - Sync 1 DAGs
[2026-08-02T19:00:38.610+0000] {logging_mixin.py:188} INFO - [2026-08-02T19:00:38.610+0000] {dag.py:3947} INFO - Setting next_dagrun for example_bash_operator to 2026-08-01 00:00:00+00:00, run_after=2026-08-02 00:00:00+00:00
[2026-08-02T19:00:38.627+0000] {processor.py:183} INFO - Processing /home/airflow/.local/lib/python3.12/site-packages/airflow/example_dags/example_bash_operator.py took 0.151 seconds
[2026-08-02T19:01:09.068+0000] {processor.py:161} INFO - Started process (PID=176) to work on /home/airflow/.local/lib/python3.12/site-packages/airflow/example_dags/example_bash_operator.py
[2026-08-02T19:01:09.070+0000] {processor.py:830} INFO - Processing file /home/airflow/.local/lib/python3.12/site-packages/airflow/example_dags/example_bash_operator.py for tasks to queue
[2026-08-02T19:01:09.072+0000] {logging_mixin.py:188} INFO - [2026-08-02T19:01:09.072+0000] {dagbag.py:545} INFO - Filling up the DagBag from /home/airflow/.local/lib/python3.12/site-packages/airflow/example_dags/example_bash_operator.py
[2026-08-02T19:01:09.082+0000] {processor.py:840} INFO - DAG(s) 'example_bash_operator' retrieved from /home/airflow/.local/lib/python3.12/site-packages/airflow/example_dags/example_bash_operator.py
[2026-08-02T19:01:09.110+0000] {logging_mixin.py:188} INFO - [2026-08-02T19:01:09.110+0000] {dag.py:3089} INFO - Sync 1 DAGs
[2026-08-02T19:01:09.131+0000] {logging_mixin.py:188} INFO - [2026-08-02T19:01:09.131+0000] {dag.py:3947} INFO - Setting next_dagrun for example_bash_operator to 2026-08-01 00:00:00+00:00, run_after=2026-08-02 00:00:00+00:00
[2026-08-02T19:01:09.156+0000] {processor.py:183} INFO - Processing /home/airflow/.local/lib/python3.12/site-packages/airflow/example_dags/example_bash_operator.py took 0.093 seconds
[2026-08-02T19:01:39.387+0000] {processor.py:161} INFO - Started process (PID=236) to work on /home/airflow/.local/lib/python3.12/site-packages/airflow/example_dags/example_bash_operator.py
[2026-08-02T19:01:39.389+0000] {processor.py:830} INFO - Processing file /home/airflow/.local/lib/python3.12/site-packages/airflow/example_dags/example_bash_operator.py for tasks to queue
[2026-08-02T19:01:39.391+0000] {logging_mixin.py:188} INFO - [2026-08-02T19:01:39.391+0000] {dagbag.py:545} INFO - Filling up the DagBag from /home/airflow/.local/lib/python3.12/site-packages/airflow/example_dags/example_bash_operator.py
[2026-08-02T19:01:39.401+0000] {processor.py:840} INFO - DAG(s) 'example_bash_operator' retrieved from /home/airflow/.local/lib/python3.12/site-packages/airflow/example_dags/example_bash_operator.py
[2026-08-02T19:01:39.426+0000] {logging_mixin.py:188} INFO - [2026-08-02T19:01:39.426+0000] {dag.py:3089} INFO - Sync 1 DAGs
[2026-08-02T19:01:39.449+0000] {logging_mixin.py:188} INFO - [2026-08-02T19:01:39.448+0000] {dag.py:3947} INFO - Setting next_dagrun for example_bash_operator to 2026-08-01 00:00:00+00:00, run_after=2026-08-02 00:00:00+00:00
[2026-08-02T19:01:39.470+0000] {processor.py:183} INFO - Processing /home/airflow/.local/lib/python3.12/site-packages/airflow/example_dags/example_bash_operator.py took 0.088 seconds
[2026-08-02T19:02:09.640+0000] {processor.py:161} INFO - Started process (PID=295) to work on /home/airflow/.local/lib/python3.12/site-packages/airflow/example_dags/example_bash_operator.py
[2026-08-02T19:02:09.642+0000] {processor.py:830} INFO - Processing file /home/airflow/.local/lib/python3.12/site-packages/airflow/example_dags/example_bash_operator.py for tasks to queue
[2026-08-02T19:02:09.645+0000] {logging_mixin.py:188} INFO - [2026-08-02T19:02:09.645+0000] {dagbag.py:545} INFO - Filling up the DagBag from /home/airflow/.local/lib/python3.12/site-packages/airflow/example_dags/example_bash_operator.py
[2026-08-02T19:02:09.658+0000] {processor.py:840} INFO - DAG(s) 'example_bash_operator' retrieved from /home/airflow/.local/lib/python3.12/site-packages/airflow/example_dags/example_bash_operator.py
[2026-08-02T19:02:09.688+0000] {logging_mixin.py:188} INFO - [2026-08-02T19:02:09.688+0000] {dag.py:3089} INFO - Sync 1 DAGs
[2026-08-02T19:02:09.725+0000] {logging_mixin.py:188} INFO - [2026-08-02T19:02:09.725+0000] {dag.py:3947} INFO - Setting next_dagrun for example_bash_operator to 2026-08-01 00:00:00+00:00, run_after=2026-08-02 00:00:00+00:00
[2026-08-02T19:02:09.750+0000] {processor.py:183} INFO - Processing /home/airflow/.local/lib/python3.12/site-packages/airflow/example_dags/example_bash_operator.py took 0.122 seconds
[2026-08-02T19:02:39.954+0000] {processor.py:161} INFO - Started process (PID=354) to work on /home/airflow/.local/lib/python3.12/site-packages/airflow/example_dags/example_bash_operator.py
[2026-08-02T19:02:39.956+0000] {processor.py:830} INFO - Processing file /home/airflow/.local/lib/python3.12/site-packages/airflow/example_dags/example_bash_operator.py for tasks to queue
[2026-08-02T19:02:39.959+0000] {logging_mixin.py:188} INFO - [2026-08-02T19:02:39.958+0000] {dagbag.py:545} INFO - Filling up the DagBag from /home/airflow/.local/lib/python3.12/site-packages/airflow/example_dags/example_bash_operator.py
[2026-08-02T19:02:39.970+0000] {processor.py:840} INFO - DAG(s) 'example_bash_operator' retrieved from /home/airflow/.local/lib/python3.12/site-packages/airflow/example_dags/example_bash_operator.py
[2026-08-02T19:02:40.002+0000] {logging_mixin.py:188} INFO - [2026-08-02T19:02:40.002+0000] {dag.py:3089} INFO - Sync 1 DAGs
[2026-08-02T19:02:40.035+0000] {logging_mixin.py:188} INFO - [2026-08-02T19:02:40.034+0000] {dag.py:3947} INFO - Setting next_dagrun for example_bash_operator to 2026-08-01 00:00:00+00:00, run_after=2026-08-02 00:00:00+00:00
[2026-08-02T19:02:40.062+0000] {processor.py:183} INFO - Processing /home/airflow/.local/lib/python3.12/site-packages/airflow/example_dags/example_bash_operator.py took 0.119 seconds
[2026-08-02T19:03:10.217+0000] {processor.py:161} INFO - Started process (PID=413) to work on /home/airflow/.local/lib/python3.12/site-packages/airflow/example_dags/example_bash_operator.py
[2026-08-02T19:03:10.219+0000] {processor.py:830} INFO - Processing file /home/airflow/.local/lib/python3.12/site-packages/airflow/example_dags/example_bash_operator.py for tasks to queue
[2026-08-02T19:03:10.223+0000] {logging_mixin.py:188} INFO - [2026-08-02T19:03:10.222+0000] {dagbag.py:545} INFO - Filling up the DagBag from /home/airflow/.local/lib/python3.12/site-packages/airflow/example_dags/example_bash_operator.py
[2026-08-02T19:03:10.243+0000] {processor.py:840} INFO - DAG(s) 'example_bash_operator' retrieved from /home/airflow/.local/lib/python3.12/site-packages/airflow/example_dags/example_bash_operator.py
[2026-08-02T19:03:10.275+0000] {logging_mixin.py:188} INFO - [2026-08-02T19:03:10.275+0000] {dag.py:3089} INFO - Sync 1 DAGs
[2026-08-02T19:03:10.303+0000] {logging_mixin.py:188} INFO - [2026-08-02T19:03:10.303+0000] {dag.py:3947} INFO - Setting next_dagrun for example_bash_operator to 2026-08-01 00:00:00+00:00, run_after=2026-08-02 00:00:00+00:00
[2026-08-02T19:03:10.334+0000] {processor.py:183} INFO - Processing /home/airflow/.local/lib/python3.12/site-packages/airflow/example_dags/example_bash_operator.py took 0.125 seconds
[2026-08-02T19:03:40.875+0000] {processor.py:161} INFO - Started process (PID=472) to work on /home/airflow/.local/lib/python3.12/site-packages/airflow/example_dags/example_bash_operator.py
[2026-08-02T19:03:40.877+0000] {processor.py:830} INFO - Processing file /home/airflow/.local/lib/python3.12/site-packages/airflow/example_dags/example_bash_operator.py for tasks to queue
[2026-08-02T19:03:40.881+0000] {logging_mixin.py:188} INFO - [2026-08-02T19:03:40.880+0000] {dagbag.py:545} INFO - Filling up the DagBag from /home/airflow/.local/lib/python3.12/site-packages/airflow/example_dags/example_bash_operator.py
[2026-08-02T19:03:40.897+0000] {processor.py:840} INFO - DAG(s) 'example_bash_operator' retrieved from /home/airflow/.local/lib/python3.12/site-packages/airflow/example_dags/example_bash_operator.py
[2026-08-02T19:03:40.934+0000] {logging_mixin.py:188} INFO - [2026-08-02T19:03:40.934+0000] {dag.py:3089} INFO - Sync 1 DAGs
[2026-08-02T19:03:40.953+0000] {logging_mixin.py:188} INFO - [2026-08-02T19:03:40.953+0000] {dag.py:3947} INFO - Setting next_dagrun for example_bash_operator to 2026-08-01 00:00:00+00:00, run_after=2026-08-02 00:00:00+00:00
[2026-08-02T19:03:40.972+0000] {processor.py:183} INFO - Processing /home/airflow/.local/lib/python3.12/site-packages/airflow/example_dags/example_bash_operator.py took 0.106 seconds
[2026-08-02T19:04:11.420+0000] {processor.py:161} INFO - Started process (PID=531) to work on /home/airflow/.local/lib/python3.12/site-packages/airflow/example_dags/example_bash_operator.py
[2026-08-02T19:04:11.422+0000] {processor.py:830} INFO - Processing file /home/airflow/.local/lib/python3.12/site-packages/airflow/example_dags/example_bash_operator.py for tasks to queue
[2026-08-02T19:04:11.424+0000] {logging_mixin.py:188} INFO - [2026-08-02T19:04:11.424+0000] {dagbag.py:545} INFO - Filling up the DagBag from /home/airflow/.local/lib/python3.12/site-packages/airflow/example_dags/example_bash_operator.py
[2026-08-02T19:04:11.434+0000] {processor.py:840} INFO - DAG(s) 'example_bash_operator' retrieved from /home/airflow/.local/lib/python3.12/site-packages/airflow/example_dags/example_bash_operator.py
[2026-08-02T19:04:11.463+0000] {logging_mixin.py:188} INFO - [2026-08-02T19:04:11.463+0000] {dag.py:3089} INFO - Sync 1 DAGs
[2026-08-02T19:04:11.484+0000] {logging_mixin.py:188} INFO - [2026-08-02T19:04:11.484+0000] {dag.py:3947} INFO - Setting next_dagrun for example_bash_operator to 2026-08-01 00:00:00+00:00, run_after=2026-08-02 00:00:00+00:00
[2026-08-02T19:04:11.504+0000] {processor.py:183} INFO - Processing /home/airflow/.local/lib/python3.12/site-packages/airflow/example_dags/example_bash_operator.py took 0.089 seconds
[2026-08-02T19:04:41.685+0000] {processor.py:161} INFO - Started process (PID=590) to work on /home/airflow/.local/lib/python3.12/site-packages/airflow/example_dags/example_bash_operator.py
[2026-08-02T19:04:41.687+0000] {processor.py:830} INFO - Processing file /home/airflow/.local/lib/python3.12/site-packages/airflow/example_dags/example_bash_operator.py for tasks to queue
[2026-08-02T19:04:41.691+0000] {logging_mixin.py:188} INFO - [2026-08-02T19:04:41.690+0000] {dagbag.py:545} INFO - Filling up the DagBag from /home/airflow/.local/lib/python3.12/site-packages/airflow/example_dags/example_bash_operator.py
[2026-08-02T19:04:41.707+0000] {processor.py:840} INFO - DAG(s) 'example_bash_operator' retrieved from /home/airflow/.local/lib/python3.12/site-packages/airflow/example_dags/example_bash_operator.py
[2026-08-02T19:04:41.734+0000] {logging_mixin.py:188} INFO - [2026-08-02T19:04:41.734+0000] {dag.py:3089} INFO - Sync 1 DAGs
[2026-08-02T19:04:41.754+0000] {logging_mixin.py:188} INFO - [2026-08-02T19:04:41.754+0000] {dag.py:3947} INFO - Setting next_dagrun for example_bash_operator to 2026-08-01 00:00:00+00:00, run_after=2026-08-02 00:00:00+00:00
[2026-08-02T19:04:41.772+0000] {processor.py:183} INFO - Processing /home/airflow/.local/lib/python3.12/site-packages/airflow/example_dags/example_bash_operator.py took 0.096 seconds
[2026-08-02T19:05:11.863+0000] {processor.py:161} INFO - Started process (PID=649) to work on /home/airflow/.local/lib/python3.12/site-packages/airflow/example_dags/example_bash_operator.py
[2026-08-02T19:05:11.865+0000] {processor.py:830} INFO - Processing file /home/airflow/.local/lib/python3.12/site-packages/airflow/example_dags/example_bash_operator.py for tasks to queue
[2026-08-02T19:05:11.868+0000] {logging_mixin.py:188} INFO - [2026-08-02T19:05:11.868+0000] {dagbag.py:545} INFO - Filling up the DagBag from /home/airflow/.local/lib/python3.12/site-packages/airflow/example_dags/example_bash_operator.py
[2026-08-02T19:05:11.883+0000] {processor.py:840} INFO - DAG(s) 'example_bash_operator' retrieved from /home/airflow/.local/lib/python3.12/site-packages/airflow/example_dags/example_bash_operator.py
[2026-08-02T19:05:11.924+0000] {logging_mixin.py:188} INFO - [2026-08-02T19:05:11.923+0000] {dag.py:3089} INFO - Sync 1 DAGs
[2026-08-02T19:05:11.957+0000] {logging_mixin.py:188} INFO - [2026-08-02T19:05:11.957+0000] {dag.py:3947} INFO - Setting next_dagrun for example_bash_operator to 2026-08-01 00:00:00+00:00, run_after=2026-08-02 00:00:00+00:00
[2026-08-02T19:05:11.985+0000] {processor.py:183} INFO - Processing /home/airflow/.local/lib/python3.12/site-packages/airflow/example_dags/example_bash_operator.py took 0.131 seconds
[2026-08-02T19:05:42.393+0000] {processor.py:161} INFO - Started process (PID=708) to work on /home/airflow/.local/lib/python3.12/site-packages/airflow/example_dags/example_bash_operator.py
[2026-08-02T19:05:42.394+0000] {processor.py:830} INFO - Processing file /home/airflow/.local/lib/python3.12/site-packages/airflow/example_dags/example_bash_operator.py for tasks to queue
[2026-08-02T19:05:42.396+0000] {logging_mixin.py:188} INFO - [2026-08-02T19:05:42.396+0000] {dagbag.py:545} INFO - Filling up the DagBag from /home/airflow/.local/lib/python3.12/site-packages/airflow/example_dags/example_bash_operator.py
[2026-08-02T19:05:42.406+0000] {processor.py:840} INFO - DAG(s) 'example_bash_operator' retrieved from /home/airflow/.local/lib/python3.12/site-packages/airflow/example_dags/example_bash_operator.py
[2026-08-02T19:05:42.425+0000] {logging_mixin.py:188} INFO - [2026-08-02T19:05:42.425+0000] {dag.py:3089} INFO - Sync 1 DAGs
[2026-08-02T19:05:42.441+0000] {logging_mixin.py:188} INFO - [2026-08-02T19:05:42.441+0000] {dag.py:3947} INFO - Setting next_dagrun for example_bash_operator to 2026-08-01 00:00:00+00:00, run_after=2026-08-02 00:00:00+00:00
[2026-08-02T19:05:42.457+0000] {processor.py:183} INFO - Processing /home/airflow/.local/lib/python3.12/site-packages/airflow/example_dags/example_bash_operator.py took 0.069 seconds
[2026-08-02T19:06:12.950+0000] {processor.py:161} INFO - Started process (PID=767) to work on /home/airflow/.local/lib/python3.12/site-packages/airflow/example_dags/example_bash_operator.py
[2026-08-02T19:06:12.952+0000] {processor.py:830} INFO - Processing file /home/airflow/.local/lib/python3.12/site-packages/airflow/example_dags/example_bash_operator.py for tasks to queue
[2026-08-02T19:06:12.954+0000] {logging_mixin.py:188} INFO - [2026-08-02T19:06:12.953+0000] {dagbag.py:545} INFO - Filling up the DagBag from /home/airflow/.local/lib/python3.12/site-packages/airflow/example_dags/example_bash_operator.py
[2026-08-02T19:06:12.965+0000] {processor.py:840} INFO - DAG(s) 'example_bash_operator' retrieved from /home/airflow/.local/lib/python3.12/site-packages/airflow/example_dags/example_bash_operator.py
[2026-08-02T19:06:12.989+0000] {logging_mixin.py:188} INFO - [2026-08-02T19:06:12.989+0000] {dag.py:3089} INFO - Sync 1 DAGs
[2026-08-02T19:06:13.010+0000] {logging_mixin.py:188} INFO - [2026-08-02T19:06:13.010+0000] {dag.py:3947} INFO - Setting next_dagrun for example_bash_operator to 2026-08-01 00:00:00+00:00, run_after=2026-08-02 00:00:00+00:00
[2026-08-02T19:06:13.031+0000] {processor.py:183} INFO - Processing /home/airflow/.local/lib/python3.12/site-packages/airflow/example_dags/example_bash_operator.py took 0.086 seconds
[2026-08-02T19:06:43.566+0000] {processor.py:161} INFO - Started process (PID=826) to work on /home/airflow/.local/lib/python3.12/site-packages/airflow/example_dags/example_bash_operator.py
[2026-08-02T19:06:43.567+0000] {processor.py:830} INFO - Processing file /home/airflow/.local/lib/python3.12/site-packages/airflow/example_dags/example_bash_operator.py for tasks to queue
[2026-08-02T19:06:43.570+0000] {logging_mixin.py:188} INFO - [2026-08-02T19:06:43.569+0000] {dagbag.py:545} INFO - Filling up the DagBag from /home/airflow/.local/lib/python3.12/site-packages/airflow/example_dags/example_bash_operator.py
[2026-08-02T19:06:43.580+0000] {processor.py:840} INFO - DAG(s) 'example_bash_operator' retrieved from /home/airflow/.local/lib/python3.12/site-packages/airflow/example_dags/example_bash_operator.py
[2026-08-02T19:06:43.604+0000] {logging_mixin.py:188} INFO - [2026-08-02T19:06:43.604+0000] {dag.py:3089} INFO - Sync 1 DAGs
[2026-08-02T19:06:43.628+0000] {logging_mixin.py:188} INFO - [2026-08-02T19:06:43.628+0000] {dag.py:3947} INFO - Setting next_dagrun for example_bash_operator to 2026-08-01 00:00:00+00:00, run_after=2026-08-02 00:00:00+00:00
[2026-08-02T19:06:43.647+0000] {processor.py:183} INFO - Processing /home/airflow/.local/lib/python3.12/site-packages/airflow/example_dags/example_bash_operator.py took 0.086 seconds
[2026-08-02T19:07:13.977+0000] {processor.py:161} INFO - Started process (PID=885) to work on /home/airflow/.local/lib/python3.12/site-packages/airflow/example_dags/example_bash_operator.py
[2026-08-02T19:07:13.978+0000] {processor.py:830} INFO - Processing file /home/airflow/.local/lib/python3.12/site-packages/airflow/example_dags/example_bash_operator.py for tasks to queue
[2026-08-02T19:07:13.980+0000] {logging_mixin.py:188} INFO - [2026-08-02T19:07:13.980+0000] {dagbag.py:545} INFO - Filling up the DagBag from /home/airflow/.local/lib/python3.12/site-packages/airflow/example_dags/example_bash_operator.py
[2026-08-02T19:07:13.992+0000] {processor.py:840} INFO - DAG(s) 'example_bash_operator' retrieved from /home/airflow/.local/lib/python3.12/site-packages/airflow/example_dags/example_bash_operator.py
[2026-08-02T19:07:14.015+0000] {logging_mixin.py:188} INFO - [2026-08-02T19:07:14.015+0000] {dag.py:3089} INFO - Sync 1 DAGs
[2026-08-02T19:07:14.035+0000] {logging_mixin.py:188} INFO - [2026-08-02T19:07:14.035+0000] {dag.py:3947} INFO - Setting next_dagrun for example_bash_operator to 2026-08-01 00:00:00+00:00, run_after=2026-08-02 00:00:00+00:00
[2026-08-02T19:07:14.053+0000] {processor.py:183} INFO - Processing /home/airflow/.local/lib/python3.12/site-packages/airflow/example_dags/example_bash_operator.py took 0.083 seconds
[2026-08-02T19:07:44.238+0000] {processor.py:161} INFO - Started process (PID=944) to work on /home/airflow/.local/lib/python3.12/site-packages/airflow/example_dags/example_bash_operator.py
[2026-08-02T19:07:44.239+0000] {processor.py:830} INFO - Processing file /home/airflow/.local/lib/python3.12/site-packages/airflow/example_dags/example_bash_operator.py for tasks to queue
[2026-08-02T19:07:44.241+0000] {logging_mixin.py:188} INFO - [2026-08-02T19:07:44.241+0000] {dagbag.py:545} INFO - Filling up the DagBag from /home/airflow/.local/lib/python3.12/site-packages/airflow/example_dags/example_bash_operator.py
[2026-08-02T19:07:44.252+0000] {processor.py:840} INFO - DAG(s) 'example_bash_operator' retrieved from /home/airflow/.local/lib/python3.12/site-packages/airflow/example_dags/example_bash_operator.py
[2026-08-02T19:07:44.274+0000] {logging_mixin.py:188} INFO - [2026-08-02T19:07:44.274+0000] {dag.py:3089} INFO - Sync 1 DAGs
[2026-08-02T19:07:44.294+0000] {logging_mixin.py:188} INFO - [2026-08-02T19:07:44.294+0000] {dag.py:3947} INFO - Setting next_dagrun for example_bash_operator to 2026-08-01 00:00:00+00:00, run_after=2026-08-02 00:00:00+00:00
[2026-08-02T19:07:44.313+0000] {processor.py:183} INFO - Processing /home/airflow/.local/lib/python3.12/site-packages/airflow/example_dags/example_bash_operator.py took 0.081 seconds
[2026-08-02T19:08:14.814+0000] {processor.py:161} INFO - Started process (PID=1003) to work on /home/airflow/.local/lib/python3.12/site-packages/airflow/example_dags/example_bash_operator.py
[2026-08-02T19:08:14.816+0000] {processor.py:830} INFO - Processing file /home/airflow/.local/lib/python3.12/site-packages/airflow/example_dags/example_bash_operator.py for tasks to queue
[2026-08-02T19:08:14.818+0000] {logging_mixin.py:188} INFO - [2026-08-02T19:08:14.818+0000] {dagbag.py:545} INFO - Filling up the DagBag from /home/airflow/.local/lib/python3.12/site-packages/airflow/example_dags/example_bash_operator.py
[2026-08-02T19:08:14.832+0000] {processor.py:840} INFO - DAG(s) 'example_bash_operator' retrieved from /home/airflow/.local/lib/python3.12/site-packages/airflow/example_dags/example_bash_operator.py
[2026-08-02T19:08:14.859+0000] {logging_mixin.py:188} INFO - [2026-08-02T19:08:14.859+0000] {dag.py:3089} INFO - Sync 1 DAGs
[2026-08-02T19:08:14.881+0000] {logging_mixin.py:188} INFO - [2026-08-02T19:08:14.881+0000] {dag.py:3947} INFO - Setting next_dagrun for example_bash_operator to 2026-08-01 00:00:00+00:00, run_after=2026-08-02 00:00:00+00:00
[2026-08-02T19:08:14.901+0000] {processor.py:183} INFO - Processing /home/airflow/.local/lib/python3.12/site-packages/airflow/example_dags/example_bash_operator.py took 0.092 seconds
[2026-08-02T19:09:44.846+0000] {processor.py:161} INFO - Started process (PID=88) to work on /home/airflow/.local/lib/python3.12/site-packages/airflow/example_dags/example_bash_operator.py
[2026-08-02T19:09:44.850+0000] {processor.py:830} INFO - Processing file /home/airflow/.local/lib/python3.12/site-packages/airflow/example_dags/example_bash_operator.py for tasks to queue
[2026-08-02T19:09:44.856+0000] {logging_mixin.py:188} INFO - [2026-08-02T19:09:44.855+0000] {dagbag.py:545} INFO - Filling up the DagBag from /home/airflow/.local/lib/python3.12/site-packages/airflow/example_dags/example_bash_operator.py
[2026-08-02T19:09:44.881+0000] {processor.py:840} INFO - DAG(s) 'example_bash_operator' retrieved from /home/airflow/.local/lib/python3.12/site-packages/airflow/example_dags/example_bash_operator.py
[2026-08-02T19:09:45.079+0000] {logging_mixin.py:188} INFO - [2026-08-02T19:09:45.079+0000] {dag.py:3089} INFO - Sync 1 DAGs
[2026-08-02T19:09:45.112+0000] {logging_mixin.py:188} INFO - [2026-08-02T19:09:45.111+0000] {dag.py:3947} INFO - Setting next_dagrun for example_bash_operator to 2026-08-01 00:00:00+00:00, run_after=2026-08-02 00:00:00+00:00
[2026-08-02T19:09:45.145+0000] {processor.py:183} INFO - Processing /home/airflow/.local/lib/python3.12/site-packages/airflow/example_dags/example_bash_operator.py took 0.307 seconds
[2026-08-02T19:10:15.513+0000] {processor.py:161} INFO - Started process (PID=147) to work on /home/airflow/.local/lib/python3.12/site-packages/airflow/example_dags/example_bash_operator.py
[2026-08-02T19:10:15.515+0000] {processor.py:830} INFO - Processing file /home/airflow/.local/lib/python3.12/site-packages/airflow/example_dags/example_bash_operator.py for tasks to queue
[2026-08-02T19:10:15.518+0000] {logging_mixin.py:188} INFO - [2026-08-02T19:10:15.517+0000] {dagbag.py:545} INFO - Filling up the DagBag from /home/airflow/.local/lib/python3.12/site-packages/airflow/example_dags/example_bash_operator.py
[2026-08-02T19:10:15.531+0000] {processor.py:840} INFO - DAG(s) 'example_bash_operator' retrieved from /home/airflow/.local/lib/python3.12/site-packages/airflow/example_dags/example_bash_operator.py
[2026-08-02T19:10:15.555+0000] {logging_mixin.py:188} INFO - [2026-08-02T19:10:15.555+0000] {dag.py:3089} INFO - Sync 1 DAGs
[2026-08-02T19:10:15.576+0000] {logging_mixin.py:188} INFO - [2026-08-02T19:10:15.576+0000] {dag.py:3947} INFO - Setting next_dagrun for example_bash_operator to 2026-08-01 00:00:00+00:00, run_after=2026-08-02 00:00:00+00:00
[2026-08-02T19:10:15.597+0000] {processor.py:183} INFO - Processing /home/airflow/.local/lib/python3.12/site-packages/airflow/example_dags/example_bash_operator.py took 0.091 seconds
[2026-08-02T19:10:46.094+0000] {processor.py:161} INFO - Started process (PID=206) to work on /home/airflow/.local/lib/python3.12/site-packages/airflow/example_dags/example_bash_operator.py
[2026-08-02T19:10:46.096+0000] {processor.py:830} INFO - Processing file /home/airflow/.local/lib/python3.12/site-packages/airflow/example_dags/example_bash_operator.py for tasks to queue
[2026-08-02T19:10:46.100+0000] {logging_mixin.py:188} INFO - [2026-08-02T19:10:46.099+0000] {dagbag.py:545} INFO - Filling up the DagBag from /home/airflow/.local/lib/python3.12/site-packages/airflow/example_dags/example_bash_operator.py
[2026-08-02T19:10:46.121+0000] {processor.py:840} INFO - DAG(s) 'example_bash_operator' retrieved from /home/airflow/.local/lib/python3.12/site-packages/airflow/example_dags/example_bash_operator.py
[2026-08-02T19:10:46.159+0000] {logging_mixin.py:188} INFO - [2026-08-02T19:10:46.159+0000] {dag.py:3089} INFO - Sync 1 DAGs
[2026-08-02T19:10:46.184+0000] {logging_mixin.py:188} INFO - [2026-08-02T19:10:46.184+0000] {dag.py:3947} INFO - Setting next_dagrun for example_bash_operator to 2026-08-01 00:00:00+00:00, run_after=2026-08-02 00:00:00+00:00
[2026-08-02T19:10:46.212+0000] {processor.py:183} INFO - Processing /home/airflow/.local/lib/python3.12/site-packages/airflow/example_dags/example_bash_operator.py took 0.129 seconds
[2026-08-02T19:11:16.616+0000] {processor.py:161} INFO - Started process (PID=265) to work on /home/airflow/.local/lib/python3.12/site-packages/airflow/example_dags/example_bash_operator.py
[2026-08-02T19:11:16.617+0000] {processor.py:830} INFO - Processing file /home/airflow/.local/lib/python3.12/site-packages/airflow/example_dags/example_bash_operator.py for tasks to queue
[2026-08-02T19:11:16.620+0000] {logging_mixin.py:188} INFO - [2026-08-02T19:11:16.619+0000] {dagbag.py:545} INFO - Filling up the DagBag from /home/airflow/.local/lib/python3.12/site-packages/airflow/example_dags/example_bash_operator.py
[2026-08-02T19:11:16.630+0000] {processor.py:840} INFO - DAG(s) 'example_bash_operator' retrieved from /home/airflow/.local/lib/python3.12/site-packages/airflow/example_dags/example_bash_operator.py
[2026-08-02T19:11:16.653+0000] {logging_mixin.py:188} INFO - [2026-08-02T19:11:16.652+0000] {dag.py:3089} INFO - Sync 1 DAGs
[2026-08-02T19:11:16.677+0000] {logging_mixin.py:188} INFO - [2026-08-02T19:11:16.677+0000] {dag.py:3947} INFO - Setting next_dagrun for example_bash_operator to 2026-08-01 00:00:00+00:00, run_after=2026-08-02 00:00:00+00:00
[2026-08-02T19:11:16.696+0000] {processor.py:183} INFO - Processing /home/airflow/.local/lib/python3.12/site-packages/airflow/example_dags/example_bash_operator.py took 0.085 seconds
[2026-08-02T19:11:46.989+0000] {processor.py:161} INFO - Started process (PID=324) to work on /home/airflow/.local/lib/python3.12/site-packages/airflow/example_dags/example_bash_operator.py
[2026-08-02T19:11:46.991+0000] {processor.py:830} INFO - Processing file /home/airflow/.local/lib/python3.12/site-packages/airflow/example_dags/example_bash_operator.py for tasks to queue
[2026-08-02T19:11:46.994+0000] {logging_mixin.py:188} INFO - [2026-08-02T19:11:46.993+0000] {dagbag.py:545} INFO - Filling up the DagBag from /home/airflow/.local/lib/python3.12/site-packages/airflow/example_dags/example_bash_operator.py
[2026-08-02T19:11:47.009+0000] {processor.py:840} INFO - DAG(s) 'example_bash_operator' retrieved from /home/airflow/.local/lib/python3.12/site-packages/airflow/example_dags/example_bash_operator.py
[2026-08-02T19:11:47.039+0000] {logging_mixin.py:188} INFO - [2026-08-02T19:11:47.039+0000] {dag.py:3089} INFO - Sync 1 DAGs
[2026-08-02T19:11:47.061+0000] {logging_mixin.py:188} INFO - [2026-08-02T19:11:47.060+0000] {dag.py:3947} INFO - Setting next_dagrun for example_bash_operator to 2026-08-01 00:00:00+00:00, run_after=2026-08-02 00:00:00+00:00
[2026-08-02T19:11:47.080+0000] {processor.py:183} INFO - Processing /home/airflow/.local/lib/python3.12/site-packages/airflow/example_dags/example_bash_operator.py took 0.099 seconds
[2026-08-02T19:12:17.309+0000] {processor.py:161} INFO - Started process (PID=383) to work on /home/airflow/.local/lib/python3.12/site-packages/airflow/example_dags/example_bash_operator.py
[2026-08-02T19:12:17.311+0000] {processor.py:830} INFO - Processing file /home/airflow/.local/lib/python3.12/site-packages/airflow/example_dags/example_bash_operator.py for tasks to queue
[2026-08-02T19:12:17.313+0000] {logging_mixin.py:188} INFO - [2026-08-02T19:12:17.313+0000] {dagbag.py:545} INFO - Filling up the DagBag from /home/airflow/.local/lib/python3.12/site-packages/airflow/example_dags/example_bash_operator.py
[2026-08-02T19:12:17.324+0000] {processor.py:840} INFO - DAG(s) 'example_bash_operator' retrieved from /home/airflow/.local/lib/python3.12/site-packages/airflow/example_dags/example_bash_operator.py
[2026-08-02T19:12:17.347+0000] {logging_mixin.py:188} INFO - [2026-08-02T19:12:17.347+0000] {dag.py:3089} INFO - Sync 1 DAGs
[2026-08-02T19:12:17.367+0000] {logging_mixin.py:188} INFO - [2026-08-02T19:12:17.367+0000] {dag.py:3947} INFO - Setting next_dagrun for example_bash_operator to 2026-08-01 00:00:00+00:00, run_after=2026-08-02 00:00:00+00:00
[2026-08-02T19:12:17.384+0000] {processor.py:183} INFO - Processing /home/airflow/.local/lib/python3.12/site-packages/airflow/example_dags/example_bash_operator.py took 0.081 seconds
[2026-08-02T19:12:47.893+0000] {processor.py:161} INFO - Started process (PID=442) to work on /home/airflow/.local/lib/python3.12/site-packages/airflow/example_dags/example_bash_operator.py
[2026-08-02T19:12:47.894+0000] {processor.py:830} INFO - Processing file /home/airflow/.local/lib/python3.12/site-packages/airflow/example_dags/example_bash_operator.py for tasks to queue
[2026-08-02T19:12:47.896+0000] {logging_mixin.py:188} INFO - [2026-08-02T19:12:47.896+0000] {dagbag.py:545} INFO - Filling up the DagBag from /home/airflow/.local/lib/python3.12/site-packages/airflow/example_dags/example_bash_operator.py
[2026-08-02T19:12:47.907+0000] {processor.py:840} INFO - DAG(s) 'example_bash_operator' retrieved from /home/airflow/.local/lib/python3.12/site-packages/airflow/example_dags/example_bash_operator.py
[2026-08-02T19:12:47.930+0000] {logging_mixin.py:188} INFO - [2026-08-02T19:12:47.930+0000] {dag.py:3089} INFO - Sync 1 DAGs
[2026-08-02T19:12:47.950+0000] {logging_mixin.py:188} INFO - [2026-08-02T19:12:47.950+0000] {dag.py:3947} INFO - Setting next_dagrun for example_bash_operator to 2026-08-01 00:00:00+00:00, run_after=2026-08-02 00:00:00+00:00
[2026-08-02T19:12:47.976+0000] {processor.py:183} INFO - Processing /home/airflow/.local/lib/python3.12/site-packages/airflow/example_dags/example_bash_operator.py took 0.089 seconds
[2026-08-02T19:13:18.089+0000] {processor.py:161} INFO - Started process (PID=501) to work on /home/airflow/.local/lib/python3.12/site-packages/airflow/example_dags/example_bash_operator.py
[2026-08-02T19:13:18.091+0000] {processor.py:830} INFO - Processing file /home/airflow/.local/lib/python3.12/site-packages/airflow/example_dags/example_bash_operator.py for tasks to queue
[2026-08-02T19:13:18.093+0000] {logging_mixin.py:188} INFO - [2026-08-02T19:13:18.093+0000] {dagbag.py:545} INFO - Filling up the DagBag from /home/airflow/.local/lib/python3.12/site-packages/airflow/example_dags/example_bash_operator.py
[2026-08-02T19:13:18.107+0000] {processor.py:840} INFO - DAG(s) 'example_bash_operator' retrieved from /home/airflow/.local/lib/python3.12/site-packages/airflow/example_dags/example_bash_operator.py
[2026-08-02T19:13:18.137+0000] {logging_mixin.py:188} INFO - [2026-08-02T19:13:18.136+0000] {dag.py:3089} INFO - Sync 1 DAGs
[2026-08-02T19:13:18.162+0000] {logging_mixin.py:188} INFO - [2026-08-02T19:13:18.161+0000] {dag.py:3947} INFO - Setting next_dagrun for example_bash_operator to 2026-08-01 00:00:00+00:00, run_after=2026-08-02 00:00:00+00:00
[2026-08-02T19:13:18.182+0000] {processor.py:183} INFO - Processing /home/airflow/.local/lib/python3.12/site-packages/airflow/example_dags/example_bash_operator.py took 0.099 seconds
[2026-08-02T19:13:49.041+0000] {processor.py:161} INFO - Started process (PID=560) to work on /home/airflow/.local/lib/python3.12/site-packages/airflow/example_dags/example_bash_operator.py
[2026-08-02T19:13:49.044+0000] {processor.py:830} INFO - Processing file /home/airflow/.local/lib/python3.12/site-packages/airflow/example_dags/example_bash_operator.py for tasks to queue
[2026-08-02T19:13:49.047+0000] {logging_mixin.py:188} INFO - [2026-08-02T19:13:49.046+0000] {dagbag.py:545} INFO - Filling up the DagBag from /home/airflow/.local/lib/python3.12/site-packages/airflow/example_dags/example_bash_operator.py
[2026-08-02T19:13:49.065+0000] {processor.py:840} INFO - DAG(s) 'example_bash_operator' retrieved from /home/airflow/.local/lib/python3.12/site-packages/airflow/example_dags/example_bash_operator.py
[2026-08-02T19:13:49.099+0000] {logging_mixin.py:188} INFO - [2026-08-02T19:13:49.099+0000] {dag.py:3089} INFO - Sync 1 DAGs
[2026-08-02T19:13:49.120+0000] {logging_mixin.py:188} INFO - [2026-08-02T19:13:49.119+0000] {dag.py:3947} INFO - Setting next_dagrun for example_bash_operator to 2026-08-01 00:00:00+00:00, run_after=2026-08-02 00:00:00+00:00
[2026-08-02T19:13:49.139+0000] {processor.py:183} INFO - Processing /home/airflow/.local/lib/python3.12/site-packages/airflow/example_dags/example_bash_operator.py took 0.108 seconds
[2026-08-02T19:14:19.694+0000] {processor.py:161} INFO - Started process (PID=625) to work on /home/airflow/.local/lib/python3.12/site-packages/airflow/example_dags/example_bash_operator.py
[2026-08-02T19:14:19.697+0000] {processor.py:830} INFO - Processing file /home/airflow/.local/lib/python3.12/site-packages/airflow/example_dags/example_bash_operator.py for tasks to queue
[2026-08-02T19:14:19.699+0000] {logging_mixin.py:188} INFO - [2026-08-02T19:14:19.699+0000] {dagbag.py:545} INFO - Filling up the DagBag from /home/airflow/.local/lib/python3.12/site-packages/airflow/example_dags/example_bash_operator.py
[2026-08-02T19:14:19.713+0000] {processor.py:840} INFO - DAG(s) 'example_bash_operator' retrieved from /home/airflow/.local/lib/python3.12/site-packages/airflow/example_dags/example_bash_operator.py
[2026-08-02T19:14:19.739+0000] {logging_mixin.py:188} INFO - [2026-08-02T19:14:19.739+0000] {dag.py:3089} INFO - Sync 1 DAGs
[2026-08-02T19:14:19.762+0000] {logging_mixin.py:188} INFO - [2026-08-02T19:14:19.762+0000] {dag.py:3947} INFO - Setting next_dagrun for example_bash_operator to 2026-08-01 00:00:00+00:00, run_after=2026-08-02 00:00:00+00:00
[2026-08-02T19:14:19.782+0000] {processor.py:183} INFO - Processing /home/airflow/.local/lib/python3.12/site-packages/airflow/example_dags/example_bash_operator.py took 0.095 seconds
[2026-08-02T19:14:50.272+0000] {processor.py:161} INFO - Started process (PID=684) to work on /home/airflow/.local/lib/python3.12/site-packages/airflow/example_dags/example_bash_operator.py
[2026-08-02T19:14:50.273+0000] {processor.py:830} INFO - Processing file /home/airflow/.local/lib/python3.12/site-packages/airflow/example_dags/example_bash_operator.py for tasks to queue
[2026-08-02T19:14:50.275+0000] {logging_mixin.py:188} INFO - [2026-08-02T19:14:50.275+0000] {dagbag.py:545} INFO - Filling up the DagBag from /home/airflow/.local/lib/python3.12/site-packages/airflow/example_dags/example_bash_operator.py
[2026-08-02T19:14:50.290+0000] {processor.py:840} INFO - DAG(s) 'example_bash_operator' retrieved from /home/airflow/.local/lib/python3.12/site-packages/airflow/example_dags/example_bash_operator.py
[2026-08-02T19:14:50.321+0000] {logging_mixin.py:188} INFO - [2026-08-02T19:14:50.321+0000] {dag.py:3089} INFO - Sync 1 DAGs
[2026-08-02T19:14:50.347+0000] {logging_mixin.py:188} INFO - [2026-08-02T19:14:50.347+0000] {dag.py:3947} INFO - Setting next_dagrun for example_bash_operator to 2026-08-01 00:00:00+00:00, run_after=2026-08-02 00:00:00+00:00
[2026-08-02T19:14:50.366+0000] {processor.py:183} INFO - Processing /home/airflow/.local/lib/python3.12/site-packages/airflow/example_dags/example_bash_operator.py took 0.101 seconds
[2026-08-02T19:15:20.971+0000] {processor.py:161} INFO - Started process (PID=743) to work on /home/airflow/.local/lib/python3.12/site-packages/airflow/example_dags/example_bash_operator.py
[2026-08-02T19:15:20.972+0000] {processor.py:830} INFO - Processing file /home/airflow/.local/lib/python3.12/site-packages/airflow/example_dags/example_bash_operator.py for tasks to queue
[2026-08-02T19:15:20.975+0000] {logging_mixin.py:188} INFO - [2026-08-02T19:15:20.974+0000] {dagbag.py:545} INFO - Filling up the DagBag from /home/airflow/.local/lib/python3.12/site-packages/airflow/example_dags/example_bash_operator.py
[2026-08-02T19:15:20.989+0000] {processor.py:840} INFO - DAG(s) 'example_bash_operator' retrieved from /home/airflow/.local/lib/python3.12/site-packages/airflow/example_dags/example_bash_operator.py
[2026-08-02T19:15:21.014+0000] {logging_mixin.py:188} INFO - [2026-08-02T19:15:21.014+0000] {dag.py:3089} INFO - Sync 1 DAGs
[2026-08-02T19:15:21.035+0000] {logging_mixin.py:188} INFO - [2026-08-02T19:15:21.034+0000] {dag.py:3947} INFO - Setting next_dagrun for example_bash_operator to 2026-08-01 00:00:00+00:00, run_after=2026-08-02 00:00:00+00:00
[2026-08-02T19:15:21.052+0000] {processor.py:183} INFO - Processing /home/airflow/.local/lib/python3.12/site-packages/airflow/example_dags/example_bash_operator.py took 0.086 seconds
[2026-08-02T19:15:51.354+0000] {processor.py:161} INFO - Started process (PID=802) to work on /home/airflow/.local/lib/python3.12/site-packages/airflow/example_dags/example_bash_operator.py
[2026-08-02T19:15:51.356+0000] {processor.py:830} INFO - Processing file /home/airflow/.local/lib/python3.12/site-packages/airflow/example_dags/example_bash_operator.py for tasks to queue
[2026-08-02T19:15:51.359+0000] {logging_mixin.py:188} INFO - [2026-08-02T19:15:51.358+0000] {dagbag.py:545} INFO - Filling up the DagBag from /home/airflow/.local/lib/python3.12/site-packages/airflow/example_dags/example_bash_operator.py
[2026-08-02T19:15:51.371+0000] {processor.py:840} INFO - DAG(s) 'example_bash_operator' retrieved from /home/airflow/.local/lib/python3.12/site-packages/airflow/example_dags/example_bash_operator.py
[2026-08-02T19:15:51.400+0000] {logging_mixin.py:188} INFO - [2026-08-02T19:15:51.400+0000] {dag.py:3089} INFO - Sync 1 DAGs
[2026-08-02T19:15:51.425+0000] {logging_mixin.py:188} INFO - [2026-08-02T19:15:51.425+0000] {dag.py:3947} INFO - Setting next_dagrun for example_bash_operator to 2026-08-01 00:00:00+00:00, run_after=2026-08-02 00:00:00+00:00
[2026-08-02T19:15:51.448+0000] {processor.py:183} INFO - Processing /home/airflow/.local/lib/python3.12/site-packages/airflow/example_dags/example_bash_operator.py took 0.100 seconds
[2026-08-02T19:16:21.643+0000] {processor.py:161} INFO - Started process (PID=861) to work on /home/airflow/.local/lib/python3.12/site-packages/airflow/example_dags/example_bash_operator.py
[2026-08-02T19:16:21.645+0000] {processor.py:830} INFO - Processing file /home/airflow/.local/lib/python3.12/site-packages/airflow/example_dags/example_bash_operator.py for tasks to queue
[2026-08-02T19:16:21.647+0000] {logging_mixin.py:188} INFO - [2026-08-02T19:16:21.646+0000] {dagbag.py:545} INFO - Filling up the DagBag from /home/airflow/.local/lib/python3.12/site-packages/airflow/example_dags/example_bash_operator.py
[2026-08-02T19:16:21.657+0000] {processor.py:840} INFO - DAG(s) 'example_bash_operator' retrieved from /home/airflow/.local/lib/python3.12/site-packages/airflow/example_dags/example_bash_operator.py
[2026-08-02T19:16:21.682+0000] {logging_mixin.py:188} INFO - [2026-08-02T19:16:21.681+0000] {dag.py:3089} INFO - Sync 1 DAGs
[2026-08-02T19:16:21.702+0000] {logging_mixin.py:188} INFO - [2026-08-02T19:16:21.702+0000] {dag.py:3947} INFO - Setting next_dagrun for example_bash_operator to 2026-08-01 00:00:00+00:00, run_after=2026-08-02 00:00:00+00:00
[2026-08-02T19:16:21.720+0000] {processor.py:183} INFO - Processing /home/airflow/.local/lib/python3.12/site-packages/airflow/example_dags/example_bash_operator.py took 0.083 seconds
[2026-08-02T19:16:51.928+0000] {processor.py:161} INFO - Started process (PID=920) to work on /home/airflow/.local/lib/python3.12/site-packages/airflow/example_dags/example_bash_operator.py
[2026-08-02T19:16:51.930+0000] {processor.py:830} INFO - Processing file /home/airflow/.local/lib/python3.12/site-packages/airflow/example_dags/example_bash_operator.py for tasks to queue
[2026-08-02T19:16:51.932+0000] {logging_mixin.py:188} INFO - [2026-08-02T19:16:51.932+0000] {dagbag.py:545} INFO - Filling up the DagBag from /home/airflow/.local/lib/python3.12/site-packages/airflow/example_dags/example_bash_operator.py
[2026-08-02T19:16:51.943+0000] {processor.py:840} INFO - DAG(s) 'example_bash_operator' retrieved from /home/airflow/.local/lib/python3.12/site-packages/airflow/example_dags/example_bash_operator.py
[2026-08-02T19:16:51.968+0000] {logging_mixin.py:188} INFO - [2026-08-02T19:16:51.968+0000] {dag.py:3089} INFO - Sync 1 DAGs
[2026-08-02T19:16:51.991+0000] {logging_mixin.py:188} INFO - [2026-08-02T19:16:51.991+0000] {dag.py:3947} INFO - Setting next_dagrun for example_bash_operator to 2026-08-01 00:00:00+00:00, run_after=2026-08-02 00:00:00+00:00
[2026-08-02T19:16:52.010+0000] {processor.py:183} INFO - Processing /home/airflow/.local/lib/python3.12/site-packages/airflow/example_dags/example_bash_operator.py took 0.087 seconds
[2026-08-02T19:17:22.321+0000] {processor.py:161} INFO - Started process (PID=979) to work on /home/airflow/.local/lib/python3.12/site-packages/airflow/example_dags/example_bash_operator.py
[2026-08-02T19:17:22.322+0000] {processor.py:830} INFO - Processing file /home/airflow/.local/lib/python3.12/site-packages/airflow/example_dags/example_bash_operator.py for tasks to queue
[2026-08-02T19:17:22.325+0000] {logging_mixin.py:188} INFO - [2026-08-02T19:17:22.324+0000] {dagbag.py:545} INFO - Filling up the DagBag from /home/airflow/.local/lib/python3.12/site-packages/airflow/example_dags/example_bash_operator.py
[2026-08-02T19:17:22.335+0000] {processor.py:840} INFO - DAG(s) 'example_bash_operator' retrieved from /home/airflow/.local/lib/python3.12/site-packages/airflow/example_dags/example_bash_operator.py
[2026-08-02T19:17:22.363+0000] {logging_mixin.py:188} INFO - [2026-08-02T19:17:22.362+0000] {dag.py:3089} INFO - Sync 1 DAGs
[2026-08-02T19:17:22.386+0000] {logging_mixin.py:188} INFO - [2026-08-02T19:17:22.386+0000] {dag.py:3947} INFO - Setting next_dagrun for example_bash_operator to 2026-08-01 00:00:00+00:00, run_after=2026-08-02 00:00:00+00:00
[2026-08-02T19:17:22.406+0000] {processor.py:183} INFO - Processing /home/airflow/.local/lib/python3.12/site-packages/airflow/example_dags/example_bash_operator.py took 0.092 seconds
[2026-08-02T19:17:52.489+0000] {processor.py:161} INFO - Started process (PID=1038) to work on /home/airflow/.local/lib/python3.12/site-packages/airflow/example_dags/example_bash_operator.py
[2026-08-02T19:17:52.490+0000] {processor.py:830} INFO - Processing file /home/airflow/.local/lib/python3.12/site-packages/airflow/example_dags/example_bash_operator.py for tasks to queue
[2026-08-02T19:17:52.492+0000] {logging_mixin.py:188} INFO - [2026-08-02T19:17:52.492+0000] {dagbag.py:545} INFO - Filling up the DagBag from /home/airflow/.local/lib/python3.12/site-packages/airflow/example_dags/example_bash_operator.py
[2026-08-02T19:17:52.504+0000] {processor.py:840} INFO - DAG(s) 'example_bash_operator' retrieved from /home/airflow/.local/lib/python3.12/site-packages/airflow/example_dags/example_bash_operator.py
[2026-08-02T19:17:52.529+0000] {logging_mixin.py:188} INFO - [2026-08-02T19:17:52.528+0000] {dag.py:3089} INFO - Sync 1 DAGs
[2026-08-02T19:17:52.552+0000] {logging_mixin.py:188} INFO - [2026-08-02T19:17:52.551+0000] {dag.py:3947} INFO - Setting next_dagrun for example_bash_operator to 2026-08-01 00:00:00+00:00, run_after=2026-08-02 00:00:00+00:00
[2026-08-02T19:17:52.571+0000] {processor.py:183} INFO - Processing /home/airflow/.local/lib/python3.12/site-packages/airflow/example_dags/example_bash_operator.py took 0.089 seconds
[2026-08-02T19:18:23.043+0000] {processor.py:161} INFO - Started process (PID=1097) to work on /home/airflow/.local/lib/python3.12/site-packages/airflow/example_dags/example_bash_operator.py
[2026-08-02T19:18:23.045+0000] {processor.py:830} INFO - Processing file /home/airflow/.local/lib/python3.12/site-packages/airflow/example_dags/example_bash_operator.py for tasks to queue
[2026-08-02T19:18:23.047+0000] {logging_mixin.py:188} INFO - [2026-08-02T19:18:23.047+0000] {dagbag.py:545} INFO - Filling up the DagBag from /home/airflow/.local/lib/python3.12/site-packages/airflow/example_dags/example_bash_operator.py
[2026-08-02T19:18:23.057+0000] {processor.py:840} INFO - DAG(s) 'example_bash_operator' retrieved from /home/airflow/.local/lib/python3.12/site-packages/airflow/example_dags/example_bash_operator.py
[2026-08-02T19:18:23.083+0000] {logging_mixin.py:188} INFO - [2026-08-02T19:18:23.082+0000] {dag.py:3089} INFO - Sync 1 DAGs
[2026-08-02T19:18:23.103+0000] {logging_mixin.py:188} INFO - [2026-08-02T19:18:23.103+0000] {dag.py:3947} INFO - Setting next_dagrun for example_bash_operator to 2026-08-01 00:00:00+00:00, run_after=2026-08-02 00:00:00+00:00
[2026-08-02T19:18:23.121+0000] {processor.py:183} INFO - Processing /home/airflow/.local/lib/python3.12/site-packages/airflow/example_dags/example_bash_operator.py took 0.083 seconds
[2026-08-02T19:18:53.519+0000] {processor.py:161} INFO - Started process (PID=1156) to work on /home/airflow/.local/lib/python3.12/site-packages/airflow/example_dags/example_bash_operator.py
[2026-08-02T19:18:53.520+0000] {processor.py:830} INFO - Processing file /home/airflow/.local/lib/python3.12/site-packages/airflow/example_dags/example_bash_operator.py for tasks to queue
[2026-08-02T19:18:53.523+0000] {logging_mixin.py:188} INFO - [2026-08-02T19:18:53.522+0000] {dagbag.py:545} INFO - Filling up the DagBag from /home/airflow/.local/lib/python3.12/site-packages/airflow/example_dags/example_bash_operator.py
[2026-08-02T19:18:53.536+0000] {processor.py:840} INFO - DAG(s) 'example_bash_operator' retrieved from /home/airflow/.local/lib/python3.12/site-packages/airflow/example_dags/example_bash_operator.py
[2026-08-02T19:18:53.559+0000] {logging_mixin.py:188} INFO - [2026-08-02T19:18:53.559+0000] {dag.py:3089} INFO - Sync 1 DAGs
[2026-08-02T19:18:53.580+0000] {logging_mixin.py:188} INFO - [2026-08-02T19:18:53.579+0000] {dag.py:3947} INFO - Setting next_dagrun for example_bash_operator to 2026-08-01 00:00:00+00:00, run_after=2026-08-02 00:00:00+00:00
[2026-08-02T19:18:53.599+0000] {processor.py:183} INFO - Processing /home/airflow/.local/lib/python3.12/site-packages/airflow/example_dags/example_bash_operator.py took 0.087 seconds
[2026-08-02T19:19:24.167+0000] {processor.py:161} INFO - Started process (PID=1215) to work on /home/airflow/.local/lib/python3.12/site-packages/airflow/example_dags/example_bash_operator.py
[2026-08-02T19:19:24.168+0000] {processor.py:830} INFO - Processing file /home/airflow/.local/lib/python3.12/site-packages/airflow/example_dags/example_bash_operator.py for tasks to queue
[2026-08-02T19:19:24.170+0000] {logging_mixin.py:188} INFO - [2026-08-02T19:19:24.170+0000] {dagbag.py:545} INFO - Filling up the DagBag from /home/airflow/.local/lib/python3.12/site-packages/airflow/example_dags/example_bash_operator.py
[2026-08-02T19:19:24.181+0000] {processor.py:840} INFO - DAG(s) 'example_bash_operator' retrieved from /home/airflow/.local/lib/python3.12/site-packages/airflow/example_dags/example_bash_operator.py
[2026-08-02T19:19:24.203+0000] {logging_mixin.py:188} INFO - [2026-08-02T19:19:24.203+0000] {dag.py:3089} INFO - Sync 1 DAGs
[2026-08-02T19:19:24.224+0000] {logging_mixin.py:188} INFO - [2026-08-02T19:19:24.224+0000] {dag.py:3947} INFO - Setting next_dagrun for example_bash_operator to 2026-08-01 00:00:00+00:00, run_after=2026-08-02 00:00:00+00:00
[2026-08-02T19:19:24.261+0000] {processor.py:183} INFO - Processing /home/airflow/.local/lib/python3.12/site-packages/airflow/example_dags/example_bash_operator.py took 0.100 seconds
[2026-08-02T19:19:54.736+0000] {processor.py:161} INFO - Started process (PID=1274) to work on /home/airflow/.local/lib/python3.12/site-packages/airflow/example_dags/example_bash_operator.py
[2026-08-02T19:19:54.738+0000] {processor.py:830} INFO - Processing file /home/airflow/.local/lib/python3.12/site-packages/airflow/example_dags/example_bash_operator.py for tasks to queue
[2026-08-02T19:19:54.740+0000] {logging_mixin.py:188} INFO - [2026-08-02T19:19:54.740+0000] {dagbag.py:545} INFO - Filling up the DagBag from /home/airflow/.local/lib/python3.12/site-packages/airflow/example_dags/example_bash_operator.py
[2026-08-02T19:19:54.753+0000] {processor.py:840} INFO - DAG(s) 'example_bash_operator' retrieved from /home/airflow/.local/lib/python3.12/site-packages/airflow/example_dags/example_bash_operator.py
[2026-08-02T19:19:54.778+0000] {logging_mixin.py:188} INFO - [2026-08-02T19:19:54.778+0000] {dag.py:3089} INFO - Sync 1 DAGs
[2026-08-02T19:19:54.800+0000] {logging_mixin.py:188} INFO - [2026-08-02T19:19:54.799+0000] {dag.py:3947} INFO - Setting next_dagrun for example_bash_operator to 2026-08-01 00:00:00+00:00, run_after=2026-08-02 00:00:00+00:00
[2026-08-02T19:19:54.818+0000] {processor.py:183} INFO - Processing /home/airflow/.local/lib/python3.12/site-packages/airflow/example_dags/example_bash_operator.py took 0.088 seconds
[2026-08-02T19:20:25.085+0000] {processor.py:161} INFO - Started process (PID=1333) to work on /home/airflow/.local/lib/python3.12/site-packages/airflow/example_dags/example_bash_operator.py
[2026-08-02T19:20:25.087+0000] {processor.py:830} INFO - Processing file /home/airflow/.local/lib/python3.12/site-packages/airflow/example_dags/example_bash_operator.py for tasks to queue
[2026-08-02T19:20:25.091+0000] {logging_mixin.py:188} INFO - [2026-08-02T19:20:25.090+0000] {dagbag.py:545} INFO - Filling up the DagBag from /home/airflow/.local/lib/python3.12/site-packages/airflow/example_dags/example_bash_operator.py
[2026-08-02T19:20:25.108+0000] {processor.py:840} INFO - DAG(s) 'example_bash_operator' retrieved from /home/airflow/.local/lib/python3.12/site-packages/airflow/example_dags/example_bash_operator.py
[2026-08-02T19:20:25.134+0000] {logging_mixin.py:188} INFO - [2026-08-02T19:20:25.133+0000] {dag.py:3089} INFO - Sync 1 DAGs
[2026-08-02T19:20:25.157+0000] {logging_mixin.py:188} INFO - [2026-08-02T19:20:25.156+0000] {dag.py:3947} INFO - Setting next_dagrun for example_bash_operator to 2026-08-01 00:00:00+00:00, run_after=2026-08-02 00:00:00+00:00
[2026-08-02T19:20:25.175+0000] {processor.py:183} INFO - Processing /home/airflow/.local/lib/python3.12/site-packages/airflow/example_dags/example_bash_operator.py took 0.097 seconds
[2026-08-02T19:20:55.740+0000] {processor.py:161} INFO - Started process (PID=1392) to work on /home/airflow/.local/lib/python3.12/site-packages/airflow/example_dags/example_bash_operator.py
[2026-08-02T19:20:55.741+0000] {processor.py:830} INFO - Processing file /home/airflow/.local/lib/python3.12/site-packages/airflow/example_dags/example_bash_operator.py for tasks to queue
[2026-08-02T19:20:55.743+0000] {logging_mixin.py:188} INFO - [2026-08-02T19:20:55.743+0000] {dagbag.py:545} INFO - Filling up the DagBag from /home/airflow/.local/lib/python3.12/site-packages/airflow/example_dags/example_bash_operator.py
[2026-08-02T19:20:55.755+0000] {processor.py:840} INFO - DAG(s) 'example_bash_operator' retrieved from /home/airflow/.local/lib/python3.12/site-packages/airflow/example_dags/example_bash_operator.py
[2026-08-02T19:20:55.788+0000] {logging_mixin.py:188} INFO - [2026-08-02T19:20:55.788+0000] {dag.py:3089} INFO - Sync 1 DAGs
[2026-08-02T19:20:55.820+0000] {logging_mixin.py:188} INFO - [2026-08-02T19:20:55.820+0000] {dag.py:3947} INFO - Setting next_dagrun for example_bash_operator to 2026-08-01 00:00:00+00:00, run_after=2026-08-02 00:00:00+00:00
[2026-08-02T19:20:55.852+0000] {processor.py:183} INFO - Processing /home/airflow/.local/lib/python3.12/site-packages/airflow/example_dags/example_bash_operator.py took 0.120 seconds
