[2026-08-02T18:55:12.360+0000] {processor.py:161} INFO - Started process (PID=87) to work on /home/airflow/.local/lib/python3.12/site-packages/airflow/example_dags/example_branch_labels.py
[2026-08-02T18:55:12.362+0000] {processor.py:830} INFO - Processing file /home/airflow/.local/lib/python3.12/site-packages/airflow/example_dags/example_branch_labels.py for tasks to queue
[2026-08-02T18:55:12.368+0000] {logging_mixin.py:188} INFO - [2026-08-02T18:55:12.367+0000] {dagbag.py:545} INFO - Filling up the DagBag from /home/airflow/.local/lib/python3.12/site-packages/airflow/example_dags/example_branch_labels.py
[2026-08-02T18:55:12.415+0000] {processor.py:840} INFO - DAG(s) 'example_branch_labels' retrieved from /home/airflow/.local/lib/python3.12/site-packages/airflow/example_dags/example_branch_labels.py
[2026-08-02T18:55:12.699+0000] {logging_mixin.py:188} INFO - [2026-08-02T18:55:12.698+0000] {dag.py:3089} INFO - Sync 1 DAGs
[2026-08-02T18:55:12.745+0000] {logging_mixin.py:188} INFO - [2026-08-02T18:55:12.745+0000] {dag.py:3947} INFO - Setting next_dagrun for example_branch_labels to 2026-08-01 00:00:00+00:00, run_after=2026-08-02 00:00:00+00:00
[2026-08-02T18:55:12.791+0000] {processor.py:183} INFO - Processing /home/airflow/.local/lib/python3.12/site-packages/airflow/example_dags/example_branch_labels.py took 0.445 seconds
[2026-08-02T18:55:43.012+0000] {processor.py:161} INFO - Started process (PID=146) to work on /home/airflow/.local/lib/python3.12/site-packages/airflow/example_dags/example_branch_labels.py
[2026-08-02T18:55:43.014+0000] {processor.py:830} INFO - Processing file /home/airflow/.local/lib/python3.12/site-packages/airflow/example_dags/example_branch_labels.py for tasks to queue
[2026-08-02T18:55:43.018+0000] {logging_mixin.py:188} INFO - [2026-08-02T18:55:43.017+0000] {dagbag.py:545} INFO - Filling up the DagBag from /home/airflow/.local/lib/python3.12/site-packages/airflow/example_dags/example_branch_labels.py
[2026-08-02T18:55:43.031+0000] {processor.py:840} INFO - DAG(s) 'example_branch_labels' retrieved from /home/airflow/.local/lib/python3.12/site-packages/airflow/example_dags/example_branch_labels.py
[2026-08-02T18:55:43.063+0000] {logging_mixin.py:188} INFO - [2026-08-02T18:55:43.063+0000] {dag.py:3089} INFO - Sync 1 DAGs
[2026-08-02T18:55:43.093+0000] {logging_mixin.py:188} INFO - [2026-08-02T18:55:43.093+0000] {dag.py:3947} INFO - Setting next_dagrun for example_branch_labels to 2026-08-01 00:00:00+00:00, run_after=2026-08-02 00:00:00+00:00
[2026-08-02T18:55:43.123+0000] {processor.py:183} INFO - Processing /home/airflow/.local/lib/python3.12/site-packages/airflow/example_dags/example_branch_labels.py took 0.120 seconds
[2026-08-02T18:56:13.736+0000] {processor.py:161} INFO - Started process (PID=205) to work on /home/airflow/.local/lib/python3.12/site-packages/airflow/example_dags/example_branch_labels.py
[2026-08-02T18:56:13.738+0000] {processor.py:830} INFO - Processing file /home/airflow/.local/lib/python3.12/site-packages/airflow/example_dags/example_branch_labels.py for tasks to queue
[2026-08-02T18:56:13.742+0000] {logging_mixin.py:188} INFO - [2026-08-02T18:56:13.741+0000] {dagbag.py:545} INFO - Filling up the DagBag from /home/airflow/.local/lib/python3.12/site-packages/airflow/example_dags/example_branch_labels.py
[2026-08-02T18:56:13.751+0000] {processor.py:840} INFO - DAG(s) 'example_branch_labels' retrieved from /home/airflow/.local/lib/python3.12/site-packages/airflow/example_dags/example_branch_labels.py
[2026-08-02T18:56:13.773+0000] {logging_mixin.py:188} INFO - [2026-08-02T18:56:13.772+0000] {dag.py:3089} INFO - Sync 1 DAGs
[2026-08-02T18:56:13.795+0000] {logging_mixin.py:188} INFO - [2026-08-02T18:56:13.795+0000] {dag.py:3947} INFO - Setting next_dagrun for example_branch_labels to 2026-08-01 00:00:00+00:00, run_after=2026-08-02 00:00:00+00:00
[2026-08-02T18:56:13.813+0000] {processor.py:183} INFO - Processing /home/airflow/.local/lib/python3.12/site-packages/airflow/example_dags/example_branch_labels.py took 0.089 seconds
[2026-08-02T18:56:44.085+0000] {processor.py:161} INFO - Started process (PID=264) to work on /home/airflow/.local/lib/python3.12/site-packages/airflow/example_dags/example_branch_labels.py
[2026-08-02T18:56:44.087+0000] {processor.py:830} INFO - Processing file /home/airflow/.local/lib/python3.12/site-packages/airflow/example_dags/example_branch_labels.py for tasks to queue
[2026-08-02T18:56:44.089+0000] {logging_mixin.py:188} INFO - [2026-08-02T18:56:44.089+0000] {dagbag.py:545} INFO - Filling up the DagBag from /home/airflow/.local/lib/python3.12/site-packages/airflow/example_dags/example_branch_labels.py
[2026-08-02T18:56:44.097+0000] {processor.py:840} INFO - DAG(s) 'example_branch_labels' retrieved from /home/airflow/.local/lib/python3.12/site-packages/airflow/example_dags/example_branch_labels.py
[2026-08-02T18:56:44.119+0000] {logging_mixin.py:188} INFO - [2026-08-02T18:56:44.119+0000] {dag.py:3089} INFO - Sync 1 DAGs
[2026-08-02T18:56:44.141+0000] {logging_mixin.py:188} INFO - [2026-08-02T18:56:44.141+0000] {dag.py:3947} INFO - Setting next_dagrun for example_branch_labels to 2026-08-01 00:00:00+00:00, run_after=2026-08-02 00:00:00+00:00
[2026-08-02T18:56:44.161+0000] {processor.py:183} INFO - Processing /home/airflow/.local/lib/python3.12/site-packages/airflow/example_dags/example_branch_labels.py took 0.082 seconds
[2026-08-02T18:57:14.585+0000] {processor.py:161} INFO - Started process (PID=323) to work on /home/airflow/.local/lib/python3.12/site-packages/airflow/example_dags/example_branch_labels.py
[2026-08-02T18:57:14.586+0000] {processor.py:830} INFO - Processing file /home/airflow/.local/lib/python3.12/site-packages/airflow/example_dags/example_branch_labels.py for tasks to queue
[2026-08-02T18:57:14.588+0000] {logging_mixin.py:188} INFO - [2026-08-02T18:57:14.588+0000] {dagbag.py:545} INFO - Filling up the DagBag from /home/airflow/.local/lib/python3.12/site-packages/airflow/example_dags/example_branch_labels.py
[2026-08-02T18:57:14.596+0000] {processor.py:840} INFO - DAG(s) 'example_branch_labels' retrieved from /home/airflow/.local/lib/python3.12/site-packages/airflow/example_dags/example_branch_labels.py
[2026-08-02T18:57:14.616+0000] {logging_mixin.py:188} INFO - [2026-08-02T18:57:14.616+0000] {dag.py:3089} INFO - Sync 1 DAGs
[2026-08-02T18:57:14.639+0000] {logging_mixin.py:188} INFO - [2026-08-02T18:57:14.638+0000] {dag.py:3947} INFO - Setting next_dagrun for example_branch_labels to 2026-08-01 00:00:00+00:00, run_after=2026-08-02 00:00:00+00:00
[2026-08-02T18:57:14.658+0000] {processor.py:183} INFO - Processing /home/airflow/.local/lib/python3.12/site-packages/airflow/example_dags/example_branch_labels.py took 0.080 seconds
[2026-08-02T18:57:45.085+0000] {processor.py:161} INFO - Started process (PID=382) to work on /home/airflow/.local/lib/python3.12/site-packages/airflow/example_dags/example_branch_labels.py
[2026-08-02T18:57:45.087+0000] {processor.py:830} INFO - Processing file /home/airflow/.local/lib/python3.12/site-packages/airflow/example_dags/example_branch_labels.py for tasks to queue
[2026-08-02T18:57:45.089+0000] {logging_mixin.py:188} INFO - [2026-08-02T18:57:45.089+0000] {dagbag.py:545} INFO - Filling up the DagBag from /home/airflow/.local/lib/python3.12/site-packages/airflow/example_dags/example_branch_labels.py
[2026-08-02T18:57:45.097+0000] {processor.py:840} INFO - DAG(s) 'example_branch_labels' retrieved from /home/airflow/.local/lib/python3.12/site-packages/airflow/example_dags/example_branch_labels.py
[2026-08-02T18:57:45.122+0000] {logging_mixin.py:188} INFO - [2026-08-02T18:57:45.122+0000] {dag.py:3089} INFO - Sync 1 DAGs
[2026-08-02T18:57:45.149+0000] {logging_mixin.py:188} INFO - [2026-08-02T18:57:45.149+0000] {dag.py:3947} INFO - Setting next_dagrun for example_branch_labels to 2026-08-01 00:00:00+00:00, run_after=2026-08-02 00:00:00+00:00
[2026-08-02T18:57:45.169+0000] {processor.py:183} INFO - Processing /home/airflow/.local/lib/python3.12/site-packages/airflow/example_dags/example_branch_labels.py took 0.089 seconds
[2026-08-02T19:00:09.524+0000] {processor.py:161} INFO - Started process (PID=74) to work on /home/airflow/.local/lib/python3.12/site-packages/airflow/example_dags/example_branch_labels.py
[2026-08-02T19:00:09.526+0000] {processor.py:830} INFO - Processing file /home/airflow/.local/lib/python3.12/site-packages/airflow/example_dags/example_branch_labels.py for tasks to queue
[2026-08-02T19:00:09.529+0000] {logging_mixin.py:188} INFO - [2026-08-02T19:00:09.529+0000] {dagbag.py:545} INFO - Filling up the DagBag from /home/airflow/.local/lib/python3.12/site-packages/airflow/example_dags/example_branch_labels.py
[2026-08-02T19:00:09.542+0000] {processor.py:840} INFO - DAG(s) 'example_branch_labels' retrieved from /home/airflow/.local/lib/python3.12/site-packages/airflow/example_dags/example_branch_labels.py
[2026-08-02T19:00:09.571+0000] {logging_mixin.py:188} INFO - [2026-08-02T19:00:09.570+0000] {dag.py:3089} INFO - Sync 1 DAGs
[2026-08-02T19:00:09.625+0000] {logging_mixin.py:188} INFO - [2026-08-02T19:00:09.625+0000] {dag.py:3947} INFO - Setting next_dagrun for example_branch_labels to 2026-08-01 00:00:00+00:00, run_after=2026-08-02 00:00:00+00:00
[2026-08-02T19:00:09.663+0000] {processor.py:183} INFO - Processing /home/airflow/.local/lib/python3.12/site-packages/airflow/example_dags/example_branch_labels.py took 0.147 seconds
[2026-08-02T19:00:39.883+0000] {processor.py:161} INFO - Started process (PID=133) to work on /home/airflow/.local/lib/python3.12/site-packages/airflow/example_dags/example_branch_labels.py
[2026-08-02T19:00:39.884+0000] {processor.py:830} INFO - Processing file /home/airflow/.local/lib/python3.12/site-packages/airflow/example_dags/example_branch_labels.py for tasks to queue
[2026-08-02T19:00:39.886+0000] {logging_mixin.py:188} INFO - [2026-08-02T19:00:39.886+0000] {dagbag.py:545} INFO - Filling up the DagBag from /home/airflow/.local/lib/python3.12/site-packages/airflow/example_dags/example_branch_labels.py
[2026-08-02T19:00:39.894+0000] {processor.py:840} INFO - DAG(s) 'example_branch_labels' retrieved from /home/airflow/.local/lib/python3.12/site-packages/airflow/example_dags/example_branch_labels.py
[2026-08-02T19:00:39.983+0000] {logging_mixin.py:188} INFO - [2026-08-02T19:00:39.982+0000] {dag.py:3089} INFO - Sync 1 DAGs
[2026-08-02T19:00:40.000+0000] {logging_mixin.py:188} INFO - [2026-08-02T19:00:39.999+0000] {dag.py:3947} INFO - Setting next_dagrun for example_branch_labels to 2026-08-01 00:00:00+00:00, run_after=2026-08-02 00:00:00+00:00
[2026-08-02T19:00:40.017+0000] {processor.py:183} INFO - Processing /home/airflow/.local/lib/python3.12/site-packages/airflow/example_dags/example_branch_labels.py took 0.140 seconds
[2026-08-02T19:01:10.437+0000] {processor.py:161} INFO - Started process (PID=192) to work on /home/airflow/.local/lib/python3.12/site-packages/airflow/example_dags/example_branch_labels.py
[2026-08-02T19:01:10.440+0000] {processor.py:830} INFO - Processing file /home/airflow/.local/lib/python3.12/site-packages/airflow/example_dags/example_branch_labels.py for tasks to queue
[2026-08-02T19:01:10.444+0000] {logging_mixin.py:188} INFO - [2026-08-02T19:01:10.443+0000] {dagbag.py:545} INFO - Filling up the DagBag from /home/airflow/.local/lib/python3.12/site-packages/airflow/example_dags/example_branch_labels.py
[2026-08-02T19:01:10.454+0000] {processor.py:840} INFO - DAG(s) 'example_branch_labels' retrieved from /home/airflow/.local/lib/python3.12/site-packages/airflow/example_dags/example_branch_labels.py
[2026-08-02T19:01:10.475+0000] {logging_mixin.py:188} INFO - [2026-08-02T19:01:10.474+0000] {dag.py:3089} INFO - Sync 1 DAGs
[2026-08-02T19:01:10.495+0000] {logging_mixin.py:188} INFO - [2026-08-02T19:01:10.495+0000] {dag.py:3947} INFO - Setting next_dagrun for example_branch_labels to 2026-08-01 00:00:00+00:00, run_after=2026-08-02 00:00:00+00:00
[2026-08-02T19:01:10.515+0000] {processor.py:183} INFO - Processing /home/airflow/.local/lib/python3.12/site-packages/airflow/example_dags/example_branch_labels.py took 0.089 seconds
[2026-08-02T19:01:40.567+0000] {processor.py:161} INFO - Started process (PID=251) to work on /home/airflow/.local/lib/python3.12/site-packages/airflow/example_dags/example_branch_labels.py
[2026-08-02T19:01:40.569+0000] {processor.py:830} INFO - Processing file /home/airflow/.local/lib/python3.12/site-packages/airflow/example_dags/example_branch_labels.py for tasks to queue
[2026-08-02T19:01:40.571+0000] {logging_mixin.py:188} INFO - [2026-08-02T19:01:40.571+0000] {dagbag.py:545} INFO - Filling up the DagBag from /home/airflow/.local/lib/python3.12/site-packages/airflow/example_dags/example_branch_labels.py
[2026-08-02T19:01:40.579+0000] {processor.py:840} INFO - DAG(s) 'example_branch_labels' retrieved from /home/airflow/.local/lib/python3.12/site-packages/airflow/example_dags/example_branch_labels.py
[2026-08-02T19:01:40.601+0000] {logging_mixin.py:188} INFO - [2026-08-02T19:01:40.601+0000] {dag.py:3089} INFO - Sync 1 DAGs
[2026-08-02T19:01:40.622+0000] {logging_mixin.py:188} INFO - [2026-08-02T19:01:40.622+0000] {dag.py:3947} INFO - Setting next_dagrun for example_branch_labels to 2026-08-01 00:00:00+00:00, run_after=2026-08-02 00:00:00+00:00
[2026-08-02T19:01:40.638+0000] {processor.py:183} INFO - Processing /home/airflow/.local/lib/python3.12/site-packages/airflow/example_dags/example_branch_labels.py took 0.078 seconds
[2026-08-02T19:02:10.935+0000] {processor.py:161} INFO - Started process (PID=311) to work on /home/airflow/.local/lib/python3.12/site-packages/airflow/example_dags/example_branch_labels.py
[2026-08-02T19:02:10.936+0000] {processor.py:830} INFO - Processing file /home/airflow/.local/lib/python3.12/site-packages/airflow/example_dags/example_branch_labels.py for tasks to queue
[2026-08-02T19:02:10.938+0000] {logging_mixin.py:188} INFO - [2026-08-02T19:02:10.938+0000] {dagbag.py:545} INFO - Filling up the DagBag from /home/airflow/.local/lib/python3.12/site-packages/airflow/example_dags/example_branch_labels.py
[2026-08-02T19:02:10.946+0000] {processor.py:840} INFO - DAG(s) 'example_branch_labels' retrieved from /home/airflow/.local/lib/python3.12/site-packages/airflow/example_dags/example_branch_labels.py
[2026-08-02T19:02:10.966+0000] {logging_mixin.py:188} INFO - [2026-08-02T19:02:10.965+0000] {dag.py:3089} INFO - Sync 1 DAGs
[2026-08-02T19:02:10.987+0000] {logging_mixin.py:188} INFO - [2026-08-02T19:02:10.987+0000] {dag.py:3947} INFO - Setting next_dagrun for example_branch_labels to 2026-08-01 00:00:00+00:00, run_after=2026-08-02 00:00:00+00:00
[2026-08-02T19:02:11.005+0000] {processor.py:183} INFO - Processing /home/airflow/.local/lib/python3.12/site-packages/airflow/example_dags/example_branch_labels.py took 0.076 seconds
[2026-08-02T19:02:41.300+0000] {processor.py:161} INFO - Started process (PID=370) to work on /home/airflow/.local/lib/python3.12/site-packages/airflow/example_dags/example_branch_labels.py
[2026-08-02T19:02:41.303+0000] {processor.py:830} INFO - Processing file /home/airflow/.local/lib/python3.12/site-packages/airflow/example_dags/example_branch_labels.py for tasks to queue
[2026-08-02T19:02:41.307+0000] {logging_mixin.py:188} INFO - [2026-08-02T19:02:41.305+0000] {dagbag.py:545} INFO - Filling up the DagBag from /home/airflow/.local/lib/python3.12/site-packages/airflow/example_dags/example_branch_labels.py
[2026-08-02T19:02:41.316+0000] {processor.py:840} INFO - DAG(s) 'example_branch_labels' retrieved from /home/airflow/.local/lib/python3.12/site-packages/airflow/example_dags/example_branch_labels.py
[2026-08-02T19:02:41.337+0000] {logging_mixin.py:188} INFO - [2026-08-02T19:02:41.337+0000] {dag.py:3089} INFO - Sync 1 DAGs
[2026-08-02T19:02:41.361+0000] {logging_mixin.py:188} INFO - [2026-08-02T19:02:41.360+0000] {dag.py:3947} INFO - Setting next_dagrun for example_branch_labels to 2026-08-01 00:00:00+00:00, run_after=2026-08-02 00:00:00+00:00
[2026-08-02T19:02:41.383+0000] {processor.py:183} INFO - Processing /home/airflow/.local/lib/python3.12/site-packages/airflow/example_dags/example_branch_labels.py took 0.090 seconds
[2026-08-02T19:03:11.738+0000] {processor.py:161} INFO - Started process (PID=429) to work on /home/airflow/.local/lib/python3.12/site-packages/airflow/example_dags/example_branch_labels.py
[2026-08-02T19:03:11.740+0000] {processor.py:830} INFO - Processing file /home/airflow/.local/lib/python3.12/site-packages/airflow/example_dags/example_branch_labels.py for tasks to queue
[2026-08-02T19:03:11.742+0000] {logging_mixin.py:188} INFO - [2026-08-02T19:03:11.742+0000] {dagbag.py:545} INFO - Filling up the DagBag from /home/airflow/.local/lib/python3.12/site-packages/airflow/example_dags/example_branch_labels.py
[2026-08-02T19:03:11.750+0000] {processor.py:840} INFO - DAG(s) 'example_branch_labels' retrieved from /home/airflow/.local/lib/python3.12/site-packages/airflow/example_dags/example_branch_labels.py
[2026-08-02T19:03:11.768+0000] {logging_mixin.py:188} INFO - [2026-08-02T19:03:11.768+0000] {dag.py:3089} INFO - Sync 1 DAGs
[2026-08-02T19:03:11.788+0000] {logging_mixin.py:188} INFO - [2026-08-02T19:03:11.788+0000] {dag.py:3947} INFO - Setting next_dagrun for example_branch_labels to 2026-08-01 00:00:00+00:00, run_after=2026-08-02 00:00:00+00:00
[2026-08-02T19:03:11.806+0000] {processor.py:183} INFO - Processing /home/airflow/.local/lib/python3.12/site-packages/airflow/example_dags/example_branch_labels.py took 0.074 seconds
[2026-08-02T19:03:42.232+0000] {processor.py:161} INFO - Started process (PID=488) to work on /home/airflow/.local/lib/python3.12/site-packages/airflow/example_dags/example_branch_labels.py
[2026-08-02T19:03:42.234+0000] {processor.py:830} INFO - Processing file /home/airflow/.local/lib/python3.12/site-packages/airflow/example_dags/example_branch_labels.py for tasks to queue
[2026-08-02T19:03:42.236+0000] {logging_mixin.py:188} INFO - [2026-08-02T19:03:42.236+0000] {dagbag.py:545} INFO - Filling up the DagBag from /home/airflow/.local/lib/python3.12/site-packages/airflow/example_dags/example_branch_labels.py
[2026-08-02T19:03:42.244+0000] {processor.py:840} INFO - DAG(s) 'example_branch_labels' retrieved from /home/airflow/.local/lib/python3.12/site-packages/airflow/example_dags/example_branch_labels.py
[2026-08-02T19:03:42.270+0000] {logging_mixin.py:188} INFO - [2026-08-02T19:03:42.269+0000] {dag.py:3089} INFO - Sync 1 DAGs
[2026-08-02T19:03:42.294+0000] {logging_mixin.py:188} INFO - [2026-08-02T19:03:42.294+0000] {dag.py:3947} INFO - Setting next_dagrun for example_branch_labels to 2026-08-01 00:00:00+00:00, run_after=2026-08-02 00:00:00+00:00
[2026-08-02T19:03:42.314+0000] {processor.py:183} INFO - Processing /home/airflow/.local/lib/python3.12/site-packages/airflow/example_dags/example_branch_labels.py took 0.088 seconds
[2026-08-02T19:04:12.693+0000] {processor.py:161} INFO - Started process (PID=547) to work on /home/airflow/.local/lib/python3.12/site-packages/airflow/example_dags/example_branch_labels.py
[2026-08-02T19:04:12.695+0000] {processor.py:830} INFO - Processing file /home/airflow/.local/lib/python3.12/site-packages/airflow/example_dags/example_branch_labels.py for tasks to queue
[2026-08-02T19:04:12.697+0000] {logging_mixin.py:188} INFO - [2026-08-02T19:04:12.697+0000] {dagbag.py:545} INFO - Filling up the DagBag from /home/airflow/.local/lib/python3.12/site-packages/airflow/example_dags/example_branch_labels.py
[2026-08-02T19:04:12.705+0000] {processor.py:840} INFO - DAG(s) 'example_branch_labels' retrieved from /home/airflow/.local/lib/python3.12/site-packages/airflow/example_dags/example_branch_labels.py
[2026-08-02T19:04:12.723+0000] {logging_mixin.py:188} INFO - [2026-08-02T19:04:12.723+0000] {dag.py:3089} INFO - Sync 1 DAGs
[2026-08-02T19:04:12.745+0000] {logging_mixin.py:188} INFO - [2026-08-02T19:04:12.744+0000] {dag.py:3947} INFO - Setting next_dagrun for example_branch_labels to 2026-08-01 00:00:00+00:00, run_after=2026-08-02 00:00:00+00:00
[2026-08-02T19:04:12.762+0000] {processor.py:183} INFO - Processing /home/airflow/.local/lib/python3.12/site-packages/airflow/example_dags/example_branch_labels.py took 0.075 seconds
[2026-08-02T19:04:43.190+0000] {processor.py:161} INFO - Started process (PID=606) to work on /home/airflow/.local/lib/python3.12/site-packages/airflow/example_dags/example_branch_labels.py
[2026-08-02T19:04:43.192+0000] {processor.py:830} INFO - Processing file /home/airflow/.local/lib/python3.12/site-packages/airflow/example_dags/example_branch_labels.py for tasks to queue
[2026-08-02T19:04:43.195+0000] {logging_mixin.py:188} INFO - [2026-08-02T19:04:43.194+0000] {dagbag.py:545} INFO - Filling up the DagBag from /home/airflow/.local/lib/python3.12/site-packages/airflow/example_dags/example_branch_labels.py
[2026-08-02T19:04:43.205+0000] {processor.py:840} INFO - DAG(s) 'example_branch_labels' retrieved from /home/airflow/.local/lib/python3.12/site-packages/airflow/example_dags/example_branch_labels.py
[2026-08-02T19:04:43.225+0000] {logging_mixin.py:188} INFO - [2026-08-02T19:04:43.224+0000] {dag.py:3089} INFO - Sync 1 DAGs
[2026-08-02T19:04:43.246+0000] {logging_mixin.py:188} INFO - [2026-08-02T19:04:43.246+0000] {dag.py:3947} INFO - Setting next_dagrun for example_branch_labels to 2026-08-01 00:00:00+00:00, run_after=2026-08-02 00:00:00+00:00
[2026-08-02T19:04:43.267+0000] {processor.py:183} INFO - Processing /home/airflow/.local/lib/python3.12/site-packages/airflow/example_dags/example_branch_labels.py took 0.085 seconds
[2026-08-02T19:05:13.377+0000] {processor.py:161} INFO - Started process (PID=665) to work on /home/airflow/.local/lib/python3.12/site-packages/airflow/example_dags/example_branch_labels.py
[2026-08-02T19:05:13.379+0000] {processor.py:830} INFO - Processing file /home/airflow/.local/lib/python3.12/site-packages/airflow/example_dags/example_branch_labels.py for tasks to queue
[2026-08-02T19:05:13.381+0000] {logging_mixin.py:188} INFO - [2026-08-02T19:05:13.381+0000] {dagbag.py:545} INFO - Filling up the DagBag from /home/airflow/.local/lib/python3.12/site-packages/airflow/example_dags/example_branch_labels.py
[2026-08-02T19:05:13.389+0000] {processor.py:840} INFO - DAG(s) 'example_branch_labels' retrieved from /home/airflow/.local/lib/python3.12/site-packages/airflow/example_dags/example_branch_labels.py
[2026-08-02T19:05:13.408+0000] {logging_mixin.py:188} INFO - [2026-08-02T19:05:13.408+0000] {dag.py:3089} INFO - Sync 1 DAGs
[2026-08-02T19:05:13.428+0000] {logging_mixin.py:188} INFO - [2026-08-02T19:05:13.428+0000] {dag.py:3947} INFO - Setting next_dagrun for example_branch_labels to 2026-08-01 00:00:00+00:00, run_after=2026-08-02 00:00:00+00:00
[2026-08-02T19:05:13.447+0000] {processor.py:183} INFO - Processing /home/airflow/.local/lib/python3.12/site-packages/airflow/example_dags/example_branch_labels.py took 0.078 seconds
[2026-08-02T19:05:43.513+0000] {processor.py:161} INFO - Started process (PID=724) to work on /home/airflow/.local/lib/python3.12/site-packages/airflow/example_dags/example_branch_labels.py
[2026-08-02T19:05:43.515+0000] {processor.py:830} INFO - Processing file /home/airflow/.local/lib/python3.12/site-packages/airflow/example_dags/example_branch_labels.py for tasks to queue
[2026-08-02T19:05:43.518+0000] {logging_mixin.py:188} INFO - [2026-08-02T19:05:43.518+0000] {dagbag.py:545} INFO - Filling up the DagBag from /home/airflow/.local/lib/python3.12/site-packages/airflow/example_dags/example_branch_labels.py
[2026-08-02T19:05:43.527+0000] {processor.py:840} INFO - DAG(s) 'example_branch_labels' retrieved from /home/airflow/.local/lib/python3.12/site-packages/airflow/example_dags/example_branch_labels.py
[2026-08-02T19:05:43.547+0000] {logging_mixin.py:188} INFO - [2026-08-02T19:05:43.547+0000] {dag.py:3089} INFO - Sync 1 DAGs
[2026-08-02T19:05:43.568+0000] {logging_mixin.py:188} INFO - [2026-08-02T19:05:43.568+0000] {dag.py:3947} INFO - Setting next_dagrun for example_branch_labels to 2026-08-01 00:00:00+00:00, run_after=2026-08-02 00:00:00+00:00
[2026-08-02T19:05:43.586+0000] {processor.py:183} INFO - Processing /home/airflow/.local/lib/python3.12/site-packages/airflow/example_dags/example_branch_labels.py took 0.082 seconds
[2026-08-02T19:06:13.817+0000] {processor.py:161} INFO - Started process (PID=783) to work on /home/airflow/.local/lib/python3.12/site-packages/airflow/example_dags/example_branch_labels.py
[2026-08-02T19:06:13.819+0000] {processor.py:830} INFO - Processing file /home/airflow/.local/lib/python3.12/site-packages/airflow/example_dags/example_branch_labels.py for tasks to queue
[2026-08-02T19:06:13.821+0000] {logging_mixin.py:188} INFO - [2026-08-02T19:06:13.821+0000] {dagbag.py:545} INFO - Filling up the DagBag from /home/airflow/.local/lib/python3.12/site-packages/airflow/example_dags/example_branch_labels.py
[2026-08-02T19:06:13.829+0000] {processor.py:840} INFO - DAG(s) 'example_branch_labels' retrieved from /home/airflow/.local/lib/python3.12/site-packages/airflow/example_dags/example_branch_labels.py
[2026-08-02T19:06:13.850+0000] {logging_mixin.py:188} INFO - [2026-08-02T19:06:13.850+0000] {dag.py:3089} INFO - Sync 1 DAGs
[2026-08-02T19:06:13.872+0000] {logging_mixin.py:188} INFO - [2026-08-02T19:06:13.871+0000] {dag.py:3947} INFO - Setting next_dagrun for example_branch_labels to 2026-08-01 00:00:00+00:00, run_after=2026-08-02 00:00:00+00:00
[2026-08-02T19:06:13.892+0000] {processor.py:183} INFO - Processing /home/airflow/.local/lib/python3.12/site-packages/airflow/example_dags/example_branch_labels.py took 0.081 seconds
[2026-08-02T19:06:44.669+0000] {processor.py:161} INFO - Started process (PID=842) to work on /home/airflow/.local/lib/python3.12/site-packages/airflow/example_dags/example_branch_labels.py
[2026-08-02T19:06:44.671+0000] {processor.py:830} INFO - Processing file /home/airflow/.local/lib/python3.12/site-packages/airflow/example_dags/example_branch_labels.py for tasks to queue
[2026-08-02T19:06:44.673+0000] {logging_mixin.py:188} INFO - [2026-08-02T19:06:44.673+0000] {dagbag.py:545} INFO - Filling up the DagBag from /home/airflow/.local/lib/python3.12/site-packages/airflow/example_dags/example_branch_labels.py
[2026-08-02T19:06:44.681+0000] {processor.py:840} INFO - DAG(s) 'example_branch_labels' retrieved from /home/airflow/.local/lib/python3.12/site-packages/airflow/example_dags/example_branch_labels.py
[2026-08-02T19:06:44.703+0000] {logging_mixin.py:188} INFO - [2026-08-02T19:06:44.703+0000] {dag.py:3089} INFO - Sync 1 DAGs
[2026-08-02T19:06:44.724+0000] {logging_mixin.py:188} INFO - [2026-08-02T19:06:44.724+0000] {dag.py:3947} INFO - Setting next_dagrun for example_branch_labels to 2026-08-01 00:00:00+00:00, run_after=2026-08-02 00:00:00+00:00
[2026-08-02T19:06:44.744+0000] {processor.py:183} INFO - Processing /home/airflow/.local/lib/python3.12/site-packages/airflow/example_dags/example_branch_labels.py took 0.081 seconds
[2026-08-02T19:07:15.425+0000] {processor.py:161} INFO - Started process (PID=901) to work on /home/airflow/.local/lib/python3.12/site-packages/airflow/example_dags/example_branch_labels.py
[2026-08-02T19:07:15.426+0000] {processor.py:830} INFO - Processing file /home/airflow/.local/lib/python3.12/site-packages/airflow/example_dags/example_branch_labels.py for tasks to queue
[2026-08-02T19:07:15.429+0000] {logging_mixin.py:188} INFO - [2026-08-02T19:07:15.428+0000] {dagbag.py:545} INFO - Filling up the DagBag from /home/airflow/.local/lib/python3.12/site-packages/airflow/example_dags/example_branch_labels.py
[2026-08-02T19:07:15.435+0000] {processor.py:840} INFO - DAG(s) 'example_branch_labels' retrieved from /home/airflow/.local/lib/python3.12/site-packages/airflow/example_dags/example_branch_labels.py
[2026-08-02T19:07:15.457+0000] {logging_mixin.py:188} INFO - [2026-08-02T19:07:15.457+0000] {dag.py:3089} INFO - Sync 1 DAGs
[2026-08-02T19:07:15.481+0000] {logging_mixin.py:188} INFO - [2026-08-02T19:07:15.481+0000] {dag.py:3947} INFO - Setting next_dagrun for example_branch_labels to 2026-08-01 00:00:00+00:00, run_after=2026-08-02 00:00:00+00:00
[2026-08-02T19:07:15.501+0000] {processor.py:183} INFO - Processing /home/airflow/.local/lib/python3.12/site-packages/airflow/example_dags/example_branch_labels.py took 0.082 seconds
[2026-08-02T19:07:45.666+0000] {processor.py:161} INFO - Started process (PID=960) to work on /home/airflow/.local/lib/python3.12/site-packages/airflow/example_dags/example_branch_labels.py
[2026-08-02T19:07:45.667+0000] {processor.py:830} INFO - Processing file /home/airflow/.local/lib/python3.12/site-packages/airflow/example_dags/example_branch_labels.py for tasks to queue
[2026-08-02T19:07:45.670+0000] {logging_mixin.py:188} INFO - [2026-08-02T19:07:45.670+0000] {dagbag.py:545} INFO - Filling up the DagBag from /home/airflow/.local/lib/python3.12/site-packages/airflow/example_dags/example_branch_labels.py
[2026-08-02T19:07:45.678+0000] {processor.py:840} INFO - DAG(s) 'example_branch_labels' retrieved from /home/airflow/.local/lib/python3.12/site-packages/airflow/example_dags/example_branch_labels.py
[2026-08-02T19:07:45.697+0000] {logging_mixin.py:188} INFO - [2026-08-02T19:07:45.697+0000] {dag.py:3089} INFO - Sync 1 DAGs
[2026-08-02T19:07:45.718+0000] {logging_mixin.py:188} INFO - [2026-08-02T19:07:45.718+0000] {dag.py:3947} INFO - Setting next_dagrun for example_branch_labels to 2026-08-01 00:00:00+00:00, run_after=2026-08-02 00:00:00+00:00
[2026-08-02T19:07:45.736+0000] {processor.py:183} INFO - Processing /home/airflow/.local/lib/python3.12/site-packages/airflow/example_dags/example_branch_labels.py took 0.078 seconds
[2026-08-02T19:08:16.117+0000] {processor.py:161} INFO - Started process (PID=1019) to work on /home/airflow/.local/lib/python3.12/site-packages/airflow/example_dags/example_branch_labels.py
[2026-08-02T19:08:16.119+0000] {processor.py:830} INFO - Processing file /home/airflow/.local/lib/python3.12/site-packages/airflow/example_dags/example_branch_labels.py for tasks to queue
[2026-08-02T19:08:16.121+0000] {logging_mixin.py:188} INFO - [2026-08-02T19:08:16.121+0000] {dagbag.py:545} INFO - Filling up the DagBag from /home/airflow/.local/lib/python3.12/site-packages/airflow/example_dags/example_branch_labels.py
[2026-08-02T19:08:16.129+0000] {processor.py:840} INFO - DAG(s) 'example_branch_labels' retrieved from /home/airflow/.local/lib/python3.12/site-packages/airflow/example_dags/example_branch_labels.py
[2026-08-02T19:08:16.154+0000] {logging_mixin.py:188} INFO - [2026-08-02T19:08:16.153+0000] {dag.py:3089} INFO - Sync 1 DAGs
[2026-08-02T19:08:16.176+0000] {logging_mixin.py:188} INFO - [2026-08-02T19:08:16.176+0000] {dag.py:3947} INFO - Setting next_dagrun for example_branch_labels to 2026-08-01 00:00:00+00:00, run_after=2026-08-02 00:00:00+00:00
[2026-08-02T19:08:16.194+0000] {processor.py:183} INFO - Processing /home/airflow/.local/lib/python3.12/site-packages/airflow/example_dags/example_branch_labels.py took 0.083 seconds
[2026-08-02T19:09:48.861+0000] {processor.py:161} INFO - Started process (PID=110) to work on /home/airflow/.local/lib/python3.12/site-packages/airflow/example_dags/example_branch_labels.py
[2026-08-02T19:09:48.863+0000] {processor.py:830} INFO - Processing file /home/airflow/.local/lib/python3.12/site-packages/airflow/example_dags/example_branch_labels.py for tasks to queue
[2026-08-02T19:09:48.869+0000] {logging_mixin.py:188} INFO - [2026-08-02T19:09:48.868+0000] {dagbag.py:545} INFO - Filling up the DagBag from /home/airflow/.local/lib/python3.12/site-packages/airflow/example_dags/example_branch_labels.py
[2026-08-02T19:09:48.892+0000] {processor.py:840} INFO - DAG(s) 'example_branch_labels' retrieved from /home/airflow/.local/lib/python3.12/site-packages/airflow/example_dags/example_branch_labels.py
[2026-08-02T19:09:49.097+0000] {logging_mixin.py:188} INFO - [2026-08-02T19:09:49.096+0000] {dag.py:3089} INFO - Sync 1 DAGs
[2026-08-02T19:09:49.147+0000] {logging_mixin.py:188} INFO - [2026-08-02T19:09:49.146+0000] {dag.py:3947} INFO - Setting next_dagrun for example_branch_labels to 2026-08-01 00:00:00+00:00, run_after=2026-08-02 00:00:00+00:00
[2026-08-02T19:09:49.210+0000] {processor.py:183} INFO - Processing /home/airflow/.local/lib/python3.12/site-packages/airflow/example_dags/example_branch_labels.py took 0.361 seconds
[2026-08-02T19:10:19.600+0000] {processor.py:161} INFO - Started process (PID=169) to work on /home/airflow/.local/lib/python3.12/site-packages/airflow/example_dags/example_branch_labels.py
[2026-08-02T19:10:19.601+0000] {processor.py:830} INFO - Processing file /home/airflow/.local/lib/python3.12/site-packages/airflow/example_dags/example_branch_labels.py for tasks to queue
[2026-08-02T19:10:19.604+0000] {logging_mixin.py:188} INFO - [2026-08-02T19:10:19.604+0000] {dagbag.py:545} INFO - Filling up the DagBag from /home/airflow/.local/lib/python3.12/site-packages/airflow/example_dags/example_branch_labels.py
[2026-08-02T19:10:19.612+0000] {processor.py:840} INFO - DAG(s) 'example_branch_labels' retrieved from /home/airflow/.local/lib/python3.12/site-packages/airflow/example_dags/example_branch_labels.py
[2026-08-02T19:10:19.637+0000] {logging_mixin.py:188} INFO - [2026-08-02T19:10:19.636+0000] {dag.py:3089} INFO - Sync 1 DAGs
[2026-08-02T19:10:19.666+0000] {logging_mixin.py:188} INFO - [2026-08-02T19:10:19.666+0000] {dag.py:3947} INFO - Setting next_dagrun for example_branch_labels to 2026-08-01 00:00:00+00:00, run_after=2026-08-02 00:00:00+00:00
[2026-08-02T19:10:19.690+0000] {processor.py:183} INFO - Processing /home/airflow/.local/lib/python3.12/site-packages/airflow/example_dags/example_branch_labels.py took 0.096 seconds
[2026-08-02T19:10:50.053+0000] {processor.py:161} INFO - Started process (PID=228) to work on /home/airflow/.local/lib/python3.12/site-packages/airflow/example_dags/example_branch_labels.py
[2026-08-02T19:10:50.056+0000] {processor.py:830} INFO - Processing file /home/airflow/.local/lib/python3.12/site-packages/airflow/example_dags/example_branch_labels.py for tasks to queue
[2026-08-02T19:10:50.060+0000] {logging_mixin.py:188} INFO - [2026-08-02T19:10:50.059+0000] {dagbag.py:545} INFO - Filling up the DagBag from /home/airflow/.local/lib/python3.12/site-packages/airflow/example_dags/example_branch_labels.py
[2026-08-02T19:10:50.074+0000] {processor.py:840} INFO - DAG(s) 'example_branch_labels' retrieved from /home/airflow/.local/lib/python3.12/site-packages/airflow/example_dags/example_branch_labels.py
[2026-08-02T19:10:50.101+0000] {logging_mixin.py:188} INFO - [2026-08-02T19:10:50.101+0000] {dag.py:3089} INFO - Sync 1 DAGs
[2026-08-02T19:10:50.122+0000] {logging_mixin.py:188} INFO - [2026-08-02T19:10:50.122+0000] {dag.py:3947} INFO - Setting next_dagrun for example_branch_labels to 2026-08-01 00:00:00+00:00, run_after=2026-08-02 00:00:00+00:00
[2026-08-02T19:10:50.152+0000] {processor.py:183} INFO - Processing /home/airflow/.local/lib/python3.12/site-packages/airflow/example_dags/example_branch_labels.py took 0.110 seconds
[2026-08-02T19:11:21.001+0000] {processor.py:161} INFO - Started process (PID=287) to work on /home/airflow/.local/lib/python3.12/site-packages/airflow/example_dags/example_branch_labels.py
[2026-08-02T19:11:21.003+0000] {processor.py:830} INFO - Processing file /home/airflow/.local/lib/python3.12/site-packages/airflow/example_dags/example_branch_labels.py for tasks to queue
[2026-08-02T19:11:21.006+0000] {logging_mixin.py:188} INFO - [2026-08-02T19:11:21.006+0000] {dagbag.py:545} INFO - Filling up the DagBag from /home/airflow/.local/lib/python3.12/site-packages/airflow/example_dags/example_branch_labels.py
[2026-08-02T19:11:21.018+0000] {processor.py:840} INFO - DAG(s) 'example_branch_labels' retrieved from /home/airflow/.local/lib/python3.12/site-packages/airflow/example_dags/example_branch_labels.py
[2026-08-02T19:11:21.038+0000] {logging_mixin.py:188} INFO - [2026-08-02T19:11:21.038+0000] {dag.py:3089} INFO - Sync 1 DAGs
[2026-08-02T19:11:21.061+0000] {logging_mixin.py:188} INFO - [2026-08-02T19:11:21.060+0000] {dag.py:3947} INFO - Setting next_dagrun for example_branch_labels to 2026-08-01 00:00:00+00:00, run_after=2026-08-02 00:00:00+00:00
[2026-08-02T19:11:21.083+0000] {processor.py:183} INFO - Processing /home/airflow/.local/lib/python3.12/site-packages/airflow/example_dags/example_branch_labels.py took 0.092 seconds
[2026-08-02T19:11:51.702+0000] {processor.py:161} INFO - Started process (PID=346) to work on /home/airflow/.local/lib/python3.12/site-packages/airflow/example_dags/example_branch_labels.py
[2026-08-02T19:11:51.703+0000] {processor.py:830} INFO - Processing file /home/airflow/.local/lib/python3.12/site-packages/airflow/example_dags/example_branch_labels.py for tasks to queue
[2026-08-02T19:11:51.706+0000] {logging_mixin.py:188} INFO - [2026-08-02T19:11:51.705+0000] {dagbag.py:545} INFO - Filling up the DagBag from /home/airflow/.local/lib/python3.12/site-packages/airflow/example_dags/example_branch_labels.py
[2026-08-02T19:11:51.714+0000] {processor.py:840} INFO - DAG(s) 'example_branch_labels' retrieved from /home/airflow/.local/lib/python3.12/site-packages/airflow/example_dags/example_branch_labels.py
[2026-08-02T19:11:51.739+0000] {logging_mixin.py:188} INFO - [2026-08-02T19:11:51.739+0000] {dag.py:3089} INFO - Sync 1 DAGs
[2026-08-02T19:11:51.764+0000] {logging_mixin.py:188} INFO - [2026-08-02T19:11:51.763+0000] {dag.py:3947} INFO - Setting next_dagrun for example_branch_labels to 2026-08-01 00:00:00+00:00, run_after=2026-08-02 00:00:00+00:00
[2026-08-02T19:11:51.789+0000] {processor.py:183} INFO - Processing /home/airflow/.local/lib/python3.12/site-packages/airflow/example_dags/example_branch_labels.py took 0.094 seconds
[2026-08-02T19:12:22.408+0000] {processor.py:161} INFO - Started process (PID=405) to work on /home/airflow/.local/lib/python3.12/site-packages/airflow/example_dags/example_branch_labels.py
[2026-08-02T19:12:22.410+0000] {processor.py:830} INFO - Processing file /home/airflow/.local/lib/python3.12/site-packages/airflow/example_dags/example_branch_labels.py for tasks to queue
[2026-08-02T19:12:22.412+0000] {logging_mixin.py:188} INFO - [2026-08-02T19:12:22.412+0000] {dagbag.py:545} INFO - Filling up the DagBag from /home/airflow/.local/lib/python3.12/site-packages/airflow/example_dags/example_branch_labels.py
[2026-08-02T19:12:22.421+0000] {processor.py:840} INFO - DAG(s) 'example_branch_labels' retrieved from /home/airflow/.local/lib/python3.12/site-packages/airflow/example_dags/example_branch_labels.py
[2026-08-02T19:12:22.443+0000] {logging_mixin.py:188} INFO - [2026-08-02T19:12:22.442+0000] {dag.py:3089} INFO - Sync 1 DAGs
[2026-08-02T19:12:22.464+0000] {logging_mixin.py:188} INFO - [2026-08-02T19:12:22.464+0000] {dag.py:3947} INFO - Setting next_dagrun for example_branch_labels to 2026-08-01 00:00:00+00:00, run_after=2026-08-02 00:00:00+00:00
[2026-08-02T19:12:22.495+0000] {processor.py:183} INFO - Processing /home/airflow/.local/lib/python3.12/site-packages/airflow/example_dags/example_branch_labels.py took 0.092 seconds
[2026-08-02T19:12:52.654+0000] {processor.py:161} INFO - Started process (PID=464) to work on /home/airflow/.local/lib/python3.12/site-packages/airflow/example_dags/example_branch_labels.py
[2026-08-02T19:12:52.656+0000] {processor.py:830} INFO - Processing file /home/airflow/.local/lib/python3.12/site-packages/airflow/example_dags/example_branch_labels.py for tasks to queue
[2026-08-02T19:12:52.660+0000] {logging_mixin.py:188} INFO - [2026-08-02T19:12:52.659+0000] {dagbag.py:545} INFO - Filling up the DagBag from /home/airflow/.local/lib/python3.12/site-packages/airflow/example_dags/example_branch_labels.py
[2026-08-02T19:12:52.668+0000] {processor.py:840} INFO - DAG(s) 'example_branch_labels' retrieved from /home/airflow/.local/lib/python3.12/site-packages/airflow/example_dags/example_branch_labels.py
[2026-08-02T19:12:52.689+0000] {logging_mixin.py:188} INFO - [2026-08-02T19:12:52.689+0000] {dag.py:3089} INFO - Sync 1 DAGs
[2026-08-02T19:12:52.710+0000] {logging_mixin.py:188} INFO - [2026-08-02T19:12:52.709+0000] {dag.py:3947} INFO - Setting next_dagrun for example_branch_labels to 2026-08-01 00:00:00+00:00, run_after=2026-08-02 00:00:00+00:00
[2026-08-02T19:12:52.726+0000] {processor.py:183} INFO - Processing /home/airflow/.local/lib/python3.12/site-packages/airflow/example_dags/example_branch_labels.py took 0.082 seconds
[2026-08-02T19:13:23.149+0000] {processor.py:161} INFO - Started process (PID=523) to work on /home/airflow/.local/lib/python3.12/site-packages/airflow/example_dags/example_branch_labels.py
[2026-08-02T19:13:23.151+0000] {processor.py:830} INFO - Processing file /home/airflow/.local/lib/python3.12/site-packages/airflow/example_dags/example_branch_labels.py for tasks to queue
[2026-08-02T19:13:23.153+0000] {logging_mixin.py:188} INFO - [2026-08-02T19:13:23.153+0000] {dagbag.py:545} INFO - Filling up the DagBag from /home/airflow/.local/lib/python3.12/site-packages/airflow/example_dags/example_branch_labels.py
[2026-08-02T19:13:23.161+0000] {processor.py:840} INFO - DAG(s) 'example_branch_labels' retrieved from /home/airflow/.local/lib/python3.12/site-packages/airflow/example_dags/example_branch_labels.py
[2026-08-02T19:13:23.184+0000] {logging_mixin.py:188} INFO - [2026-08-02T19:13:23.184+0000] {dag.py:3089} INFO - Sync 1 DAGs
[2026-08-02T19:13:23.211+0000] {logging_mixin.py:188} INFO - [2026-08-02T19:13:23.210+0000] {dag.py:3947} INFO - Setting next_dagrun for example_branch_labels to 2026-08-01 00:00:00+00:00, run_after=2026-08-02 00:00:00+00:00
[2026-08-02T19:13:23.242+0000] {processor.py:183} INFO - Processing /home/airflow/.local/lib/python3.12/site-packages/airflow/example_dags/example_branch_labels.py took 0.098 seconds
[2026-08-02T19:13:53.402+0000] {processor.py:161} INFO - Started process (PID=582) to work on /home/airflow/.local/lib/python3.12/site-packages/airflow/example_dags/example_branch_labels.py
[2026-08-02T19:13:53.404+0000] {processor.py:830} INFO - Processing file /home/airflow/.local/lib/python3.12/site-packages/airflow/example_dags/example_branch_labels.py for tasks to queue
[2026-08-02T19:13:53.407+0000] {logging_mixin.py:188} INFO - [2026-08-02T19:13:53.407+0000] {dagbag.py:545} INFO - Filling up the DagBag from /home/airflow/.local/lib/python3.12/site-packages/airflow/example_dags/example_branch_labels.py
[2026-08-02T19:13:53.416+0000] {processor.py:840} INFO - DAG(s) 'example_branch_labels' retrieved from /home/airflow/.local/lib/python3.12/site-packages/airflow/example_dags/example_branch_labels.py
[2026-08-02T19:13:53.440+0000] {logging_mixin.py:188} INFO - [2026-08-02T19:13:53.439+0000] {dag.py:3089} INFO - Sync 1 DAGs
[2026-08-02T19:13:53.464+0000] {logging_mixin.py:188} INFO - [2026-08-02T19:13:53.464+0000] {dag.py:3947} INFO - Setting next_dagrun for example_branch_labels to 2026-08-01 00:00:00+00:00, run_after=2026-08-02 00:00:00+00:00
[2026-08-02T19:13:53.495+0000] {processor.py:183} INFO - Processing /home/airflow/.local/lib/python3.12/site-packages/airflow/example_dags/example_branch_labels.py took 0.104 seconds
[2026-08-02T19:14:23.707+0000] {processor.py:161} INFO - Started process (PID=641) to work on /home/airflow/.local/lib/python3.12/site-packages/airflow/example_dags/example_branch_labels.py
[2026-08-02T19:14:23.709+0000] {processor.py:830} INFO - Processing file /home/airflow/.local/lib/python3.12/site-packages/airflow/example_dags/example_branch_labels.py for tasks to queue
[2026-08-02T19:14:23.714+0000] {logging_mixin.py:188} INFO - [2026-08-02T19:14:23.714+0000] {dagbag.py:545} INFO - Filling up the DagBag from /home/airflow/.local/lib/python3.12/site-packages/airflow/example_dags/example_branch_labels.py
[2026-08-02T19:14:23.727+0000] {processor.py:840} INFO - DAG(s) 'example_branch_labels' retrieved from /home/airflow/.local/lib/python3.12/site-packages/airflow/example_dags/example_branch_labels.py
[2026-08-02T19:14:23.750+0000] {logging_mixin.py:188} INFO - [2026-08-02T19:14:23.750+0000] {dag.py:3089} INFO - Sync 1 DAGs
[2026-08-02T19:14:23.774+0000] {logging_mixin.py:188} INFO - [2026-08-02T19:14:23.774+0000] {dag.py:3947} INFO - Setting next_dagrun for example_branch_labels to 2026-08-01 00:00:00+00:00, run_after=2026-08-02 00:00:00+00:00
[2026-08-02T19:14:23.794+0000] {processor.py:183} INFO - Processing /home/airflow/.local/lib/python3.12/site-packages/airflow/example_dags/example_branch_labels.py took 0.096 seconds
[2026-08-02T19:14:54.264+0000] {processor.py:161} INFO - Started process (PID=700) to work on /home/airflow/.local/lib/python3.12/site-packages/airflow/example_dags/example_branch_labels.py
[2026-08-02T19:14:54.266+0000] {processor.py:830} INFO - Processing file /home/airflow/.local/lib/python3.12/site-packages/airflow/example_dags/example_branch_labels.py for tasks to queue
[2026-08-02T19:14:54.269+0000] {logging_mixin.py:188} INFO - [2026-08-02T19:14:54.268+0000] {dagbag.py:545} INFO - Filling up the DagBag from /home/airflow/.local/lib/python3.12/site-packages/airflow/example_dags/example_branch_labels.py
[2026-08-02T19:14:54.276+0000] {processor.py:840} INFO - DAG(s) 'example_branch_labels' retrieved from /home/airflow/.local/lib/python3.12/site-packages/airflow/example_dags/example_branch_labels.py
[2026-08-02T19:14:54.299+0000] {logging_mixin.py:188} INFO - [2026-08-02T19:14:54.298+0000] {dag.py:3089} INFO - Sync 1 DAGs
[2026-08-02T19:14:54.321+0000] {logging_mixin.py:188} INFO - [2026-08-02T19:14:54.321+0000] {dag.py:3947} INFO - Setting next_dagrun for example_branch_labels to 2026-08-01 00:00:00+00:00, run_after=2026-08-02 00:00:00+00:00
[2026-08-02T19:14:54.340+0000] {processor.py:183} INFO - Processing /home/airflow/.local/lib/python3.12/site-packages/airflow/example_dags/example_branch_labels.py took 0.081 seconds
[2026-08-02T19:15:24.762+0000] {processor.py:161} INFO - Started process (PID=759) to work on /home/airflow/.local/lib/python3.12/site-packages/airflow/example_dags/example_branch_labels.py
[2026-08-02T19:15:24.764+0000] {processor.py:830} INFO - Processing file /home/airflow/.local/lib/python3.12/site-packages/airflow/example_dags/example_branch_labels.py for tasks to queue
[2026-08-02T19:15:24.767+0000] {logging_mixin.py:188} INFO - [2026-08-02T19:15:24.767+0000] {dagbag.py:545} INFO - Filling up the DagBag from /home/airflow/.local/lib/python3.12/site-packages/airflow/example_dags/example_branch_labels.py
[2026-08-02T19:15:24.776+0000] {processor.py:840} INFO - DAG(s) 'example_branch_labels' retrieved from /home/airflow/.local/lib/python3.12/site-packages/airflow/example_dags/example_branch_labels.py
[2026-08-02T19:15:24.807+0000] {logging_mixin.py:188} INFO - [2026-08-02T19:15:24.806+0000] {dag.py:3089} INFO - Sync 1 DAGs
[2026-08-02T19:15:24.829+0000] {logging_mixin.py:188} INFO - [2026-08-02T19:15:24.828+0000] {dag.py:3947} INFO - Setting next_dagrun for example_branch_labels to 2026-08-01 00:00:00+00:00, run_after=2026-08-02 00:00:00+00:00
[2026-08-02T19:15:24.847+0000] {processor.py:183} INFO - Processing /home/airflow/.local/lib/python3.12/site-packages/airflow/example_dags/example_branch_labels.py took 0.098 seconds
[2026-08-02T19:15:55.549+0000] {processor.py:161} INFO - Started process (PID=818) to work on /home/airflow/.local/lib/python3.12/site-packages/airflow/example_dags/example_branch_labels.py
[2026-08-02T19:15:55.551+0000] {processor.py:830} INFO - Processing file /home/airflow/.local/lib/python3.12/site-packages/airflow/example_dags/example_branch_labels.py for tasks to queue
[2026-08-02T19:15:55.553+0000] {logging_mixin.py:188} INFO - [2026-08-02T19:15:55.553+0000] {dagbag.py:545} INFO - Filling up the DagBag from /home/airflow/.local/lib/python3.12/site-packages/airflow/example_dags/example_branch_labels.py
[2026-08-02T19:15:55.562+0000] {processor.py:840} INFO - DAG(s) 'example_branch_labels' retrieved from /home/airflow/.local/lib/python3.12/site-packages/airflow/example_dags/example_branch_labels.py
[2026-08-02T19:15:55.582+0000] {logging_mixin.py:188} INFO - [2026-08-02T19:15:55.582+0000] {dag.py:3089} INFO - Sync 1 DAGs
[2026-08-02T19:15:55.605+0000] {logging_mixin.py:188} INFO - [2026-08-02T19:15:55.605+0000] {dag.py:3947} INFO - Setting next_dagrun for example_branch_labels to 2026-08-01 00:00:00+00:00, run_after=2026-08-02 00:00:00+00:00
[2026-08-02T19:15:55.625+0000] {processor.py:183} INFO - Processing /home/airflow/.local/lib/python3.12/site-packages/airflow/example_dags/example_branch_labels.py took 0.084 seconds
[2026-08-02T19:16:25.886+0000] {processor.py:161} INFO - Started process (PID=877) to work on /home/airflow/.local/lib/python3.12/site-packages/airflow/example_dags/example_branch_labels.py
[2026-08-02T19:16:25.888+0000] {processor.py:830} INFO - Processing file /home/airflow/.local/lib/python3.12/site-packages/airflow/example_dags/example_branch_labels.py for tasks to queue
[2026-08-02T19:16:25.891+0000] {logging_mixin.py:188} INFO - [2026-08-02T19:16:25.891+0000] {dagbag.py:545} INFO - Filling up the DagBag from /home/airflow/.local/lib/python3.12/site-packages/airflow/example_dags/example_branch_labels.py
[2026-08-02T19:16:25.899+0000] {processor.py:840} INFO - DAG(s) 'example_branch_labels' retrieved from /home/airflow/.local/lib/python3.12/site-packages/airflow/example_dags/example_branch_labels.py
[2026-08-02T19:16:25.919+0000] {logging_mixin.py:188} INFO - [2026-08-02T19:16:25.919+0000] {dag.py:3089} INFO - Sync 1 DAGs
[2026-08-02T19:16:25.939+0000] {logging_mixin.py:188} INFO - [2026-08-02T19:16:25.939+0000] {dag.py:3947} INFO - Setting next_dagrun for example_branch_labels to 2026-08-01 00:00:00+00:00, run_after=2026-08-02 00:00:00+00:00
[2026-08-02T19:16:25.966+0000] {processor.py:183} INFO - Processing /home/airflow/.local/lib/python3.12/site-packages/airflow/example_dags/example_branch_labels.py took 0.090 seconds
[2026-08-02T19:16:56.817+0000] {processor.py:161} INFO - Started process (PID=936) to work on /home/airflow/.local/lib/python3.12/site-packages/airflow/example_dags/example_branch_labels.py
[2026-08-02T19:16:56.819+0000] {processor.py:830} INFO - Processing file /home/airflow/.local/lib/python3.12/site-packages/airflow/example_dags/example_branch_labels.py for tasks to queue
[2026-08-02T19:16:56.823+0000] {logging_mixin.py:188} INFO - [2026-08-02T19:16:56.823+0000] {dagbag.py:545} INFO - Filling up the DagBag from /home/airflow/.local/lib/python3.12/site-packages/airflow/example_dags/example_branch_labels.py
[2026-08-02T19:16:56.835+0000] {processor.py:840} INFO - DAG(s) 'example_branch_labels' retrieved from /home/airflow/.local/lib/python3.12/site-packages/airflow/example_dags/example_branch_labels.py
[2026-08-02T19:16:56.856+0000] {logging_mixin.py:188} INFO - [2026-08-02T19:16:56.856+0000] {dag.py:3089} INFO - Sync 1 DAGs
[2026-08-02T19:16:56.876+0000] {logging_mixin.py:188} INFO - [2026-08-02T19:16:56.876+0000] {dag.py:3947} INFO - Setting next_dagrun for example_branch_labels to 2026-08-01 00:00:00+00:00, run_after=2026-08-02 00:00:00+00:00
[2026-08-02T19:16:56.894+0000] {processor.py:183} INFO - Processing /home/airflow/.local/lib/python3.12/site-packages/airflow/example_dags/example_branch_labels.py took 0.088 seconds
[2026-08-02T19:17:27.456+0000] {processor.py:161} INFO - Started process (PID=995) to work on /home/airflow/.local/lib/python3.12/site-packages/airflow/example_dags/example_branch_labels.py
[2026-08-02T19:17:27.458+0000] {processor.py:830} INFO - Processing file /home/airflow/.local/lib/python3.12/site-packages/airflow/example_dags/example_branch_labels.py for tasks to queue
[2026-08-02T19:17:27.461+0000] {logging_mixin.py:188} INFO - [2026-08-02T19:17:27.460+0000] {dagbag.py:545} INFO - Filling up the DagBag from /home/airflow/.local/lib/python3.12/site-packages/airflow/example_dags/example_branch_labels.py
[2026-08-02T19:17:27.468+0000] {processor.py:840} INFO - DAG(s) 'example_branch_labels' retrieved from /home/airflow/.local/lib/python3.12/site-packages/airflow/example_dags/example_branch_labels.py
[2026-08-02T19:17:27.489+0000] {logging_mixin.py:188} INFO - [2026-08-02T19:17:27.489+0000] {dag.py:3089} INFO - Sync 1 DAGs
[2026-08-02T19:17:27.511+0000] {logging_mixin.py:188} INFO - [2026-08-02T19:17:27.511+0000] {dag.py:3947} INFO - Setting next_dagrun for example_branch_labels to 2026-08-01 00:00:00+00:00, run_after=2026-08-02 00:00:00+00:00
[2026-08-02T19:17:27.540+0000] {processor.py:183} INFO - Processing /home/airflow/.local/lib/python3.12/site-packages/airflow/example_dags/example_branch_labels.py took 0.094 seconds
[2026-08-02T19:17:57.623+0000] {processor.py:161} INFO - Started process (PID=1054) to work on /home/airflow/.local/lib/python3.12/site-packages/airflow/example_dags/example_branch_labels.py
[2026-08-02T19:17:57.625+0000] {processor.py:830} INFO - Processing file /home/airflow/.local/lib/python3.12/site-packages/airflow/example_dags/example_branch_labels.py for tasks to queue
[2026-08-02T19:17:57.628+0000] {logging_mixin.py:188} INFO - [2026-08-02T19:17:57.628+0000] {dagbag.py:545} INFO - Filling up the DagBag from /home/airflow/.local/lib/python3.12/site-packages/airflow/example_dags/example_branch_labels.py
[2026-08-02T19:17:57.637+0000] {processor.py:840} INFO - DAG(s) 'example_branch_labels' retrieved from /home/airflow/.local/lib/python3.12/site-packages/airflow/example_dags/example_branch_labels.py
[2026-08-02T19:17:57.658+0000] {logging_mixin.py:188} INFO - [2026-08-02T19:17:57.658+0000] {dag.py:3089} INFO - Sync 1 DAGs
[2026-08-02T19:17:57.680+0000] {logging_mixin.py:188} INFO - [2026-08-02T19:17:57.680+0000] {dag.py:3947} INFO - Setting next_dagrun for example_branch_labels to 2026-08-01 00:00:00+00:00, run_after=2026-08-02 00:00:00+00:00
[2026-08-02T19:17:57.709+0000] {processor.py:183} INFO - Processing /home/airflow/.local/lib/python3.12/site-packages/airflow/example_dags/example_branch_labels.py took 0.098 seconds
[2026-08-02T19:18:27.978+0000] {processor.py:161} INFO - Started process (PID=1113) to work on /home/airflow/.local/lib/python3.12/site-packages/airflow/example_dags/example_branch_labels.py
[2026-08-02T19:18:27.980+0000] {processor.py:830} INFO - Processing file /home/airflow/.local/lib/python3.12/site-packages/airflow/example_dags/example_branch_labels.py for tasks to queue
[2026-08-02T19:18:27.984+0000] {logging_mixin.py:188} INFO - [2026-08-02T19:18:27.983+0000] {dagbag.py:545} INFO - Filling up the DagBag from /home/airflow/.local/lib/python3.12/site-packages/airflow/example_dags/example_branch_labels.py
[2026-08-02T19:18:27.995+0000] {processor.py:840} INFO - DAG(s) 'example_branch_labels' retrieved from /home/airflow/.local/lib/python3.12/site-packages/airflow/example_dags/example_branch_labels.py
[2026-08-02T19:18:28.026+0000] {logging_mixin.py:188} INFO - [2026-08-02T19:18:28.026+0000] {dag.py:3089} INFO - Sync 1 DAGs
[2026-08-02T19:18:28.061+0000] {logging_mixin.py:188} INFO - [2026-08-02T19:18:28.060+0000] {dag.py:3947} INFO - Setting next_dagrun for example_branch_labels to 2026-08-01 00:00:00+00:00, run_after=2026-08-02 00:00:00+00:00
[2026-08-02T19:18:28.093+0000] {processor.py:183} INFO - Processing /home/airflow/.local/lib/python3.12/site-packages/airflow/example_dags/example_branch_labels.py took 0.123 seconds
[2026-08-02T19:18:58.533+0000] {processor.py:161} INFO - Started process (PID=1172) to work on /home/airflow/.local/lib/python3.12/site-packages/airflow/example_dags/example_branch_labels.py
[2026-08-02T19:18:58.536+0000] {processor.py:830} INFO - Processing file /home/airflow/.local/lib/python3.12/site-packages/airflow/example_dags/example_branch_labels.py for tasks to queue
[2026-08-02T19:18:58.539+0000] {logging_mixin.py:188} INFO - [2026-08-02T19:18:58.538+0000] {dagbag.py:545} INFO - Filling up the DagBag from /home/airflow/.local/lib/python3.12/site-packages/airflow/example_dags/example_branch_labels.py
[2026-08-02T19:18:58.557+0000] {processor.py:840} INFO - DAG(s) 'example_branch_labels' retrieved from /home/airflow/.local/lib/python3.12/site-packages/airflow/example_dags/example_branch_labels.py
[2026-08-02T19:18:58.620+0000] {logging_mixin.py:188} INFO - [2026-08-02T19:18:58.619+0000] {dag.py:3089} INFO - Sync 1 DAGs
[2026-08-02T19:18:58.661+0000] {logging_mixin.py:188} INFO - [2026-08-02T19:18:58.661+0000] {dag.py:3947} INFO - Setting next_dagrun for example_branch_labels to 2026-08-01 00:00:00+00:00, run_after=2026-08-02 00:00:00+00:00
[2026-08-02T19:18:58.681+0000] {processor.py:183} INFO - Processing /home/airflow/.local/lib/python3.12/site-packages/airflow/example_dags/example_branch_labels.py took 0.157 seconds
[2026-08-02T19:19:29.122+0000] {processor.py:161} INFO - Started process (PID=1231) to work on /home/airflow/.local/lib/python3.12/site-packages/airflow/example_dags/example_branch_labels.py
[2026-08-02T19:19:29.124+0000] {processor.py:830} INFO - Processing file /home/airflow/.local/lib/python3.12/site-packages/airflow/example_dags/example_branch_labels.py for tasks to queue
[2026-08-02T19:19:29.128+0000] {logging_mixin.py:188} INFO - [2026-08-02T19:19:29.127+0000] {dagbag.py:545} INFO - Filling up the DagBag from /home/airflow/.local/lib/python3.12/site-packages/airflow/example_dags/example_branch_labels.py
[2026-08-02T19:19:29.138+0000] {processor.py:840} INFO - DAG(s) 'example_branch_labels' retrieved from /home/airflow/.local/lib/python3.12/site-packages/airflow/example_dags/example_branch_labels.py
[2026-08-02T19:19:29.158+0000] {logging_mixin.py:188} INFO - [2026-08-02T19:19:29.158+0000] {dag.py:3089} INFO - Sync 1 DAGs
[2026-08-02T19:19:29.179+0000] {logging_mixin.py:188} INFO - [2026-08-02T19:19:29.179+0000] {dag.py:3947} INFO - Setting next_dagrun for example_branch_labels to 2026-08-01 00:00:00+00:00, run_after=2026-08-02 00:00:00+00:00
[2026-08-02T19:19:29.198+0000] {processor.py:183} INFO - Processing /home/airflow/.local/lib/python3.12/site-packages/airflow/example_dags/example_branch_labels.py took 0.087 seconds
[2026-08-02T19:19:59.817+0000] {processor.py:161} INFO - Started process (PID=1290) to work on /home/airflow/.local/lib/python3.12/site-packages/airflow/example_dags/example_branch_labels.py
[2026-08-02T19:19:59.819+0000] {processor.py:830} INFO - Processing file /home/airflow/.local/lib/python3.12/site-packages/airflow/example_dags/example_branch_labels.py for tasks to queue
[2026-08-02T19:19:59.821+0000] {logging_mixin.py:188} INFO - [2026-08-02T19:19:59.820+0000] {dagbag.py:545} INFO - Filling up the DagBag from /home/airflow/.local/lib/python3.12/site-packages/airflow/example_dags/example_branch_labels.py
[2026-08-02T19:19:59.830+0000] {processor.py:840} INFO - DAG(s) 'example_branch_labels' retrieved from /home/airflow/.local/lib/python3.12/site-packages/airflow/example_dags/example_branch_labels.py
[2026-08-02T19:19:59.852+0000] {logging_mixin.py:188} INFO - [2026-08-02T19:19:59.852+0000] {dag.py:3089} INFO - Sync 1 DAGs
[2026-08-02T19:19:59.873+0000] {logging_mixin.py:188} INFO - [2026-08-02T19:19:59.873+0000] {dag.py:3947} INFO - Setting next_dagrun for example_branch_labels to 2026-08-01 00:00:00+00:00, run_after=2026-08-02 00:00:00+00:00
[2026-08-02T19:19:59.890+0000] {processor.py:183} INFO - Processing /home/airflow/.local/lib/python3.12/site-packages/airflow/example_dags/example_branch_labels.py took 0.082 seconds
[2026-08-02T19:20:30.069+0000] {processor.py:161} INFO - Started process (PID=1349) to work on /home/airflow/.local/lib/python3.12/site-packages/airflow/example_dags/example_branch_labels.py
[2026-08-02T19:20:30.072+0000] {processor.py:830} INFO - Processing file /home/airflow/.local/lib/python3.12/site-packages/airflow/example_dags/example_branch_labels.py for tasks to queue
[2026-08-02T19:20:30.075+0000] {logging_mixin.py:188} INFO - [2026-08-02T19:20:30.074+0000] {dagbag.py:545} INFO - Filling up the DagBag from /home/airflow/.local/lib/python3.12/site-packages/airflow/example_dags/example_branch_labels.py
[2026-08-02T19:20:30.085+0000] {processor.py:840} INFO - DAG(s) 'example_branch_labels' retrieved from /home/airflow/.local/lib/python3.12/site-packages/airflow/example_dags/example_branch_labels.py
[2026-08-02T19:20:30.110+0000] {logging_mixin.py:188} INFO - [2026-08-02T19:20:30.110+0000] {dag.py:3089} INFO - Sync 1 DAGs
[2026-08-02T19:20:30.135+0000] {logging_mixin.py:188} INFO - [2026-08-02T19:20:30.135+0000] {dag.py:3947} INFO - Setting next_dagrun for example_branch_labels to 2026-08-01 00:00:00+00:00, run_after=2026-08-02 00:00:00+00:00
[2026-08-02T19:20:30.158+0000] {processor.py:183} INFO - Processing /home/airflow/.local/lib/python3.12/site-packages/airflow/example_dags/example_branch_labels.py took 0.095 seconds
[2026-08-02T19:21:00.732+0000] {processor.py:161} INFO - Started process (PID=1408) to work on /home/airflow/.local/lib/python3.12/site-packages/airflow/example_dags/example_branch_labels.py
[2026-08-02T19:21:00.734+0000] {processor.py:830} INFO - Processing file /home/airflow/.local/lib/python3.12/site-packages/airflow/example_dags/example_branch_labels.py for tasks to queue
[2026-08-02T19:21:00.737+0000] {logging_mixin.py:188} INFO - [2026-08-02T19:21:00.737+0000] {dagbag.py:545} INFO - Filling up the DagBag from /home/airflow/.local/lib/python3.12/site-packages/airflow/example_dags/example_branch_labels.py
[2026-08-02T19:21:00.752+0000] {processor.py:840} INFO - DAG(s) 'example_branch_labels' retrieved from /home/airflow/.local/lib/python3.12/site-packages/airflow/example_dags/example_branch_labels.py
[2026-08-02T19:21:00.775+0000] {logging_mixin.py:188} INFO - [2026-08-02T19:21:00.775+0000] {dag.py:3089} INFO - Sync 1 DAGs
[2026-08-02T19:21:00.796+0000] {logging_mixin.py:188} INFO - [2026-08-02T19:21:00.796+0000] {dag.py:3947} INFO - Setting next_dagrun for example_branch_labels to 2026-08-01 00:00:00+00:00, run_after=2026-08-02 00:00:00+00:00
[2026-08-02T19:21:00.814+0000] {processor.py:183} INFO - Processing /home/airflow/.local/lib/python3.12/site-packages/airflow/example_dags/example_branch_labels.py took 0.094 seconds
