[2026-08-02T18:55:11.236+0000] {processor.py:161} INFO - Started process (PID=77) to work on /home/airflow/.local/lib/python3.12/site-packages/airflow/example_dags/example_setup_teardown.py
[2026-08-02T18:55:11.240+0000] {processor.py:830} INFO - Processing file /home/airflow/.local/lib/python3.12/site-packages/airflow/example_dags/example_setup_teardown.py for tasks to queue
[2026-08-02T18:55:11.249+0000] {logging_mixin.py:188} INFO - [2026-08-02T18:55:11.248+0000] {dagbag.py:545} INFO - Filling up the DagBag from /home/airflow/.local/lib/python3.12/site-packages/airflow/example_dags/example_setup_teardown.py
[2026-08-02T18:55:11.281+0000] {processor.py:840} INFO - DAG(s) 'example_setup_teardown' retrieved from /home/airflow/.local/lib/python3.12/site-packages/airflow/example_dags/example_setup_teardown.py
[2026-08-02T18:55:11.558+0000] {logging_mixin.py:188} INFO - [2026-08-02T18:55:11.558+0000] {dag.py:3089} INFO - Sync 1 DAGs
[2026-08-02T18:55:11.608+0000] {logging_mixin.py:188} INFO - [2026-08-02T18:55:11.608+0000] {dag.py:3947} INFO - Setting next_dagrun for example_setup_teardown to 2026-08-01 00:00:00+00:00, run_after=2026-08-02 00:00:00+00:00
[2026-08-02T18:55:11.667+0000] {processor.py:183} INFO - Processing /home/airflow/.local/lib/python3.12/site-packages/airflow/example_dags/example_setup_teardown.py took 0.453 seconds
[2026-08-02T18:55:42.597+0000] {processor.py:161} INFO - Started process (PID=142) to work on /home/airflow/.local/lib/python3.12/site-packages/airflow/example_dags/example_setup_teardown.py
[2026-08-02T18:55:42.599+0000] {processor.py:830} INFO - Processing file /home/airflow/.local/lib/python3.12/site-packages/airflow/example_dags/example_setup_teardown.py for tasks to queue
[2026-08-02T18:55:42.603+0000] {logging_mixin.py:188} INFO - [2026-08-02T18:55:42.602+0000] {dagbag.py:545} INFO - Filling up the DagBag from /home/airflow/.local/lib/python3.12/site-packages/airflow/example_dags/example_setup_teardown.py
[2026-08-02T18:55:42.615+0000] {processor.py:840} INFO - DAG(s) 'example_setup_teardown' retrieved from /home/airflow/.local/lib/python3.12/site-packages/airflow/example_dags/example_setup_teardown.py
[2026-08-02T18:55:42.645+0000] {logging_mixin.py:188} INFO - [2026-08-02T18:55:42.645+0000] {dag.py:3089} INFO - Sync 1 DAGs
[2026-08-02T18:55:42.667+0000] {logging_mixin.py:188} INFO - [2026-08-02T18:55:42.666+0000] {dag.py:3947} INFO - Setting next_dagrun for example_setup_teardown to 2026-08-01 00:00:00+00:00, run_after=2026-08-02 00:00:00+00:00
[2026-08-02T18:55:42.686+0000] {processor.py:183} INFO - Processing /home/airflow/.local/lib/python3.12/site-packages/airflow/example_dags/example_setup_teardown.py took 0.100 seconds
[2026-08-02T18:56:13.413+0000] {processor.py:161} INFO - Started process (PID=201) to work on /home/airflow/.local/lib/python3.12/site-packages/airflow/example_dags/example_setup_teardown.py
[2026-08-02T18:56:13.415+0000] {processor.py:830} INFO - Processing file /home/airflow/.local/lib/python3.12/site-packages/airflow/example_dags/example_setup_teardown.py for tasks to queue
[2026-08-02T18:56:13.419+0000] {logging_mixin.py:188} INFO - [2026-08-02T18:56:13.418+0000] {dagbag.py:545} INFO - Filling up the DagBag from /home/airflow/.local/lib/python3.12/site-packages/airflow/example_dags/example_setup_teardown.py
[2026-08-02T18:56:13.430+0000] {processor.py:840} INFO - DAG(s) 'example_setup_teardown' retrieved from /home/airflow/.local/lib/python3.12/site-packages/airflow/example_dags/example_setup_teardown.py
[2026-08-02T18:56:13.453+0000] {logging_mixin.py:188} INFO - [2026-08-02T18:56:13.453+0000] {dag.py:3089} INFO - Sync 1 DAGs
[2026-08-02T18:56:13.473+0000] {logging_mixin.py:188} INFO - [2026-08-02T18:56:13.473+0000] {dag.py:3947} INFO - Setting next_dagrun for example_setup_teardown to 2026-08-01 00:00:00+00:00, run_after=2026-08-02 00:00:00+00:00
[2026-08-02T18:56:13.497+0000] {processor.py:183} INFO - Processing /home/airflow/.local/lib/python3.12/site-packages/airflow/example_dags/example_setup_teardown.py took 0.095 seconds
[2026-08-02T18:56:43.806+0000] {processor.py:161} INFO - Started process (PID=260) to work on /home/airflow/.local/lib/python3.12/site-packages/airflow/example_dags/example_setup_teardown.py
[2026-08-02T18:56:43.808+0000] {processor.py:830} INFO - Processing file /home/airflow/.local/lib/python3.12/site-packages/airflow/example_dags/example_setup_teardown.py for tasks to queue
[2026-08-02T18:56:43.811+0000] {logging_mixin.py:188} INFO - [2026-08-02T18:56:43.810+0000] {dagbag.py:545} INFO - Filling up the DagBag from /home/airflow/.local/lib/python3.12/site-packages/airflow/example_dags/example_setup_teardown.py
[2026-08-02T18:56:43.818+0000] {processor.py:840} INFO - DAG(s) 'example_setup_teardown' retrieved from /home/airflow/.local/lib/python3.12/site-packages/airflow/example_dags/example_setup_teardown.py
[2026-08-02T18:56:43.840+0000] {logging_mixin.py:188} INFO - [2026-08-02T18:56:43.840+0000] {dag.py:3089} INFO - Sync 1 DAGs
[2026-08-02T18:56:43.861+0000] {logging_mixin.py:188} INFO - [2026-08-02T18:56:43.861+0000] {dag.py:3947} INFO - Setting next_dagrun for example_setup_teardown to 2026-08-01 00:00:00+00:00, run_after=2026-08-02 00:00:00+00:00
[2026-08-02T18:56:43.891+0000] {processor.py:183} INFO - Processing /home/airflow/.local/lib/python3.12/site-packages/airflow/example_dags/example_setup_teardown.py took 0.093 seconds
[2026-08-02T18:57:14.374+0000] {processor.py:161} INFO - Started process (PID=319) to work on /home/airflow/.local/lib/python3.12/site-packages/airflow/example_dags/example_setup_teardown.py
[2026-08-02T18:57:14.376+0000] {processor.py:830} INFO - Processing file /home/airflow/.local/lib/python3.12/site-packages/airflow/example_dags/example_setup_teardown.py for tasks to queue
[2026-08-02T18:57:14.379+0000] {logging_mixin.py:188} INFO - [2026-08-02T18:57:14.378+0000] {dagbag.py:545} INFO - Filling up the DagBag from /home/airflow/.local/lib/python3.12/site-packages/airflow/example_dags/example_setup_teardown.py
[2026-08-02T18:57:14.386+0000] {processor.py:840} INFO - DAG(s) 'example_setup_teardown' retrieved from /home/airflow/.local/lib/python3.12/site-packages/airflow/example_dags/example_setup_teardown.py
[2026-08-02T18:57:14.409+0000] {logging_mixin.py:188} INFO - [2026-08-02T18:57:14.408+0000] {dag.py:3089} INFO - Sync 1 DAGs
[2026-08-02T18:57:14.430+0000] {logging_mixin.py:188} INFO - [2026-08-02T18:57:14.430+0000] {dag.py:3947} INFO - Setting next_dagrun for example_setup_teardown to 2026-08-01 00:00:00+00:00, run_after=2026-08-02 00:00:00+00:00
[2026-08-02T18:57:14.452+0000] {processor.py:183} INFO - Processing /home/airflow/.local/lib/python3.12/site-packages/airflow/example_dags/example_setup_teardown.py took 0.085 seconds
[2026-08-02T18:57:44.685+0000] {processor.py:161} INFO - Started process (PID=378) to work on /home/airflow/.local/lib/python3.12/site-packages/airflow/example_dags/example_setup_teardown.py
[2026-08-02T18:57:44.687+0000] {processor.py:830} INFO - Processing file /home/airflow/.local/lib/python3.12/site-packages/airflow/example_dags/example_setup_teardown.py for tasks to queue
[2026-08-02T18:57:44.690+0000] {logging_mixin.py:188} INFO - [2026-08-02T18:57:44.690+0000] {dagbag.py:545} INFO - Filling up the DagBag from /home/airflow/.local/lib/python3.12/site-packages/airflow/example_dags/example_setup_teardown.py
[2026-08-02T18:57:44.698+0000] {processor.py:840} INFO - DAG(s) 'example_setup_teardown' retrieved from /home/airflow/.local/lib/python3.12/site-packages/airflow/example_dags/example_setup_teardown.py
[2026-08-02T18:57:44.717+0000] {logging_mixin.py:188} INFO - [2026-08-02T18:57:44.717+0000] {dag.py:3089} INFO - Sync 1 DAGs
[2026-08-02T18:57:44.737+0000] {logging_mixin.py:188} INFO - [2026-08-02T18:57:44.737+0000] {dag.py:3947} INFO - Setting next_dagrun for example_setup_teardown to 2026-08-01 00:00:00+00:00, run_after=2026-08-02 00:00:00+00:00
[2026-08-02T18:57:44.756+0000] {processor.py:183} INFO - Processing /home/airflow/.local/lib/python3.12/site-packages/airflow/example_dags/example_setup_teardown.py took 0.078 seconds
[2026-08-02T19:00:09.209+0000] {processor.py:161} INFO - Started process (PID=70) to work on /home/airflow/.local/lib/python3.12/site-packages/airflow/example_dags/example_setup_teardown.py
[2026-08-02T19:00:09.211+0000] {processor.py:830} INFO - Processing file /home/airflow/.local/lib/python3.12/site-packages/airflow/example_dags/example_setup_teardown.py for tasks to queue
[2026-08-02T19:00:09.216+0000] {logging_mixin.py:188} INFO - [2026-08-02T19:00:09.215+0000] {dagbag.py:545} INFO - Filling up the DagBag from /home/airflow/.local/lib/python3.12/site-packages/airflow/example_dags/example_setup_teardown.py
[2026-08-02T19:00:09.232+0000] {processor.py:840} INFO - DAG(s) 'example_setup_teardown' retrieved from /home/airflow/.local/lib/python3.12/site-packages/airflow/example_dags/example_setup_teardown.py
[2026-08-02T19:00:09.256+0000] {logging_mixin.py:188} INFO - [2026-08-02T19:00:09.255+0000] {dag.py:3089} INFO - Sync 1 DAGs
[2026-08-02T19:00:09.288+0000] {logging_mixin.py:188} INFO - [2026-08-02T19:00:09.288+0000] {dag.py:3947} INFO - Setting next_dagrun for example_setup_teardown to 2026-08-01 00:00:00+00:00, run_after=2026-08-02 00:00:00+00:00
[2026-08-02T19:00:09.317+0000] {processor.py:183} INFO - Processing /home/airflow/.local/lib/python3.12/site-packages/airflow/example_dags/example_setup_teardown.py took 0.116 seconds
[2026-08-02T19:00:39.549+0000] {processor.py:161} INFO - Started process (PID=129) to work on /home/airflow/.local/lib/python3.12/site-packages/airflow/example_dags/example_setup_teardown.py
[2026-08-02T19:00:39.551+0000] {processor.py:830} INFO - Processing file /home/airflow/.local/lib/python3.12/site-packages/airflow/example_dags/example_setup_teardown.py for tasks to queue
[2026-08-02T19:00:39.553+0000] {logging_mixin.py:188} INFO - [2026-08-02T19:00:39.553+0000] {dagbag.py:545} INFO - Filling up the DagBag from /home/airflow/.local/lib/python3.12/site-packages/airflow/example_dags/example_setup_teardown.py
[2026-08-02T19:00:39.562+0000] {processor.py:840} INFO - DAG(s) 'example_setup_teardown' retrieved from /home/airflow/.local/lib/python3.12/site-packages/airflow/example_dags/example_setup_teardown.py
[2026-08-02T19:00:39.653+0000] {logging_mixin.py:188} INFO - [2026-08-02T19:00:39.652+0000] {dag.py:3089} INFO - Sync 1 DAGs
[2026-08-02T19:00:39.669+0000] {logging_mixin.py:188} INFO - [2026-08-02T19:00:39.669+0000] {dag.py:3947} INFO - Setting next_dagrun for example_setup_teardown to 2026-08-01 00:00:00+00:00, run_after=2026-08-02 00:00:00+00:00
[2026-08-02T19:00:39.687+0000] {processor.py:183} INFO - Processing /home/airflow/.local/lib/python3.12/site-packages/airflow/example_dags/example_setup_teardown.py took 0.144 seconds
[2026-08-02T19:01:10.185+0000] {processor.py:161} INFO - Started process (PID=188) to work on /home/airflow/.local/lib/python3.12/site-packages/airflow/example_dags/example_setup_teardown.py
[2026-08-02T19:01:10.187+0000] {processor.py:830} INFO - Processing file /home/airflow/.local/lib/python3.12/site-packages/airflow/example_dags/example_setup_teardown.py for tasks to queue
[2026-08-02T19:01:10.189+0000] {logging_mixin.py:188} INFO - [2026-08-02T19:01:10.189+0000] {dagbag.py:545} INFO - Filling up the DagBag from /home/airflow/.local/lib/python3.12/site-packages/airflow/example_dags/example_setup_teardown.py
[2026-08-02T19:01:10.195+0000] {processor.py:840} INFO - DAG(s) 'example_setup_teardown' retrieved from /home/airflow/.local/lib/python3.12/site-packages/airflow/example_dags/example_setup_teardown.py
[2026-08-02T19:01:10.214+0000] {logging_mixin.py:188} INFO - [2026-08-02T19:01:10.214+0000] {dag.py:3089} INFO - Sync 1 DAGs
[2026-08-02T19:01:10.233+0000] {logging_mixin.py:188} INFO - [2026-08-02T19:01:10.233+0000] {dag.py:3947} INFO - Setting next_dagrun for example_setup_teardown to 2026-08-01 00:00:00+00:00, run_after=2026-08-02 00:00:00+00:00
[2026-08-02T19:01:10.251+0000] {processor.py:183} INFO - Processing /home/airflow/.local/lib/python3.12/site-packages/airflow/example_dags/example_setup_teardown.py took 0.072 seconds
[2026-08-02T19:01:40.453+0000] {processor.py:161} INFO - Started process (PID=248) to work on /home/airflow/.local/lib/python3.12/site-packages/airflow/example_dags/example_setup_teardown.py
[2026-08-02T19:01:40.455+0000] {processor.py:830} INFO - Processing file /home/airflow/.local/lib/python3.12/site-packages/airflow/example_dags/example_setup_teardown.py for tasks to queue
[2026-08-02T19:01:40.459+0000] {logging_mixin.py:188} INFO - [2026-08-02T19:01:40.458+0000] {dagbag.py:545} INFO - Filling up the DagBag from /home/airflow/.local/lib/python3.12/site-packages/airflow/example_dags/example_setup_teardown.py
[2026-08-02T19:01:40.468+0000] {processor.py:840} INFO - DAG(s) 'example_setup_teardown' retrieved from /home/airflow/.local/lib/python3.12/site-packages/airflow/example_dags/example_setup_teardown.py
[2026-08-02T19:01:40.488+0000] {logging_mixin.py:188} INFO - [2026-08-02T19:01:40.488+0000] {dag.py:3089} INFO - Sync 1 DAGs
[2026-08-02T19:01:40.507+0000] {logging_mixin.py:188} INFO - [2026-08-02T19:01:40.507+0000] {dag.py:3947} INFO - Setting next_dagrun for example_setup_teardown to 2026-08-01 00:00:00+00:00, run_after=2026-08-02 00:00:00+00:00
[2026-08-02T19:01:40.526+0000] {processor.py:183} INFO - Processing /home/airflow/.local/lib/python3.12/site-packages/airflow/example_dags/example_setup_teardown.py took 0.085 seconds
[2026-08-02T19:02:10.614+0000] {processor.py:161} INFO - Started process (PID=307) to work on /home/airflow/.local/lib/python3.12/site-packages/airflow/example_dags/example_setup_teardown.py
[2026-08-02T19:02:10.615+0000] {processor.py:830} INFO - Processing file /home/airflow/.local/lib/python3.12/site-packages/airflow/example_dags/example_setup_teardown.py for tasks to queue
[2026-08-02T19:02:10.617+0000] {logging_mixin.py:188} INFO - [2026-08-02T19:02:10.617+0000] {dagbag.py:545} INFO - Filling up the DagBag from /home/airflow/.local/lib/python3.12/site-packages/airflow/example_dags/example_setup_teardown.py
[2026-08-02T19:02:10.624+0000] {processor.py:840} INFO - DAG(s) 'example_setup_teardown' retrieved from /home/airflow/.local/lib/python3.12/site-packages/airflow/example_dags/example_setup_teardown.py
[2026-08-02T19:02:10.643+0000] {logging_mixin.py:188} INFO - [2026-08-02T19:02:10.642+0000] {dag.py:3089} INFO - Sync 1 DAGs
[2026-08-02T19:02:10.665+0000] {logging_mixin.py:188} INFO - [2026-08-02T19:02:10.665+0000] {dag.py:3947} INFO - Setting next_dagrun for example_setup_teardown to 2026-08-01 00:00:00+00:00, run_after=2026-08-02 00:00:00+00:00
[2026-08-02T19:02:10.685+0000] {processor.py:183} INFO - Processing /home/airflow/.local/lib/python3.12/site-packages/airflow/example_dags/example_setup_teardown.py took 0.077 seconds
[2026-08-02T19:02:40.920+0000] {processor.py:161} INFO - Started process (PID=366) to work on /home/airflow/.local/lib/python3.12/site-packages/airflow/example_dags/example_setup_teardown.py
[2026-08-02T19:02:40.922+0000] {processor.py:830} INFO - Processing file /home/airflow/.local/lib/python3.12/site-packages/airflow/example_dags/example_setup_teardown.py for tasks to queue
[2026-08-02T19:02:40.926+0000] {logging_mixin.py:188} INFO - [2026-08-02T19:02:40.926+0000] {dagbag.py:545} INFO - Filling up the DagBag from /home/airflow/.local/lib/python3.12/site-packages/airflow/example_dags/example_setup_teardown.py
[2026-08-02T19:02:40.936+0000] {processor.py:840} INFO - DAG(s) 'example_setup_teardown' retrieved from /home/airflow/.local/lib/python3.12/site-packages/airflow/example_dags/example_setup_teardown.py
[2026-08-02T19:02:40.956+0000] {logging_mixin.py:188} INFO - [2026-08-02T19:02:40.955+0000] {dag.py:3089} INFO - Sync 1 DAGs
[2026-08-02T19:02:40.975+0000] {logging_mixin.py:188} INFO - [2026-08-02T19:02:40.975+0000] {dag.py:3947} INFO - Setting next_dagrun for example_setup_teardown to 2026-08-01 00:00:00+00:00, run_after=2026-08-02 00:00:00+00:00
[2026-08-02T19:02:40.994+0000] {processor.py:183} INFO - Processing /home/airflow/.local/lib/python3.12/site-packages/airflow/example_dags/example_setup_teardown.py took 0.084 seconds
[2026-08-02T19:03:11.356+0000] {processor.py:161} INFO - Started process (PID=425) to work on /home/airflow/.local/lib/python3.12/site-packages/airflow/example_dags/example_setup_teardown.py
[2026-08-02T19:03:11.359+0000] {processor.py:830} INFO - Processing file /home/airflow/.local/lib/python3.12/site-packages/airflow/example_dags/example_setup_teardown.py for tasks to queue
[2026-08-02T19:03:11.362+0000] {logging_mixin.py:188} INFO - [2026-08-02T19:03:11.362+0000] {dagbag.py:545} INFO - Filling up the DagBag from /home/airflow/.local/lib/python3.12/site-packages/airflow/example_dags/example_setup_teardown.py
[2026-08-02T19:03:11.374+0000] {processor.py:840} INFO - DAG(s) 'example_setup_teardown' retrieved from /home/airflow/.local/lib/python3.12/site-packages/airflow/example_dags/example_setup_teardown.py
[2026-08-02T19:03:11.402+0000] {logging_mixin.py:188} INFO - [2026-08-02T19:03:11.401+0000] {dag.py:3089} INFO - Sync 1 DAGs
[2026-08-02T19:03:11.424+0000] {logging_mixin.py:188} INFO - [2026-08-02T19:03:11.424+0000] {dag.py:3947} INFO - Setting next_dagrun for example_setup_teardown to 2026-08-01 00:00:00+00:00, run_after=2026-08-02 00:00:00+00:00
[2026-08-02T19:03:11.444+0000] {processor.py:183} INFO - Processing /home/airflow/.local/lib/python3.12/site-packages/airflow/example_dags/example_setup_teardown.py took 0.099 seconds
[2026-08-02T19:03:41.978+0000] {processor.py:161} INFO - Started process (PID=484) to work on /home/airflow/.local/lib/python3.12/site-packages/airflow/example_dags/example_setup_teardown.py
[2026-08-02T19:03:41.980+0000] {processor.py:830} INFO - Processing file /home/airflow/.local/lib/python3.12/site-packages/airflow/example_dags/example_setup_teardown.py for tasks to queue
[2026-08-02T19:03:41.982+0000] {logging_mixin.py:188} INFO - [2026-08-02T19:03:41.982+0000] {dagbag.py:545} INFO - Filling up the DagBag from /home/airflow/.local/lib/python3.12/site-packages/airflow/example_dags/example_setup_teardown.py
[2026-08-02T19:03:41.989+0000] {processor.py:840} INFO - DAG(s) 'example_setup_teardown' retrieved from /home/airflow/.local/lib/python3.12/site-packages/airflow/example_dags/example_setup_teardown.py
[2026-08-02T19:03:42.010+0000] {logging_mixin.py:188} INFO - [2026-08-02T19:03:42.010+0000] {dag.py:3089} INFO - Sync 1 DAGs
[2026-08-02T19:03:42.031+0000] {logging_mixin.py:188} INFO - [2026-08-02T19:03:42.031+0000] {dag.py:3947} INFO - Setting next_dagrun for example_setup_teardown to 2026-08-01 00:00:00+00:00, run_after=2026-08-02 00:00:00+00:00
[2026-08-02T19:03:42.050+0000] {processor.py:183} INFO - Processing /home/airflow/.local/lib/python3.12/site-packages/airflow/example_dags/example_setup_teardown.py took 0.077 seconds
[2026-08-02T19:04:12.293+0000] {processor.py:161} INFO - Started process (PID=543) to work on /home/airflow/.local/lib/python3.12/site-packages/airflow/example_dags/example_setup_teardown.py
[2026-08-02T19:04:12.295+0000] {processor.py:830} INFO - Processing file /home/airflow/.local/lib/python3.12/site-packages/airflow/example_dags/example_setup_teardown.py for tasks to queue
[2026-08-02T19:04:12.299+0000] {logging_mixin.py:188} INFO - [2026-08-02T19:04:12.299+0000] {dagbag.py:545} INFO - Filling up the DagBag from /home/airflow/.local/lib/python3.12/site-packages/airflow/example_dags/example_setup_teardown.py
[2026-08-02T19:04:12.312+0000] {processor.py:840} INFO - DAG(s) 'example_setup_teardown' retrieved from /home/airflow/.local/lib/python3.12/site-packages/airflow/example_dags/example_setup_teardown.py
[2026-08-02T19:04:12.345+0000] {logging_mixin.py:188} INFO - [2026-08-02T19:04:12.344+0000] {dag.py:3089} INFO - Sync 1 DAGs
[2026-08-02T19:04:12.367+0000] {logging_mixin.py:188} INFO - [2026-08-02T19:04:12.366+0000] {dag.py:3947} INFO - Setting next_dagrun for example_setup_teardown to 2026-08-01 00:00:00+00:00, run_after=2026-08-02 00:00:00+00:00
[2026-08-02T19:04:12.398+0000] {processor.py:183} INFO - Processing /home/airflow/.local/lib/python3.12/site-packages/airflow/example_dags/example_setup_teardown.py took 0.115 seconds
[2026-08-02T19:04:42.771+0000] {processor.py:161} INFO - Started process (PID=602) to work on /home/airflow/.local/lib/python3.12/site-packages/airflow/example_dags/example_setup_teardown.py
[2026-08-02T19:04:42.773+0000] {processor.py:830} INFO - Processing file /home/airflow/.local/lib/python3.12/site-packages/airflow/example_dags/example_setup_teardown.py for tasks to queue
[2026-08-02T19:04:42.776+0000] {logging_mixin.py:188} INFO - [2026-08-02T19:04:42.775+0000] {dagbag.py:545} INFO - Filling up the DagBag from /home/airflow/.local/lib/python3.12/site-packages/airflow/example_dags/example_setup_teardown.py
[2026-08-02T19:04:42.782+0000] {processor.py:840} INFO - DAG(s) 'example_setup_teardown' retrieved from /home/airflow/.local/lib/python3.12/site-packages/airflow/example_dags/example_setup_teardown.py
[2026-08-02T19:04:42.801+0000] {logging_mixin.py:188} INFO - [2026-08-02T19:04:42.801+0000] {dag.py:3089} INFO - Sync 1 DAGs
[2026-08-02T19:04:42.820+0000] {logging_mixin.py:188} INFO - [2026-08-02T19:04:42.820+0000] {dag.py:3947} INFO - Setting next_dagrun for example_setup_teardown to 2026-08-01 00:00:00+00:00, run_after=2026-08-02 00:00:00+00:00
[2026-08-02T19:04:42.839+0000] {processor.py:183} INFO - Processing /home/airflow/.local/lib/python3.12/site-packages/airflow/example_dags/example_setup_teardown.py took 0.076 seconds
[2026-08-02T19:05:12.980+0000] {processor.py:161} INFO - Started process (PID=662) to work on /home/airflow/.local/lib/python3.12/site-packages/airflow/example_dags/example_setup_teardown.py
[2026-08-02T19:05:12.982+0000] {processor.py:830} INFO - Processing file /home/airflow/.local/lib/python3.12/site-packages/airflow/example_dags/example_setup_teardown.py for tasks to queue
[2026-08-02T19:05:12.985+0000] {logging_mixin.py:188} INFO - [2026-08-02T19:05:12.985+0000] {dagbag.py:545} INFO - Filling up the DagBag from /home/airflow/.local/lib/python3.12/site-packages/airflow/example_dags/example_setup_teardown.py
[2026-08-02T19:05:12.994+0000] {processor.py:840} INFO - DAG(s) 'example_setup_teardown' retrieved from /home/airflow/.local/lib/python3.12/site-packages/airflow/example_dags/example_setup_teardown.py
[2026-08-02T19:05:13.015+0000] {logging_mixin.py:188} INFO - [2026-08-02T19:05:13.015+0000] {dag.py:3089} INFO - Sync 1 DAGs
[2026-08-02T19:05:13.033+0000] {logging_mixin.py:188} INFO - [2026-08-02T19:05:13.033+0000] {dag.py:3947} INFO - Setting next_dagrun for example_setup_teardown to 2026-08-01 00:00:00+00:00, run_after=2026-08-02 00:00:00+00:00
[2026-08-02T19:05:13.048+0000] {processor.py:183} INFO - Processing /home/airflow/.local/lib/python3.12/site-packages/airflow/example_dags/example_setup_teardown.py took 0.076 seconds
[2026-08-02T19:05:43.144+0000] {processor.py:161} INFO - Started process (PID=720) to work on /home/airflow/.local/lib/python3.12/site-packages/airflow/example_dags/example_setup_teardown.py
[2026-08-02T19:05:43.145+0000] {processor.py:830} INFO - Processing file /home/airflow/.local/lib/python3.12/site-packages/airflow/example_dags/example_setup_teardown.py for tasks to queue
[2026-08-02T19:05:43.147+0000] {logging_mixin.py:188} INFO - [2026-08-02T19:05:43.147+0000] {dagbag.py:545} INFO - Filling up the DagBag from /home/airflow/.local/lib/python3.12/site-packages/airflow/example_dags/example_setup_teardown.py
[2026-08-02T19:05:43.154+0000] {processor.py:840} INFO - DAG(s) 'example_setup_teardown' retrieved from /home/airflow/.local/lib/python3.12/site-packages/airflow/example_dags/example_setup_teardown.py
[2026-08-02T19:05:43.172+0000] {logging_mixin.py:188} INFO - [2026-08-02T19:05:43.172+0000] {dag.py:3089} INFO - Sync 1 DAGs
[2026-08-02T19:05:43.194+0000] {logging_mixin.py:188} INFO - [2026-08-02T19:05:43.194+0000] {dag.py:3947} INFO - Setting next_dagrun for example_setup_teardown to 2026-08-01 00:00:00+00:00, run_after=2026-08-02 00:00:00+00:00
[2026-08-02T19:05:43.214+0000] {processor.py:183} INFO - Processing /home/airflow/.local/lib/python3.12/site-packages/airflow/example_dags/example_setup_teardown.py took 0.075 seconds
[2026-08-02T19:06:13.603+0000] {processor.py:161} INFO - Started process (PID=779) to work on /home/airflow/.local/lib/python3.12/site-packages/airflow/example_dags/example_setup_teardown.py
[2026-08-02T19:06:13.605+0000] {processor.py:830} INFO - Processing file /home/airflow/.local/lib/python3.12/site-packages/airflow/example_dags/example_setup_teardown.py for tasks to queue
[2026-08-02T19:06:13.608+0000] {logging_mixin.py:188} INFO - [2026-08-02T19:06:13.607+0000] {dagbag.py:545} INFO - Filling up the DagBag from /home/airflow/.local/lib/python3.12/site-packages/airflow/example_dags/example_setup_teardown.py
[2026-08-02T19:06:13.614+0000] {processor.py:840} INFO - DAG(s) 'example_setup_teardown' retrieved from /home/airflow/.local/lib/python3.12/site-packages/airflow/example_dags/example_setup_teardown.py
[2026-08-02T19:06:13.634+0000] {logging_mixin.py:188} INFO - [2026-08-02T19:06:13.634+0000] {dag.py:3089} INFO - Sync 1 DAGs
[2026-08-02T19:06:13.655+0000] {logging_mixin.py:188} INFO - [2026-08-02T19:06:13.654+0000] {dag.py:3947} INFO - Setting next_dagrun for example_setup_teardown to 2026-08-01 00:00:00+00:00, run_after=2026-08-02 00:00:00+00:00
[2026-08-02T19:06:13.676+0000] {processor.py:183} INFO - Processing /home/airflow/.local/lib/python3.12/site-packages/airflow/example_dags/example_setup_teardown.py took 0.079 seconds
[2026-08-02T19:06:44.330+0000] {processor.py:161} INFO - Started process (PID=838) to work on /home/airflow/.local/lib/python3.12/site-packages/airflow/example_dags/example_setup_teardown.py
[2026-08-02T19:06:44.331+0000] {processor.py:830} INFO - Processing file /home/airflow/.local/lib/python3.12/site-packages/airflow/example_dags/example_setup_teardown.py for tasks to queue
[2026-08-02T19:06:44.333+0000] {logging_mixin.py:188} INFO - [2026-08-02T19:06:44.333+0000] {dagbag.py:545} INFO - Filling up the DagBag from /home/airflow/.local/lib/python3.12/site-packages/airflow/example_dags/example_setup_teardown.py
[2026-08-02T19:06:44.341+0000] {processor.py:840} INFO - DAG(s) 'example_setup_teardown' retrieved from /home/airflow/.local/lib/python3.12/site-packages/airflow/example_dags/example_setup_teardown.py
[2026-08-02T19:06:44.361+0000] {logging_mixin.py:188} INFO - [2026-08-02T19:06:44.361+0000] {dag.py:3089} INFO - Sync 1 DAGs
[2026-08-02T19:06:44.380+0000] {logging_mixin.py:188} INFO - [2026-08-02T19:06:44.380+0000] {dag.py:3947} INFO - Setting next_dagrun for example_setup_teardown to 2026-08-01 00:00:00+00:00, run_after=2026-08-02 00:00:00+00:00
[2026-08-02T19:06:44.397+0000] {processor.py:183} INFO - Processing /home/airflow/.local/lib/python3.12/site-packages/airflow/example_dags/example_setup_teardown.py took 0.072 seconds
[2026-08-02T19:07:15.077+0000] {processor.py:161} INFO - Started process (PID=897) to work on /home/airflow/.local/lib/python3.12/site-packages/airflow/example_dags/example_setup_teardown.py
[2026-08-02T19:07:15.078+0000] {processor.py:830} INFO - Processing file /home/airflow/.local/lib/python3.12/site-packages/airflow/example_dags/example_setup_teardown.py for tasks to queue
[2026-08-02T19:07:15.080+0000] {logging_mixin.py:188} INFO - [2026-08-02T19:07:15.080+0000] {dagbag.py:545} INFO - Filling up the DagBag from /home/airflow/.local/lib/python3.12/site-packages/airflow/example_dags/example_setup_teardown.py
[2026-08-02T19:07:15.087+0000] {processor.py:840} INFO - DAG(s) 'example_setup_teardown' retrieved from /home/airflow/.local/lib/python3.12/site-packages/airflow/example_dags/example_setup_teardown.py
[2026-08-02T19:07:15.107+0000] {logging_mixin.py:188} INFO - [2026-08-02T19:07:15.106+0000] {dag.py:3089} INFO - Sync 1 DAGs
[2026-08-02T19:07:15.131+0000] {logging_mixin.py:188} INFO - [2026-08-02T19:07:15.130+0000] {dag.py:3947} INFO - Setting next_dagrun for example_setup_teardown to 2026-08-01 00:00:00+00:00, run_after=2026-08-02 00:00:00+00:00
[2026-08-02T19:07:15.149+0000] {processor.py:183} INFO - Processing /home/airflow/.local/lib/python3.12/site-packages/airflow/example_dags/example_setup_teardown.py took 0.078 seconds
[2026-08-02T19:07:45.372+0000] {processor.py:161} INFO - Started process (PID=956) to work on /home/airflow/.local/lib/python3.12/site-packages/airflow/example_dags/example_setup_teardown.py
[2026-08-02T19:07:45.375+0000] {processor.py:830} INFO - Processing file /home/airflow/.local/lib/python3.12/site-packages/airflow/example_dags/example_setup_teardown.py for tasks to queue
[2026-08-02T19:07:45.379+0000] {logging_mixin.py:188} INFO - [2026-08-02T19:07:45.378+0000] {dagbag.py:545} INFO - Filling up the DagBag from /home/airflow/.local/lib/python3.12/site-packages/airflow/example_dags/example_setup_teardown.py
[2026-08-02T19:07:45.390+0000] {processor.py:840} INFO - DAG(s) 'example_setup_teardown' retrieved from /home/airflow/.local/lib/python3.12/site-packages/airflow/example_dags/example_setup_teardown.py
[2026-08-02T19:07:45.417+0000] {logging_mixin.py:188} INFO - [2026-08-02T19:07:45.417+0000] {dag.py:3089} INFO - Sync 1 DAGs
[2026-08-02T19:07:45.437+0000] {logging_mixin.py:188} INFO - [2026-08-02T19:07:45.437+0000] {dag.py:3947} INFO - Setting next_dagrun for example_setup_teardown to 2026-08-01 00:00:00+00:00, run_after=2026-08-02 00:00:00+00:00
[2026-08-02T19:07:45.456+0000] {processor.py:183} INFO - Processing /home/airflow/.local/lib/python3.12/site-packages/airflow/example_dags/example_setup_teardown.py took 0.093 seconds
[2026-08-02T19:08:15.911+0000] {processor.py:161} INFO - Started process (PID=1015) to work on /home/airflow/.local/lib/python3.12/site-packages/airflow/example_dags/example_setup_teardown.py
[2026-08-02T19:08:15.913+0000] {processor.py:830} INFO - Processing file /home/airflow/.local/lib/python3.12/site-packages/airflow/example_dags/example_setup_teardown.py for tasks to queue
[2026-08-02T19:08:15.916+0000] {logging_mixin.py:188} INFO - [2026-08-02T19:08:15.915+0000] {dagbag.py:545} INFO - Filling up the DagBag from /home/airflow/.local/lib/python3.12/site-packages/airflow/example_dags/example_setup_teardown.py
[2026-08-02T19:08:15.925+0000] {processor.py:840} INFO - DAG(s) 'example_setup_teardown' retrieved from /home/airflow/.local/lib/python3.12/site-packages/airflow/example_dags/example_setup_teardown.py
[2026-08-02T19:08:15.949+0000] {logging_mixin.py:188} INFO - [2026-08-02T19:08:15.949+0000] {dag.py:3089} INFO - Sync 1 DAGs
[2026-08-02T19:08:15.973+0000] {logging_mixin.py:188} INFO - [2026-08-02T19:08:15.973+0000] {dag.py:3947} INFO - Setting next_dagrun for example_setup_teardown to 2026-08-01 00:00:00+00:00, run_after=2026-08-02 00:00:00+00:00
[2026-08-02T19:08:15.997+0000] {processor.py:183} INFO - Processing /home/airflow/.local/lib/python3.12/site-packages/airflow/example_dags/example_setup_teardown.py took 0.093 seconds
[2026-08-02T19:09:47.566+0000] {processor.py:161} INFO - Started process (PID=100) to work on /home/airflow/.local/lib/python3.12/site-packages/airflow/example_dags/example_setup_teardown.py
[2026-08-02T19:09:47.568+0000] {processor.py:830} INFO - Processing file /home/airflow/.local/lib/python3.12/site-packages/airflow/example_dags/example_setup_teardown.py for tasks to queue
[2026-08-02T19:09:47.574+0000] {logging_mixin.py:188} INFO - [2026-08-02T19:09:47.573+0000] {dagbag.py:545} INFO - Filling up the DagBag from /home/airflow/.local/lib/python3.12/site-packages/airflow/example_dags/example_setup_teardown.py
[2026-08-02T19:09:47.597+0000] {processor.py:840} INFO - DAG(s) 'example_setup_teardown' retrieved from /home/airflow/.local/lib/python3.12/site-packages/airflow/example_dags/example_setup_teardown.py
[2026-08-02T19:09:47.848+0000] {logging_mixin.py:188} INFO - [2026-08-02T19:09:47.847+0000] {dag.py:3089} INFO - Sync 1 DAGs
[2026-08-02T19:09:47.885+0000] {logging_mixin.py:188} INFO - [2026-08-02T19:09:47.885+0000] {dag.py:3947} INFO - Setting next_dagrun for example_setup_teardown to 2026-08-01 00:00:00+00:00, run_after=2026-08-02 00:00:00+00:00
[2026-08-02T19:09:47.925+0000] {processor.py:183} INFO - Processing /home/airflow/.local/lib/python3.12/site-packages/airflow/example_dags/example_setup_teardown.py took 0.376 seconds
[2026-08-02T19:10:18.464+0000] {processor.py:161} INFO - Started process (PID=159) to work on /home/airflow/.local/lib/python3.12/site-packages/airflow/example_dags/example_setup_teardown.py
[2026-08-02T19:10:18.466+0000] {processor.py:830} INFO - Processing file /home/airflow/.local/lib/python3.12/site-packages/airflow/example_dags/example_setup_teardown.py for tasks to queue
[2026-08-02T19:10:18.468+0000] {logging_mixin.py:188} INFO - [2026-08-02T19:10:18.468+0000] {dagbag.py:545} INFO - Filling up the DagBag from /home/airflow/.local/lib/python3.12/site-packages/airflow/example_dags/example_setup_teardown.py
[2026-08-02T19:10:18.478+0000] {processor.py:840} INFO - DAG(s) 'example_setup_teardown' retrieved from /home/airflow/.local/lib/python3.12/site-packages/airflow/example_dags/example_setup_teardown.py
[2026-08-02T19:10:18.506+0000] {logging_mixin.py:188} INFO - [2026-08-02T19:10:18.505+0000] {dag.py:3089} INFO - Sync 1 DAGs
[2026-08-02T19:10:18.528+0000] {logging_mixin.py:188} INFO - [2026-08-02T19:10:18.528+0000] {dag.py:3947} INFO - Setting next_dagrun for example_setup_teardown to 2026-08-01 00:00:00+00:00, run_after=2026-08-02 00:00:00+00:00
[2026-08-02T19:10:18.548+0000] {processor.py:183} INFO - Processing /home/airflow/.local/lib/python3.12/site-packages/airflow/example_dags/example_setup_teardown.py took 0.089 seconds
[2026-08-02T19:10:48.909+0000] {processor.py:161} INFO - Started process (PID=224) to work on /home/airflow/.local/lib/python3.12/site-packages/airflow/example_dags/example_setup_teardown.py
[2026-08-02T19:10:48.910+0000] {processor.py:830} INFO - Processing file /home/airflow/.local/lib/python3.12/site-packages/airflow/example_dags/example_setup_teardown.py for tasks to queue
[2026-08-02T19:10:48.912+0000] {logging_mixin.py:188} INFO - [2026-08-02T19:10:48.912+0000] {dagbag.py:545} INFO - Filling up the DagBag from /home/airflow/.local/lib/python3.12/site-packages/airflow/example_dags/example_setup_teardown.py
[2026-08-02T19:10:48.920+0000] {processor.py:840} INFO - DAG(s) 'example_setup_teardown' retrieved from /home/airflow/.local/lib/python3.12/site-packages/airflow/example_dags/example_setup_teardown.py
[2026-08-02T19:10:48.941+0000] {logging_mixin.py:188} INFO - [2026-08-02T19:10:48.940+0000] {dag.py:3089} INFO - Sync 1 DAGs
[2026-08-02T19:10:48.962+0000] {logging_mixin.py:188} INFO - [2026-08-02T19:10:48.962+0000] {dag.py:3947} INFO - Setting next_dagrun for example_setup_teardown to 2026-08-01 00:00:00+00:00, run_after=2026-08-02 00:00:00+00:00
[2026-08-02T19:10:48.981+0000] {processor.py:183} INFO - Processing /home/airflow/.local/lib/python3.12/site-packages/airflow/example_dags/example_setup_teardown.py took 0.079 seconds
[2026-08-02T19:11:19.850+0000] {processor.py:161} INFO - Started process (PID=283) to work on /home/airflow/.local/lib/python3.12/site-packages/airflow/example_dags/example_setup_teardown.py
[2026-08-02T19:11:19.852+0000] {processor.py:830} INFO - Processing file /home/airflow/.local/lib/python3.12/site-packages/airflow/example_dags/example_setup_teardown.py for tasks to queue
[2026-08-02T19:11:19.854+0000] {logging_mixin.py:188} INFO - [2026-08-02T19:11:19.853+0000] {dagbag.py:545} INFO - Filling up the DagBag from /home/airflow/.local/lib/python3.12/site-packages/airflow/example_dags/example_setup_teardown.py
[2026-08-02T19:11:19.860+0000] {processor.py:840} INFO - DAG(s) 'example_setup_teardown' retrieved from /home/airflow/.local/lib/python3.12/site-packages/airflow/example_dags/example_setup_teardown.py
[2026-08-02T19:11:19.878+0000] {logging_mixin.py:188} INFO - [2026-08-02T19:11:19.877+0000] {dag.py:3089} INFO - Sync 1 DAGs
[2026-08-02T19:11:19.897+0000] {logging_mixin.py:188} INFO - [2026-08-02T19:11:19.897+0000] {dag.py:3947} INFO - Setting next_dagrun for example_setup_teardown to 2026-08-01 00:00:00+00:00, run_after=2026-08-02 00:00:00+00:00
[2026-08-02T19:11:19.915+0000] {processor.py:183} INFO - Processing /home/airflow/.local/lib/python3.12/site-packages/airflow/example_dags/example_setup_teardown.py took 0.069 seconds
[2026-08-02T19:11:50.581+0000] {processor.py:161} INFO - Started process (PID=342) to work on /home/airflow/.local/lib/python3.12/site-packages/airflow/example_dags/example_setup_teardown.py
[2026-08-02T19:11:50.582+0000] {processor.py:830} INFO - Processing file /home/airflow/.local/lib/python3.12/site-packages/airflow/example_dags/example_setup_teardown.py for tasks to queue
[2026-08-02T19:11:50.585+0000] {logging_mixin.py:188} INFO - [2026-08-02T19:11:50.585+0000] {dagbag.py:545} INFO - Filling up the DagBag from /home/airflow/.local/lib/python3.12/site-packages/airflow/example_dags/example_setup_teardown.py
[2026-08-02T19:11:50.592+0000] {processor.py:840} INFO - DAG(s) 'example_setup_teardown' retrieved from /home/airflow/.local/lib/python3.12/site-packages/airflow/example_dags/example_setup_teardown.py
[2026-08-02T19:11:50.613+0000] {logging_mixin.py:188} INFO - [2026-08-02T19:11:50.613+0000] {dag.py:3089} INFO - Sync 1 DAGs
[2026-08-02T19:11:50.633+0000] {logging_mixin.py:188} INFO - [2026-08-02T19:11:50.632+0000] {dag.py:3947} INFO - Setting next_dagrun for example_setup_teardown to 2026-08-01 00:00:00+00:00, run_after=2026-08-02 00:00:00+00:00
[2026-08-02T19:11:50.652+0000] {processor.py:183} INFO - Processing /home/airflow/.local/lib/python3.12/site-packages/airflow/example_dags/example_setup_teardown.py took 0.078 seconds
[2026-08-02T19:12:21.129+0000] {processor.py:161} INFO - Started process (PID=401) to work on /home/airflow/.local/lib/python3.12/site-packages/airflow/example_dags/example_setup_teardown.py
[2026-08-02T19:12:21.131+0000] {processor.py:830} INFO - Processing file /home/airflow/.local/lib/python3.12/site-packages/airflow/example_dags/example_setup_teardown.py for tasks to queue
[2026-08-02T19:12:21.134+0000] {logging_mixin.py:188} INFO - [2026-08-02T19:12:21.134+0000] {dagbag.py:545} INFO - Filling up the DagBag from /home/airflow/.local/lib/python3.12/site-packages/airflow/example_dags/example_setup_teardown.py
[2026-08-02T19:12:21.145+0000] {processor.py:840} INFO - DAG(s) 'example_setup_teardown' retrieved from /home/airflow/.local/lib/python3.12/site-packages/airflow/example_dags/example_setup_teardown.py
[2026-08-02T19:12:21.177+0000] {logging_mixin.py:188} INFO - [2026-08-02T19:12:21.177+0000] {dag.py:3089} INFO - Sync 1 DAGs
[2026-08-02T19:12:21.205+0000] {logging_mixin.py:188} INFO - [2026-08-02T19:12:21.204+0000] {dag.py:3947} INFO - Setting next_dagrun for example_setup_teardown to 2026-08-01 00:00:00+00:00, run_after=2026-08-02 00:00:00+00:00
[2026-08-02T19:12:21.228+0000] {processor.py:183} INFO - Processing /home/airflow/.local/lib/python3.12/site-packages/airflow/example_dags/example_setup_teardown.py took 0.109 seconds
[2026-08-02T19:12:51.499+0000] {processor.py:161} INFO - Started process (PID=460) to work on /home/airflow/.local/lib/python3.12/site-packages/airflow/example_dags/example_setup_teardown.py
[2026-08-02T19:12:51.501+0000] {processor.py:830} INFO - Processing file /home/airflow/.local/lib/python3.12/site-packages/airflow/example_dags/example_setup_teardown.py for tasks to queue
[2026-08-02T19:12:51.503+0000] {logging_mixin.py:188} INFO - [2026-08-02T19:12:51.503+0000] {dagbag.py:545} INFO - Filling up the DagBag from /home/airflow/.local/lib/python3.12/site-packages/airflow/example_dags/example_setup_teardown.py
[2026-08-02T19:12:51.510+0000] {processor.py:840} INFO - DAG(s) 'example_setup_teardown' retrieved from /home/airflow/.local/lib/python3.12/site-packages/airflow/example_dags/example_setup_teardown.py
[2026-08-02T19:12:51.532+0000] {logging_mixin.py:188} INFO - [2026-08-02T19:12:51.532+0000] {dag.py:3089} INFO - Sync 1 DAGs
[2026-08-02T19:12:51.555+0000] {logging_mixin.py:188} INFO - [2026-08-02T19:12:51.555+0000] {dag.py:3947} INFO - Setting next_dagrun for example_setup_teardown to 2026-08-01 00:00:00+00:00, run_after=2026-08-02 00:00:00+00:00
[2026-08-02T19:12:51.576+0000] {processor.py:183} INFO - Processing /home/airflow/.local/lib/python3.12/site-packages/airflow/example_dags/example_setup_teardown.py took 0.082 seconds
[2026-08-02T19:13:21.920+0000] {processor.py:161} INFO - Started process (PID=519) to work on /home/airflow/.local/lib/python3.12/site-packages/airflow/example_dags/example_setup_teardown.py
[2026-08-02T19:13:21.922+0000] {processor.py:830} INFO - Processing file /home/airflow/.local/lib/python3.12/site-packages/airflow/example_dags/example_setup_teardown.py for tasks to queue
[2026-08-02T19:13:21.924+0000] {logging_mixin.py:188} INFO - [2026-08-02T19:13:21.924+0000] {dagbag.py:545} INFO - Filling up the DagBag from /home/airflow/.local/lib/python3.12/site-packages/airflow/example_dags/example_setup_teardown.py
[2026-08-02T19:13:21.931+0000] {processor.py:840} INFO - DAG(s) 'example_setup_teardown' retrieved from /home/airflow/.local/lib/python3.12/site-packages/airflow/example_dags/example_setup_teardown.py
[2026-08-02T19:13:21.952+0000] {logging_mixin.py:188} INFO - [2026-08-02T19:13:21.951+0000] {dag.py:3089} INFO - Sync 1 DAGs
[2026-08-02T19:13:21.974+0000] {logging_mixin.py:188} INFO - [2026-08-02T19:13:21.973+0000] {dag.py:3947} INFO - Setting next_dagrun for example_setup_teardown to 2026-08-01 00:00:00+00:00, run_after=2026-08-02 00:00:00+00:00
[2026-08-02T19:13:21.993+0000] {processor.py:183} INFO - Processing /home/airflow/.local/lib/python3.12/site-packages/airflow/example_dags/example_setup_teardown.py took 0.079 seconds
[2026-08-02T19:13:52.117+0000] {processor.py:161} INFO - Started process (PID=578) to work on /home/airflow/.local/lib/python3.12/site-packages/airflow/example_dags/example_setup_teardown.py
[2026-08-02T19:13:52.120+0000] {processor.py:830} INFO - Processing file /home/airflow/.local/lib/python3.12/site-packages/airflow/example_dags/example_setup_teardown.py for tasks to queue
[2026-08-02T19:13:52.124+0000] {logging_mixin.py:188} INFO - [2026-08-02T19:13:52.124+0000] {dagbag.py:545} INFO - Filling up the DagBag from /home/airflow/.local/lib/python3.12/site-packages/airflow/example_dags/example_setup_teardown.py
[2026-08-02T19:13:52.137+0000] {processor.py:840} INFO - DAG(s) 'example_setup_teardown' retrieved from /home/airflow/.local/lib/python3.12/site-packages/airflow/example_dags/example_setup_teardown.py
[2026-08-02T19:13:52.159+0000] {logging_mixin.py:188} INFO - [2026-08-02T19:13:52.159+0000] {dag.py:3089} INFO - Sync 1 DAGs
[2026-08-02T19:13:52.180+0000] {logging_mixin.py:188} INFO - [2026-08-02T19:13:52.180+0000] {dag.py:3947} INFO - Setting next_dagrun for example_setup_teardown to 2026-08-01 00:00:00+00:00, run_after=2026-08-02 00:00:00+00:00
[2026-08-02T19:13:52.198+0000] {processor.py:183} INFO - Processing /home/airflow/.local/lib/python3.12/site-packages/airflow/example_dags/example_setup_teardown.py took 0.094 seconds
[2026-08-02T19:14:22.552+0000] {processor.py:161} INFO - Started process (PID=637) to work on /home/airflow/.local/lib/python3.12/site-packages/airflow/example_dags/example_setup_teardown.py
[2026-08-02T19:14:22.554+0000] {processor.py:830} INFO - Processing file /home/airflow/.local/lib/python3.12/site-packages/airflow/example_dags/example_setup_teardown.py for tasks to queue
[2026-08-02T19:14:22.557+0000] {logging_mixin.py:188} INFO - [2026-08-02T19:14:22.557+0000] {dagbag.py:545} INFO - Filling up the DagBag from /home/airflow/.local/lib/python3.12/site-packages/airflow/example_dags/example_setup_teardown.py
[2026-08-02T19:14:22.564+0000] {processor.py:840} INFO - DAG(s) 'example_setup_teardown' retrieved from /home/airflow/.local/lib/python3.12/site-packages/airflow/example_dags/example_setup_teardown.py
[2026-08-02T19:14:22.583+0000] {logging_mixin.py:188} INFO - [2026-08-02T19:14:22.583+0000] {dag.py:3089} INFO - Sync 1 DAGs
[2026-08-02T19:14:22.604+0000] {logging_mixin.py:188} INFO - [2026-08-02T19:14:22.603+0000] {dag.py:3947} INFO - Setting next_dagrun for example_setup_teardown to 2026-08-01 00:00:00+00:00, run_after=2026-08-02 00:00:00+00:00
[2026-08-02T19:14:22.622+0000] {processor.py:183} INFO - Processing /home/airflow/.local/lib/python3.12/site-packages/airflow/example_dags/example_setup_teardown.py took 0.075 seconds
[2026-08-02T19:14:53.122+0000] {processor.py:161} INFO - Started process (PID=696) to work on /home/airflow/.local/lib/python3.12/site-packages/airflow/example_dags/example_setup_teardown.py
[2026-08-02T19:14:53.123+0000] {processor.py:830} INFO - Processing file /home/airflow/.local/lib/python3.12/site-packages/airflow/example_dags/example_setup_teardown.py for tasks to queue
[2026-08-02T19:14:53.125+0000] {logging_mixin.py:188} INFO - [2026-08-02T19:14:53.125+0000] {dagbag.py:545} INFO - Filling up the DagBag from /home/airflow/.local/lib/python3.12/site-packages/airflow/example_dags/example_setup_teardown.py
[2026-08-02T19:14:53.132+0000] {processor.py:840} INFO - DAG(s) 'example_setup_teardown' retrieved from /home/airflow/.local/lib/python3.12/site-packages/airflow/example_dags/example_setup_teardown.py
[2026-08-02T19:14:53.152+0000] {logging_mixin.py:188} INFO - [2026-08-02T19:14:53.151+0000] {dag.py:3089} INFO - Sync 1 DAGs
[2026-08-02T19:14:53.172+0000] {logging_mixin.py:188} INFO - [2026-08-02T19:14:53.172+0000] {dag.py:3947} INFO - Setting next_dagrun for example_setup_teardown to 2026-08-01 00:00:00+00:00, run_after=2026-08-02 00:00:00+00:00
[2026-08-02T19:14:53.190+0000] {processor.py:183} INFO - Processing /home/airflow/.local/lib/python3.12/site-packages/airflow/example_dags/example_setup_teardown.py took 0.074 seconds
[2026-08-02T19:15:23.589+0000] {processor.py:161} INFO - Started process (PID=755) to work on /home/airflow/.local/lib/python3.12/site-packages/airflow/example_dags/example_setup_teardown.py
[2026-08-02T19:15:23.591+0000] {processor.py:830} INFO - Processing file /home/airflow/.local/lib/python3.12/site-packages/airflow/example_dags/example_setup_teardown.py for tasks to queue
[2026-08-02T19:15:23.593+0000] {logging_mixin.py:188} INFO - [2026-08-02T19:15:23.593+0000] {dagbag.py:545} INFO - Filling up the DagBag from /home/airflow/.local/lib/python3.12/site-packages/airflow/example_dags/example_setup_teardown.py
[2026-08-02T19:15:23.600+0000] {processor.py:840} INFO - DAG(s) 'example_setup_teardown' retrieved from /home/airflow/.local/lib/python3.12/site-packages/airflow/example_dags/example_setup_teardown.py
[2026-08-02T19:15:23.619+0000] {logging_mixin.py:188} INFO - [2026-08-02T19:15:23.618+0000] {dag.py:3089} INFO - Sync 1 DAGs
[2026-08-02T19:15:23.638+0000] {logging_mixin.py:188} INFO - [2026-08-02T19:15:23.638+0000] {dag.py:3947} INFO - Setting next_dagrun for example_setup_teardown to 2026-08-01 00:00:00+00:00, run_after=2026-08-02 00:00:00+00:00
[2026-08-02T19:15:23.657+0000] {processor.py:183} INFO - Processing /home/airflow/.local/lib/python3.12/site-packages/airflow/example_dags/example_setup_teardown.py took 0.074 seconds
[2026-08-02T19:15:54.262+0000] {processor.py:161} INFO - Started process (PID=814) to work on /home/airflow/.local/lib/python3.12/site-packages/airflow/example_dags/example_setup_teardown.py
[2026-08-02T19:15:54.264+0000] {processor.py:830} INFO - Processing file /home/airflow/.local/lib/python3.12/site-packages/airflow/example_dags/example_setup_teardown.py for tasks to queue
[2026-08-02T19:15:54.266+0000] {logging_mixin.py:188} INFO - [2026-08-02T19:15:54.266+0000] {dagbag.py:545} INFO - Filling up the DagBag from /home/airflow/.local/lib/python3.12/site-packages/airflow/example_dags/example_setup_teardown.py
[2026-08-02T19:15:54.276+0000] {processor.py:840} INFO - DAG(s) 'example_setup_teardown' retrieved from /home/airflow/.local/lib/python3.12/site-packages/airflow/example_dags/example_setup_teardown.py
[2026-08-02T19:15:54.307+0000] {logging_mixin.py:188} INFO - [2026-08-02T19:15:54.307+0000] {dag.py:3089} INFO - Sync 1 DAGs
[2026-08-02T19:15:54.332+0000] {logging_mixin.py:188} INFO - [2026-08-02T19:15:54.332+0000] {dag.py:3947} INFO - Setting next_dagrun for example_setup_teardown to 2026-08-01 00:00:00+00:00, run_after=2026-08-02 00:00:00+00:00
[2026-08-02T19:15:54.355+0000] {processor.py:183} INFO - Processing /home/airflow/.local/lib/python3.12/site-packages/airflow/example_dags/example_setup_teardown.py took 0.099 seconds
[2026-08-02T19:16:24.746+0000] {processor.py:161} INFO - Started process (PID=873) to work on /home/airflow/.local/lib/python3.12/site-packages/airflow/example_dags/example_setup_teardown.py
[2026-08-02T19:16:24.748+0000] {processor.py:830} INFO - Processing file /home/airflow/.local/lib/python3.12/site-packages/airflow/example_dags/example_setup_teardown.py for tasks to queue
[2026-08-02T19:16:24.750+0000] {logging_mixin.py:188} INFO - [2026-08-02T19:16:24.750+0000] {dagbag.py:545} INFO - Filling up the DagBag from /home/airflow/.local/lib/python3.12/site-packages/airflow/example_dags/example_setup_teardown.py
[2026-08-02T19:16:24.757+0000] {processor.py:840} INFO - DAG(s) 'example_setup_teardown' retrieved from /home/airflow/.local/lib/python3.12/site-packages/airflow/example_dags/example_setup_teardown.py
[2026-08-02T19:16:24.777+0000] {logging_mixin.py:188} INFO - [2026-08-02T19:16:24.777+0000] {dag.py:3089} INFO - Sync 1 DAGs
[2026-08-02T19:16:24.797+0000] {logging_mixin.py:188} INFO - [2026-08-02T19:16:24.797+0000] {dag.py:3947} INFO - Setting next_dagrun for example_setup_teardown to 2026-08-01 00:00:00+00:00, run_after=2026-08-02 00:00:00+00:00
[2026-08-02T19:16:24.816+0000] {processor.py:183} INFO - Processing /home/airflow/.local/lib/python3.12/site-packages/airflow/example_dags/example_setup_teardown.py took 0.076 seconds
[2026-08-02T19:16:55.561+0000] {processor.py:161} INFO - Started process (PID=932) to work on /home/airflow/.local/lib/python3.12/site-packages/airflow/example_dags/example_setup_teardown.py
[2026-08-02T19:16:55.562+0000] {processor.py:830} INFO - Processing file /home/airflow/.local/lib/python3.12/site-packages/airflow/example_dags/example_setup_teardown.py for tasks to queue
[2026-08-02T19:16:55.565+0000] {logging_mixin.py:188} INFO - [2026-08-02T19:16:55.564+0000] {dagbag.py:545} INFO - Filling up the DagBag from /home/airflow/.local/lib/python3.12/site-packages/airflow/example_dags/example_setup_teardown.py
[2026-08-02T19:16:55.574+0000] {processor.py:840} INFO - DAG(s) 'example_setup_teardown' retrieved from /home/airflow/.local/lib/python3.12/site-packages/airflow/example_dags/example_setup_teardown.py
[2026-08-02T19:16:55.595+0000] {logging_mixin.py:188} INFO - [2026-08-02T19:16:55.594+0000] {dag.py:3089} INFO - Sync 1 DAGs
[2026-08-02T19:16:55.623+0000] {logging_mixin.py:188} INFO - [2026-08-02T19:16:55.623+0000] {dag.py:3947} INFO - Setting next_dagrun for example_setup_teardown to 2026-08-01 00:00:00+00:00, run_after=2026-08-02 00:00:00+00:00
[2026-08-02T19:16:55.645+0000] {processor.py:183} INFO - Processing /home/airflow/.local/lib/python3.12/site-packages/airflow/example_dags/example_setup_teardown.py took 0.093 seconds
[2026-08-02T19:17:26.192+0000] {processor.py:161} INFO - Started process (PID=991) to work on /home/airflow/.local/lib/python3.12/site-packages/airflow/example_dags/example_setup_teardown.py
[2026-08-02T19:17:26.194+0000] {processor.py:830} INFO - Processing file /home/airflow/.local/lib/python3.12/site-packages/airflow/example_dags/example_setup_teardown.py for tasks to queue
[2026-08-02T19:17:26.196+0000] {logging_mixin.py:188} INFO - [2026-08-02T19:17:26.196+0000] {dagbag.py:545} INFO - Filling up the DagBag from /home/airflow/.local/lib/python3.12/site-packages/airflow/example_dags/example_setup_teardown.py
[2026-08-02T19:17:26.203+0000] {processor.py:840} INFO - DAG(s) 'example_setup_teardown' retrieved from /home/airflow/.local/lib/python3.12/site-packages/airflow/example_dags/example_setup_teardown.py
[2026-08-02T19:17:26.223+0000] {logging_mixin.py:188} INFO - [2026-08-02T19:17:26.223+0000] {dag.py:3089} INFO - Sync 1 DAGs
[2026-08-02T19:17:26.242+0000] {logging_mixin.py:188} INFO - [2026-08-02T19:17:26.242+0000] {dag.py:3947} INFO - Setting next_dagrun for example_setup_teardown to 2026-08-01 00:00:00+00:00, run_after=2026-08-02 00:00:00+00:00
[2026-08-02T19:17:26.260+0000] {processor.py:183} INFO - Processing /home/airflow/.local/lib/python3.12/site-packages/airflow/example_dags/example_setup_teardown.py took 0.075 seconds
[2026-08-02T19:17:56.364+0000] {processor.py:161} INFO - Started process (PID=1050) to work on /home/airflow/.local/lib/python3.12/site-packages/airflow/example_dags/example_setup_teardown.py
[2026-08-02T19:17:56.366+0000] {processor.py:830} INFO - Processing file /home/airflow/.local/lib/python3.12/site-packages/airflow/example_dags/example_setup_teardown.py for tasks to queue
[2026-08-02T19:17:56.368+0000] {logging_mixin.py:188} INFO - [2026-08-02T19:17:56.368+0000] {dagbag.py:545} INFO - Filling up the DagBag from /home/airflow/.local/lib/python3.12/site-packages/airflow/example_dags/example_setup_teardown.py
[2026-08-02T19:17:56.376+0000] {processor.py:840} INFO - DAG(s) 'example_setup_teardown' retrieved from /home/airflow/.local/lib/python3.12/site-packages/airflow/example_dags/example_setup_teardown.py
[2026-08-02T19:17:56.398+0000] {logging_mixin.py:188} INFO - [2026-08-02T19:17:56.398+0000] {dag.py:3089} INFO - Sync 1 DAGs
[2026-08-02T19:17:56.422+0000] {logging_mixin.py:188} INFO - [2026-08-02T19:17:56.422+0000] {dag.py:3947} INFO - Setting next_dagrun for example_setup_teardown to 2026-08-01 00:00:00+00:00, run_after=2026-08-02 00:00:00+00:00
[2026-08-02T19:17:56.445+0000] {processor.py:183} INFO - Processing /home/airflow/.local/lib/python3.12/site-packages/airflow/example_dags/example_setup_teardown.py took 0.086 seconds
[2026-08-02T19:18:26.730+0000] {processor.py:161} INFO - Started process (PID=1109) to work on /home/airflow/.local/lib/python3.12/site-packages/airflow/example_dags/example_setup_teardown.py
[2026-08-02T19:18:26.731+0000] {processor.py:830} INFO - Processing file /home/airflow/.local/lib/python3.12/site-packages/airflow/example_dags/example_setup_teardown.py for tasks to queue
[2026-08-02T19:18:26.734+0000] {logging_mixin.py:188} INFO - [2026-08-02T19:18:26.734+0000] {dagbag.py:545} INFO - Filling up the DagBag from /home/airflow/.local/lib/python3.12/site-packages/airflow/example_dags/example_setup_teardown.py
[2026-08-02T19:18:26.742+0000] {processor.py:840} INFO - DAG(s) 'example_setup_teardown' retrieved from /home/airflow/.local/lib/python3.12/site-packages/airflow/example_dags/example_setup_teardown.py
[2026-08-02T19:18:26.763+0000] {logging_mixin.py:188} INFO - [2026-08-02T19:18:26.762+0000] {dag.py:3089} INFO - Sync 1 DAGs
[2026-08-02T19:18:26.784+0000] {logging_mixin.py:188} INFO - [2026-08-02T19:18:26.784+0000] {dag.py:3947} INFO - Setting next_dagrun for example_setup_teardown to 2026-08-01 00:00:00+00:00, run_after=2026-08-02 00:00:00+00:00
[2026-08-02T19:18:26.806+0000] {processor.py:183} INFO - Processing /home/airflow/.local/lib/python3.12/site-packages/airflow/example_dags/example_setup_teardown.py took 0.083 seconds
[2026-08-02T19:18:57.383+0000] {processor.py:161} INFO - Started process (PID=1168) to work on /home/airflow/.local/lib/python3.12/site-packages/airflow/example_dags/example_setup_teardown.py
[2026-08-02T19:18:57.385+0000] {processor.py:830} INFO - Processing file /home/airflow/.local/lib/python3.12/site-packages/airflow/example_dags/example_setup_teardown.py for tasks to queue
[2026-08-02T19:18:57.389+0000] {logging_mixin.py:188} INFO - [2026-08-02T19:18:57.388+0000] {dagbag.py:545} INFO - Filling up the DagBag from /home/airflow/.local/lib/python3.12/site-packages/airflow/example_dags/example_setup_teardown.py
[2026-08-02T19:18:57.397+0000] {processor.py:840} INFO - DAG(s) 'example_setup_teardown' retrieved from /home/airflow/.local/lib/python3.12/site-packages/airflow/example_dags/example_setup_teardown.py
[2026-08-02T19:18:57.417+0000] {logging_mixin.py:188} INFO - [2026-08-02T19:18:57.417+0000] {dag.py:3089} INFO - Sync 1 DAGs
[2026-08-02T19:18:57.438+0000] {logging_mixin.py:188} INFO - [2026-08-02T19:18:57.438+0000] {dag.py:3947} INFO - Setting next_dagrun for example_setup_teardown to 2026-08-01 00:00:00+00:00, run_after=2026-08-02 00:00:00+00:00
[2026-08-02T19:18:57.458+0000] {processor.py:183} INFO - Processing /home/airflow/.local/lib/python3.12/site-packages/airflow/example_dags/example_setup_teardown.py took 0.082 seconds
[2026-08-02T19:19:28.090+0000] {processor.py:161} INFO - Started process (PID=1228) to work on /home/airflow/.local/lib/python3.12/site-packages/airflow/example_dags/example_setup_teardown.py
[2026-08-02T19:19:28.092+0000] {processor.py:830} INFO - Processing file /home/airflow/.local/lib/python3.12/site-packages/airflow/example_dags/example_setup_teardown.py for tasks to queue
[2026-08-02T19:19:28.096+0000] {logging_mixin.py:188} INFO - [2026-08-02T19:19:28.095+0000] {dagbag.py:545} INFO - Filling up the DagBag from /home/airflow/.local/lib/python3.12/site-packages/airflow/example_dags/example_setup_teardown.py
[2026-08-02T19:19:28.104+0000] {processor.py:840} INFO - DAG(s) 'example_setup_teardown' retrieved from /home/airflow/.local/lib/python3.12/site-packages/airflow/example_dags/example_setup_teardown.py
[2026-08-02T19:19:28.126+0000] {logging_mixin.py:188} INFO - [2026-08-02T19:19:28.126+0000] {dag.py:3089} INFO - Sync 1 DAGs
[2026-08-02T19:19:28.146+0000] {logging_mixin.py:188} INFO - [2026-08-02T19:19:28.145+0000] {dag.py:3947} INFO - Setting next_dagrun for example_setup_teardown to 2026-08-01 00:00:00+00:00, run_after=2026-08-02 00:00:00+00:00
[2026-08-02T19:19:28.165+0000] {processor.py:183} INFO - Processing /home/airflow/.local/lib/python3.12/site-packages/airflow/example_dags/example_setup_teardown.py took 0.085 seconds
[2026-08-02T19:19:58.776+0000] {processor.py:161} INFO - Started process (PID=1287) to work on /home/airflow/.local/lib/python3.12/site-packages/airflow/example_dags/example_setup_teardown.py
[2026-08-02T19:19:58.778+0000] {processor.py:830} INFO - Processing file /home/airflow/.local/lib/python3.12/site-packages/airflow/example_dags/example_setup_teardown.py for tasks to queue
[2026-08-02T19:19:58.781+0000] {logging_mixin.py:188} INFO - [2026-08-02T19:19:58.780+0000] {dagbag.py:545} INFO - Filling up the DagBag from /home/airflow/.local/lib/python3.12/site-packages/airflow/example_dags/example_setup_teardown.py
[2026-08-02T19:19:58.789+0000] {processor.py:840} INFO - DAG(s) 'example_setup_teardown' retrieved from /home/airflow/.local/lib/python3.12/site-packages/airflow/example_dags/example_setup_teardown.py
[2026-08-02T19:19:58.808+0000] {logging_mixin.py:188} INFO - [2026-08-02T19:19:58.808+0000] {dag.py:3089} INFO - Sync 1 DAGs
[2026-08-02T19:19:58.829+0000] {logging_mixin.py:188} INFO - [2026-08-02T19:19:58.829+0000] {dag.py:3947} INFO - Setting next_dagrun for example_setup_teardown to 2026-08-01 00:00:00+00:00, run_after=2026-08-02 00:00:00+00:00
[2026-08-02T19:19:58.849+0000] {processor.py:183} INFO - Processing /home/airflow/.local/lib/python3.12/site-packages/airflow/example_dags/example_setup_teardown.py took 0.083 seconds
[2026-08-02T19:20:29.045+0000] {processor.py:161} INFO - Started process (PID=1347) to work on /home/airflow/.local/lib/python3.12/site-packages/airflow/example_dags/example_setup_teardown.py
[2026-08-02T19:20:29.046+0000] {processor.py:830} INFO - Processing file /home/airflow/.local/lib/python3.12/site-packages/airflow/example_dags/example_setup_teardown.py for tasks to queue
[2026-08-02T19:20:29.049+0000] {logging_mixin.py:188} INFO - [2026-08-02T19:20:29.049+0000] {dagbag.py:545} INFO - Filling up the DagBag from /home/airflow/.local/lib/python3.12/site-packages/airflow/example_dags/example_setup_teardown.py
[2026-08-02T19:20:29.058+0000] {processor.py:840} INFO - DAG(s) 'example_setup_teardown' retrieved from /home/airflow/.local/lib/python3.12/site-packages/airflow/example_dags/example_setup_teardown.py
[2026-08-02T19:20:29.086+0000] {logging_mixin.py:188} INFO - [2026-08-02T19:20:29.085+0000] {dag.py:3089} INFO - Sync 1 DAGs
[2026-08-02T19:20:29.109+0000] {logging_mixin.py:188} INFO - [2026-08-02T19:20:29.109+0000] {dag.py:3947} INFO - Setting next_dagrun for example_setup_teardown to 2026-08-01 00:00:00+00:00, run_after=2026-08-02 00:00:00+00:00
[2026-08-02T19:20:29.130+0000] {processor.py:183} INFO - Processing /home/airflow/.local/lib/python3.12/site-packages/airflow/example_dags/example_setup_teardown.py took 0.092 seconds
[2026-08-02T19:20:59.580+0000] {processor.py:161} INFO - Started process (PID=1404) to work on /home/airflow/.local/lib/python3.12/site-packages/airflow/example_dags/example_setup_teardown.py
[2026-08-02T19:20:59.581+0000] {processor.py:830} INFO - Processing file /home/airflow/.local/lib/python3.12/site-packages/airflow/example_dags/example_setup_teardown.py for tasks to queue
[2026-08-02T19:20:59.583+0000] {logging_mixin.py:188} INFO - [2026-08-02T19:20:59.583+0000] {dagbag.py:545} INFO - Filling up the DagBag from /home/airflow/.local/lib/python3.12/site-packages/airflow/example_dags/example_setup_teardown.py
[2026-08-02T19:20:59.590+0000] {processor.py:840} INFO - DAG(s) 'example_setup_teardown' retrieved from /home/airflow/.local/lib/python3.12/site-packages/airflow/example_dags/example_setup_teardown.py
[2026-08-02T19:20:59.612+0000] {logging_mixin.py:188} INFO - [2026-08-02T19:20:59.612+0000] {dag.py:3089} INFO - Sync 1 DAGs
[2026-08-02T19:20:59.633+0000] {logging_mixin.py:188} INFO - [2026-08-02T19:20:59.633+0000] {dag.py:3947} INFO - Setting next_dagrun for example_setup_teardown to 2026-08-01 00:00:00+00:00, run_after=2026-08-02 00:00:00+00:00
[2026-08-02T19:20:59.654+0000] {processor.py:183} INFO - Processing /home/airflow/.local/lib/python3.12/site-packages/airflow/example_dags/example_setup_teardown.py took 0.079 seconds
