[2026-08-02T18:55:17.816+0000] {processor.py:161} INFO - Started process (PID=112) to work on /home/airflow/.local/lib/python3.12/site-packages/airflow/example_dags/example_xcom.py
[2026-08-02T18:55:17.818+0000] {processor.py:830} INFO - Processing file /home/airflow/.local/lib/python3.12/site-packages/airflow/example_dags/example_xcom.py for tasks to queue
[2026-08-02T18:55:17.821+0000] {logging_mixin.py:188} INFO - [2026-08-02T18:55:17.821+0000] {dagbag.py:545} INFO - Filling up the DagBag from /home/airflow/.local/lib/python3.12/site-packages/airflow/example_dags/example_xcom.py
[2026-08-02T18:55:17.834+0000] {processor.py:840} INFO - DAG(s) 'example_xcom' retrieved from /home/airflow/.local/lib/python3.12/site-packages/airflow/example_dags/example_xcom.py
[2026-08-02T18:55:17.965+0000] {logging_mixin.py:188} INFO - [2026-08-02T18:55:17.965+0000] {dag.py:3089} INFO - Sync 1 DAGs
[2026-08-02T18:55:17.988+0000] {logging_mixin.py:188} INFO - [2026-08-02T18:55:17.988+0000] {dag.py:3947} INFO - Setting next_dagrun for example_xcom to 2021-01-01 00:00:00+00:00, run_after=2021-01-01 00:00:00+00:00
[2026-08-02T18:55:18.010+0000] {processor.py:183} INFO - Processing /home/airflow/.local/lib/python3.12/site-packages/airflow/example_dags/example_xcom.py took 0.202 seconds
[2026-08-02T18:55:48.845+0000] {processor.py:161} INFO - Started process (PID=171) to work on /home/airflow/.local/lib/python3.12/site-packages/airflow/example_dags/example_xcom.py
[2026-08-02T18:55:48.846+0000] {processor.py:830} INFO - Processing file /home/airflow/.local/lib/python3.12/site-packages/airflow/example_dags/example_xcom.py for tasks to queue
[2026-08-02T18:55:48.849+0000] {logging_mixin.py:188} INFO - [2026-08-02T18:55:48.849+0000] {dagbag.py:545} INFO - Filling up the DagBag from /home/airflow/.local/lib/python3.12/site-packages/airflow/example_dags/example_xcom.py
[2026-08-02T18:55:48.861+0000] {processor.py:840} INFO - DAG(s) 'example_xcom' retrieved from /home/airflow/.local/lib/python3.12/site-packages/airflow/example_dags/example_xcom.py
[2026-08-02T18:55:48.888+0000] {logging_mixin.py:188} INFO - [2026-08-02T18:55:48.888+0000] {dag.py:3089} INFO - Sync 1 DAGs
[2026-08-02T18:55:48.911+0000] {logging_mixin.py:188} INFO - [2026-08-02T18:55:48.911+0000] {dag.py:3947} INFO - Setting next_dagrun for example_xcom to 2021-01-01 00:00:00+00:00, run_after=2021-01-01 00:00:00+00:00
[2026-08-02T18:55:48.933+0000] {processor.py:183} INFO - Processing /home/airflow/.local/lib/python3.12/site-packages/airflow/example_dags/example_xcom.py took 0.096 seconds
[2026-08-02T18:56:19.620+0000] {processor.py:161} INFO - Started process (PID=230) to work on /home/airflow/.local/lib/python3.12/site-packages/airflow/example_dags/example_xcom.py
[2026-08-02T18:56:19.621+0000] {processor.py:830} INFO - Processing file /home/airflow/.local/lib/python3.12/site-packages/airflow/example_dags/example_xcom.py for tasks to queue
[2026-08-02T18:56:19.623+0000] {logging_mixin.py:188} INFO - [2026-08-02T18:56:19.623+0000] {dagbag.py:545} INFO - Filling up the DagBag from /home/airflow/.local/lib/python3.12/site-packages/airflow/example_dags/example_xcom.py
[2026-08-02T18:56:19.631+0000] {processor.py:840} INFO - DAG(s) 'example_xcom' retrieved from /home/airflow/.local/lib/python3.12/site-packages/airflow/example_dags/example_xcom.py
[2026-08-02T18:56:19.656+0000] {logging_mixin.py:188} INFO - [2026-08-02T18:56:19.655+0000] {dag.py:3089} INFO - Sync 1 DAGs
[2026-08-02T18:56:19.679+0000] {logging_mixin.py:188} INFO - [2026-08-02T18:56:19.678+0000] {dag.py:3947} INFO - Setting next_dagrun for example_xcom to 2021-01-01 00:00:00+00:00, run_after=2021-01-01 00:00:00+00:00
[2026-08-02T18:56:19.701+0000] {processor.py:183} INFO - Processing /home/airflow/.local/lib/python3.12/site-packages/airflow/example_dags/example_xcom.py took 0.088 seconds
[2026-08-02T18:56:50.159+0000] {processor.py:161} INFO - Started process (PID=289) to work on /home/airflow/.local/lib/python3.12/site-packages/airflow/example_dags/example_xcom.py
[2026-08-02T18:56:50.160+0000] {processor.py:830} INFO - Processing file /home/airflow/.local/lib/python3.12/site-packages/airflow/example_dags/example_xcom.py for tasks to queue
[2026-08-02T18:56:50.162+0000] {logging_mixin.py:188} INFO - [2026-08-02T18:56:50.162+0000] {dagbag.py:545} INFO - Filling up the DagBag from /home/airflow/.local/lib/python3.12/site-packages/airflow/example_dags/example_xcom.py
[2026-08-02T18:56:50.170+0000] {processor.py:840} INFO - DAG(s) 'example_xcom' retrieved from /home/airflow/.local/lib/python3.12/site-packages/airflow/example_dags/example_xcom.py
[2026-08-02T18:56:50.191+0000] {logging_mixin.py:188} INFO - [2026-08-02T18:56:50.191+0000] {dag.py:3089} INFO - Sync 1 DAGs
[2026-08-02T18:56:50.212+0000] {logging_mixin.py:188} INFO - [2026-08-02T18:56:50.211+0000] {dag.py:3947} INFO - Setting next_dagrun for example_xcom to 2021-01-01 00:00:00+00:00, run_after=2021-01-01 00:00:00+00:00
[2026-08-02T18:56:50.231+0000] {processor.py:183} INFO - Processing /home/airflow/.local/lib/python3.12/site-packages/airflow/example_dags/example_xcom.py took 0.078 seconds
[2026-08-02T18:57:20.382+0000] {processor.py:161} INFO - Started process (PID=348) to work on /home/airflow/.local/lib/python3.12/site-packages/airflow/example_dags/example_xcom.py
[2026-08-02T18:57:20.384+0000] {processor.py:830} INFO - Processing file /home/airflow/.local/lib/python3.12/site-packages/airflow/example_dags/example_xcom.py for tasks to queue
[2026-08-02T18:57:20.388+0000] {logging_mixin.py:188} INFO - [2026-08-02T18:57:20.387+0000] {dagbag.py:545} INFO - Filling up the DagBag from /home/airflow/.local/lib/python3.12/site-packages/airflow/example_dags/example_xcom.py
[2026-08-02T18:57:20.402+0000] {processor.py:840} INFO - DAG(s) 'example_xcom' retrieved from /home/airflow/.local/lib/python3.12/site-packages/airflow/example_dags/example_xcom.py
[2026-08-02T18:57:20.435+0000] {logging_mixin.py:188} INFO - [2026-08-02T18:57:20.434+0000] {dag.py:3089} INFO - Sync 1 DAGs
[2026-08-02T18:57:20.461+0000] {logging_mixin.py:188} INFO - [2026-08-02T18:57:20.461+0000] {dag.py:3947} INFO - Setting next_dagrun for example_xcom to 2021-01-01 00:00:00+00:00, run_after=2021-01-01 00:00:00+00:00
[2026-08-02T18:57:20.488+0000] {processor.py:183} INFO - Processing /home/airflow/.local/lib/python3.12/site-packages/airflow/example_dags/example_xcom.py took 0.117 seconds
[2026-08-02T18:57:50.739+0000] {processor.py:161} INFO - Started process (PID=407) to work on /home/airflow/.local/lib/python3.12/site-packages/airflow/example_dags/example_xcom.py
[2026-08-02T18:57:50.741+0000] {processor.py:830} INFO - Processing file /home/airflow/.local/lib/python3.12/site-packages/airflow/example_dags/example_xcom.py for tasks to queue
[2026-08-02T18:57:50.746+0000] {logging_mixin.py:188} INFO - [2026-08-02T18:57:50.745+0000] {dagbag.py:545} INFO - Filling up the DagBag from /home/airflow/.local/lib/python3.12/site-packages/airflow/example_dags/example_xcom.py
[2026-08-02T18:57:50.764+0000] {processor.py:840} INFO - DAG(s) 'example_xcom' retrieved from /home/airflow/.local/lib/python3.12/site-packages/airflow/example_dags/example_xcom.py
[2026-08-02T18:57:50.807+0000] {logging_mixin.py:188} INFO - [2026-08-02T18:57:50.807+0000] {dag.py:3089} INFO - Sync 1 DAGs
[2026-08-02T18:57:50.861+0000] {logging_mixin.py:188} INFO - [2026-08-02T18:57:50.861+0000] {dag.py:3947} INFO - Setting next_dagrun for example_xcom to 2021-01-01 00:00:00+00:00, run_after=2021-01-01 00:00:00+00:00
[2026-08-02T18:57:50.906+0000] {processor.py:183} INFO - Processing /home/airflow/.local/lib/python3.12/site-packages/airflow/example_dags/example_xcom.py took 0.176 seconds
[2026-08-02T19:00:11.577+0000] {processor.py:161} INFO - Started process (PID=99) to work on /home/airflow/.local/lib/python3.12/site-packages/airflow/example_dags/example_xcom.py
[2026-08-02T19:00:11.578+0000] {processor.py:830} INFO - Processing file /home/airflow/.local/lib/python3.12/site-packages/airflow/example_dags/example_xcom.py for tasks to queue
[2026-08-02T19:00:11.580+0000] {logging_mixin.py:188} INFO - [2026-08-02T19:00:11.580+0000] {dagbag.py:545} INFO - Filling up the DagBag from /home/airflow/.local/lib/python3.12/site-packages/airflow/example_dags/example_xcom.py
[2026-08-02T19:00:11.588+0000] {processor.py:840} INFO - DAG(s) 'example_xcom' retrieved from /home/airflow/.local/lib/python3.12/site-packages/airflow/example_dags/example_xcom.py
[2026-08-02T19:00:11.601+0000] {logging_mixin.py:188} INFO - [2026-08-02T19:00:11.600+0000] {dag.py:3089} INFO - Sync 1 DAGs
[2026-08-02T19:00:11.625+0000] {logging_mixin.py:188} INFO - [2026-08-02T19:00:11.625+0000] {dag.py:3947} INFO - Setting next_dagrun for example_xcom to 2021-01-01 00:00:00+00:00, run_after=2021-01-01 00:00:00+00:00
[2026-08-02T19:00:11.646+0000] {processor.py:183} INFO - Processing /home/airflow/.local/lib/python3.12/site-packages/airflow/example_dags/example_xcom.py took 0.075 seconds
[2026-08-02T19:00:42.121+0000] {processor.py:161} INFO - Started process (PID=158) to work on /home/airflow/.local/lib/python3.12/site-packages/airflow/example_dags/example_xcom.py
[2026-08-02T19:00:42.123+0000] {processor.py:830} INFO - Processing file /home/airflow/.local/lib/python3.12/site-packages/airflow/example_dags/example_xcom.py for tasks to queue
[2026-08-02T19:00:42.125+0000] {logging_mixin.py:188} INFO - [2026-08-02T19:00:42.125+0000] {dagbag.py:545} INFO - Filling up the DagBag from /home/airflow/.local/lib/python3.12/site-packages/airflow/example_dags/example_xcom.py
[2026-08-02T19:00:42.132+0000] {processor.py:840} INFO - DAG(s) 'example_xcom' retrieved from /home/airflow/.local/lib/python3.12/site-packages/airflow/example_dags/example_xcom.py
[2026-08-02T19:00:42.220+0000] {logging_mixin.py:188} INFO - [2026-08-02T19:00:42.220+0000] {dag.py:3089} INFO - Sync 1 DAGs
[2026-08-02T19:00:42.239+0000] {logging_mixin.py:188} INFO - [2026-08-02T19:00:42.238+0000] {dag.py:3947} INFO - Setting next_dagrun for example_xcom to 2021-01-01 00:00:00+00:00, run_after=2021-01-01 00:00:00+00:00
[2026-08-02T19:00:42.256+0000] {processor.py:183} INFO - Processing /home/airflow/.local/lib/python3.12/site-packages/airflow/example_dags/example_xcom.py took 0.141 seconds
[2026-08-02T19:01:13.089+0000] {processor.py:161} INFO - Started process (PID=217) to work on /home/airflow/.local/lib/python3.12/site-packages/airflow/example_dags/example_xcom.py
[2026-08-02T19:01:13.090+0000] {processor.py:830} INFO - Processing file /home/airflow/.local/lib/python3.12/site-packages/airflow/example_dags/example_xcom.py for tasks to queue
[2026-08-02T19:01:13.093+0000] {logging_mixin.py:188} INFO - [2026-08-02T19:01:13.092+0000] {dagbag.py:545} INFO - Filling up the DagBag from /home/airflow/.local/lib/python3.12/site-packages/airflow/example_dags/example_xcom.py
[2026-08-02T19:01:13.100+0000] {processor.py:840} INFO - DAG(s) 'example_xcom' retrieved from /home/airflow/.local/lib/python3.12/site-packages/airflow/example_dags/example_xcom.py
[2026-08-02T19:01:13.120+0000] {logging_mixin.py:188} INFO - [2026-08-02T19:01:13.120+0000] {dag.py:3089} INFO - Sync 1 DAGs
[2026-08-02T19:01:13.139+0000] {logging_mixin.py:188} INFO - [2026-08-02T19:01:13.139+0000] {dag.py:3947} INFO - Setting next_dagrun for example_xcom to 2021-01-01 00:00:00+00:00, run_after=2021-01-01 00:00:00+00:00
[2026-08-02T19:01:13.156+0000] {processor.py:183} INFO - Processing /home/airflow/.local/lib/python3.12/site-packages/airflow/example_dags/example_xcom.py took 0.072 seconds
[2026-08-02T19:01:43.817+0000] {processor.py:161} INFO - Started process (PID=277) to work on /home/airflow/.local/lib/python3.12/site-packages/airflow/example_dags/example_xcom.py
[2026-08-02T19:01:43.818+0000] {processor.py:830} INFO - Processing file /home/airflow/.local/lib/python3.12/site-packages/airflow/example_dags/example_xcom.py for tasks to queue
[2026-08-02T19:01:43.821+0000] {logging_mixin.py:188} INFO - [2026-08-02T19:01:43.820+0000] {dagbag.py:545} INFO - Filling up the DagBag from /home/airflow/.local/lib/python3.12/site-packages/airflow/example_dags/example_xcom.py
[2026-08-02T19:01:43.828+0000] {processor.py:840} INFO - DAG(s) 'example_xcom' retrieved from /home/airflow/.local/lib/python3.12/site-packages/airflow/example_dags/example_xcom.py
[2026-08-02T19:01:43.849+0000] {logging_mixin.py:188} INFO - [2026-08-02T19:01:43.849+0000] {dag.py:3089} INFO - Sync 1 DAGs
[2026-08-02T19:01:43.870+0000] {logging_mixin.py:188} INFO - [2026-08-02T19:01:43.870+0000] {dag.py:3947} INFO - Setting next_dagrun for example_xcom to 2021-01-01 00:00:00+00:00, run_after=2021-01-01 00:00:00+00:00
[2026-08-02T19:01:43.890+0000] {processor.py:183} INFO - Processing /home/airflow/.local/lib/python3.12/site-packages/airflow/example_dags/example_xcom.py took 0.078 seconds
[2026-08-02T19:02:14.021+0000] {processor.py:161} INFO - Started process (PID=336) to work on /home/airflow/.local/lib/python3.12/site-packages/airflow/example_dags/example_xcom.py
[2026-08-02T19:02:14.023+0000] {processor.py:830} INFO - Processing file /home/airflow/.local/lib/python3.12/site-packages/airflow/example_dags/example_xcom.py for tasks to queue
[2026-08-02T19:02:14.025+0000] {logging_mixin.py:188} INFO - [2026-08-02T19:02:14.025+0000] {dagbag.py:545} INFO - Filling up the DagBag from /home/airflow/.local/lib/python3.12/site-packages/airflow/example_dags/example_xcom.py
[2026-08-02T19:02:14.032+0000] {processor.py:840} INFO - DAG(s) 'example_xcom' retrieved from /home/airflow/.local/lib/python3.12/site-packages/airflow/example_dags/example_xcom.py
[2026-08-02T19:02:14.053+0000] {logging_mixin.py:188} INFO - [2026-08-02T19:02:14.053+0000] {dag.py:3089} INFO - Sync 1 DAGs
[2026-08-02T19:02:14.075+0000] {logging_mixin.py:188} INFO - [2026-08-02T19:02:14.074+0000] {dag.py:3947} INFO - Setting next_dagrun for example_xcom to 2021-01-01 00:00:00+00:00, run_after=2021-01-01 00:00:00+00:00
[2026-08-02T19:02:14.097+0000] {processor.py:183} INFO - Processing /home/airflow/.local/lib/python3.12/site-packages/airflow/example_dags/example_xcom.py took 0.081 seconds
[2026-08-02T19:02:44.296+0000] {processor.py:161} INFO - Started process (PID=395) to work on /home/airflow/.local/lib/python3.12/site-packages/airflow/example_dags/example_xcom.py
[2026-08-02T19:02:44.297+0000] {processor.py:830} INFO - Processing file /home/airflow/.local/lib/python3.12/site-packages/airflow/example_dags/example_xcom.py for tasks to queue
[2026-08-02T19:02:44.299+0000] {logging_mixin.py:188} INFO - [2026-08-02T19:02:44.299+0000] {dagbag.py:545} INFO - Filling up the DagBag from /home/airflow/.local/lib/python3.12/site-packages/airflow/example_dags/example_xcom.py
[2026-08-02T19:02:44.307+0000] {processor.py:840} INFO - DAG(s) 'example_xcom' retrieved from /home/airflow/.local/lib/python3.12/site-packages/airflow/example_dags/example_xcom.py
[2026-08-02T19:02:44.327+0000] {logging_mixin.py:188} INFO - [2026-08-02T19:02:44.327+0000] {dag.py:3089} INFO - Sync 1 DAGs
[2026-08-02T19:02:44.347+0000] {logging_mixin.py:188} INFO - [2026-08-02T19:02:44.347+0000] {dag.py:3947} INFO - Setting next_dagrun for example_xcom to 2021-01-01 00:00:00+00:00, run_after=2021-01-01 00:00:00+00:00
[2026-08-02T19:02:44.366+0000] {processor.py:183} INFO - Processing /home/airflow/.local/lib/python3.12/site-packages/airflow/example_dags/example_xcom.py took 0.077 seconds
[2026-08-02T19:03:14.463+0000] {processor.py:161} INFO - Started process (PID=454) to work on /home/airflow/.local/lib/python3.12/site-packages/airflow/example_dags/example_xcom.py
[2026-08-02T19:03:14.464+0000] {processor.py:830} INFO - Processing file /home/airflow/.local/lib/python3.12/site-packages/airflow/example_dags/example_xcom.py for tasks to queue
[2026-08-02T19:03:14.467+0000] {logging_mixin.py:188} INFO - [2026-08-02T19:03:14.466+0000] {dagbag.py:545} INFO - Filling up the DagBag from /home/airflow/.local/lib/python3.12/site-packages/airflow/example_dags/example_xcom.py
[2026-08-02T19:03:14.474+0000] {processor.py:840} INFO - DAG(s) 'example_xcom' retrieved from /home/airflow/.local/lib/python3.12/site-packages/airflow/example_dags/example_xcom.py
[2026-08-02T19:03:14.495+0000] {logging_mixin.py:188} INFO - [2026-08-02T19:03:14.494+0000] {dag.py:3089} INFO - Sync 1 DAGs
[2026-08-02T19:03:14.516+0000] {logging_mixin.py:188} INFO - [2026-08-02T19:03:14.516+0000] {dag.py:3947} INFO - Setting next_dagrun for example_xcom to 2021-01-01 00:00:00+00:00, run_after=2021-01-01 00:00:00+00:00
[2026-08-02T19:03:14.533+0000] {processor.py:183} INFO - Processing /home/airflow/.local/lib/python3.12/site-packages/airflow/example_dags/example_xcom.py took 0.077 seconds
[2026-08-02T19:03:45.505+0000] {processor.py:161} INFO - Started process (PID=513) to work on /home/airflow/.local/lib/python3.12/site-packages/airflow/example_dags/example_xcom.py
[2026-08-02T19:03:45.506+0000] {processor.py:830} INFO - Processing file /home/airflow/.local/lib/python3.12/site-packages/airflow/example_dags/example_xcom.py for tasks to queue
[2026-08-02T19:03:45.509+0000] {logging_mixin.py:188} INFO - [2026-08-02T19:03:45.509+0000] {dagbag.py:545} INFO - Filling up the DagBag from /home/airflow/.local/lib/python3.12/site-packages/airflow/example_dags/example_xcom.py
[2026-08-02T19:03:45.517+0000] {processor.py:840} INFO - DAG(s) 'example_xcom' retrieved from /home/airflow/.local/lib/python3.12/site-packages/airflow/example_dags/example_xcom.py
[2026-08-02T19:03:45.537+0000] {logging_mixin.py:188} INFO - [2026-08-02T19:03:45.537+0000] {dag.py:3089} INFO - Sync 1 DAGs
[2026-08-02T19:03:45.557+0000] {logging_mixin.py:188} INFO - [2026-08-02T19:03:45.556+0000] {dag.py:3947} INFO - Setting next_dagrun for example_xcom to 2021-01-01 00:00:00+00:00, run_after=2021-01-01 00:00:00+00:00
[2026-08-02T19:03:45.577+0000] {processor.py:183} INFO - Processing /home/airflow/.local/lib/python3.12/site-packages/airflow/example_dags/example_xcom.py took 0.077 seconds
[2026-08-02T19:04:16.456+0000] {processor.py:161} INFO - Started process (PID=572) to work on /home/airflow/.local/lib/python3.12/site-packages/airflow/example_dags/example_xcom.py
[2026-08-02T19:04:16.457+0000] {processor.py:830} INFO - Processing file /home/airflow/.local/lib/python3.12/site-packages/airflow/example_dags/example_xcom.py for tasks to queue
[2026-08-02T19:04:16.460+0000] {logging_mixin.py:188} INFO - [2026-08-02T19:04:16.459+0000] {dagbag.py:545} INFO - Filling up the DagBag from /home/airflow/.local/lib/python3.12/site-packages/airflow/example_dags/example_xcom.py
[2026-08-02T19:04:16.467+0000] {processor.py:840} INFO - DAG(s) 'example_xcom' retrieved from /home/airflow/.local/lib/python3.12/site-packages/airflow/example_dags/example_xcom.py
[2026-08-02T19:04:16.487+0000] {logging_mixin.py:188} INFO - [2026-08-02T19:04:16.486+0000] {dag.py:3089} INFO - Sync 1 DAGs
[2026-08-02T19:04:16.506+0000] {logging_mixin.py:188} INFO - [2026-08-02T19:04:16.506+0000] {dag.py:3947} INFO - Setting next_dagrun for example_xcom to 2021-01-01 00:00:00+00:00, run_after=2021-01-01 00:00:00+00:00
[2026-08-02T19:04:16.527+0000] {processor.py:183} INFO - Processing /home/airflow/.local/lib/python3.12/site-packages/airflow/example_dags/example_xcom.py took 0.076 seconds
[2026-08-02T19:04:46.897+0000] {processor.py:161} INFO - Started process (PID=631) to work on /home/airflow/.local/lib/python3.12/site-packages/airflow/example_dags/example_xcom.py
[2026-08-02T19:04:46.898+0000] {processor.py:830} INFO - Processing file /home/airflow/.local/lib/python3.12/site-packages/airflow/example_dags/example_xcom.py for tasks to queue
[2026-08-02T19:04:46.901+0000] {logging_mixin.py:188} INFO - [2026-08-02T19:04:46.901+0000] {dagbag.py:545} INFO - Filling up the DagBag from /home/airflow/.local/lib/python3.12/site-packages/airflow/example_dags/example_xcom.py
[2026-08-02T19:04:46.909+0000] {processor.py:840} INFO - DAG(s) 'example_xcom' retrieved from /home/airflow/.local/lib/python3.12/site-packages/airflow/example_dags/example_xcom.py
[2026-08-02T19:04:46.929+0000] {logging_mixin.py:188} INFO - [2026-08-02T19:04:46.929+0000] {dag.py:3089} INFO - Sync 1 DAGs
[2026-08-02T19:04:46.954+0000] {logging_mixin.py:188} INFO - [2026-08-02T19:04:46.954+0000] {dag.py:3947} INFO - Setting next_dagrun for example_xcom to 2021-01-01 00:00:00+00:00, run_after=2021-01-01 00:00:00+00:00
[2026-08-02T19:04:46.977+0000] {processor.py:183} INFO - Processing /home/airflow/.local/lib/python3.12/site-packages/airflow/example_dags/example_xcom.py took 0.087 seconds
[2026-08-02T19:05:17.584+0000] {processor.py:161} INFO - Started process (PID=690) to work on /home/airflow/.local/lib/python3.12/site-packages/airflow/example_dags/example_xcom.py
[2026-08-02T19:05:17.585+0000] {processor.py:830} INFO - Processing file /home/airflow/.local/lib/python3.12/site-packages/airflow/example_dags/example_xcom.py for tasks to queue
[2026-08-02T19:05:17.587+0000] {logging_mixin.py:188} INFO - [2026-08-02T19:05:17.587+0000] {dagbag.py:545} INFO - Filling up the DagBag from /home/airflow/.local/lib/python3.12/site-packages/airflow/example_dags/example_xcom.py
[2026-08-02T19:05:17.595+0000] {processor.py:840} INFO - DAG(s) 'example_xcom' retrieved from /home/airflow/.local/lib/python3.12/site-packages/airflow/example_dags/example_xcom.py
[2026-08-02T19:05:17.613+0000] {logging_mixin.py:188} INFO - [2026-08-02T19:05:17.613+0000] {dag.py:3089} INFO - Sync 1 DAGs
[2026-08-02T19:05:17.633+0000] {logging_mixin.py:188} INFO - [2026-08-02T19:05:17.633+0000] {dag.py:3947} INFO - Setting next_dagrun for example_xcom to 2021-01-01 00:00:00+00:00, run_after=2021-01-01 00:00:00+00:00
[2026-08-02T19:05:17.650+0000] {processor.py:183} INFO - Processing /home/airflow/.local/lib/python3.12/site-packages/airflow/example_dags/example_xcom.py took 0.071 seconds
[2026-08-02T19:05:48.154+0000] {processor.py:161} INFO - Started process (PID=749) to work on /home/airflow/.local/lib/python3.12/site-packages/airflow/example_dags/example_xcom.py
[2026-08-02T19:05:48.155+0000] {processor.py:830} INFO - Processing file /home/airflow/.local/lib/python3.12/site-packages/airflow/example_dags/example_xcom.py for tasks to queue
[2026-08-02T19:05:48.157+0000] {logging_mixin.py:188} INFO - [2026-08-02T19:05:48.157+0000] {dagbag.py:545} INFO - Filling up the DagBag from /home/airflow/.local/lib/python3.12/site-packages/airflow/example_dags/example_xcom.py
[2026-08-02T19:05:48.165+0000] {processor.py:840} INFO - DAG(s) 'example_xcom' retrieved from /home/airflow/.local/lib/python3.12/site-packages/airflow/example_dags/example_xcom.py
[2026-08-02T19:05:48.184+0000] {logging_mixin.py:188} INFO - [2026-08-02T19:05:48.183+0000] {dag.py:3089} INFO - Sync 1 DAGs
[2026-08-02T19:05:48.202+0000] {logging_mixin.py:188} INFO - [2026-08-02T19:05:48.202+0000] {dag.py:3947} INFO - Setting next_dagrun for example_xcom to 2021-01-01 00:00:00+00:00, run_after=2021-01-01 00:00:00+00:00
[2026-08-02T19:05:48.220+0000] {processor.py:183} INFO - Processing /home/airflow/.local/lib/python3.12/site-packages/airflow/example_dags/example_xcom.py took 0.072 seconds
[2026-08-02T19:06:18.739+0000] {processor.py:161} INFO - Started process (PID=808) to work on /home/airflow/.local/lib/python3.12/site-packages/airflow/example_dags/example_xcom.py
[2026-08-02T19:06:18.741+0000] {processor.py:830} INFO - Processing file /home/airflow/.local/lib/python3.12/site-packages/airflow/example_dags/example_xcom.py for tasks to queue
[2026-08-02T19:06:18.743+0000] {logging_mixin.py:188} INFO - [2026-08-02T19:06:18.743+0000] {dagbag.py:545} INFO - Filling up the DagBag from /home/airflow/.local/lib/python3.12/site-packages/airflow/example_dags/example_xcom.py
[2026-08-02T19:06:18.750+0000] {processor.py:840} INFO - DAG(s) 'example_xcom' retrieved from /home/airflow/.local/lib/python3.12/site-packages/airflow/example_dags/example_xcom.py
[2026-08-02T19:06:18.771+0000] {logging_mixin.py:188} INFO - [2026-08-02T19:06:18.771+0000] {dag.py:3089} INFO - Sync 1 DAGs
[2026-08-02T19:06:18.793+0000] {logging_mixin.py:188} INFO - [2026-08-02T19:06:18.793+0000] {dag.py:3947} INFO - Setting next_dagrun for example_xcom to 2021-01-01 00:00:00+00:00, run_after=2021-01-01 00:00:00+00:00
[2026-08-02T19:06:18.813+0000] {processor.py:183} INFO - Processing /home/airflow/.local/lib/python3.12/site-packages/airflow/example_dags/example_xcom.py took 0.079 seconds
[2026-08-02T19:06:49.506+0000] {processor.py:161} INFO - Started process (PID=867) to work on /home/airflow/.local/lib/python3.12/site-packages/airflow/example_dags/example_xcom.py
[2026-08-02T19:06:49.508+0000] {processor.py:830} INFO - Processing file /home/airflow/.local/lib/python3.12/site-packages/airflow/example_dags/example_xcom.py for tasks to queue
[2026-08-02T19:06:49.511+0000] {logging_mixin.py:188} INFO - [2026-08-02T19:06:49.511+0000] {dagbag.py:545} INFO - Filling up the DagBag from /home/airflow/.local/lib/python3.12/site-packages/airflow/example_dags/example_xcom.py
[2026-08-02T19:06:49.519+0000] {processor.py:840} INFO - DAG(s) 'example_xcom' retrieved from /home/airflow/.local/lib/python3.12/site-packages/airflow/example_dags/example_xcom.py
[2026-08-02T19:06:49.543+0000] {logging_mixin.py:188} INFO - [2026-08-02T19:06:49.543+0000] {dag.py:3089} INFO - Sync 1 DAGs
[2026-08-02T19:06:49.565+0000] {logging_mixin.py:188} INFO - [2026-08-02T19:06:49.565+0000] {dag.py:3947} INFO - Setting next_dagrun for example_xcom to 2021-01-01 00:00:00+00:00, run_after=2021-01-01 00:00:00+00:00
[2026-08-02T19:06:49.587+0000] {processor.py:183} INFO - Processing /home/airflow/.local/lib/python3.12/site-packages/airflow/example_dags/example_xcom.py took 0.086 seconds
[2026-08-02T19:07:19.980+0000] {processor.py:161} INFO - Started process (PID=926) to work on /home/airflow/.local/lib/python3.12/site-packages/airflow/example_dags/example_xcom.py
[2026-08-02T19:07:19.981+0000] {processor.py:830} INFO - Processing file /home/airflow/.local/lib/python3.12/site-packages/airflow/example_dags/example_xcom.py for tasks to queue
[2026-08-02T19:07:19.983+0000] {logging_mixin.py:188} INFO - [2026-08-02T19:07:19.983+0000] {dagbag.py:545} INFO - Filling up the DagBag from /home/airflow/.local/lib/python3.12/site-packages/airflow/example_dags/example_xcom.py
[2026-08-02T19:07:19.989+0000] {processor.py:840} INFO - DAG(s) 'example_xcom' retrieved from /home/airflow/.local/lib/python3.12/site-packages/airflow/example_dags/example_xcom.py
[2026-08-02T19:07:20.008+0000] {logging_mixin.py:188} INFO - [2026-08-02T19:07:20.008+0000] {dag.py:3089} INFO - Sync 1 DAGs
[2026-08-02T19:07:20.026+0000] {logging_mixin.py:188} INFO - [2026-08-02T19:07:20.026+0000] {dag.py:3947} INFO - Setting next_dagrun for example_xcom to 2021-01-01 00:00:00+00:00, run_after=2021-01-01 00:00:00+00:00
[2026-08-02T19:07:20.045+0000] {processor.py:183} INFO - Processing /home/airflow/.local/lib/python3.12/site-packages/airflow/example_dags/example_xcom.py took 0.070 seconds
[2026-08-02T19:07:50.539+0000] {processor.py:161} INFO - Started process (PID=985) to work on /home/airflow/.local/lib/python3.12/site-packages/airflow/example_dags/example_xcom.py
[2026-08-02T19:07:50.541+0000] {processor.py:830} INFO - Processing file /home/airflow/.local/lib/python3.12/site-packages/airflow/example_dags/example_xcom.py for tasks to queue
[2026-08-02T19:07:50.544+0000] {logging_mixin.py:188} INFO - [2026-08-02T19:07:50.543+0000] {dagbag.py:545} INFO - Filling up the DagBag from /home/airflow/.local/lib/python3.12/site-packages/airflow/example_dags/example_xcom.py
[2026-08-02T19:07:50.552+0000] {processor.py:840} INFO - DAG(s) 'example_xcom' retrieved from /home/airflow/.local/lib/python3.12/site-packages/airflow/example_dags/example_xcom.py
[2026-08-02T19:07:50.574+0000] {logging_mixin.py:188} INFO - [2026-08-02T19:07:50.574+0000] {dag.py:3089} INFO - Sync 1 DAGs
[2026-08-02T19:07:50.597+0000] {logging_mixin.py:188} INFO - [2026-08-02T19:07:50.597+0000] {dag.py:3947} INFO - Setting next_dagrun for example_xcom to 2021-01-01 00:00:00+00:00, run_after=2021-01-01 00:00:00+00:00
[2026-08-02T19:07:50.618+0000] {processor.py:183} INFO - Processing /home/airflow/.local/lib/python3.12/site-packages/airflow/example_dags/example_xcom.py took 0.085 seconds
[2026-08-02T19:08:20.839+0000] {processor.py:161} INFO - Started process (PID=1044) to work on /home/airflow/.local/lib/python3.12/site-packages/airflow/example_dags/example_xcom.py
[2026-08-02T19:08:20.840+0000] {processor.py:830} INFO - Processing file /home/airflow/.local/lib/python3.12/site-packages/airflow/example_dags/example_xcom.py for tasks to queue
[2026-08-02T19:08:20.843+0000] {logging_mixin.py:188} INFO - [2026-08-02T19:08:20.842+0000] {dagbag.py:545} INFO - Filling up the DagBag from /home/airflow/.local/lib/python3.12/site-packages/airflow/example_dags/example_xcom.py
[2026-08-02T19:08:20.851+0000] {processor.py:840} INFO - DAG(s) 'example_xcom' retrieved from /home/airflow/.local/lib/python3.12/site-packages/airflow/example_dags/example_xcom.py
[2026-08-02T19:08:20.875+0000] {logging_mixin.py:188} INFO - [2026-08-02T19:08:20.875+0000] {dag.py:3089} INFO - Sync 1 DAGs
[2026-08-02T19:08:20.899+0000] {logging_mixin.py:188} INFO - [2026-08-02T19:08:20.898+0000] {dag.py:3947} INFO - Setting next_dagrun for example_xcom to 2021-01-01 00:00:00+00:00, run_after=2021-01-01 00:00:00+00:00
[2026-08-02T19:08:20.919+0000] {processor.py:183} INFO - Processing /home/airflow/.local/lib/python3.12/site-packages/airflow/example_dags/example_xcom.py took 0.086 seconds
[2026-08-02T19:09:52.930+0000] {processor.py:161} INFO - Started process (PID=135) to work on /home/airflow/.local/lib/python3.12/site-packages/airflow/example_dags/example_xcom.py
[2026-08-02T19:09:52.932+0000] {processor.py:830} INFO - Processing file /home/airflow/.local/lib/python3.12/site-packages/airflow/example_dags/example_xcom.py for tasks to queue
[2026-08-02T19:09:52.934+0000] {logging_mixin.py:188} INFO - [2026-08-02T19:09:52.934+0000] {dagbag.py:545} INFO - Filling up the DagBag from /home/airflow/.local/lib/python3.12/site-packages/airflow/example_dags/example_xcom.py
[2026-08-02T19:09:52.944+0000] {processor.py:840} INFO - DAG(s) 'example_xcom' retrieved from /home/airflow/.local/lib/python3.12/site-packages/airflow/example_dags/example_xcom.py
[2026-08-02T19:09:53.058+0000] {logging_mixin.py:188} INFO - [2026-08-02T19:09:53.057+0000] {dag.py:3089} INFO - Sync 1 DAGs
[2026-08-02T19:09:53.078+0000] {logging_mixin.py:188} INFO - [2026-08-02T19:09:53.078+0000] {dag.py:3947} INFO - Setting next_dagrun for example_xcom to 2021-01-01 00:00:00+00:00, run_after=2021-01-01 00:00:00+00:00
[2026-08-02T19:09:53.100+0000] {processor.py:183} INFO - Processing /home/airflow/.local/lib/python3.12/site-packages/airflow/example_dags/example_xcom.py took 0.177 seconds
[2026-08-02T19:10:23.283+0000] {processor.py:161} INFO - Started process (PID=194) to work on /home/airflow/.local/lib/python3.12/site-packages/airflow/example_dags/example_xcom.py
[2026-08-02T19:10:23.285+0000] {processor.py:830} INFO - Processing file /home/airflow/.local/lib/python3.12/site-packages/airflow/example_dags/example_xcom.py for tasks to queue
[2026-08-02T19:10:23.287+0000] {logging_mixin.py:188} INFO - [2026-08-02T19:10:23.287+0000] {dagbag.py:545} INFO - Filling up the DagBag from /home/airflow/.local/lib/python3.12/site-packages/airflow/example_dags/example_xcom.py
[2026-08-02T19:10:23.295+0000] {processor.py:840} INFO - DAG(s) 'example_xcom' retrieved from /home/airflow/.local/lib/python3.12/site-packages/airflow/example_dags/example_xcom.py
[2026-08-02T19:10:23.316+0000] {logging_mixin.py:188} INFO - [2026-08-02T19:10:23.316+0000] {dag.py:3089} INFO - Sync 1 DAGs
[2026-08-02T19:10:23.335+0000] {logging_mixin.py:188} INFO - [2026-08-02T19:10:23.335+0000] {dag.py:3947} INFO - Setting next_dagrun for example_xcom to 2021-01-01 00:00:00+00:00, run_after=2021-01-01 00:00:00+00:00
[2026-08-02T19:10:23.352+0000] {processor.py:183} INFO - Processing /home/airflow/.local/lib/python3.12/site-packages/airflow/example_dags/example_xcom.py took 0.075 seconds
[2026-08-02T19:10:53.870+0000] {processor.py:161} INFO - Started process (PID=253) to work on /home/airflow/.local/lib/python3.12/site-packages/airflow/example_dags/example_xcom.py
[2026-08-02T19:10:53.872+0000] {processor.py:830} INFO - Processing file /home/airflow/.local/lib/python3.12/site-packages/airflow/example_dags/example_xcom.py for tasks to queue
[2026-08-02T19:10:53.874+0000] {logging_mixin.py:188} INFO - [2026-08-02T19:10:53.874+0000] {dagbag.py:545} INFO - Filling up the DagBag from /home/airflow/.local/lib/python3.12/site-packages/airflow/example_dags/example_xcom.py
[2026-08-02T19:10:53.882+0000] {processor.py:840} INFO - DAG(s) 'example_xcom' retrieved from /home/airflow/.local/lib/python3.12/site-packages/airflow/example_dags/example_xcom.py
[2026-08-02T19:10:53.906+0000] {logging_mixin.py:188} INFO - [2026-08-02T19:10:53.905+0000] {dag.py:3089} INFO - Sync 1 DAGs
[2026-08-02T19:10:53.929+0000] {logging_mixin.py:188} INFO - [2026-08-02T19:10:53.928+0000] {dag.py:3947} INFO - Setting next_dagrun for example_xcom to 2021-01-01 00:00:00+00:00, run_after=2021-01-01 00:00:00+00:00
[2026-08-02T19:10:53.948+0000] {processor.py:183} INFO - Processing /home/airflow/.local/lib/python3.12/site-packages/airflow/example_dags/example_xcom.py took 0.084 seconds
[2026-08-02T19:11:24.166+0000] {processor.py:161} INFO - Started process (PID=312) to work on /home/airflow/.local/lib/python3.12/site-packages/airflow/example_dags/example_xcom.py
[2026-08-02T19:11:24.168+0000] {processor.py:830} INFO - Processing file /home/airflow/.local/lib/python3.12/site-packages/airflow/example_dags/example_xcom.py for tasks to queue
[2026-08-02T19:11:24.170+0000] {logging_mixin.py:188} INFO - [2026-08-02T19:11:24.170+0000] {dagbag.py:545} INFO - Filling up the DagBag from /home/airflow/.local/lib/python3.12/site-packages/airflow/example_dags/example_xcom.py
[2026-08-02T19:11:24.179+0000] {processor.py:840} INFO - DAG(s) 'example_xcom' retrieved from /home/airflow/.local/lib/python3.12/site-packages/airflow/example_dags/example_xcom.py
[2026-08-02T19:11:24.202+0000] {logging_mixin.py:188} INFO - [2026-08-02T19:11:24.202+0000] {dag.py:3089} INFO - Sync 1 DAGs
[2026-08-02T19:11:24.226+0000] {logging_mixin.py:188} INFO - [2026-08-02T19:11:24.226+0000] {dag.py:3947} INFO - Setting next_dagrun for example_xcom to 2021-01-01 00:00:00+00:00, run_after=2021-01-01 00:00:00+00:00
[2026-08-02T19:11:24.247+0000] {processor.py:183} INFO - Processing /home/airflow/.local/lib/python3.12/site-packages/airflow/example_dags/example_xcom.py took 0.088 seconds
[2026-08-02T19:11:54.791+0000] {processor.py:161} INFO - Started process (PID=371) to work on /home/airflow/.local/lib/python3.12/site-packages/airflow/example_dags/example_xcom.py
[2026-08-02T19:11:54.792+0000] {processor.py:830} INFO - Processing file /home/airflow/.local/lib/python3.12/site-packages/airflow/example_dags/example_xcom.py for tasks to queue
[2026-08-02T19:11:54.795+0000] {logging_mixin.py:188} INFO - [2026-08-02T19:11:54.794+0000] {dagbag.py:545} INFO - Filling up the DagBag from /home/airflow/.local/lib/python3.12/site-packages/airflow/example_dags/example_xcom.py
[2026-08-02T19:11:54.802+0000] {processor.py:840} INFO - DAG(s) 'example_xcom' retrieved from /home/airflow/.local/lib/python3.12/site-packages/airflow/example_dags/example_xcom.py
[2026-08-02T19:11:54.823+0000] {logging_mixin.py:188} INFO - [2026-08-02T19:11:54.822+0000] {dag.py:3089} INFO - Sync 1 DAGs
[2026-08-02T19:11:54.844+0000] {logging_mixin.py:188} INFO - [2026-08-02T19:11:54.844+0000] {dag.py:3947} INFO - Setting next_dagrun for example_xcom to 2021-01-01 00:00:00+00:00, run_after=2021-01-01 00:00:00+00:00
[2026-08-02T19:11:54.861+0000] {processor.py:183} INFO - Processing /home/airflow/.local/lib/python3.12/site-packages/airflow/example_dags/example_xcom.py took 0.076 seconds
[2026-08-02T19:12:25.138+0000] {processor.py:161} INFO - Started process (PID=430) to work on /home/airflow/.local/lib/python3.12/site-packages/airflow/example_dags/example_xcom.py
[2026-08-02T19:12:25.139+0000] {processor.py:830} INFO - Processing file /home/airflow/.local/lib/python3.12/site-packages/airflow/example_dags/example_xcom.py for tasks to queue
[2026-08-02T19:12:25.142+0000] {logging_mixin.py:188} INFO - [2026-08-02T19:12:25.141+0000] {dagbag.py:545} INFO - Filling up the DagBag from /home/airflow/.local/lib/python3.12/site-packages/airflow/example_dags/example_xcom.py
[2026-08-02T19:12:25.149+0000] {processor.py:840} INFO - DAG(s) 'example_xcom' retrieved from /home/airflow/.local/lib/python3.12/site-packages/airflow/example_dags/example_xcom.py
[2026-08-02T19:12:25.169+0000] {logging_mixin.py:188} INFO - [2026-08-02T19:12:25.169+0000] {dag.py:3089} INFO - Sync 1 DAGs
[2026-08-02T19:12:25.189+0000] {logging_mixin.py:188} INFO - [2026-08-02T19:12:25.189+0000] {dag.py:3947} INFO - Setting next_dagrun for example_xcom to 2021-01-01 00:00:00+00:00, run_after=2021-01-01 00:00:00+00:00
[2026-08-02T19:12:25.208+0000] {processor.py:183} INFO - Processing /home/airflow/.local/lib/python3.12/site-packages/airflow/example_dags/example_xcom.py took 0.076 seconds
[2026-08-02T19:12:55.720+0000] {processor.py:161} INFO - Started process (PID=489) to work on /home/airflow/.local/lib/python3.12/site-packages/airflow/example_dags/example_xcom.py
[2026-08-02T19:12:55.722+0000] {processor.py:830} INFO - Processing file /home/airflow/.local/lib/python3.12/site-packages/airflow/example_dags/example_xcom.py for tasks to queue
[2026-08-02T19:12:55.725+0000] {logging_mixin.py:188} INFO - [2026-08-02T19:12:55.724+0000] {dagbag.py:545} INFO - Filling up the DagBag from /home/airflow/.local/lib/python3.12/site-packages/airflow/example_dags/example_xcom.py
[2026-08-02T19:12:55.733+0000] {processor.py:840} INFO - DAG(s) 'example_xcom' retrieved from /home/airflow/.local/lib/python3.12/site-packages/airflow/example_dags/example_xcom.py
[2026-08-02T19:12:55.758+0000] {logging_mixin.py:188} INFO - [2026-08-02T19:12:55.758+0000] {dag.py:3089} INFO - Sync 1 DAGs
[2026-08-02T19:12:55.780+0000] {logging_mixin.py:188} INFO - [2026-08-02T19:12:55.780+0000] {dag.py:3947} INFO - Setting next_dagrun for example_xcom to 2021-01-01 00:00:00+00:00, run_after=2021-01-01 00:00:00+00:00
[2026-08-02T19:12:55.802+0000] {processor.py:183} INFO - Processing /home/airflow/.local/lib/python3.12/site-packages/airflow/example_dags/example_xcom.py took 0.088 seconds
[2026-08-02T19:13:26.273+0000] {processor.py:161} INFO - Started process (PID=548) to work on /home/airflow/.local/lib/python3.12/site-packages/airflow/example_dags/example_xcom.py
[2026-08-02T19:13:26.275+0000] {processor.py:830} INFO - Processing file /home/airflow/.local/lib/python3.12/site-packages/airflow/example_dags/example_xcom.py for tasks to queue
[2026-08-02T19:13:26.278+0000] {logging_mixin.py:188} INFO - [2026-08-02T19:13:26.278+0000] {dagbag.py:545} INFO - Filling up the DagBag from /home/airflow/.local/lib/python3.12/site-packages/airflow/example_dags/example_xcom.py
[2026-08-02T19:13:26.288+0000] {processor.py:840} INFO - DAG(s) 'example_xcom' retrieved from /home/airflow/.local/lib/python3.12/site-packages/airflow/example_dags/example_xcom.py
[2026-08-02T19:13:26.316+0000] {logging_mixin.py:188} INFO - [2026-08-02T19:13:26.316+0000] {dag.py:3089} INFO - Sync 1 DAGs
[2026-08-02T19:13:26.351+0000] {logging_mixin.py:188} INFO - [2026-08-02T19:13:26.351+0000] {dag.py:3947} INFO - Setting next_dagrun for example_xcom to 2021-01-01 00:00:00+00:00, run_after=2021-01-01 00:00:00+00:00
[2026-08-02T19:13:26.375+0000] {processor.py:183} INFO - Processing /home/airflow/.local/lib/python3.12/site-packages/airflow/example_dags/example_xcom.py took 0.110 seconds
[2026-08-02T19:13:56.880+0000] {processor.py:161} INFO - Started process (PID=607) to work on /home/airflow/.local/lib/python3.12/site-packages/airflow/example_dags/example_xcom.py
[2026-08-02T19:13:56.882+0000] {processor.py:830} INFO - Processing file /home/airflow/.local/lib/python3.12/site-packages/airflow/example_dags/example_xcom.py for tasks to queue
[2026-08-02T19:13:56.884+0000] {logging_mixin.py:188} INFO - [2026-08-02T19:13:56.884+0000] {dagbag.py:545} INFO - Filling up the DagBag from /home/airflow/.local/lib/python3.12/site-packages/airflow/example_dags/example_xcom.py
[2026-08-02T19:13:56.892+0000] {processor.py:840} INFO - DAG(s) 'example_xcom' retrieved from /home/airflow/.local/lib/python3.12/site-packages/airflow/example_dags/example_xcom.py
[2026-08-02T19:13:56.914+0000] {logging_mixin.py:188} INFO - [2026-08-02T19:13:56.914+0000] {dag.py:3089} INFO - Sync 1 DAGs
[2026-08-02T19:13:56.935+0000] {logging_mixin.py:188} INFO - [2026-08-02T19:13:56.935+0000] {dag.py:3947} INFO - Setting next_dagrun for example_xcom to 2021-01-01 00:00:00+00:00, run_after=2021-01-01 00:00:00+00:00
[2026-08-02T19:13:56.953+0000] {processor.py:183} INFO - Processing /home/airflow/.local/lib/python3.12/site-packages/airflow/example_dags/example_xcom.py took 0.080 seconds
[2026-08-02T19:14:27.736+0000] {processor.py:161} INFO - Started process (PID=666) to work on /home/airflow/.local/lib/python3.12/site-packages/airflow/example_dags/example_xcom.py
[2026-08-02T19:14:27.737+0000] {processor.py:830} INFO - Processing file /home/airflow/.local/lib/python3.12/site-packages/airflow/example_dags/example_xcom.py for tasks to queue
[2026-08-02T19:14:27.740+0000] {logging_mixin.py:188} INFO - [2026-08-02T19:14:27.739+0000] {dagbag.py:545} INFO - Filling up the DagBag from /home/airflow/.local/lib/python3.12/site-packages/airflow/example_dags/example_xcom.py
[2026-08-02T19:14:27.748+0000] {processor.py:840} INFO - DAG(s) 'example_xcom' retrieved from /home/airflow/.local/lib/python3.12/site-packages/airflow/example_dags/example_xcom.py
[2026-08-02T19:14:27.771+0000] {logging_mixin.py:188} INFO - [2026-08-02T19:14:27.770+0000] {dag.py:3089} INFO - Sync 1 DAGs
[2026-08-02T19:14:27.792+0000] {logging_mixin.py:188} INFO - [2026-08-02T19:14:27.791+0000] {dag.py:3947} INFO - Setting next_dagrun for example_xcom to 2021-01-01 00:00:00+00:00, run_after=2021-01-01 00:00:00+00:00
[2026-08-02T19:14:27.812+0000] {processor.py:183} INFO - Processing /home/airflow/.local/lib/python3.12/site-packages/airflow/example_dags/example_xcom.py took 0.081 seconds
[2026-08-02T19:14:58.149+0000] {processor.py:161} INFO - Started process (PID=725) to work on /home/airflow/.local/lib/python3.12/site-packages/airflow/example_dags/example_xcom.py
[2026-08-02T19:14:58.151+0000] {processor.py:830} INFO - Processing file /home/airflow/.local/lib/python3.12/site-packages/airflow/example_dags/example_xcom.py for tasks to queue
[2026-08-02T19:14:58.153+0000] {logging_mixin.py:188} INFO - [2026-08-02T19:14:58.153+0000] {dagbag.py:545} INFO - Filling up the DagBag from /home/airflow/.local/lib/python3.12/site-packages/airflow/example_dags/example_xcom.py
[2026-08-02T19:14:58.161+0000] {processor.py:840} INFO - DAG(s) 'example_xcom' retrieved from /home/airflow/.local/lib/python3.12/site-packages/airflow/example_dags/example_xcom.py
[2026-08-02T19:14:58.181+0000] {logging_mixin.py:188} INFO - [2026-08-02T19:14:58.181+0000] {dag.py:3089} INFO - Sync 1 DAGs
[2026-08-02T19:14:58.200+0000] {logging_mixin.py:188} INFO - [2026-08-02T19:14:58.200+0000] {dag.py:3947} INFO - Setting next_dagrun for example_xcom to 2021-01-01 00:00:00+00:00, run_after=2021-01-01 00:00:00+00:00
[2026-08-02T19:14:58.218+0000] {processor.py:183} INFO - Processing /home/airflow/.local/lib/python3.12/site-packages/airflow/example_dags/example_xcom.py took 0.075 seconds
[2026-08-02T19:15:28.481+0000] {processor.py:161} INFO - Started process (PID=784) to work on /home/airflow/.local/lib/python3.12/site-packages/airflow/example_dags/example_xcom.py
[2026-08-02T19:15:28.482+0000] {processor.py:830} INFO - Processing file /home/airflow/.local/lib/python3.12/site-packages/airflow/example_dags/example_xcom.py for tasks to queue
[2026-08-02T19:15:28.484+0000] {logging_mixin.py:188} INFO - [2026-08-02T19:15:28.484+0000] {dagbag.py:545} INFO - Filling up the DagBag from /home/airflow/.local/lib/python3.12/site-packages/airflow/example_dags/example_xcom.py
[2026-08-02T19:15:28.492+0000] {processor.py:840} INFO - DAG(s) 'example_xcom' retrieved from /home/airflow/.local/lib/python3.12/site-packages/airflow/example_dags/example_xcom.py
[2026-08-02T19:15:28.512+0000] {logging_mixin.py:188} INFO - [2026-08-02T19:15:28.512+0000] {dag.py:3089} INFO - Sync 1 DAGs
[2026-08-02T19:15:28.531+0000] {logging_mixin.py:188} INFO - [2026-08-02T19:15:28.531+0000] {dag.py:3947} INFO - Setting next_dagrun for example_xcom to 2021-01-01 00:00:00+00:00, run_after=2021-01-01 00:00:00+00:00
[2026-08-02T19:15:28.549+0000] {processor.py:183} INFO - Processing /home/airflow/.local/lib/python3.12/site-packages/airflow/example_dags/example_xcom.py took 0.074 seconds
[2026-08-02T19:15:59.397+0000] {processor.py:161} INFO - Started process (PID=843) to work on /home/airflow/.local/lib/python3.12/site-packages/airflow/example_dags/example_xcom.py
[2026-08-02T19:15:59.399+0000] {processor.py:830} INFO - Processing file /home/airflow/.local/lib/python3.12/site-packages/airflow/example_dags/example_xcom.py for tasks to queue
[2026-08-02T19:15:59.401+0000] {logging_mixin.py:188} INFO - [2026-08-02T19:15:59.401+0000] {dagbag.py:545} INFO - Filling up the DagBag from /home/airflow/.local/lib/python3.12/site-packages/airflow/example_dags/example_xcom.py
[2026-08-02T19:15:59.410+0000] {processor.py:840} INFO - DAG(s) 'example_xcom' retrieved from /home/airflow/.local/lib/python3.12/site-packages/airflow/example_dags/example_xcom.py
[2026-08-02T19:15:59.432+0000] {logging_mixin.py:188} INFO - [2026-08-02T19:15:59.432+0000] {dag.py:3089} INFO - Sync 1 DAGs
[2026-08-02T19:15:59.454+0000] {logging_mixin.py:188} INFO - [2026-08-02T19:15:59.454+0000] {dag.py:3947} INFO - Setting next_dagrun for example_xcom to 2021-01-01 00:00:00+00:00, run_after=2021-01-01 00:00:00+00:00
[2026-08-02T19:15:59.475+0000] {processor.py:183} INFO - Processing /home/airflow/.local/lib/python3.12/site-packages/airflow/example_dags/example_xcom.py took 0.085 seconds
[2026-08-02T19:16:30.029+0000] {processor.py:161} INFO - Started process (PID=902) to work on /home/airflow/.local/lib/python3.12/site-packages/airflow/example_dags/example_xcom.py
[2026-08-02T19:16:30.031+0000] {processor.py:830} INFO - Processing file /home/airflow/.local/lib/python3.12/site-packages/airflow/example_dags/example_xcom.py for tasks to queue
[2026-08-02T19:16:30.035+0000] {logging_mixin.py:188} INFO - [2026-08-02T19:16:30.034+0000] {dagbag.py:545} INFO - Filling up the DagBag from /home/airflow/.local/lib/python3.12/site-packages/airflow/example_dags/example_xcom.py
[2026-08-02T19:16:30.045+0000] {processor.py:840} INFO - DAG(s) 'example_xcom' retrieved from /home/airflow/.local/lib/python3.12/site-packages/airflow/example_dags/example_xcom.py
[2026-08-02T19:16:30.070+0000] {logging_mixin.py:188} INFO - [2026-08-02T19:16:30.070+0000] {dag.py:3089} INFO - Sync 1 DAGs
[2026-08-02T19:16:30.093+0000] {logging_mixin.py:188} INFO - [2026-08-02T19:16:30.093+0000] {dag.py:3947} INFO - Setting next_dagrun for example_xcom to 2021-01-01 00:00:00+00:00, run_after=2021-01-01 00:00:00+00:00
[2026-08-02T19:16:30.117+0000] {processor.py:183} INFO - Processing /home/airflow/.local/lib/python3.12/site-packages/airflow/example_dags/example_xcom.py took 0.096 seconds
[2026-08-02T19:17:00.611+0000] {processor.py:161} INFO - Started process (PID=961) to work on /home/airflow/.local/lib/python3.12/site-packages/airflow/example_dags/example_xcom.py
[2026-08-02T19:17:00.613+0000] {processor.py:830} INFO - Processing file /home/airflow/.local/lib/python3.12/site-packages/airflow/example_dags/example_xcom.py for tasks to queue
[2026-08-02T19:17:00.616+0000] {logging_mixin.py:188} INFO - [2026-08-02T19:17:00.615+0000] {dagbag.py:545} INFO - Filling up the DagBag from /home/airflow/.local/lib/python3.12/site-packages/airflow/example_dags/example_xcom.py
[2026-08-02T19:17:00.626+0000] {processor.py:840} INFO - DAG(s) 'example_xcom' retrieved from /home/airflow/.local/lib/python3.12/site-packages/airflow/example_dags/example_xcom.py
[2026-08-02T19:17:00.647+0000] {logging_mixin.py:188} INFO - [2026-08-02T19:17:00.647+0000] {dag.py:3089} INFO - Sync 1 DAGs
[2026-08-02T19:17:00.667+0000] {logging_mixin.py:188} INFO - [2026-08-02T19:17:00.667+0000] {dag.py:3947} INFO - Setting next_dagrun for example_xcom to 2021-01-01 00:00:00+00:00, run_after=2021-01-01 00:00:00+00:00
[2026-08-02T19:17:00.687+0000] {processor.py:183} INFO - Processing /home/airflow/.local/lib/python3.12/site-packages/airflow/example_dags/example_xcom.py took 0.083 seconds
[2026-08-02T19:17:31.289+0000] {processor.py:161} INFO - Started process (PID=1020) to work on /home/airflow/.local/lib/python3.12/site-packages/airflow/example_dags/example_xcom.py
[2026-08-02T19:17:31.290+0000] {processor.py:830} INFO - Processing file /home/airflow/.local/lib/python3.12/site-packages/airflow/example_dags/example_xcom.py for tasks to queue
[2026-08-02T19:17:31.293+0000] {logging_mixin.py:188} INFO - [2026-08-02T19:17:31.293+0000] {dagbag.py:545} INFO - Filling up the DagBag from /home/airflow/.local/lib/python3.12/site-packages/airflow/example_dags/example_xcom.py
[2026-08-02T19:17:31.301+0000] {processor.py:840} INFO - DAG(s) 'example_xcom' retrieved from /home/airflow/.local/lib/python3.12/site-packages/airflow/example_dags/example_xcom.py
[2026-08-02T19:17:31.323+0000] {logging_mixin.py:188} INFO - [2026-08-02T19:17:31.323+0000] {dag.py:3089} INFO - Sync 1 DAGs
[2026-08-02T19:17:31.342+0000] {logging_mixin.py:188} INFO - [2026-08-02T19:17:31.342+0000] {dag.py:3947} INFO - Setting next_dagrun for example_xcom to 2021-01-01 00:00:00+00:00, run_after=2021-01-01 00:00:00+00:00
[2026-08-02T19:17:31.361+0000] {processor.py:183} INFO - Processing /home/airflow/.local/lib/python3.12/site-packages/airflow/example_dags/example_xcom.py took 0.078 seconds
[2026-08-02T19:18:02.281+0000] {processor.py:161} INFO - Started process (PID=1079) to work on /home/airflow/.local/lib/python3.12/site-packages/airflow/example_dags/example_xcom.py
[2026-08-02T19:18:02.284+0000] {processor.py:830} INFO - Processing file /home/airflow/.local/lib/python3.12/site-packages/airflow/example_dags/example_xcom.py for tasks to queue
[2026-08-02T19:18:02.288+0000] {logging_mixin.py:188} INFO - [2026-08-02T19:18:02.287+0000] {dagbag.py:545} INFO - Filling up the DagBag from /home/airflow/.local/lib/python3.12/site-packages/airflow/example_dags/example_xcom.py
[2026-08-02T19:18:02.300+0000] {processor.py:840} INFO - DAG(s) 'example_xcom' retrieved from /home/airflow/.local/lib/python3.12/site-packages/airflow/example_dags/example_xcom.py
[2026-08-02T19:18:02.329+0000] {logging_mixin.py:188} INFO - [2026-08-02T19:18:02.329+0000] {dag.py:3089} INFO - Sync 1 DAGs
[2026-08-02T19:18:02.352+0000] {logging_mixin.py:188} INFO - [2026-08-02T19:18:02.352+0000] {dag.py:3947} INFO - Setting next_dagrun for example_xcom to 2021-01-01 00:00:00+00:00, run_after=2021-01-01 00:00:00+00:00
[2026-08-02T19:18:02.381+0000] {processor.py:183} INFO - Processing /home/airflow/.local/lib/python3.12/site-packages/airflow/example_dags/example_xcom.py took 0.110 seconds
[2026-08-02T19:18:32.796+0000] {processor.py:161} INFO - Started process (PID=1138) to work on /home/airflow/.local/lib/python3.12/site-packages/airflow/example_dags/example_xcom.py
[2026-08-02T19:18:32.797+0000] {processor.py:830} INFO - Processing file /home/airflow/.local/lib/python3.12/site-packages/airflow/example_dags/example_xcom.py for tasks to queue
[2026-08-02T19:18:32.799+0000] {logging_mixin.py:188} INFO - [2026-08-02T19:18:32.799+0000] {dagbag.py:545} INFO - Filling up the DagBag from /home/airflow/.local/lib/python3.12/site-packages/airflow/example_dags/example_xcom.py
[2026-08-02T19:18:32.807+0000] {processor.py:840} INFO - DAG(s) 'example_xcom' retrieved from /home/airflow/.local/lib/python3.12/site-packages/airflow/example_dags/example_xcom.py
[2026-08-02T19:18:32.831+0000] {logging_mixin.py:188} INFO - [2026-08-02T19:18:32.831+0000] {dag.py:3089} INFO - Sync 1 DAGs
[2026-08-02T19:18:32.852+0000] {logging_mixin.py:188} INFO - [2026-08-02T19:18:32.852+0000] {dag.py:3947} INFO - Setting next_dagrun for example_xcom to 2021-01-01 00:00:00+00:00, run_after=2021-01-01 00:00:00+00:00
[2026-08-02T19:18:32.875+0000] {processor.py:183} INFO - Processing /home/airflow/.local/lib/python3.12/site-packages/airflow/example_dags/example_xcom.py took 0.086 seconds
[2026-08-02T19:19:03.300+0000] {processor.py:161} INFO - Started process (PID=1197) to work on /home/airflow/.local/lib/python3.12/site-packages/airflow/example_dags/example_xcom.py
[2026-08-02T19:19:03.302+0000] {processor.py:830} INFO - Processing file /home/airflow/.local/lib/python3.12/site-packages/airflow/example_dags/example_xcom.py for tasks to queue
[2026-08-02T19:19:03.305+0000] {logging_mixin.py:188} INFO - [2026-08-02T19:19:03.304+0000] {dagbag.py:545} INFO - Filling up the DagBag from /home/airflow/.local/lib/python3.12/site-packages/airflow/example_dags/example_xcom.py
[2026-08-02T19:19:03.313+0000] {processor.py:840} INFO - DAG(s) 'example_xcom' retrieved from /home/airflow/.local/lib/python3.12/site-packages/airflow/example_dags/example_xcom.py
[2026-08-02T19:19:03.333+0000] {logging_mixin.py:188} INFO - [2026-08-02T19:19:03.333+0000] {dag.py:3089} INFO - Sync 1 DAGs
[2026-08-02T19:19:03.353+0000] {logging_mixin.py:188} INFO - [2026-08-02T19:19:03.353+0000] {dag.py:3947} INFO - Setting next_dagrun for example_xcom to 2021-01-01 00:00:00+00:00, run_after=2021-01-01 00:00:00+00:00
[2026-08-02T19:19:03.372+0000] {processor.py:183} INFO - Processing /home/airflow/.local/lib/python3.12/site-packages/airflow/example_dags/example_xcom.py took 0.077 seconds
[2026-08-02T19:19:33.884+0000] {processor.py:161} INFO - Started process (PID=1256) to work on /home/airflow/.local/lib/python3.12/site-packages/airflow/example_dags/example_xcom.py
[2026-08-02T19:19:33.886+0000] {processor.py:830} INFO - Processing file /home/airflow/.local/lib/python3.12/site-packages/airflow/example_dags/example_xcom.py for tasks to queue
[2026-08-02T19:19:33.888+0000] {logging_mixin.py:188} INFO - [2026-08-02T19:19:33.888+0000] {dagbag.py:545} INFO - Filling up the DagBag from /home/airflow/.local/lib/python3.12/site-packages/airflow/example_dags/example_xcom.py
[2026-08-02T19:19:33.896+0000] {processor.py:840} INFO - DAG(s) 'example_xcom' retrieved from /home/airflow/.local/lib/python3.12/site-packages/airflow/example_dags/example_xcom.py
[2026-08-02T19:19:33.917+0000] {logging_mixin.py:188} INFO - [2026-08-02T19:19:33.917+0000] {dag.py:3089} INFO - Sync 1 DAGs
[2026-08-02T19:19:33.937+0000] {logging_mixin.py:188} INFO - [2026-08-02T19:19:33.937+0000] {dag.py:3947} INFO - Setting next_dagrun for example_xcom to 2021-01-01 00:00:00+00:00, run_after=2021-01-01 00:00:00+00:00
[2026-08-02T19:19:33.956+0000] {processor.py:183} INFO - Processing /home/airflow/.local/lib/python3.12/site-packages/airflow/example_dags/example_xcom.py took 0.077 seconds
[2026-08-02T19:20:04.825+0000] {processor.py:161} INFO - Started process (PID=1315) to work on /home/airflow/.local/lib/python3.12/site-packages/airflow/example_dags/example_xcom.py
[2026-08-02T19:20:04.827+0000] {processor.py:830} INFO - Processing file /home/airflow/.local/lib/python3.12/site-packages/airflow/example_dags/example_xcom.py for tasks to queue
[2026-08-02T19:20:04.829+0000] {logging_mixin.py:188} INFO - [2026-08-02T19:20:04.828+0000] {dagbag.py:545} INFO - Filling up the DagBag from /home/airflow/.local/lib/python3.12/site-packages/airflow/example_dags/example_xcom.py
[2026-08-02T19:20:04.837+0000] {processor.py:840} INFO - DAG(s) 'example_xcom' retrieved from /home/airflow/.local/lib/python3.12/site-packages/airflow/example_dags/example_xcom.py
[2026-08-02T19:20:04.859+0000] {logging_mixin.py:188} INFO - [2026-08-02T19:20:04.858+0000] {dag.py:3089} INFO - Sync 1 DAGs
[2026-08-02T19:20:04.880+0000] {logging_mixin.py:188} INFO - [2026-08-02T19:20:04.880+0000] {dag.py:3947} INFO - Setting next_dagrun for example_xcom to 2021-01-01 00:00:00+00:00, run_after=2021-01-01 00:00:00+00:00
[2026-08-02T19:20:04.902+0000] {processor.py:183} INFO - Processing /home/airflow/.local/lib/python3.12/site-packages/airflow/example_dags/example_xcom.py took 0.083 seconds
