[2026-08-02T18:55:15.321+0000] {processor.py:161} INFO - Started process (PID=100) to work on /home/airflow/.local/lib/python3.12/site-packages/airflow/example_dags/example_nested_branch_dag.py
[2026-08-02T18:55:15.324+0000] {processor.py:830} INFO - Processing file /home/airflow/.local/lib/python3.12/site-packages/airflow/example_dags/example_nested_branch_dag.py for tasks to queue
[2026-08-02T18:55:15.329+0000] {logging_mixin.py:188} INFO - [2026-08-02T18:55:15.328+0000] {dagbag.py:545} INFO - Filling up the DagBag from /home/airflow/.local/lib/python3.12/site-packages/airflow/example_dags/example_nested_branch_dag.py
[2026-08-02T18:55:15.348+0000] {processor.py:840} INFO - DAG(s) 'example_nested_branch_dag' retrieved from /home/airflow/.local/lib/python3.12/site-packages/airflow/example_dags/example_nested_branch_dag.py
[2026-08-02T18:55:15.547+0000] {logging_mixin.py:188} INFO - [2026-08-02T18:55:15.546+0000] {dag.py:3089} INFO - Sync 1 DAGs
[2026-08-02T18:55:15.585+0000] {logging_mixin.py:188} INFO - [2026-08-02T18:55:15.584+0000] {dag.py:3947} INFO - Setting next_dagrun for example_nested_branch_dag to 2026-08-01 00:00:00+00:00, run_after=2026-08-02 00:00:00+00:00
[2026-08-02T18:55:15.631+0000] {processor.py:183} INFO - Processing /home/airflow/.local/lib/python3.12/site-packages/airflow/example_dags/example_nested_branch_dag.py took 0.319 seconds
[2026-08-02T18:55:45.711+0000] {processor.py:161} INFO - Started process (PID=158) to work on /home/airflow/.local/lib/python3.12/site-packages/airflow/example_dags/example_nested_branch_dag.py
[2026-08-02T18:55:45.712+0000] {processor.py:830} INFO - Processing file /home/airflow/.local/lib/python3.12/site-packages/airflow/example_dags/example_nested_branch_dag.py for tasks to queue
[2026-08-02T18:55:45.714+0000] {logging_mixin.py:188} INFO - [2026-08-02T18:55:45.714+0000] {dagbag.py:545} INFO - Filling up the DagBag from /home/airflow/.local/lib/python3.12/site-packages/airflow/example_dags/example_nested_branch_dag.py
[2026-08-02T18:55:45.724+0000] {processor.py:840} INFO - DAG(s) 'example_nested_branch_dag' retrieved from /home/airflow/.local/lib/python3.12/site-packages/airflow/example_dags/example_nested_branch_dag.py
[2026-08-02T18:55:45.745+0000] {logging_mixin.py:188} INFO - [2026-08-02T18:55:45.745+0000] {dag.py:3089} INFO - Sync 1 DAGs
[2026-08-02T18:55:45.766+0000] {logging_mixin.py:188} INFO - [2026-08-02T18:55:45.765+0000] {dag.py:3947} INFO - Setting next_dagrun for example_nested_branch_dag to 2026-08-01 00:00:00+00:00, run_after=2026-08-02 00:00:00+00:00
[2026-08-02T18:55:45.783+0000] {processor.py:183} INFO - Processing /home/airflow/.local/lib/python3.12/site-packages/airflow/example_dags/example_nested_branch_dag.py took 0.078 seconds
[2026-08-02T18:56:16.705+0000] {processor.py:161} INFO - Started process (PID=218) to work on /home/airflow/.local/lib/python3.12/site-packages/airflow/example_dags/example_nested_branch_dag.py
[2026-08-02T18:56:16.707+0000] {processor.py:830} INFO - Processing file /home/airflow/.local/lib/python3.12/site-packages/airflow/example_dags/example_nested_branch_dag.py for tasks to queue
[2026-08-02T18:56:16.709+0000] {logging_mixin.py:188} INFO - [2026-08-02T18:56:16.709+0000] {dagbag.py:545} INFO - Filling up the DagBag from /home/airflow/.local/lib/python3.12/site-packages/airflow/example_dags/example_nested_branch_dag.py
[2026-08-02T18:56:16.719+0000] {processor.py:840} INFO - DAG(s) 'example_nested_branch_dag' retrieved from /home/airflow/.local/lib/python3.12/site-packages/airflow/example_dags/example_nested_branch_dag.py
[2026-08-02T18:56:16.740+0000] {logging_mixin.py:188} INFO - [2026-08-02T18:56:16.739+0000] {dag.py:3089} INFO - Sync 1 DAGs
[2026-08-02T18:56:16.763+0000] {logging_mixin.py:188} INFO - [2026-08-02T18:56:16.763+0000] {dag.py:3947} INFO - Setting next_dagrun for example_nested_branch_dag to 2026-08-01 00:00:00+00:00, run_after=2026-08-02 00:00:00+00:00
[2026-08-02T18:56:16.784+0000] {processor.py:183} INFO - Processing /home/airflow/.local/lib/python3.12/site-packages/airflow/example_dags/example_nested_branch_dag.py took 0.085 seconds
[2026-08-02T18:56:47.110+0000] {processor.py:161} INFO - Started process (PID=277) to work on /home/airflow/.local/lib/python3.12/site-packages/airflow/example_dags/example_nested_branch_dag.py
[2026-08-02T18:56:47.112+0000] {processor.py:830} INFO - Processing file /home/airflow/.local/lib/python3.12/site-packages/airflow/example_dags/example_nested_branch_dag.py for tasks to queue
[2026-08-02T18:56:47.115+0000] {logging_mixin.py:188} INFO - [2026-08-02T18:56:47.114+0000] {dagbag.py:545} INFO - Filling up the DagBag from /home/airflow/.local/lib/python3.12/site-packages/airflow/example_dags/example_nested_branch_dag.py
[2026-08-02T18:56:47.126+0000] {processor.py:840} INFO - DAG(s) 'example_nested_branch_dag' retrieved from /home/airflow/.local/lib/python3.12/site-packages/airflow/example_dags/example_nested_branch_dag.py
[2026-08-02T18:56:47.146+0000] {logging_mixin.py:188} INFO - [2026-08-02T18:56:47.146+0000] {dag.py:3089} INFO - Sync 1 DAGs
[2026-08-02T18:56:47.167+0000] {logging_mixin.py:188} INFO - [2026-08-02T18:56:47.167+0000] {dag.py:3947} INFO - Setting next_dagrun for example_nested_branch_dag to 2026-08-01 00:00:00+00:00, run_after=2026-08-02 00:00:00+00:00
[2026-08-02T18:56:47.189+0000] {processor.py:183} INFO - Processing /home/airflow/.local/lib/python3.12/site-packages/airflow/example_dags/example_nested_branch_dag.py took 0.087 seconds
[2026-08-02T18:57:17.336+0000] {processor.py:161} INFO - Started process (PID=335) to work on /home/airflow/.local/lib/python3.12/site-packages/airflow/example_dags/example_nested_branch_dag.py
[2026-08-02T18:57:17.338+0000] {processor.py:830} INFO - Processing file /home/airflow/.local/lib/python3.12/site-packages/airflow/example_dags/example_nested_branch_dag.py for tasks to queue
[2026-08-02T18:57:17.340+0000] {logging_mixin.py:188} INFO - [2026-08-02T18:57:17.340+0000] {dagbag.py:545} INFO - Filling up the DagBag from /home/airflow/.local/lib/python3.12/site-packages/airflow/example_dags/example_nested_branch_dag.py
[2026-08-02T18:57:17.349+0000] {processor.py:840} INFO - DAG(s) 'example_nested_branch_dag' retrieved from /home/airflow/.local/lib/python3.12/site-packages/airflow/example_dags/example_nested_branch_dag.py
[2026-08-02T18:57:17.373+0000] {logging_mixin.py:188} INFO - [2026-08-02T18:57:17.373+0000] {dag.py:3089} INFO - Sync 1 DAGs
[2026-08-02T18:57:17.395+0000] {logging_mixin.py:188} INFO - [2026-08-02T18:57:17.395+0000] {dag.py:3947} INFO - Setting next_dagrun for example_nested_branch_dag to 2026-08-01 00:00:00+00:00, run_after=2026-08-02 00:00:00+00:00
[2026-08-02T18:57:17.414+0000] {processor.py:183} INFO - Processing /home/airflow/.local/lib/python3.12/site-packages/airflow/example_dags/example_nested_branch_dag.py took 0.083 seconds
[2026-08-02T18:57:47.769+0000] {processor.py:161} INFO - Started process (PID=394) to work on /home/airflow/.local/lib/python3.12/site-packages/airflow/example_dags/example_nested_branch_dag.py
[2026-08-02T18:57:47.771+0000] {processor.py:830} INFO - Processing file /home/airflow/.local/lib/python3.12/site-packages/airflow/example_dags/example_nested_branch_dag.py for tasks to queue
[2026-08-02T18:57:47.774+0000] {logging_mixin.py:188} INFO - [2026-08-02T18:57:47.773+0000] {dagbag.py:545} INFO - Filling up the DagBag from /home/airflow/.local/lib/python3.12/site-packages/airflow/example_dags/example_nested_branch_dag.py
[2026-08-02T18:57:47.784+0000] {processor.py:840} INFO - DAG(s) 'example_nested_branch_dag' retrieved from /home/airflow/.local/lib/python3.12/site-packages/airflow/example_dags/example_nested_branch_dag.py
[2026-08-02T18:57:47.805+0000] {logging_mixin.py:188} INFO - [2026-08-02T18:57:47.805+0000] {dag.py:3089} INFO - Sync 1 DAGs
[2026-08-02T18:57:47.828+0000] {logging_mixin.py:188} INFO - [2026-08-02T18:57:47.828+0000] {dag.py:3947} INFO - Setting next_dagrun for example_nested_branch_dag to 2026-08-01 00:00:00+00:00, run_after=2026-08-02 00:00:00+00:00
[2026-08-02T18:57:47.848+0000] {processor.py:183} INFO - Processing /home/airflow/.local/lib/python3.12/site-packages/airflow/example_dags/example_nested_branch_dag.py took 0.084 seconds
[2026-08-02T19:00:10.744+0000] {processor.py:161} INFO - Started process (PID=87) to work on /home/airflow/.local/lib/python3.12/site-packages/airflow/example_dags/example_nested_branch_dag.py
[2026-08-02T19:00:10.746+0000] {processor.py:830} INFO - Processing file /home/airflow/.local/lib/python3.12/site-packages/airflow/example_dags/example_nested_branch_dag.py for tasks to queue
[2026-08-02T19:00:10.749+0000] {logging_mixin.py:188} INFO - [2026-08-02T19:00:10.748+0000] {dagbag.py:545} INFO - Filling up the DagBag from /home/airflow/.local/lib/python3.12/site-packages/airflow/example_dags/example_nested_branch_dag.py
[2026-08-02T19:00:10.760+0000] {processor.py:840} INFO - DAG(s) 'example_nested_branch_dag' retrieved from /home/airflow/.local/lib/python3.12/site-packages/airflow/example_dags/example_nested_branch_dag.py
[2026-08-02T19:00:10.775+0000] {logging_mixin.py:188} INFO - [2026-08-02T19:00:10.775+0000] {dag.py:3089} INFO - Sync 1 DAGs
[2026-08-02T19:00:10.806+0000] {logging_mixin.py:188} INFO - [2026-08-02T19:00:10.805+0000] {dag.py:3947} INFO - Setting next_dagrun for example_nested_branch_dag to 2026-08-01 00:00:00+00:00, run_after=2026-08-02 00:00:00+00:00
[2026-08-02T19:00:10.828+0000] {processor.py:183} INFO - Processing /home/airflow/.local/lib/python3.12/site-packages/airflow/example_dags/example_nested_branch_dag.py took 0.097 seconds
[2026-08-02T19:00:41.084+0000] {processor.py:161} INFO - Started process (PID=146) to work on /home/airflow/.local/lib/python3.12/site-packages/airflow/example_dags/example_nested_branch_dag.py
[2026-08-02T19:00:41.085+0000] {processor.py:830} INFO - Processing file /home/airflow/.local/lib/python3.12/site-packages/airflow/example_dags/example_nested_branch_dag.py for tasks to queue
[2026-08-02T19:00:41.088+0000] {logging_mixin.py:188} INFO - [2026-08-02T19:00:41.087+0000] {dagbag.py:545} INFO - Filling up the DagBag from /home/airflow/.local/lib/python3.12/site-packages/airflow/example_dags/example_nested_branch_dag.py
[2026-08-02T19:00:41.097+0000] {processor.py:840} INFO - DAG(s) 'example_nested_branch_dag' retrieved from /home/airflow/.local/lib/python3.12/site-packages/airflow/example_dags/example_nested_branch_dag.py
[2026-08-02T19:00:41.187+0000] {logging_mixin.py:188} INFO - [2026-08-02T19:00:41.187+0000] {dag.py:3089} INFO - Sync 1 DAGs
[2026-08-02T19:00:41.205+0000] {logging_mixin.py:188} INFO - [2026-08-02T19:00:41.205+0000] {dag.py:3947} INFO - Setting next_dagrun for example_nested_branch_dag to 2026-08-01 00:00:00+00:00, run_after=2026-08-02 00:00:00+00:00
[2026-08-02T19:00:41.224+0000] {processor.py:183} INFO - Processing /home/airflow/.local/lib/python3.12/site-packages/airflow/example_dags/example_nested_branch_dag.py took 0.144 seconds
[2026-08-02T19:01:11.429+0000] {processor.py:161} INFO - Started process (PID=205) to work on /home/airflow/.local/lib/python3.12/site-packages/airflow/example_dags/example_nested_branch_dag.py
[2026-08-02T19:01:11.430+0000] {processor.py:830} INFO - Processing file /home/airflow/.local/lib/python3.12/site-packages/airflow/example_dags/example_nested_branch_dag.py for tasks to queue
[2026-08-02T19:01:11.433+0000] {logging_mixin.py:188} INFO - [2026-08-02T19:01:11.433+0000] {dagbag.py:545} INFO - Filling up the DagBag from /home/airflow/.local/lib/python3.12/site-packages/airflow/example_dags/example_nested_branch_dag.py
[2026-08-02T19:01:11.443+0000] {processor.py:840} INFO - DAG(s) 'example_nested_branch_dag' retrieved from /home/airflow/.local/lib/python3.12/site-packages/airflow/example_dags/example_nested_branch_dag.py
[2026-08-02T19:01:11.466+0000] {logging_mixin.py:188} INFO - [2026-08-02T19:01:11.466+0000] {dag.py:3089} INFO - Sync 1 DAGs
[2026-08-02T19:01:11.489+0000] {logging_mixin.py:188} INFO - [2026-08-02T19:01:11.489+0000] {dag.py:3947} INFO - Setting next_dagrun for example_nested_branch_dag to 2026-08-01 00:00:00+00:00, run_after=2026-08-02 00:00:00+00:00
[2026-08-02T19:01:11.510+0000] {processor.py:183} INFO - Processing /home/airflow/.local/lib/python3.12/site-packages/airflow/example_dags/example_nested_branch_dag.py took 0.087 seconds
[2026-08-02T19:01:41.940+0000] {processor.py:161} INFO - Started process (PID=265) to work on /home/airflow/.local/lib/python3.12/site-packages/airflow/example_dags/example_nested_branch_dag.py
[2026-08-02T19:01:41.941+0000] {processor.py:830} INFO - Processing file /home/airflow/.local/lib/python3.12/site-packages/airflow/example_dags/example_nested_branch_dag.py for tasks to queue
[2026-08-02T19:01:41.943+0000] {logging_mixin.py:188} INFO - [2026-08-02T19:01:41.943+0000] {dagbag.py:545} INFO - Filling up the DagBag from /home/airflow/.local/lib/python3.12/site-packages/airflow/example_dags/example_nested_branch_dag.py
[2026-08-02T19:01:41.952+0000] {processor.py:840} INFO - DAG(s) 'example_nested_branch_dag' retrieved from /home/airflow/.local/lib/python3.12/site-packages/airflow/example_dags/example_nested_branch_dag.py
[2026-08-02T19:01:41.973+0000] {logging_mixin.py:188} INFO - [2026-08-02T19:01:41.973+0000] {dag.py:3089} INFO - Sync 1 DAGs
[2026-08-02T19:01:41.995+0000] {logging_mixin.py:188} INFO - [2026-08-02T19:01:41.995+0000] {dag.py:3947} INFO - Setting next_dagrun for example_nested_branch_dag to 2026-08-01 00:00:00+00:00, run_after=2026-08-02 00:00:00+00:00
[2026-08-02T19:01:42.015+0000] {processor.py:183} INFO - Processing /home/airflow/.local/lib/python3.12/site-packages/airflow/example_dags/example_nested_branch_dag.py took 0.081 seconds
[2026-08-02T19:02:12.138+0000] {processor.py:161} INFO - Started process (PID=324) to work on /home/airflow/.local/lib/python3.12/site-packages/airflow/example_dags/example_nested_branch_dag.py
[2026-08-02T19:02:12.139+0000] {processor.py:830} INFO - Processing file /home/airflow/.local/lib/python3.12/site-packages/airflow/example_dags/example_nested_branch_dag.py for tasks to queue
[2026-08-02T19:02:12.142+0000] {logging_mixin.py:188} INFO - [2026-08-02T19:02:12.141+0000] {dagbag.py:545} INFO - Filling up the DagBag from /home/airflow/.local/lib/python3.12/site-packages/airflow/example_dags/example_nested_branch_dag.py
[2026-08-02T19:02:12.154+0000] {processor.py:840} INFO - DAG(s) 'example_nested_branch_dag' retrieved from /home/airflow/.local/lib/python3.12/site-packages/airflow/example_dags/example_nested_branch_dag.py
[2026-08-02T19:02:12.181+0000] {logging_mixin.py:188} INFO - [2026-08-02T19:02:12.181+0000] {dag.py:3089} INFO - Sync 1 DAGs
[2026-08-02T19:02:12.203+0000] {logging_mixin.py:188} INFO - [2026-08-02T19:02:12.203+0000] {dag.py:3947} INFO - Setting next_dagrun for example_nested_branch_dag to 2026-08-01 00:00:00+00:00, run_after=2026-08-02 00:00:00+00:00
[2026-08-02T19:02:12.222+0000] {processor.py:183} INFO - Processing /home/airflow/.local/lib/python3.12/site-packages/airflow/example_dags/example_nested_branch_dag.py took 0.092 seconds
[2026-08-02T19:02:42.336+0000] {processor.py:161} INFO - Started process (PID=382) to work on /home/airflow/.local/lib/python3.12/site-packages/airflow/example_dags/example_nested_branch_dag.py
[2026-08-02T19:02:42.338+0000] {processor.py:830} INFO - Processing file /home/airflow/.local/lib/python3.12/site-packages/airflow/example_dags/example_nested_branch_dag.py for tasks to queue
[2026-08-02T19:02:42.340+0000] {logging_mixin.py:188} INFO - [2026-08-02T19:02:42.340+0000] {dagbag.py:545} INFO - Filling up the DagBag from /home/airflow/.local/lib/python3.12/site-packages/airflow/example_dags/example_nested_branch_dag.py
[2026-08-02T19:02:42.352+0000] {processor.py:840} INFO - DAG(s) 'example_nested_branch_dag' retrieved from /home/airflow/.local/lib/python3.12/site-packages/airflow/example_dags/example_nested_branch_dag.py
[2026-08-02T19:02:42.375+0000] {logging_mixin.py:188} INFO - [2026-08-02T19:02:42.374+0000] {dag.py:3089} INFO - Sync 1 DAGs
[2026-08-02T19:02:42.396+0000] {logging_mixin.py:188} INFO - [2026-08-02T19:02:42.396+0000] {dag.py:3947} INFO - Setting next_dagrun for example_nested_branch_dag to 2026-08-01 00:00:00+00:00, run_after=2026-08-02 00:00:00+00:00
[2026-08-02T19:02:42.415+0000] {processor.py:183} INFO - Processing /home/airflow/.local/lib/python3.12/site-packages/airflow/example_dags/example_nested_branch_dag.py took 0.084 seconds
[2026-08-02T19:03:12.598+0000] {processor.py:161} INFO - Started process (PID=441) to work on /home/airflow/.local/lib/python3.12/site-packages/airflow/example_dags/example_nested_branch_dag.py
[2026-08-02T19:03:12.600+0000] {processor.py:830} INFO - Processing file /home/airflow/.local/lib/python3.12/site-packages/airflow/example_dags/example_nested_branch_dag.py for tasks to queue
[2026-08-02T19:03:12.602+0000] {logging_mixin.py:188} INFO - [2026-08-02T19:03:12.602+0000] {dagbag.py:545} INFO - Filling up the DagBag from /home/airflow/.local/lib/python3.12/site-packages/airflow/example_dags/example_nested_branch_dag.py
[2026-08-02T19:03:12.611+0000] {processor.py:840} INFO - DAG(s) 'example_nested_branch_dag' retrieved from /home/airflow/.local/lib/python3.12/site-packages/airflow/example_dags/example_nested_branch_dag.py
[2026-08-02T19:03:12.633+0000] {logging_mixin.py:188} INFO - [2026-08-02T19:03:12.633+0000] {dag.py:3089} INFO - Sync 1 DAGs
[2026-08-02T19:03:12.655+0000] {logging_mixin.py:188} INFO - [2026-08-02T19:03:12.655+0000] {dag.py:3947} INFO - Setting next_dagrun for example_nested_branch_dag to 2026-08-01 00:00:00+00:00, run_after=2026-08-02 00:00:00+00:00
[2026-08-02T19:03:12.674+0000] {processor.py:183} INFO - Processing /home/airflow/.local/lib/python3.12/site-packages/airflow/example_dags/example_nested_branch_dag.py took 0.084 seconds
[2026-08-02T19:03:43.296+0000] {processor.py:161} INFO - Started process (PID=500) to work on /home/airflow/.local/lib/python3.12/site-packages/airflow/example_dags/example_nested_branch_dag.py
[2026-08-02T19:03:43.298+0000] {processor.py:830} INFO - Processing file /home/airflow/.local/lib/python3.12/site-packages/airflow/example_dags/example_nested_branch_dag.py for tasks to queue
[2026-08-02T19:03:43.301+0000] {logging_mixin.py:188} INFO - [2026-08-02T19:03:43.300+0000] {dagbag.py:545} INFO - Filling up the DagBag from /home/airflow/.local/lib/python3.12/site-packages/airflow/example_dags/example_nested_branch_dag.py
[2026-08-02T19:03:43.317+0000] {processor.py:840} INFO - DAG(s) 'example_nested_branch_dag' retrieved from /home/airflow/.local/lib/python3.12/site-packages/airflow/example_dags/example_nested_branch_dag.py
[2026-08-02T19:03:43.351+0000] {logging_mixin.py:188} INFO - [2026-08-02T19:03:43.351+0000] {dag.py:3089} INFO - Sync 1 DAGs
[2026-08-02T19:03:43.381+0000] {logging_mixin.py:188} INFO - [2026-08-02T19:03:43.381+0000] {dag.py:3947} INFO - Setting next_dagrun for example_nested_branch_dag to 2026-08-01 00:00:00+00:00, run_after=2026-08-02 00:00:00+00:00
[2026-08-02T19:03:43.400+0000] {processor.py:183} INFO - Processing /home/airflow/.local/lib/python3.12/site-packages/airflow/example_dags/example_nested_branch_dag.py took 0.114 seconds
[2026-08-02T19:04:14.586+0000] {processor.py:161} INFO - Started process (PID=560) to work on /home/airflow/.local/lib/python3.12/site-packages/airflow/example_dags/example_nested_branch_dag.py
[2026-08-02T19:04:14.588+0000] {processor.py:830} INFO - Processing file /home/airflow/.local/lib/python3.12/site-packages/airflow/example_dags/example_nested_branch_dag.py for tasks to queue
[2026-08-02T19:04:14.591+0000] {logging_mixin.py:188} INFO - [2026-08-02T19:04:14.591+0000] {dagbag.py:545} INFO - Filling up the DagBag from /home/airflow/.local/lib/python3.12/site-packages/airflow/example_dags/example_nested_branch_dag.py
[2026-08-02T19:04:14.606+0000] {processor.py:840} INFO - DAG(s) 'example_nested_branch_dag' retrieved from /home/airflow/.local/lib/python3.12/site-packages/airflow/example_dags/example_nested_branch_dag.py
[2026-08-02T19:04:14.632+0000] {logging_mixin.py:188} INFO - [2026-08-02T19:04:14.632+0000] {dag.py:3089} INFO - Sync 1 DAGs
[2026-08-02T19:04:14.653+0000] {logging_mixin.py:188} INFO - [2026-08-02T19:04:14.653+0000] {dag.py:3947} INFO - Setting next_dagrun for example_nested_branch_dag to 2026-08-01 00:00:00+00:00, run_after=2026-08-02 00:00:00+00:00
[2026-08-02T19:04:14.672+0000] {processor.py:183} INFO - Processing /home/airflow/.local/lib/python3.12/site-packages/airflow/example_dags/example_nested_branch_dag.py took 0.094 seconds
[2026-08-02T19:04:45.159+0000] {processor.py:161} INFO - Started process (PID=619) to work on /home/airflow/.local/lib/python3.12/site-packages/airflow/example_dags/example_nested_branch_dag.py
[2026-08-02T19:04:45.160+0000] {processor.py:830} INFO - Processing file /home/airflow/.local/lib/python3.12/site-packages/airflow/example_dags/example_nested_branch_dag.py for tasks to queue
[2026-08-02T19:04:45.163+0000] {logging_mixin.py:188} INFO - [2026-08-02T19:04:45.163+0000] {dagbag.py:545} INFO - Filling up the DagBag from /home/airflow/.local/lib/python3.12/site-packages/airflow/example_dags/example_nested_branch_dag.py
[2026-08-02T19:04:45.176+0000] {processor.py:840} INFO - DAG(s) 'example_nested_branch_dag' retrieved from /home/airflow/.local/lib/python3.12/site-packages/airflow/example_dags/example_nested_branch_dag.py
[2026-08-02T19:04:45.199+0000] {logging_mixin.py:188} INFO - [2026-08-02T19:04:45.198+0000] {dag.py:3089} INFO - Sync 1 DAGs
[2026-08-02T19:04:45.221+0000] {logging_mixin.py:188} INFO - [2026-08-02T19:04:45.221+0000] {dag.py:3947} INFO - Setting next_dagrun for example_nested_branch_dag to 2026-08-01 00:00:00+00:00, run_after=2026-08-02 00:00:00+00:00
[2026-08-02T19:04:45.241+0000] {processor.py:183} INFO - Processing /home/airflow/.local/lib/python3.12/site-packages/airflow/example_dags/example_nested_branch_dag.py took 0.090 seconds
[2026-08-02T19:05:15.837+0000] {processor.py:161} INFO - Started process (PID=678) to work on /home/airflow/.local/lib/python3.12/site-packages/airflow/example_dags/example_nested_branch_dag.py
[2026-08-02T19:05:15.839+0000] {processor.py:830} INFO - Processing file /home/airflow/.local/lib/python3.12/site-packages/airflow/example_dags/example_nested_branch_dag.py for tasks to queue
[2026-08-02T19:05:15.842+0000] {logging_mixin.py:188} INFO - [2026-08-02T19:05:15.841+0000] {dagbag.py:545} INFO - Filling up the DagBag from /home/airflow/.local/lib/python3.12/site-packages/airflow/example_dags/example_nested_branch_dag.py
[2026-08-02T19:05:15.853+0000] {processor.py:840} INFO - DAG(s) 'example_nested_branch_dag' retrieved from /home/airflow/.local/lib/python3.12/site-packages/airflow/example_dags/example_nested_branch_dag.py
[2026-08-02T19:05:15.875+0000] {logging_mixin.py:188} INFO - [2026-08-02T19:05:15.875+0000] {dag.py:3089} INFO - Sync 1 DAGs
[2026-08-02T19:05:15.900+0000] {logging_mixin.py:188} INFO - [2026-08-02T19:05:15.900+0000] {dag.py:3947} INFO - Setting next_dagrun for example_nested_branch_dag to 2026-08-01 00:00:00+00:00, run_after=2026-08-02 00:00:00+00:00
[2026-08-02T19:05:15.925+0000] {processor.py:183} INFO - Processing /home/airflow/.local/lib/python3.12/site-packages/airflow/example_dags/example_nested_branch_dag.py took 0.098 seconds
[2026-08-02T19:05:46.437+0000] {processor.py:161} INFO - Started process (PID=737) to work on /home/airflow/.local/lib/python3.12/site-packages/airflow/example_dags/example_nested_branch_dag.py
[2026-08-02T19:05:46.439+0000] {processor.py:830} INFO - Processing file /home/airflow/.local/lib/python3.12/site-packages/airflow/example_dags/example_nested_branch_dag.py for tasks to queue
[2026-08-02T19:05:46.441+0000] {logging_mixin.py:188} INFO - [2026-08-02T19:05:46.441+0000] {dagbag.py:545} INFO - Filling up the DagBag from /home/airflow/.local/lib/python3.12/site-packages/airflow/example_dags/example_nested_branch_dag.py
[2026-08-02T19:05:46.452+0000] {processor.py:840} INFO - DAG(s) 'example_nested_branch_dag' retrieved from /home/airflow/.local/lib/python3.12/site-packages/airflow/example_dags/example_nested_branch_dag.py
[2026-08-02T19:05:46.474+0000] {logging_mixin.py:188} INFO - [2026-08-02T19:05:46.473+0000] {dag.py:3089} INFO - Sync 1 DAGs
[2026-08-02T19:05:46.495+0000] {logging_mixin.py:188} INFO - [2026-08-02T19:05:46.495+0000] {dag.py:3947} INFO - Setting next_dagrun for example_nested_branch_dag to 2026-08-01 00:00:00+00:00, run_after=2026-08-02 00:00:00+00:00
[2026-08-02T19:05:46.515+0000] {processor.py:183} INFO - Processing /home/airflow/.local/lib/python3.12/site-packages/airflow/example_dags/example_nested_branch_dag.py took 0.085 seconds
[2026-08-02T19:06:16.999+0000] {processor.py:161} INFO - Started process (PID=796) to work on /home/airflow/.local/lib/python3.12/site-packages/airflow/example_dags/example_nested_branch_dag.py
[2026-08-02T19:06:17.001+0000] {processor.py:830} INFO - Processing file /home/airflow/.local/lib/python3.12/site-packages/airflow/example_dags/example_nested_branch_dag.py for tasks to queue
[2026-08-02T19:06:17.003+0000] {logging_mixin.py:188} INFO - [2026-08-02T19:06:17.002+0000] {dagbag.py:545} INFO - Filling up the DagBag from /home/airflow/.local/lib/python3.12/site-packages/airflow/example_dags/example_nested_branch_dag.py
[2026-08-02T19:06:17.012+0000] {processor.py:840} INFO - DAG(s) 'example_nested_branch_dag' retrieved from /home/airflow/.local/lib/python3.12/site-packages/airflow/example_dags/example_nested_branch_dag.py
[2026-08-02T19:06:17.033+0000] {logging_mixin.py:188} INFO - [2026-08-02T19:06:17.033+0000] {dag.py:3089} INFO - Sync 1 DAGs
[2026-08-02T19:06:17.053+0000] {logging_mixin.py:188} INFO - [2026-08-02T19:06:17.053+0000] {dag.py:3947} INFO - Setting next_dagrun for example_nested_branch_dag to 2026-08-01 00:00:00+00:00, run_after=2026-08-02 00:00:00+00:00
[2026-08-02T19:06:17.071+0000] {processor.py:183} INFO - Processing /home/airflow/.local/lib/python3.12/site-packages/airflow/example_dags/example_nested_branch_dag.py took 0.078 seconds
[2026-08-02T19:06:47.688+0000] {processor.py:161} INFO - Started process (PID=855) to work on /home/airflow/.local/lib/python3.12/site-packages/airflow/example_dags/example_nested_branch_dag.py
[2026-08-02T19:06:47.690+0000] {processor.py:830} INFO - Processing file /home/airflow/.local/lib/python3.12/site-packages/airflow/example_dags/example_nested_branch_dag.py for tasks to queue
[2026-08-02T19:06:47.692+0000] {logging_mixin.py:188} INFO - [2026-08-02T19:06:47.692+0000] {dagbag.py:545} INFO - Filling up the DagBag from /home/airflow/.local/lib/python3.12/site-packages/airflow/example_dags/example_nested_branch_dag.py
[2026-08-02T19:06:47.703+0000] {processor.py:840} INFO - DAG(s) 'example_nested_branch_dag' retrieved from /home/airflow/.local/lib/python3.12/site-packages/airflow/example_dags/example_nested_branch_dag.py
[2026-08-02T19:06:47.727+0000] {logging_mixin.py:188} INFO - [2026-08-02T19:06:47.727+0000] {dag.py:3089} INFO - Sync 1 DAGs
[2026-08-02T19:06:47.751+0000] {logging_mixin.py:188} INFO - [2026-08-02T19:06:47.751+0000] {dag.py:3947} INFO - Setting next_dagrun for example_nested_branch_dag to 2026-08-01 00:00:00+00:00, run_after=2026-08-02 00:00:00+00:00
[2026-08-02T19:06:47.770+0000] {processor.py:183} INFO - Processing /home/airflow/.local/lib/python3.12/site-packages/airflow/example_dags/example_nested_branch_dag.py took 0.088 seconds
[2026-08-02T19:07:18.175+0000] {processor.py:161} INFO - Started process (PID=914) to work on /home/airflow/.local/lib/python3.12/site-packages/airflow/example_dags/example_nested_branch_dag.py
[2026-08-02T19:07:18.176+0000] {processor.py:830} INFO - Processing file /home/airflow/.local/lib/python3.12/site-packages/airflow/example_dags/example_nested_branch_dag.py for tasks to queue
[2026-08-02T19:07:18.181+0000] {logging_mixin.py:188} INFO - [2026-08-02T19:07:18.181+0000] {dagbag.py:545} INFO - Filling up the DagBag from /home/airflow/.local/lib/python3.12/site-packages/airflow/example_dags/example_nested_branch_dag.py
[2026-08-02T19:07:18.194+0000] {processor.py:840} INFO - DAG(s) 'example_nested_branch_dag' retrieved from /home/airflow/.local/lib/python3.12/site-packages/airflow/example_dags/example_nested_branch_dag.py
[2026-08-02T19:07:18.220+0000] {logging_mixin.py:188} INFO - [2026-08-02T19:07:18.220+0000] {dag.py:3089} INFO - Sync 1 DAGs
[2026-08-02T19:07:18.246+0000] {logging_mixin.py:188} INFO - [2026-08-02T19:07:18.246+0000] {dag.py:3947} INFO - Setting next_dagrun for example_nested_branch_dag to 2026-08-01 00:00:00+00:00, run_after=2026-08-02 00:00:00+00:00
[2026-08-02T19:07:18.270+0000] {processor.py:183} INFO - Processing /home/airflow/.local/lib/python3.12/site-packages/airflow/example_dags/example_nested_branch_dag.py took 0.102 seconds
[2026-08-02T19:07:48.757+0000] {processor.py:161} INFO - Started process (PID=973) to work on /home/airflow/.local/lib/python3.12/site-packages/airflow/example_dags/example_nested_branch_dag.py
[2026-08-02T19:07:48.759+0000] {processor.py:830} INFO - Processing file /home/airflow/.local/lib/python3.12/site-packages/airflow/example_dags/example_nested_branch_dag.py for tasks to queue
[2026-08-02T19:07:48.761+0000] {logging_mixin.py:188} INFO - [2026-08-02T19:07:48.761+0000] {dagbag.py:545} INFO - Filling up the DagBag from /home/airflow/.local/lib/python3.12/site-packages/airflow/example_dags/example_nested_branch_dag.py
[2026-08-02T19:07:48.774+0000] {processor.py:840} INFO - DAG(s) 'example_nested_branch_dag' retrieved from /home/airflow/.local/lib/python3.12/site-packages/airflow/example_dags/example_nested_branch_dag.py
[2026-08-02T19:07:48.803+0000] {logging_mixin.py:188} INFO - [2026-08-02T19:07:48.802+0000] {dag.py:3089} INFO - Sync 1 DAGs
[2026-08-02T19:07:48.835+0000] {logging_mixin.py:188} INFO - [2026-08-02T19:07:48.835+0000] {dag.py:3947} INFO - Setting next_dagrun for example_nested_branch_dag to 2026-08-01 00:00:00+00:00, run_after=2026-08-02 00:00:00+00:00
[2026-08-02T19:07:48.870+0000] {processor.py:183} INFO - Processing /home/airflow/.local/lib/python3.12/site-packages/airflow/example_dags/example_nested_branch_dag.py took 0.120 seconds
[2026-08-02T19:08:18.977+0000] {processor.py:161} INFO - Started process (PID=1032) to work on /home/airflow/.local/lib/python3.12/site-packages/airflow/example_dags/example_nested_branch_dag.py
[2026-08-02T19:08:18.979+0000] {processor.py:830} INFO - Processing file /home/airflow/.local/lib/python3.12/site-packages/airflow/example_dags/example_nested_branch_dag.py for tasks to queue
[2026-08-02T19:08:18.981+0000] {logging_mixin.py:188} INFO - [2026-08-02T19:08:18.981+0000] {dagbag.py:545} INFO - Filling up the DagBag from /home/airflow/.local/lib/python3.12/site-packages/airflow/example_dags/example_nested_branch_dag.py
[2026-08-02T19:08:18.990+0000] {processor.py:840} INFO - DAG(s) 'example_nested_branch_dag' retrieved from /home/airflow/.local/lib/python3.12/site-packages/airflow/example_dags/example_nested_branch_dag.py
[2026-08-02T19:08:19.010+0000] {logging_mixin.py:188} INFO - [2026-08-02T19:08:19.010+0000] {dag.py:3089} INFO - Sync 1 DAGs
[2026-08-02T19:08:19.030+0000] {logging_mixin.py:188} INFO - [2026-08-02T19:08:19.029+0000] {dag.py:3947} INFO - Setting next_dagrun for example_nested_branch_dag to 2026-08-01 00:00:00+00:00, run_after=2026-08-02 00:00:00+00:00
[2026-08-02T19:08:19.048+0000] {processor.py:183} INFO - Processing /home/airflow/.local/lib/python3.12/site-packages/airflow/example_dags/example_nested_branch_dag.py took 0.077 seconds
[2026-08-02T19:09:51.316+0000] {processor.py:161} INFO - Started process (PID=123) to work on /home/airflow/.local/lib/python3.12/site-packages/airflow/example_dags/example_nested_branch_dag.py
[2026-08-02T19:09:51.319+0000] {processor.py:830} INFO - Processing file /home/airflow/.local/lib/python3.12/site-packages/airflow/example_dags/example_nested_branch_dag.py for tasks to queue
[2026-08-02T19:09:51.323+0000] {logging_mixin.py:188} INFO - [2026-08-02T19:09:51.323+0000] {dagbag.py:545} INFO - Filling up the DagBag from /home/airflow/.local/lib/python3.12/site-packages/airflow/example_dags/example_nested_branch_dag.py
[2026-08-02T19:09:51.343+0000] {processor.py:840} INFO - DAG(s) 'example_nested_branch_dag' retrieved from /home/airflow/.local/lib/python3.12/site-packages/airflow/example_dags/example_nested_branch_dag.py
[2026-08-02T19:09:51.487+0000] {logging_mixin.py:188} INFO - [2026-08-02T19:09:51.487+0000] {dag.py:3089} INFO - Sync 1 DAGs
[2026-08-02T19:09:51.510+0000] {logging_mixin.py:188} INFO - [2026-08-02T19:09:51.510+0000] {dag.py:3947} INFO - Setting next_dagrun for example_nested_branch_dag to 2026-08-01 00:00:00+00:00, run_after=2026-08-02 00:00:00+00:00
[2026-08-02T19:09:51.537+0000] {processor.py:183} INFO - Processing /home/airflow/.local/lib/python3.12/site-packages/airflow/example_dags/example_nested_branch_dag.py took 0.237 seconds
[2026-08-02T19:10:22.495+0000] {processor.py:161} INFO - Started process (PID=182) to work on /home/airflow/.local/lib/python3.12/site-packages/airflow/example_dags/example_nested_branch_dag.py
[2026-08-02T19:10:22.497+0000] {processor.py:830} INFO - Processing file /home/airflow/.local/lib/python3.12/site-packages/airflow/example_dags/example_nested_branch_dag.py for tasks to queue
[2026-08-02T19:10:22.499+0000] {logging_mixin.py:188} INFO - [2026-08-02T19:10:22.499+0000] {dagbag.py:545} INFO - Filling up the DagBag from /home/airflow/.local/lib/python3.12/site-packages/airflow/example_dags/example_nested_branch_dag.py
[2026-08-02T19:10:22.509+0000] {processor.py:840} INFO - DAG(s) 'example_nested_branch_dag' retrieved from /home/airflow/.local/lib/python3.12/site-packages/airflow/example_dags/example_nested_branch_dag.py
[2026-08-02T19:10:22.530+0000] {logging_mixin.py:188} INFO - [2026-08-02T19:10:22.530+0000] {dag.py:3089} INFO - Sync 1 DAGs
[2026-08-02T19:10:22.551+0000] {logging_mixin.py:188} INFO - [2026-08-02T19:10:22.551+0000] {dag.py:3947} INFO - Setting next_dagrun for example_nested_branch_dag to 2026-08-01 00:00:00+00:00, run_after=2026-08-02 00:00:00+00:00
[2026-08-02T19:10:22.581+0000] {processor.py:183} INFO - Processing /home/airflow/.local/lib/python3.12/site-packages/airflow/example_dags/example_nested_branch_dag.py took 0.092 seconds
[2026-08-02T19:10:52.988+0000] {processor.py:161} INFO - Started process (PID=241) to work on /home/airflow/.local/lib/python3.12/site-packages/airflow/example_dags/example_nested_branch_dag.py
[2026-08-02T19:10:52.990+0000] {processor.py:830} INFO - Processing file /home/airflow/.local/lib/python3.12/site-packages/airflow/example_dags/example_nested_branch_dag.py for tasks to queue
[2026-08-02T19:10:52.993+0000] {logging_mixin.py:188} INFO - [2026-08-02T19:10:52.993+0000] {dagbag.py:545} INFO - Filling up the DagBag from /home/airflow/.local/lib/python3.12/site-packages/airflow/example_dags/example_nested_branch_dag.py
[2026-08-02T19:10:53.006+0000] {processor.py:840} INFO - DAG(s) 'example_nested_branch_dag' retrieved from /home/airflow/.local/lib/python3.12/site-packages/airflow/example_dags/example_nested_branch_dag.py
[2026-08-02T19:10:53.031+0000] {logging_mixin.py:188} INFO - [2026-08-02T19:10:53.031+0000] {dag.py:3089} INFO - Sync 1 DAGs
[2026-08-02T19:10:53.056+0000] {logging_mixin.py:188} INFO - [2026-08-02T19:10:53.056+0000] {dag.py:3947} INFO - Setting next_dagrun for example_nested_branch_dag to 2026-08-01 00:00:00+00:00, run_after=2026-08-02 00:00:00+00:00
[2026-08-02T19:10:53.080+0000] {processor.py:183} INFO - Processing /home/airflow/.local/lib/python3.12/site-packages/airflow/example_dags/example_nested_branch_dag.py took 0.099 seconds
[2026-08-02T19:11:23.183+0000] {processor.py:161} INFO - Started process (PID=299) to work on /home/airflow/.local/lib/python3.12/site-packages/airflow/example_dags/example_nested_branch_dag.py
[2026-08-02T19:11:23.186+0000] {processor.py:830} INFO - Processing file /home/airflow/.local/lib/python3.12/site-packages/airflow/example_dags/example_nested_branch_dag.py for tasks to queue
[2026-08-02T19:11:23.190+0000] {logging_mixin.py:188} INFO - [2026-08-02T19:11:23.189+0000] {dagbag.py:545} INFO - Filling up the DagBag from /home/airflow/.local/lib/python3.12/site-packages/airflow/example_dags/example_nested_branch_dag.py
[2026-08-02T19:11:23.207+0000] {processor.py:840} INFO - DAG(s) 'example_nested_branch_dag' retrieved from /home/airflow/.local/lib/python3.12/site-packages/airflow/example_dags/example_nested_branch_dag.py
[2026-08-02T19:11:23.239+0000] {logging_mixin.py:188} INFO - [2026-08-02T19:11:23.239+0000] {dag.py:3089} INFO - Sync 1 DAGs
[2026-08-02T19:11:23.263+0000] {logging_mixin.py:188} INFO - [2026-08-02T19:11:23.262+0000] {dag.py:3947} INFO - Setting next_dagrun for example_nested_branch_dag to 2026-08-01 00:00:00+00:00, run_after=2026-08-02 00:00:00+00:00
[2026-08-02T19:11:23.285+0000] {processor.py:183} INFO - Processing /home/airflow/.local/lib/python3.12/site-packages/airflow/example_dags/example_nested_branch_dag.py took 0.114 seconds
[2026-08-02T19:11:53.587+0000] {processor.py:161} INFO - Started process (PID=358) to work on /home/airflow/.local/lib/python3.12/site-packages/airflow/example_dags/example_nested_branch_dag.py
[2026-08-02T19:11:53.589+0000] {processor.py:830} INFO - Processing file /home/airflow/.local/lib/python3.12/site-packages/airflow/example_dags/example_nested_branch_dag.py for tasks to queue
[2026-08-02T19:11:53.592+0000] {logging_mixin.py:188} INFO - [2026-08-02T19:11:53.592+0000] {dagbag.py:545} INFO - Filling up the DagBag from /home/airflow/.local/lib/python3.12/site-packages/airflow/example_dags/example_nested_branch_dag.py
[2026-08-02T19:11:53.603+0000] {processor.py:840} INFO - DAG(s) 'example_nested_branch_dag' retrieved from /home/airflow/.local/lib/python3.12/site-packages/airflow/example_dags/example_nested_branch_dag.py
[2026-08-02T19:11:53.630+0000] {logging_mixin.py:188} INFO - [2026-08-02T19:11:53.630+0000] {dag.py:3089} INFO - Sync 1 DAGs
[2026-08-02T19:11:53.653+0000] {logging_mixin.py:188} INFO - [2026-08-02T19:11:53.653+0000] {dag.py:3947} INFO - Setting next_dagrun for example_nested_branch_dag to 2026-08-01 00:00:00+00:00, run_after=2026-08-02 00:00:00+00:00
[2026-08-02T19:11:53.671+0000] {processor.py:183} INFO - Processing /home/airflow/.local/lib/python3.12/site-packages/airflow/example_dags/example_nested_branch_dag.py took 0.089 seconds
[2026-08-02T19:12:24.354+0000] {processor.py:161} INFO - Started process (PID=418) to work on /home/airflow/.local/lib/python3.12/site-packages/airflow/example_dags/example_nested_branch_dag.py
[2026-08-02T19:12:24.355+0000] {processor.py:830} INFO - Processing file /home/airflow/.local/lib/python3.12/site-packages/airflow/example_dags/example_nested_branch_dag.py for tasks to queue
[2026-08-02T19:12:24.357+0000] {logging_mixin.py:188} INFO - [2026-08-02T19:12:24.357+0000] {dagbag.py:545} INFO - Filling up the DagBag from /home/airflow/.local/lib/python3.12/site-packages/airflow/example_dags/example_nested_branch_dag.py
[2026-08-02T19:12:24.368+0000] {processor.py:840} INFO - DAG(s) 'example_nested_branch_dag' retrieved from /home/airflow/.local/lib/python3.12/site-packages/airflow/example_dags/example_nested_branch_dag.py
[2026-08-02T19:12:24.389+0000] {logging_mixin.py:188} INFO - [2026-08-02T19:12:24.389+0000] {dag.py:3089} INFO - Sync 1 DAGs
[2026-08-02T19:12:24.410+0000] {logging_mixin.py:188} INFO - [2026-08-02T19:12:24.410+0000] {dag.py:3947} INFO - Setting next_dagrun for example_nested_branch_dag to 2026-08-01 00:00:00+00:00, run_after=2026-08-02 00:00:00+00:00
[2026-08-02T19:12:24.429+0000] {processor.py:183} INFO - Processing /home/airflow/.local/lib/python3.12/site-packages/airflow/example_dags/example_nested_branch_dag.py took 0.081 seconds
[2026-08-02T19:12:54.857+0000] {processor.py:161} INFO - Started process (PID=477) to work on /home/airflow/.local/lib/python3.12/site-packages/airflow/example_dags/example_nested_branch_dag.py
[2026-08-02T19:12:54.858+0000] {processor.py:830} INFO - Processing file /home/airflow/.local/lib/python3.12/site-packages/airflow/example_dags/example_nested_branch_dag.py for tasks to queue
[2026-08-02T19:12:54.860+0000] {logging_mixin.py:188} INFO - [2026-08-02T19:12:54.860+0000] {dagbag.py:545} INFO - Filling up the DagBag from /home/airflow/.local/lib/python3.12/site-packages/airflow/example_dags/example_nested_branch_dag.py
[2026-08-02T19:12:54.869+0000] {processor.py:840} INFO - DAG(s) 'example_nested_branch_dag' retrieved from /home/airflow/.local/lib/python3.12/site-packages/airflow/example_dags/example_nested_branch_dag.py
[2026-08-02T19:12:54.890+0000] {logging_mixin.py:188} INFO - [2026-08-02T19:12:54.890+0000] {dag.py:3089} INFO - Sync 1 DAGs
[2026-08-02T19:12:54.911+0000] {logging_mixin.py:188} INFO - [2026-08-02T19:12:54.911+0000] {dag.py:3947} INFO - Setting next_dagrun for example_nested_branch_dag to 2026-08-01 00:00:00+00:00, run_after=2026-08-02 00:00:00+00:00
[2026-08-02T19:12:54.931+0000] {processor.py:183} INFO - Processing /home/airflow/.local/lib/python3.12/site-packages/airflow/example_dags/example_nested_branch_dag.py took 0.080 seconds
[2026-08-02T19:13:25.344+0000] {processor.py:161} INFO - Started process (PID=536) to work on /home/airflow/.local/lib/python3.12/site-packages/airflow/example_dags/example_nested_branch_dag.py
[2026-08-02T19:13:25.346+0000] {processor.py:830} INFO - Processing file /home/airflow/.local/lib/python3.12/site-packages/airflow/example_dags/example_nested_branch_dag.py for tasks to queue
[2026-08-02T19:13:25.348+0000] {logging_mixin.py:188} INFO - [2026-08-02T19:13:25.347+0000] {dagbag.py:545} INFO - Filling up the DagBag from /home/airflow/.local/lib/python3.12/site-packages/airflow/example_dags/example_nested_branch_dag.py
[2026-08-02T19:13:25.357+0000] {processor.py:840} INFO - DAG(s) 'example_nested_branch_dag' retrieved from /home/airflow/.local/lib/python3.12/site-packages/airflow/example_dags/example_nested_branch_dag.py
[2026-08-02T19:13:25.382+0000] {logging_mixin.py:188} INFO - [2026-08-02T19:13:25.382+0000] {dag.py:3089} INFO - Sync 1 DAGs
[2026-08-02T19:13:25.404+0000] {logging_mixin.py:188} INFO - [2026-08-02T19:13:25.404+0000] {dag.py:3947} INFO - Setting next_dagrun for example_nested_branch_dag to 2026-08-01 00:00:00+00:00, run_after=2026-08-02 00:00:00+00:00
[2026-08-02T19:13:25.422+0000] {processor.py:183} INFO - Processing /home/airflow/.local/lib/python3.12/site-packages/airflow/example_dags/example_nested_branch_dag.py took 0.085 seconds
[2026-08-02T19:13:55.502+0000] {processor.py:161} INFO - Started process (PID=594) to work on /home/airflow/.local/lib/python3.12/site-packages/airflow/example_dags/example_nested_branch_dag.py
[2026-08-02T19:13:55.504+0000] {processor.py:830} INFO - Processing file /home/airflow/.local/lib/python3.12/site-packages/airflow/example_dags/example_nested_branch_dag.py for tasks to queue
[2026-08-02T19:13:55.506+0000] {logging_mixin.py:188} INFO - [2026-08-02T19:13:55.506+0000] {dagbag.py:545} INFO - Filling up the DagBag from /home/airflow/.local/lib/python3.12/site-packages/airflow/example_dags/example_nested_branch_dag.py
[2026-08-02T19:13:55.517+0000] {processor.py:840} INFO - DAG(s) 'example_nested_branch_dag' retrieved from /home/airflow/.local/lib/python3.12/site-packages/airflow/example_dags/example_nested_branch_dag.py
[2026-08-02T19:13:55.538+0000] {logging_mixin.py:188} INFO - [2026-08-02T19:13:55.538+0000] {dag.py:3089} INFO - Sync 1 DAGs
[2026-08-02T19:13:55.560+0000] {logging_mixin.py:188} INFO - [2026-08-02T19:13:55.560+0000] {dag.py:3947} INFO - Setting next_dagrun for example_nested_branch_dag to 2026-08-01 00:00:00+00:00, run_after=2026-08-02 00:00:00+00:00
[2026-08-02T19:13:55.580+0000] {processor.py:183} INFO - Processing /home/airflow/.local/lib/python3.12/site-packages/airflow/example_dags/example_nested_branch_dag.py took 0.084 seconds
[2026-08-02T19:14:25.661+0000] {processor.py:161} INFO - Started process (PID=653) to work on /home/airflow/.local/lib/python3.12/site-packages/airflow/example_dags/example_nested_branch_dag.py
[2026-08-02T19:14:25.664+0000] {processor.py:830} INFO - Processing file /home/airflow/.local/lib/python3.12/site-packages/airflow/example_dags/example_nested_branch_dag.py for tasks to queue
[2026-08-02T19:14:25.668+0000] {logging_mixin.py:188} INFO - [2026-08-02T19:14:25.667+0000] {dagbag.py:545} INFO - Filling up the DagBag from /home/airflow/.local/lib/python3.12/site-packages/airflow/example_dags/example_nested_branch_dag.py
[2026-08-02T19:14:25.679+0000] {processor.py:840} INFO - DAG(s) 'example_nested_branch_dag' retrieved from /home/airflow/.local/lib/python3.12/site-packages/airflow/example_dags/example_nested_branch_dag.py
[2026-08-02T19:14:25.702+0000] {logging_mixin.py:188} INFO - [2026-08-02T19:14:25.702+0000] {dag.py:3089} INFO - Sync 1 DAGs
[2026-08-02T19:14:25.724+0000] {logging_mixin.py:188} INFO - [2026-08-02T19:14:25.723+0000] {dag.py:3947} INFO - Setting next_dagrun for example_nested_branch_dag to 2026-08-01 00:00:00+00:00, run_after=2026-08-02 00:00:00+00:00
[2026-08-02T19:14:25.742+0000] {processor.py:183} INFO - Processing /home/airflow/.local/lib/python3.12/site-packages/airflow/example_dags/example_nested_branch_dag.py took 0.089 seconds
[2026-08-02T19:14:56.208+0000] {processor.py:161} INFO - Started process (PID=712) to work on /home/airflow/.local/lib/python3.12/site-packages/airflow/example_dags/example_nested_branch_dag.py
[2026-08-02T19:14:56.209+0000] {processor.py:830} INFO - Processing file /home/airflow/.local/lib/python3.12/site-packages/airflow/example_dags/example_nested_branch_dag.py for tasks to queue
[2026-08-02T19:14:56.211+0000] {logging_mixin.py:188} INFO - [2026-08-02T19:14:56.211+0000] {dagbag.py:545} INFO - Filling up the DagBag from /home/airflow/.local/lib/python3.12/site-packages/airflow/example_dags/example_nested_branch_dag.py
[2026-08-02T19:14:56.222+0000] {processor.py:840} INFO - DAG(s) 'example_nested_branch_dag' retrieved from /home/airflow/.local/lib/python3.12/site-packages/airflow/example_dags/example_nested_branch_dag.py
[2026-08-02T19:14:56.246+0000] {logging_mixin.py:188} INFO - [2026-08-02T19:14:56.246+0000] {dag.py:3089} INFO - Sync 1 DAGs
[2026-08-02T19:14:56.269+0000] {logging_mixin.py:188} INFO - [2026-08-02T19:14:56.269+0000] {dag.py:3947} INFO - Setting next_dagrun for example_nested_branch_dag to 2026-08-01 00:00:00+00:00, run_after=2026-08-02 00:00:00+00:00
[2026-08-02T19:14:56.293+0000] {processor.py:183} INFO - Processing /home/airflow/.local/lib/python3.12/site-packages/airflow/example_dags/example_nested_branch_dag.py took 0.091 seconds
[2026-08-02T19:15:26.647+0000] {processor.py:161} INFO - Started process (PID=771) to work on /home/airflow/.local/lib/python3.12/site-packages/airflow/example_dags/example_nested_branch_dag.py
[2026-08-02T19:15:26.649+0000] {processor.py:830} INFO - Processing file /home/airflow/.local/lib/python3.12/site-packages/airflow/example_dags/example_nested_branch_dag.py for tasks to queue
[2026-08-02T19:15:26.651+0000] {logging_mixin.py:188} INFO - [2026-08-02T19:15:26.651+0000] {dagbag.py:545} INFO - Filling up the DagBag from /home/airflow/.local/lib/python3.12/site-packages/airflow/example_dags/example_nested_branch_dag.py
[2026-08-02T19:15:26.660+0000] {processor.py:840} INFO - DAG(s) 'example_nested_branch_dag' retrieved from /home/airflow/.local/lib/python3.12/site-packages/airflow/example_dags/example_nested_branch_dag.py
[2026-08-02T19:15:26.681+0000] {logging_mixin.py:188} INFO - [2026-08-02T19:15:26.681+0000] {dag.py:3089} INFO - Sync 1 DAGs
[2026-08-02T19:15:26.702+0000] {logging_mixin.py:188} INFO - [2026-08-02T19:15:26.702+0000] {dag.py:3947} INFO - Setting next_dagrun for example_nested_branch_dag to 2026-08-01 00:00:00+00:00, run_after=2026-08-02 00:00:00+00:00
[2026-08-02T19:15:26.720+0000] {processor.py:183} INFO - Processing /home/airflow/.local/lib/python3.12/site-packages/airflow/example_dags/example_nested_branch_dag.py took 0.079 seconds
[2026-08-02T19:15:57.433+0000] {processor.py:161} INFO - Started process (PID=830) to work on /home/airflow/.local/lib/python3.12/site-packages/airflow/example_dags/example_nested_branch_dag.py
[2026-08-02T19:15:57.435+0000] {processor.py:830} INFO - Processing file /home/airflow/.local/lib/python3.12/site-packages/airflow/example_dags/example_nested_branch_dag.py for tasks to queue
[2026-08-02T19:15:57.437+0000] {logging_mixin.py:188} INFO - [2026-08-02T19:15:57.437+0000] {dagbag.py:545} INFO - Filling up the DagBag from /home/airflow/.local/lib/python3.12/site-packages/airflow/example_dags/example_nested_branch_dag.py
[2026-08-02T19:15:57.448+0000] {processor.py:840} INFO - DAG(s) 'example_nested_branch_dag' retrieved from /home/airflow/.local/lib/python3.12/site-packages/airflow/example_dags/example_nested_branch_dag.py
[2026-08-02T19:15:57.472+0000] {logging_mixin.py:188} INFO - [2026-08-02T19:15:57.472+0000] {dag.py:3089} INFO - Sync 1 DAGs
[2026-08-02T19:15:57.496+0000] {logging_mixin.py:188} INFO - [2026-08-02T19:15:57.496+0000] {dag.py:3947} INFO - Setting next_dagrun for example_nested_branch_dag to 2026-08-01 00:00:00+00:00, run_after=2026-08-02 00:00:00+00:00
[2026-08-02T19:15:57.518+0000] {processor.py:183} INFO - Processing /home/airflow/.local/lib/python3.12/site-packages/airflow/example_dags/example_nested_branch_dag.py took 0.091 seconds
[2026-08-02T19:16:27.917+0000] {processor.py:161} INFO - Started process (PID=889) to work on /home/airflow/.local/lib/python3.12/site-packages/airflow/example_dags/example_nested_branch_dag.py
[2026-08-02T19:16:27.919+0000] {processor.py:830} INFO - Processing file /home/airflow/.local/lib/python3.12/site-packages/airflow/example_dags/example_nested_branch_dag.py for tasks to queue
[2026-08-02T19:16:27.921+0000] {logging_mixin.py:188} INFO - [2026-08-02T19:16:27.921+0000] {dagbag.py:545} INFO - Filling up the DagBag from /home/airflow/.local/lib/python3.12/site-packages/airflow/example_dags/example_nested_branch_dag.py
[2026-08-02T19:16:27.932+0000] {processor.py:840} INFO - DAG(s) 'example_nested_branch_dag' retrieved from /home/airflow/.local/lib/python3.12/site-packages/airflow/example_dags/example_nested_branch_dag.py
[2026-08-02T19:16:27.954+0000] {logging_mixin.py:188} INFO - [2026-08-02T19:16:27.953+0000] {dag.py:3089} INFO - Sync 1 DAGs
[2026-08-02T19:16:27.975+0000] {logging_mixin.py:188} INFO - [2026-08-02T19:16:27.975+0000] {dag.py:3947} INFO - Setting next_dagrun for example_nested_branch_dag to 2026-08-01 00:00:00+00:00, run_after=2026-08-02 00:00:00+00:00
[2026-08-02T19:16:27.996+0000] {processor.py:183} INFO - Processing /home/airflow/.local/lib/python3.12/site-packages/airflow/example_dags/example_nested_branch_dag.py took 0.085 seconds
[2026-08-02T19:16:58.667+0000] {processor.py:161} INFO - Started process (PID=948) to work on /home/airflow/.local/lib/python3.12/site-packages/airflow/example_dags/example_nested_branch_dag.py
[2026-08-02T19:16:58.668+0000] {processor.py:830} INFO - Processing file /home/airflow/.local/lib/python3.12/site-packages/airflow/example_dags/example_nested_branch_dag.py for tasks to queue
[2026-08-02T19:16:58.670+0000] {logging_mixin.py:188} INFO - [2026-08-02T19:16:58.670+0000] {dagbag.py:545} INFO - Filling up the DagBag from /home/airflow/.local/lib/python3.12/site-packages/airflow/example_dags/example_nested_branch_dag.py
[2026-08-02T19:16:58.681+0000] {processor.py:840} INFO - DAG(s) 'example_nested_branch_dag' retrieved from /home/airflow/.local/lib/python3.12/site-packages/airflow/example_dags/example_nested_branch_dag.py
[2026-08-02T19:16:58.703+0000] {logging_mixin.py:188} INFO - [2026-08-02T19:16:58.702+0000] {dag.py:3089} INFO - Sync 1 DAGs
[2026-08-02T19:16:58.725+0000] {logging_mixin.py:188} INFO - [2026-08-02T19:16:58.725+0000] {dag.py:3947} INFO - Setting next_dagrun for example_nested_branch_dag to 2026-08-01 00:00:00+00:00, run_after=2026-08-02 00:00:00+00:00
[2026-08-02T19:16:58.744+0000] {processor.py:183} INFO - Processing /home/airflow/.local/lib/python3.12/site-packages/airflow/example_dags/example_nested_branch_dag.py took 0.083 seconds
[2026-08-02T19:17:29.426+0000] {processor.py:161} INFO - Started process (PID=1007) to work on /home/airflow/.local/lib/python3.12/site-packages/airflow/example_dags/example_nested_branch_dag.py
[2026-08-02T19:17:29.428+0000] {processor.py:830} INFO - Processing file /home/airflow/.local/lib/python3.12/site-packages/airflow/example_dags/example_nested_branch_dag.py for tasks to queue
[2026-08-02T19:17:29.430+0000] {logging_mixin.py:188} INFO - [2026-08-02T19:17:29.430+0000] {dagbag.py:545} INFO - Filling up the DagBag from /home/airflow/.local/lib/python3.12/site-packages/airflow/example_dags/example_nested_branch_dag.py
[2026-08-02T19:17:29.440+0000] {processor.py:840} INFO - DAG(s) 'example_nested_branch_dag' retrieved from /home/airflow/.local/lib/python3.12/site-packages/airflow/example_dags/example_nested_branch_dag.py
[2026-08-02T19:17:29.463+0000] {logging_mixin.py:188} INFO - [2026-08-02T19:17:29.463+0000] {dag.py:3089} INFO - Sync 1 DAGs
[2026-08-02T19:17:29.485+0000] {logging_mixin.py:188} INFO - [2026-08-02T19:17:29.485+0000] {dag.py:3947} INFO - Setting next_dagrun for example_nested_branch_dag to 2026-08-01 00:00:00+00:00, run_after=2026-08-02 00:00:00+00:00
[2026-08-02T19:17:29.505+0000] {processor.py:183} INFO - Processing /home/airflow/.local/lib/python3.12/site-packages/airflow/example_dags/example_nested_branch_dag.py took 0.084 seconds
[2026-08-02T19:18:00.261+0000] {processor.py:161} INFO - Started process (PID=1066) to work on /home/airflow/.local/lib/python3.12/site-packages/airflow/example_dags/example_nested_branch_dag.py
[2026-08-02T19:18:00.263+0000] {processor.py:830} INFO - Processing file /home/airflow/.local/lib/python3.12/site-packages/airflow/example_dags/example_nested_branch_dag.py for tasks to queue
[2026-08-02T19:18:00.264+0000] {logging_mixin.py:188} INFO - [2026-08-02T19:18:00.264+0000] {dagbag.py:545} INFO - Filling up the DagBag from /home/airflow/.local/lib/python3.12/site-packages/airflow/example_dags/example_nested_branch_dag.py
[2026-08-02T19:18:00.273+0000] {processor.py:840} INFO - DAG(s) 'example_nested_branch_dag' retrieved from /home/airflow/.local/lib/python3.12/site-packages/airflow/example_dags/example_nested_branch_dag.py
[2026-08-02T19:18:00.290+0000] {logging_mixin.py:188} INFO - [2026-08-02T19:18:00.290+0000] {dag.py:3089} INFO - Sync 1 DAGs
[2026-08-02T19:18:00.312+0000] {logging_mixin.py:188} INFO - [2026-08-02T19:18:00.311+0000] {dag.py:3947} INFO - Setting next_dagrun for example_nested_branch_dag to 2026-08-01 00:00:00+00:00, run_after=2026-08-02 00:00:00+00:00
[2026-08-02T19:18:00.336+0000] {processor.py:183} INFO - Processing /home/airflow/.local/lib/python3.12/site-packages/airflow/example_dags/example_nested_branch_dag.py took 0.080 seconds
[2026-08-02T19:18:30.903+0000] {processor.py:161} INFO - Started process (PID=1125) to work on /home/airflow/.local/lib/python3.12/site-packages/airflow/example_dags/example_nested_branch_dag.py
[2026-08-02T19:18:30.904+0000] {processor.py:830} INFO - Processing file /home/airflow/.local/lib/python3.12/site-packages/airflow/example_dags/example_nested_branch_dag.py for tasks to queue
[2026-08-02T19:18:30.907+0000] {logging_mixin.py:188} INFO - [2026-08-02T19:18:30.906+0000] {dagbag.py:545} INFO - Filling up the DagBag from /home/airflow/.local/lib/python3.12/site-packages/airflow/example_dags/example_nested_branch_dag.py
[2026-08-02T19:18:30.917+0000] {processor.py:840} INFO - DAG(s) 'example_nested_branch_dag' retrieved from /home/airflow/.local/lib/python3.12/site-packages/airflow/example_dags/example_nested_branch_dag.py
[2026-08-02T19:18:30.941+0000] {logging_mixin.py:188} INFO - [2026-08-02T19:18:30.941+0000] {dag.py:3089} INFO - Sync 1 DAGs
[2026-08-02T19:18:30.963+0000] {logging_mixin.py:188} INFO - [2026-08-02T19:18:30.963+0000] {dag.py:3947} INFO - Setting next_dagrun for example_nested_branch_dag to 2026-08-01 00:00:00+00:00, run_after=2026-08-02 00:00:00+00:00
[2026-08-02T19:18:30.984+0000] {processor.py:183} INFO - Processing /home/airflow/.local/lib/python3.12/site-packages/airflow/example_dags/example_nested_branch_dag.py took 0.087 seconds
[2026-08-02T19:19:01.346+0000] {processor.py:161} INFO - Started process (PID=1184) to work on /home/airflow/.local/lib/python3.12/site-packages/airflow/example_dags/example_nested_branch_dag.py
[2026-08-02T19:19:01.347+0000] {processor.py:830} INFO - Processing file /home/airflow/.local/lib/python3.12/site-packages/airflow/example_dags/example_nested_branch_dag.py for tasks to queue
[2026-08-02T19:19:01.349+0000] {logging_mixin.py:188} INFO - [2026-08-02T19:19:01.349+0000] {dagbag.py:545} INFO - Filling up the DagBag from /home/airflow/.local/lib/python3.12/site-packages/airflow/example_dags/example_nested_branch_dag.py
[2026-08-02T19:19:01.359+0000] {processor.py:840} INFO - DAG(s) 'example_nested_branch_dag' retrieved from /home/airflow/.local/lib/python3.12/site-packages/airflow/example_dags/example_nested_branch_dag.py
[2026-08-02T19:19:01.379+0000] {logging_mixin.py:188} INFO - [2026-08-02T19:19:01.379+0000] {dag.py:3089} INFO - Sync 1 DAGs
[2026-08-02T19:19:01.400+0000] {logging_mixin.py:188} INFO - [2026-08-02T19:19:01.400+0000] {dag.py:3947} INFO - Setting next_dagrun for example_nested_branch_dag to 2026-08-01 00:00:00+00:00, run_after=2026-08-02 00:00:00+00:00
[2026-08-02T19:19:01.419+0000] {processor.py:183} INFO - Processing /home/airflow/.local/lib/python3.12/site-packages/airflow/example_dags/example_nested_branch_dag.py took 0.079 seconds
[2026-08-02T19:19:32.022+0000] {processor.py:161} INFO - Started process (PID=1243) to work on /home/airflow/.local/lib/python3.12/site-packages/airflow/example_dags/example_nested_branch_dag.py
[2026-08-02T19:19:32.023+0000] {processor.py:830} INFO - Processing file /home/airflow/.local/lib/python3.12/site-packages/airflow/example_dags/example_nested_branch_dag.py for tasks to queue
[2026-08-02T19:19:32.025+0000] {logging_mixin.py:188} INFO - [2026-08-02T19:19:32.025+0000] {dagbag.py:545} INFO - Filling up the DagBag from /home/airflow/.local/lib/python3.12/site-packages/airflow/example_dags/example_nested_branch_dag.py
[2026-08-02T19:19:32.034+0000] {processor.py:840} INFO - DAG(s) 'example_nested_branch_dag' retrieved from /home/airflow/.local/lib/python3.12/site-packages/airflow/example_dags/example_nested_branch_dag.py
[2026-08-02T19:19:32.055+0000] {logging_mixin.py:188} INFO - [2026-08-02T19:19:32.054+0000] {dag.py:3089} INFO - Sync 1 DAGs
[2026-08-02T19:19:32.077+0000] {logging_mixin.py:188} INFO - [2026-08-02T19:19:32.076+0000] {dag.py:3947} INFO - Setting next_dagrun for example_nested_branch_dag to 2026-08-01 00:00:00+00:00, run_after=2026-08-02 00:00:00+00:00
[2026-08-02T19:19:32.095+0000] {processor.py:183} INFO - Processing /home/airflow/.local/lib/python3.12/site-packages/airflow/example_dags/example_nested_branch_dag.py took 0.079 seconds
[2026-08-02T19:20:02.864+0000] {processor.py:161} INFO - Started process (PID=1302) to work on /home/airflow/.local/lib/python3.12/site-packages/airflow/example_dags/example_nested_branch_dag.py
[2026-08-02T19:20:02.866+0000] {processor.py:830} INFO - Processing file /home/airflow/.local/lib/python3.12/site-packages/airflow/example_dags/example_nested_branch_dag.py for tasks to queue
[2026-08-02T19:20:02.868+0000] {logging_mixin.py:188} INFO - [2026-08-02T19:20:02.868+0000] {dagbag.py:545} INFO - Filling up the DagBag from /home/airflow/.local/lib/python3.12/site-packages/airflow/example_dags/example_nested_branch_dag.py
[2026-08-02T19:20:02.877+0000] {processor.py:840} INFO - DAG(s) 'example_nested_branch_dag' retrieved from /home/airflow/.local/lib/python3.12/site-packages/airflow/example_dags/example_nested_branch_dag.py
[2026-08-02T19:20:02.900+0000] {logging_mixin.py:188} INFO - [2026-08-02T19:20:02.900+0000] {dag.py:3089} INFO - Sync 1 DAGs
[2026-08-02T19:20:02.921+0000] {logging_mixin.py:188} INFO - [2026-08-02T19:20:02.921+0000] {dag.py:3947} INFO - Setting next_dagrun for example_nested_branch_dag to 2026-08-01 00:00:00+00:00, run_after=2026-08-02 00:00:00+00:00
[2026-08-02T19:20:02.940+0000] {processor.py:183} INFO - Processing /home/airflow/.local/lib/python3.12/site-packages/airflow/example_dags/example_nested_branch_dag.py took 0.082 seconds
[2026-08-02T19:20:33.025+0000] {processor.py:161} INFO - Started process (PID=1361) to work on /home/airflow/.local/lib/python3.12/site-packages/airflow/example_dags/example_nested_branch_dag.py
[2026-08-02T19:20:33.026+0000] {processor.py:830} INFO - Processing file /home/airflow/.local/lib/python3.12/site-packages/airflow/example_dags/example_nested_branch_dag.py for tasks to queue
[2026-08-02T19:20:33.029+0000] {logging_mixin.py:188} INFO - [2026-08-02T19:20:33.028+0000] {dagbag.py:545} INFO - Filling up the DagBag from /home/airflow/.local/lib/python3.12/site-packages/airflow/example_dags/example_nested_branch_dag.py
[2026-08-02T19:20:33.039+0000] {processor.py:840} INFO - DAG(s) 'example_nested_branch_dag' retrieved from /home/airflow/.local/lib/python3.12/site-packages/airflow/example_dags/example_nested_branch_dag.py
[2026-08-02T19:20:33.061+0000] {logging_mixin.py:188} INFO - [2026-08-02T19:20:33.061+0000] {dag.py:3089} INFO - Sync 1 DAGs
[2026-08-02T19:20:33.084+0000] {logging_mixin.py:188} INFO - [2026-08-02T19:20:33.083+0000] {dag.py:3947} INFO - Setting next_dagrun for example_nested_branch_dag to 2026-08-01 00:00:00+00:00, run_after=2026-08-02 00:00:00+00:00
[2026-08-02T19:20:33.104+0000] {processor.py:183} INFO - Processing /home/airflow/.local/lib/python3.12/site-packages/airflow/example_dags/example_nested_branch_dag.py took 0.085 seconds
[2026-08-02T19:21:03.684+0000] {processor.py:161} INFO - Started process (PID=1420) to work on /home/airflow/.local/lib/python3.12/site-packages/airflow/example_dags/example_nested_branch_dag.py
[2026-08-02T19:21:03.685+0000] {processor.py:830} INFO - Processing file /home/airflow/.local/lib/python3.12/site-packages/airflow/example_dags/example_nested_branch_dag.py for tasks to queue
[2026-08-02T19:21:03.688+0000] {logging_mixin.py:188} INFO - [2026-08-02T19:21:03.687+0000] {dagbag.py:545} INFO - Filling up the DagBag from /home/airflow/.local/lib/python3.12/site-packages/airflow/example_dags/example_nested_branch_dag.py
[2026-08-02T19:21:03.698+0000] {processor.py:840} INFO - DAG(s) 'example_nested_branch_dag' retrieved from /home/airflow/.local/lib/python3.12/site-packages/airflow/example_dags/example_nested_branch_dag.py
[2026-08-02T19:21:03.718+0000] {logging_mixin.py:188} INFO - [2026-08-02T19:21:03.718+0000] {dag.py:3089} INFO - Sync 1 DAGs
[2026-08-02T19:21:03.738+0000] {logging_mixin.py:188} INFO - [2026-08-02T19:21:03.738+0000] {dag.py:3947} INFO - Setting next_dagrun for example_nested_branch_dag to 2026-08-01 00:00:00+00:00, run_after=2026-08-02 00:00:00+00:00
[2026-08-02T19:21:03.757+0000] {processor.py:183} INFO - Processing /home/airflow/.local/lib/python3.12/site-packages/airflow/example_dags/example_nested_branch_dag.py took 0.078 seconds
