[2026-08-02T18:55:11.588+0000] {processor.py:161} INFO - Started process (PID=78) to work on /home/airflow/.local/lib/python3.12/site-packages/airflow/example_dags/tutorial_dag.py
[2026-08-02T18:55:11.592+0000] {processor.py:830} INFO - Processing file /home/airflow/.local/lib/python3.12/site-packages/airflow/example_dags/tutorial_dag.py for tasks to queue
[2026-08-02T18:55:11.600+0000] {logging_mixin.py:188} INFO - [2026-08-02T18:55:11.599+0000] {dagbag.py:545} INFO - Filling up the DagBag from /home/airflow/.local/lib/python3.12/site-packages/airflow/example_dags/tutorial_dag.py
[2026-08-02T18:55:11.630+0000] {processor.py:840} INFO - DAG(s) 'tutorial_dag' retrieved from /home/airflow/.local/lib/python3.12/site-packages/airflow/example_dags/tutorial_dag.py
[2026-08-02T18:55:11.963+0000] {logging_mixin.py:188} INFO - [2026-08-02T18:55:11.962+0000] {dag.py:3089} INFO - Sync 1 DAGs
[2026-08-02T18:55:12.007+0000] {logging_mixin.py:188} INFO - [2026-08-02T18:55:12.007+0000] {dag.py:3947} INFO - Setting next_dagrun for tutorial_dag to None, run_after=None
[2026-08-02T18:55:12.063+0000] {processor.py:183} INFO - Processing /home/airflow/.local/lib/python3.12/site-packages/airflow/example_dags/tutorial_dag.py took 0.503 seconds
[2026-08-02T18:55:42.598+0000] {processor.py:161} INFO - Started process (PID=143) to work on /home/airflow/.local/lib/python3.12/site-packages/airflow/example_dags/tutorial_dag.py
[2026-08-02T18:55:42.600+0000] {processor.py:830} INFO - Processing file /home/airflow/.local/lib/python3.12/site-packages/airflow/example_dags/tutorial_dag.py for tasks to queue
[2026-08-02T18:55:42.603+0000] {logging_mixin.py:188} INFO - [2026-08-02T18:55:42.603+0000] {dagbag.py:545} INFO - Filling up the DagBag from /home/airflow/.local/lib/python3.12/site-packages/airflow/example_dags/tutorial_dag.py
[2026-08-02T18:55:42.614+0000] {processor.py:840} INFO - DAG(s) 'tutorial_dag' retrieved from /home/airflow/.local/lib/python3.12/site-packages/airflow/example_dags/tutorial_dag.py
[2026-08-02T18:55:42.643+0000] {logging_mixin.py:188} INFO - [2026-08-02T18:55:42.643+0000] {dag.py:3089} INFO - Sync 1 DAGs
[2026-08-02T18:55:42.655+0000] {logging_mixin.py:188} INFO - [2026-08-02T18:55:42.655+0000] {dag.py:3947} INFO - Setting next_dagrun for tutorial_dag to None, run_after=None
[2026-08-02T18:55:42.673+0000] {processor.py:183} INFO - Processing /home/airflow/.local/lib/python3.12/site-packages/airflow/example_dags/tutorial_dag.py took 0.086 seconds
[2026-08-02T18:56:13.414+0000] {processor.py:161} INFO - Started process (PID=202) to work on /home/airflow/.local/lib/python3.12/site-packages/airflow/example_dags/tutorial_dag.py
[2026-08-02T18:56:13.416+0000] {processor.py:830} INFO - Processing file /home/airflow/.local/lib/python3.12/site-packages/airflow/example_dags/tutorial_dag.py for tasks to queue
[2026-08-02T18:56:13.419+0000] {logging_mixin.py:188} INFO - [2026-08-02T18:56:13.419+0000] {dagbag.py:545} INFO - Filling up the DagBag from /home/airflow/.local/lib/python3.12/site-packages/airflow/example_dags/tutorial_dag.py
[2026-08-02T18:56:13.429+0000] {processor.py:840} INFO - DAG(s) 'tutorial_dag' retrieved from /home/airflow/.local/lib/python3.12/site-packages/airflow/example_dags/tutorial_dag.py
[2026-08-02T18:56:13.453+0000] {logging_mixin.py:188} INFO - [2026-08-02T18:56:13.453+0000] {dag.py:3089} INFO - Sync 1 DAGs
[2026-08-02T18:56:13.466+0000] {logging_mixin.py:188} INFO - [2026-08-02T18:56:13.465+0000] {dag.py:3947} INFO - Setting next_dagrun for tutorial_dag to None, run_after=None
[2026-08-02T18:56:13.495+0000] {processor.py:183} INFO - Processing /home/airflow/.local/lib/python3.12/site-packages/airflow/example_dags/tutorial_dag.py took 0.091 seconds
[2026-08-02T18:56:43.808+0000] {processor.py:161} INFO - Started process (PID=261) to work on /home/airflow/.local/lib/python3.12/site-packages/airflow/example_dags/tutorial_dag.py
[2026-08-02T18:56:43.810+0000] {processor.py:830} INFO - Processing file /home/airflow/.local/lib/python3.12/site-packages/airflow/example_dags/tutorial_dag.py for tasks to queue
[2026-08-02T18:56:43.813+0000] {logging_mixin.py:188} INFO - [2026-08-02T18:56:43.813+0000] {dagbag.py:545} INFO - Filling up the DagBag from /home/airflow/.local/lib/python3.12/site-packages/airflow/example_dags/tutorial_dag.py
[2026-08-02T18:56:43.821+0000] {processor.py:840} INFO - DAG(s) 'tutorial_dag' retrieved from /home/airflow/.local/lib/python3.12/site-packages/airflow/example_dags/tutorial_dag.py
[2026-08-02T18:56:43.844+0000] {logging_mixin.py:188} INFO - [2026-08-02T18:56:43.844+0000] {dag.py:3089} INFO - Sync 1 DAGs
[2026-08-02T18:56:43.857+0000] {logging_mixin.py:188} INFO - [2026-08-02T18:56:43.856+0000] {dag.py:3947} INFO - Setting next_dagrun for tutorial_dag to None, run_after=None
[2026-08-02T18:56:43.888+0000] {processor.py:183} INFO - Processing /home/airflow/.local/lib/python3.12/site-packages/airflow/example_dags/tutorial_dag.py took 0.089 seconds
[2026-08-02T18:57:14.374+0000] {processor.py:161} INFO - Started process (PID=320) to work on /home/airflow/.local/lib/python3.12/site-packages/airflow/example_dags/tutorial_dag.py
[2026-08-02T18:57:14.376+0000] {processor.py:830} INFO - Processing file /home/airflow/.local/lib/python3.12/site-packages/airflow/example_dags/tutorial_dag.py for tasks to queue
[2026-08-02T18:57:14.379+0000] {logging_mixin.py:188} INFO - [2026-08-02T18:57:14.378+0000] {dagbag.py:545} INFO - Filling up the DagBag from /home/airflow/.local/lib/python3.12/site-packages/airflow/example_dags/tutorial_dag.py
[2026-08-02T18:57:14.385+0000] {processor.py:840} INFO - DAG(s) 'tutorial_dag' retrieved from /home/airflow/.local/lib/python3.12/site-packages/airflow/example_dags/tutorial_dag.py
[2026-08-02T18:57:14.408+0000] {logging_mixin.py:188} INFO - [2026-08-02T18:57:14.407+0000] {dag.py:3089} INFO - Sync 1 DAGs
[2026-08-02T18:57:14.421+0000] {logging_mixin.py:188} INFO - [2026-08-02T18:57:14.421+0000] {dag.py:3947} INFO - Setting next_dagrun for tutorial_dag to None, run_after=None
[2026-08-02T18:57:14.442+0000] {processor.py:183} INFO - Processing /home/airflow/.local/lib/python3.12/site-packages/airflow/example_dags/tutorial_dag.py took 0.075 seconds
[2026-08-02T18:57:44.686+0000] {processor.py:161} INFO - Started process (PID=379) to work on /home/airflow/.local/lib/python3.12/site-packages/airflow/example_dags/tutorial_dag.py
[2026-08-02T18:57:44.687+0000] {processor.py:830} INFO - Processing file /home/airflow/.local/lib/python3.12/site-packages/airflow/example_dags/tutorial_dag.py for tasks to queue
[2026-08-02T18:57:44.690+0000] {logging_mixin.py:188} INFO - [2026-08-02T18:57:44.690+0000] {dagbag.py:545} INFO - Filling up the DagBag from /home/airflow/.local/lib/python3.12/site-packages/airflow/example_dags/tutorial_dag.py
[2026-08-02T18:57:44.697+0000] {processor.py:840} INFO - DAG(s) 'tutorial_dag' retrieved from /home/airflow/.local/lib/python3.12/site-packages/airflow/example_dags/tutorial_dag.py
[2026-08-02T18:57:44.717+0000] {logging_mixin.py:188} INFO - [2026-08-02T18:57:44.717+0000] {dag.py:3089} INFO - Sync 1 DAGs
[2026-08-02T18:57:44.729+0000] {logging_mixin.py:188} INFO - [2026-08-02T18:57:44.729+0000] {dag.py:3947} INFO - Setting next_dagrun for tutorial_dag to None, run_after=None
[2026-08-02T18:57:44.750+0000] {processor.py:183} INFO - Processing /home/airflow/.local/lib/python3.12/site-packages/airflow/example_dags/tutorial_dag.py took 0.071 seconds
[2026-08-02T19:00:09.367+0000] {processor.py:161} INFO - Started process (PID=71) to work on /home/airflow/.local/lib/python3.12/site-packages/airflow/example_dags/tutorial_dag.py
[2026-08-02T19:00:09.369+0000] {processor.py:830} INFO - Processing file /home/airflow/.local/lib/python3.12/site-packages/airflow/example_dags/tutorial_dag.py for tasks to queue
[2026-08-02T19:00:09.375+0000] {logging_mixin.py:188} INFO - [2026-08-02T19:00:09.374+0000] {dagbag.py:545} INFO - Filling up the DagBag from /home/airflow/.local/lib/python3.12/site-packages/airflow/example_dags/tutorial_dag.py
[2026-08-02T19:00:09.386+0000] {processor.py:840} INFO - DAG(s) 'tutorial_dag' retrieved from /home/airflow/.local/lib/python3.12/site-packages/airflow/example_dags/tutorial_dag.py
[2026-08-02T19:00:09.408+0000] {logging_mixin.py:188} INFO - [2026-08-02T19:00:09.408+0000] {dag.py:3089} INFO - Sync 1 DAGs
[2026-08-02T19:00:09.429+0000] {logging_mixin.py:188} INFO - [2026-08-02T19:00:09.429+0000] {dag.py:3947} INFO - Setting next_dagrun for tutorial_dag to None, run_after=None
[2026-08-02T19:00:09.460+0000] {processor.py:183} INFO - Processing /home/airflow/.local/lib/python3.12/site-packages/airflow/example_dags/tutorial_dag.py took 0.101 seconds
[2026-08-02T19:00:39.579+0000] {processor.py:161} INFO - Started process (PID=130) to work on /home/airflow/.local/lib/python3.12/site-packages/airflow/example_dags/tutorial_dag.py
[2026-08-02T19:00:39.581+0000] {processor.py:830} INFO - Processing file /home/airflow/.local/lib/python3.12/site-packages/airflow/example_dags/tutorial_dag.py for tasks to queue
[2026-08-02T19:00:39.583+0000] {logging_mixin.py:188} INFO - [2026-08-02T19:00:39.583+0000] {dagbag.py:545} INFO - Filling up the DagBag from /home/airflow/.local/lib/python3.12/site-packages/airflow/example_dags/tutorial_dag.py
[2026-08-02T19:00:39.589+0000] {processor.py:840} INFO - DAG(s) 'tutorial_dag' retrieved from /home/airflow/.local/lib/python3.12/site-packages/airflow/example_dags/tutorial_dag.py
[2026-08-02T19:00:39.676+0000] {logging_mixin.py:188} INFO - [2026-08-02T19:00:39.675+0000] {dag.py:3089} INFO - Sync 1 DAGs
[2026-08-02T19:00:39.685+0000] {logging_mixin.py:188} INFO - [2026-08-02T19:00:39.684+0000] {dag.py:3947} INFO - Setting next_dagrun for tutorial_dag to None, run_after=None
[2026-08-02T19:00:39.703+0000] {processor.py:183} INFO - Processing /home/airflow/.local/lib/python3.12/site-packages/airflow/example_dags/tutorial_dag.py took 0.129 seconds
[2026-08-02T19:01:10.186+0000] {processor.py:161} INFO - Started process (PID=189) to work on /home/airflow/.local/lib/python3.12/site-packages/airflow/example_dags/tutorial_dag.py
[2026-08-02T19:01:10.187+0000] {processor.py:830} INFO - Processing file /home/airflow/.local/lib/python3.12/site-packages/airflow/example_dags/tutorial_dag.py for tasks to queue
[2026-08-02T19:01:10.189+0000] {logging_mixin.py:188} INFO - [2026-08-02T19:01:10.189+0000] {dagbag.py:545} INFO - Filling up the DagBag from /home/airflow/.local/lib/python3.12/site-packages/airflow/example_dags/tutorial_dag.py
[2026-08-02T19:01:10.194+0000] {processor.py:840} INFO - DAG(s) 'tutorial_dag' retrieved from /home/airflow/.local/lib/python3.12/site-packages/airflow/example_dags/tutorial_dag.py
[2026-08-02T19:01:10.213+0000] {logging_mixin.py:188} INFO - [2026-08-02T19:01:10.213+0000] {dag.py:3089} INFO - Sync 1 DAGs
[2026-08-02T19:01:10.225+0000] {logging_mixin.py:188} INFO - [2026-08-02T19:01:10.225+0000] {dag.py:3947} INFO - Setting next_dagrun for tutorial_dag to None, run_after=None
[2026-08-02T19:01:10.243+0000] {processor.py:183} INFO - Processing /home/airflow/.local/lib/python3.12/site-packages/airflow/example_dags/tutorial_dag.py took 0.064 seconds
[2026-08-02T19:01:40.451+0000] {processor.py:161} INFO - Started process (PID=249) to work on /home/airflow/.local/lib/python3.12/site-packages/airflow/example_dags/tutorial_dag.py
[2026-08-02T19:01:40.453+0000] {processor.py:830} INFO - Processing file /home/airflow/.local/lib/python3.12/site-packages/airflow/example_dags/tutorial_dag.py for tasks to queue
[2026-08-02T19:01:40.456+0000] {logging_mixin.py:188} INFO - [2026-08-02T19:01:40.456+0000] {dagbag.py:545} INFO - Filling up the DagBag from /home/airflow/.local/lib/python3.12/site-packages/airflow/example_dags/tutorial_dag.py
[2026-08-02T19:01:40.464+0000] {processor.py:840} INFO - DAG(s) 'tutorial_dag' retrieved from /home/airflow/.local/lib/python3.12/site-packages/airflow/example_dags/tutorial_dag.py
[2026-08-02T19:01:40.484+0000] {logging_mixin.py:188} INFO - [2026-08-02T19:01:40.484+0000] {dag.py:3089} INFO - Sync 1 DAGs
[2026-08-02T19:01:40.496+0000] {logging_mixin.py:188} INFO - [2026-08-02T19:01:40.496+0000] {dag.py:3947} INFO - Setting next_dagrun for tutorial_dag to None, run_after=None
[2026-08-02T19:01:40.515+0000] {processor.py:183} INFO - Processing /home/airflow/.local/lib/python3.12/site-packages/airflow/example_dags/tutorial_dag.py took 0.075 seconds
[2026-08-02T19:02:10.729+0000] {processor.py:161} INFO - Started process (PID=308) to work on /home/airflow/.local/lib/python3.12/site-packages/airflow/example_dags/tutorial_dag.py
[2026-08-02T19:02:10.730+0000] {processor.py:830} INFO - Processing file /home/airflow/.local/lib/python3.12/site-packages/airflow/example_dags/tutorial_dag.py for tasks to queue
[2026-08-02T19:02:10.732+0000] {logging_mixin.py:188} INFO - [2026-08-02T19:02:10.732+0000] {dagbag.py:545} INFO - Filling up the DagBag from /home/airflow/.local/lib/python3.12/site-packages/airflow/example_dags/tutorial_dag.py
[2026-08-02T19:02:10.738+0000] {processor.py:840} INFO - DAG(s) 'tutorial_dag' retrieved from /home/airflow/.local/lib/python3.12/site-packages/airflow/example_dags/tutorial_dag.py
[2026-08-02T19:02:10.756+0000] {logging_mixin.py:188} INFO - [2026-08-02T19:02:10.756+0000] {dag.py:3089} INFO - Sync 1 DAGs
[2026-08-02T19:02:10.768+0000] {logging_mixin.py:188} INFO - [2026-08-02T19:02:10.768+0000] {dag.py:3947} INFO - Setting next_dagrun for tutorial_dag to None, run_after=None
[2026-08-02T19:02:10.787+0000] {processor.py:183} INFO - Processing /home/airflow/.local/lib/python3.12/site-packages/airflow/example_dags/tutorial_dag.py took 0.064 seconds
[2026-08-02T19:02:41.041+0000] {processor.py:161} INFO - Started process (PID=367) to work on /home/airflow/.local/lib/python3.12/site-packages/airflow/example_dags/tutorial_dag.py
[2026-08-02T19:02:41.043+0000] {processor.py:830} INFO - Processing file /home/airflow/.local/lib/python3.12/site-packages/airflow/example_dags/tutorial_dag.py for tasks to queue
[2026-08-02T19:02:41.047+0000] {logging_mixin.py:188} INFO - [2026-08-02T19:02:41.046+0000] {dagbag.py:545} INFO - Filling up the DagBag from /home/airflow/.local/lib/python3.12/site-packages/airflow/example_dags/tutorial_dag.py
[2026-08-02T19:02:41.057+0000] {processor.py:840} INFO - DAG(s) 'tutorial_dag' retrieved from /home/airflow/.local/lib/python3.12/site-packages/airflow/example_dags/tutorial_dag.py
[2026-08-02T19:02:41.089+0000] {logging_mixin.py:188} INFO - [2026-08-02T19:02:41.089+0000] {dag.py:3089} INFO - Sync 1 DAGs
[2026-08-02T19:02:41.109+0000] {logging_mixin.py:188} INFO - [2026-08-02T19:02:41.109+0000] {dag.py:3947} INFO - Setting next_dagrun for tutorial_dag to None, run_after=None
[2026-08-02T19:02:41.133+0000] {processor.py:183} INFO - Processing /home/airflow/.local/lib/python3.12/site-packages/airflow/example_dags/tutorial_dag.py took 0.103 seconds
[2026-08-02T19:03:11.513+0000] {processor.py:161} INFO - Started process (PID=426) to work on /home/airflow/.local/lib/python3.12/site-packages/airflow/example_dags/tutorial_dag.py
[2026-08-02T19:03:11.515+0000] {processor.py:830} INFO - Processing file /home/airflow/.local/lib/python3.12/site-packages/airflow/example_dags/tutorial_dag.py for tasks to queue
[2026-08-02T19:03:11.519+0000] {logging_mixin.py:188} INFO - [2026-08-02T19:03:11.518+0000] {dagbag.py:545} INFO - Filling up the DagBag from /home/airflow/.local/lib/python3.12/site-packages/airflow/example_dags/tutorial_dag.py
[2026-08-02T19:03:11.530+0000] {processor.py:840} INFO - DAG(s) 'tutorial_dag' retrieved from /home/airflow/.local/lib/python3.12/site-packages/airflow/example_dags/tutorial_dag.py
[2026-08-02T19:03:11.553+0000] {logging_mixin.py:188} INFO - [2026-08-02T19:03:11.553+0000] {dag.py:3089} INFO - Sync 1 DAGs
[2026-08-02T19:03:11.565+0000] {logging_mixin.py:188} INFO - [2026-08-02T19:03:11.565+0000] {dag.py:3947} INFO - Setting next_dagrun for tutorial_dag to None, run_after=None
[2026-08-02T19:03:11.585+0000] {processor.py:183} INFO - Processing /home/airflow/.local/lib/python3.12/site-packages/airflow/example_dags/tutorial_dag.py took 0.084 seconds
[2026-08-02T19:03:41.979+0000] {processor.py:161} INFO - Started process (PID=485) to work on /home/airflow/.local/lib/python3.12/site-packages/airflow/example_dags/tutorial_dag.py
[2026-08-02T19:03:41.980+0000] {processor.py:830} INFO - Processing file /home/airflow/.local/lib/python3.12/site-packages/airflow/example_dags/tutorial_dag.py for tasks to queue
[2026-08-02T19:03:41.983+0000] {logging_mixin.py:188} INFO - [2026-08-02T19:03:41.982+0000] {dagbag.py:545} INFO - Filling up the DagBag from /home/airflow/.local/lib/python3.12/site-packages/airflow/example_dags/tutorial_dag.py
[2026-08-02T19:03:41.989+0000] {processor.py:840} INFO - DAG(s) 'tutorial_dag' retrieved from /home/airflow/.local/lib/python3.12/site-packages/airflow/example_dags/tutorial_dag.py
[2026-08-02T19:03:42.011+0000] {logging_mixin.py:188} INFO - [2026-08-02T19:03:42.010+0000] {dag.py:3089} INFO - Sync 1 DAGs
[2026-08-02T19:03:42.023+0000] {logging_mixin.py:188} INFO - [2026-08-02T19:03:42.023+0000] {dag.py:3947} INFO - Setting next_dagrun for tutorial_dag to None, run_after=None
[2026-08-02T19:03:42.043+0000] {processor.py:183} INFO - Processing /home/airflow/.local/lib/python3.12/site-packages/airflow/example_dags/tutorial_dag.py took 0.069 seconds
[2026-08-02T19:04:12.474+0000] {processor.py:161} INFO - Started process (PID=544) to work on /home/airflow/.local/lib/python3.12/site-packages/airflow/example_dags/tutorial_dag.py
[2026-08-02T19:04:12.476+0000] {processor.py:830} INFO - Processing file /home/airflow/.local/lib/python3.12/site-packages/airflow/example_dags/tutorial_dag.py for tasks to queue
[2026-08-02T19:04:12.479+0000] {logging_mixin.py:188} INFO - [2026-08-02T19:04:12.478+0000] {dagbag.py:545} INFO - Filling up the DagBag from /home/airflow/.local/lib/python3.12/site-packages/airflow/example_dags/tutorial_dag.py
[2026-08-02T19:04:12.486+0000] {processor.py:840} INFO - DAG(s) 'tutorial_dag' retrieved from /home/airflow/.local/lib/python3.12/site-packages/airflow/example_dags/tutorial_dag.py
[2026-08-02T19:04:12.507+0000] {logging_mixin.py:188} INFO - [2026-08-02T19:04:12.507+0000] {dag.py:3089} INFO - Sync 1 DAGs
[2026-08-02T19:04:12.520+0000] {logging_mixin.py:188} INFO - [2026-08-02T19:04:12.520+0000] {dag.py:3947} INFO - Setting next_dagrun for tutorial_dag to None, run_after=None
[2026-08-02T19:04:12.546+0000] {processor.py:183} INFO - Processing /home/airflow/.local/lib/python3.12/site-packages/airflow/example_dags/tutorial_dag.py took 0.078 seconds
[2026-08-02T19:04:42.771+0000] {processor.py:161} INFO - Started process (PID=603) to work on /home/airflow/.local/lib/python3.12/site-packages/airflow/example_dags/tutorial_dag.py
[2026-08-02T19:04:42.773+0000] {processor.py:830} INFO - Processing file /home/airflow/.local/lib/python3.12/site-packages/airflow/example_dags/tutorial_dag.py for tasks to queue
[2026-08-02T19:04:42.775+0000] {logging_mixin.py:188} INFO - [2026-08-02T19:04:42.775+0000] {dagbag.py:545} INFO - Filling up the DagBag from /home/airflow/.local/lib/python3.12/site-packages/airflow/example_dags/tutorial_dag.py
[2026-08-02T19:04:42.781+0000] {processor.py:840} INFO - DAG(s) 'tutorial_dag' retrieved from /home/airflow/.local/lib/python3.12/site-packages/airflow/example_dags/tutorial_dag.py
[2026-08-02T19:04:42.801+0000] {logging_mixin.py:188} INFO - [2026-08-02T19:04:42.800+0000] {dag.py:3089} INFO - Sync 1 DAGs
[2026-08-02T19:04:42.812+0000] {logging_mixin.py:188} INFO - [2026-08-02T19:04:42.812+0000] {dag.py:3947} INFO - Setting next_dagrun for tutorial_dag to None, run_after=None
[2026-08-02T19:04:42.831+0000] {processor.py:183} INFO - Processing /home/airflow/.local/lib/python3.12/site-packages/airflow/example_dags/tutorial_dag.py took 0.069 seconds
[2026-08-02T19:05:12.881+0000] {processor.py:161} INFO - Started process (PID=661) to work on /home/airflow/.local/lib/python3.12/site-packages/airflow/example_dags/tutorial_dag.py
[2026-08-02T19:05:12.882+0000] {processor.py:830} INFO - Processing file /home/airflow/.local/lib/python3.12/site-packages/airflow/example_dags/tutorial_dag.py for tasks to queue
[2026-08-02T19:05:12.884+0000] {logging_mixin.py:188} INFO - [2026-08-02T19:05:12.884+0000] {dagbag.py:545} INFO - Filling up the DagBag from /home/airflow/.local/lib/python3.12/site-packages/airflow/example_dags/tutorial_dag.py
[2026-08-02T19:05:12.889+0000] {processor.py:840} INFO - DAG(s) 'tutorial_dag' retrieved from /home/airflow/.local/lib/python3.12/site-packages/airflow/example_dags/tutorial_dag.py
[2026-08-02T19:05:12.906+0000] {logging_mixin.py:188} INFO - [2026-08-02T19:05:12.905+0000] {dag.py:3089} INFO - Sync 1 DAGs
[2026-08-02T19:05:12.916+0000] {logging_mixin.py:188} INFO - [2026-08-02T19:05:12.915+0000] {dag.py:3947} INFO - Setting next_dagrun for tutorial_dag to None, run_after=None
[2026-08-02T19:05:12.933+0000] {processor.py:183} INFO - Processing /home/airflow/.local/lib/python3.12/site-packages/airflow/example_dags/tutorial_dag.py took 0.056 seconds
[2026-08-02T19:05:43.240+0000] {processor.py:161} INFO - Started process (PID=721) to work on /home/airflow/.local/lib/python3.12/site-packages/airflow/example_dags/tutorial_dag.py
[2026-08-02T19:05:43.242+0000] {processor.py:830} INFO - Processing file /home/airflow/.local/lib/python3.12/site-packages/airflow/example_dags/tutorial_dag.py for tasks to queue
[2026-08-02T19:05:43.244+0000] {logging_mixin.py:188} INFO - [2026-08-02T19:05:43.244+0000] {dagbag.py:545} INFO - Filling up the DagBag from /home/airflow/.local/lib/python3.12/site-packages/airflow/example_dags/tutorial_dag.py
[2026-08-02T19:05:43.250+0000] {processor.py:840} INFO - DAG(s) 'tutorial_dag' retrieved from /home/airflow/.local/lib/python3.12/site-packages/airflow/example_dags/tutorial_dag.py
[2026-08-02T19:05:43.269+0000] {logging_mixin.py:188} INFO - [2026-08-02T19:05:43.268+0000] {dag.py:3089} INFO - Sync 1 DAGs
[2026-08-02T19:05:43.281+0000] {logging_mixin.py:188} INFO - [2026-08-02T19:05:43.281+0000] {dag.py:3947} INFO - Setting next_dagrun for tutorial_dag to None, run_after=None
[2026-08-02T19:05:43.298+0000] {processor.py:183} INFO - Processing /home/airflow/.local/lib/python3.12/site-packages/airflow/example_dags/tutorial_dag.py took 0.065 seconds
[2026-08-02T19:06:13.626+0000] {processor.py:161} INFO - Started process (PID=780) to work on /home/airflow/.local/lib/python3.12/site-packages/airflow/example_dags/tutorial_dag.py
[2026-08-02T19:06:13.628+0000] {processor.py:830} INFO - Processing file /home/airflow/.local/lib/python3.12/site-packages/airflow/example_dags/tutorial_dag.py for tasks to queue
[2026-08-02T19:06:13.630+0000] {logging_mixin.py:188} INFO - [2026-08-02T19:06:13.630+0000] {dagbag.py:545} INFO - Filling up the DagBag from /home/airflow/.local/lib/python3.12/site-packages/airflow/example_dags/tutorial_dag.py
[2026-08-02T19:06:13.636+0000] {processor.py:840} INFO - DAG(s) 'tutorial_dag' retrieved from /home/airflow/.local/lib/python3.12/site-packages/airflow/example_dags/tutorial_dag.py
[2026-08-02T19:06:13.656+0000] {logging_mixin.py:188} INFO - [2026-08-02T19:06:13.656+0000] {dag.py:3089} INFO - Sync 1 DAGs
[2026-08-02T19:06:13.668+0000] {logging_mixin.py:188} INFO - [2026-08-02T19:06:13.668+0000] {dag.py:3947} INFO - Setting next_dagrun for tutorial_dag to None, run_after=None
[2026-08-02T19:06:13.688+0000] {processor.py:183} INFO - Processing /home/airflow/.local/lib/python3.12/site-packages/airflow/example_dags/tutorial_dag.py took 0.068 seconds
[2026-08-02T19:06:44.434+0000] {processor.py:161} INFO - Started process (PID=839) to work on /home/airflow/.local/lib/python3.12/site-packages/airflow/example_dags/tutorial_dag.py
[2026-08-02T19:06:44.436+0000] {processor.py:830} INFO - Processing file /home/airflow/.local/lib/python3.12/site-packages/airflow/example_dags/tutorial_dag.py for tasks to queue
[2026-08-02T19:06:44.438+0000] {logging_mixin.py:188} INFO - [2026-08-02T19:06:44.438+0000] {dagbag.py:545} INFO - Filling up the DagBag from /home/airflow/.local/lib/python3.12/site-packages/airflow/example_dags/tutorial_dag.py
[2026-08-02T19:06:44.443+0000] {processor.py:840} INFO - DAG(s) 'tutorial_dag' retrieved from /home/airflow/.local/lib/python3.12/site-packages/airflow/example_dags/tutorial_dag.py
[2026-08-02T19:06:44.461+0000] {logging_mixin.py:188} INFO - [2026-08-02T19:06:44.461+0000] {dag.py:3089} INFO - Sync 1 DAGs
[2026-08-02T19:06:44.473+0000] {logging_mixin.py:188} INFO - [2026-08-02T19:06:44.472+0000] {dag.py:3947} INFO - Setting next_dagrun for tutorial_dag to None, run_after=None
[2026-08-02T19:06:44.491+0000] {processor.py:183} INFO - Processing /home/airflow/.local/lib/python3.12/site-packages/airflow/example_dags/tutorial_dag.py took 0.062 seconds
[2026-08-02T19:07:15.186+0000] {processor.py:161} INFO - Started process (PID=898) to work on /home/airflow/.local/lib/python3.12/site-packages/airflow/example_dags/tutorial_dag.py
[2026-08-02T19:07:15.188+0000] {processor.py:830} INFO - Processing file /home/airflow/.local/lib/python3.12/site-packages/airflow/example_dags/tutorial_dag.py for tasks to queue
[2026-08-02T19:07:15.190+0000] {logging_mixin.py:188} INFO - [2026-08-02T19:07:15.189+0000] {dagbag.py:545} INFO - Filling up the DagBag from /home/airflow/.local/lib/python3.12/site-packages/airflow/example_dags/tutorial_dag.py
[2026-08-02T19:07:15.195+0000] {processor.py:840} INFO - DAG(s) 'tutorial_dag' retrieved from /home/airflow/.local/lib/python3.12/site-packages/airflow/example_dags/tutorial_dag.py
[2026-08-02T19:07:15.215+0000] {logging_mixin.py:188} INFO - [2026-08-02T19:07:15.215+0000] {dag.py:3089} INFO - Sync 1 DAGs
[2026-08-02T19:07:15.227+0000] {logging_mixin.py:188} INFO - [2026-08-02T19:07:15.226+0000] {dag.py:3947} INFO - Setting next_dagrun for tutorial_dag to None, run_after=None
[2026-08-02T19:07:15.251+0000] {processor.py:183} INFO - Processing /home/airflow/.local/lib/python3.12/site-packages/airflow/example_dags/tutorial_dag.py took 0.071 seconds
[2026-08-02T19:07:45.373+0000] {processor.py:161} INFO - Started process (PID=957) to work on /home/airflow/.local/lib/python3.12/site-packages/airflow/example_dags/tutorial_dag.py
[2026-08-02T19:07:45.375+0000] {processor.py:830} INFO - Processing file /home/airflow/.local/lib/python3.12/site-packages/airflow/example_dags/tutorial_dag.py for tasks to queue
[2026-08-02T19:07:45.379+0000] {logging_mixin.py:188} INFO - [2026-08-02T19:07:45.378+0000] {dagbag.py:545} INFO - Filling up the DagBag from /home/airflow/.local/lib/python3.12/site-packages/airflow/example_dags/tutorial_dag.py
[2026-08-02T19:07:45.389+0000] {processor.py:840} INFO - DAG(s) 'tutorial_dag' retrieved from /home/airflow/.local/lib/python3.12/site-packages/airflow/example_dags/tutorial_dag.py
[2026-08-02T19:07:45.417+0000] {logging_mixin.py:188} INFO - [2026-08-02T19:07:45.416+0000] {dag.py:3089} INFO - Sync 1 DAGs
[2026-08-02T19:07:45.430+0000] {logging_mixin.py:188} INFO - [2026-08-02T19:07:45.429+0000] {dag.py:3947} INFO - Setting next_dagrun for tutorial_dag to None, run_after=None
[2026-08-02T19:07:45.449+0000] {processor.py:183} INFO - Processing /home/airflow/.local/lib/python3.12/site-packages/airflow/example_dags/tutorial_dag.py took 0.086 seconds
[2026-08-02T19:08:15.910+0000] {processor.py:161} INFO - Started process (PID=1016) to work on /home/airflow/.local/lib/python3.12/site-packages/airflow/example_dags/tutorial_dag.py
[2026-08-02T19:08:15.912+0000] {processor.py:830} INFO - Processing file /home/airflow/.local/lib/python3.12/site-packages/airflow/example_dags/tutorial_dag.py for tasks to queue
[2026-08-02T19:08:15.914+0000] {logging_mixin.py:188} INFO - [2026-08-02T19:08:15.914+0000] {dagbag.py:545} INFO - Filling up the DagBag from /home/airflow/.local/lib/python3.12/site-packages/airflow/example_dags/tutorial_dag.py
[2026-08-02T19:08:15.921+0000] {processor.py:840} INFO - DAG(s) 'tutorial_dag' retrieved from /home/airflow/.local/lib/python3.12/site-packages/airflow/example_dags/tutorial_dag.py
[2026-08-02T19:08:15.944+0000] {logging_mixin.py:188} INFO - [2026-08-02T19:08:15.943+0000] {dag.py:3089} INFO - Sync 1 DAGs
[2026-08-02T19:08:15.958+0000] {logging_mixin.py:188} INFO - [2026-08-02T19:08:15.957+0000] {dag.py:3947} INFO - Setting next_dagrun for tutorial_dag to None, run_after=None
[2026-08-02T19:08:15.978+0000] {processor.py:183} INFO - Processing /home/airflow/.local/lib/python3.12/site-packages/airflow/example_dags/tutorial_dag.py took 0.074 seconds
[2026-08-02T19:09:48.000+0000] {processor.py:161} INFO - Started process (PID=101) to work on /home/airflow/.local/lib/python3.12/site-packages/airflow/example_dags/tutorial_dag.py
[2026-08-02T19:09:48.003+0000] {processor.py:830} INFO - Processing file /home/airflow/.local/lib/python3.12/site-packages/airflow/example_dags/tutorial_dag.py for tasks to queue
[2026-08-02T19:09:48.008+0000] {logging_mixin.py:188} INFO - [2026-08-02T19:09:48.007+0000] {dagbag.py:545} INFO - Filling up the DagBag from /home/airflow/.local/lib/python3.12/site-packages/airflow/example_dags/tutorial_dag.py
[2026-08-02T19:09:48.028+0000] {processor.py:840} INFO - DAG(s) 'tutorial_dag' retrieved from /home/airflow/.local/lib/python3.12/site-packages/airflow/example_dags/tutorial_dag.py
[2026-08-02T19:09:48.231+0000] {logging_mixin.py:188} INFO - [2026-08-02T19:09:48.231+0000] {dag.py:3089} INFO - Sync 1 DAGs
[2026-08-02T19:09:48.252+0000] {logging_mixin.py:188} INFO - [2026-08-02T19:09:48.251+0000] {dag.py:3947} INFO - Setting next_dagrun for tutorial_dag to None, run_after=None
[2026-08-02T19:09:48.302+0000] {processor.py:183} INFO - Processing /home/airflow/.local/lib/python3.12/site-packages/airflow/example_dags/tutorial_dag.py took 0.317 seconds
[2026-08-02T19:10:18.466+0000] {processor.py:161} INFO - Started process (PID=160) to work on /home/airflow/.local/lib/python3.12/site-packages/airflow/example_dags/tutorial_dag.py
[2026-08-02T19:10:18.468+0000] {processor.py:830} INFO - Processing file /home/airflow/.local/lib/python3.12/site-packages/airflow/example_dags/tutorial_dag.py for tasks to queue
[2026-08-02T19:10:18.472+0000] {logging_mixin.py:188} INFO - [2026-08-02T19:10:18.471+0000] {dagbag.py:545} INFO - Filling up the DagBag from /home/airflow/.local/lib/python3.12/site-packages/airflow/example_dags/tutorial_dag.py
[2026-08-02T19:10:18.478+0000] {processor.py:840} INFO - DAG(s) 'tutorial_dag' retrieved from /home/airflow/.local/lib/python3.12/site-packages/airflow/example_dags/tutorial_dag.py
[2026-08-02T19:10:18.507+0000] {logging_mixin.py:188} INFO - [2026-08-02T19:10:18.506+0000] {dag.py:3089} INFO - Sync 1 DAGs
[2026-08-02T19:10:18.520+0000] {logging_mixin.py:188} INFO - [2026-08-02T19:10:18.519+0000] {dag.py:3947} INFO - Setting next_dagrun for tutorial_dag to None, run_after=None
[2026-08-02T19:10:18.540+0000] {processor.py:183} INFO - Processing /home/airflow/.local/lib/python3.12/site-packages/airflow/example_dags/tutorial_dag.py took 0.079 seconds
[2026-08-02T19:10:48.911+0000] {processor.py:161} INFO - Started process (PID=225) to work on /home/airflow/.local/lib/python3.12/site-packages/airflow/example_dags/tutorial_dag.py
[2026-08-02T19:10:48.912+0000] {processor.py:830} INFO - Processing file /home/airflow/.local/lib/python3.12/site-packages/airflow/example_dags/tutorial_dag.py for tasks to queue
[2026-08-02T19:10:48.914+0000] {logging_mixin.py:188} INFO - [2026-08-02T19:10:48.914+0000] {dagbag.py:545} INFO - Filling up the DagBag from /home/airflow/.local/lib/python3.12/site-packages/airflow/example_dags/tutorial_dag.py
[2026-08-02T19:10:48.920+0000] {processor.py:840} INFO - DAG(s) 'tutorial_dag' retrieved from /home/airflow/.local/lib/python3.12/site-packages/airflow/example_dags/tutorial_dag.py
[2026-08-02T19:10:48.939+0000] {logging_mixin.py:188} INFO - [2026-08-02T19:10:48.939+0000] {dag.py:3089} INFO - Sync 1 DAGs
[2026-08-02T19:10:48.952+0000] {logging_mixin.py:188} INFO - [2026-08-02T19:10:48.951+0000] {dag.py:3947} INFO - Setting next_dagrun for tutorial_dag to None, run_after=None
[2026-08-02T19:10:48.972+0000] {processor.py:183} INFO - Processing /home/airflow/.local/lib/python3.12/site-packages/airflow/example_dags/tutorial_dag.py took 0.068 seconds
[2026-08-02T19:11:19.865+0000] {processor.py:161} INFO - Started process (PID=284) to work on /home/airflow/.local/lib/python3.12/site-packages/airflow/example_dags/tutorial_dag.py
[2026-08-02T19:11:19.866+0000] {processor.py:830} INFO - Processing file /home/airflow/.local/lib/python3.12/site-packages/airflow/example_dags/tutorial_dag.py for tasks to queue
[2026-08-02T19:11:19.868+0000] {logging_mixin.py:188} INFO - [2026-08-02T19:11:19.868+0000] {dagbag.py:545} INFO - Filling up the DagBag from /home/airflow/.local/lib/python3.12/site-packages/airflow/example_dags/tutorial_dag.py
[2026-08-02T19:11:19.873+0000] {processor.py:840} INFO - DAG(s) 'tutorial_dag' retrieved from /home/airflow/.local/lib/python3.12/site-packages/airflow/example_dags/tutorial_dag.py
[2026-08-02T19:11:19.891+0000] {logging_mixin.py:188} INFO - [2026-08-02T19:11:19.891+0000] {dag.py:3089} INFO - Sync 1 DAGs
[2026-08-02T19:11:19.903+0000] {logging_mixin.py:188} INFO - [2026-08-02T19:11:19.903+0000] {dag.py:3947} INFO - Setting next_dagrun for tutorial_dag to None, run_after=None
[2026-08-02T19:11:19.921+0000] {processor.py:183} INFO - Processing /home/airflow/.local/lib/python3.12/site-packages/airflow/example_dags/tutorial_dag.py took 0.061 seconds
[2026-08-02T19:11:50.582+0000] {processor.py:161} INFO - Started process (PID=343) to work on /home/airflow/.local/lib/python3.12/site-packages/airflow/example_dags/tutorial_dag.py
[2026-08-02T19:11:50.583+0000] {processor.py:830} INFO - Processing file /home/airflow/.local/lib/python3.12/site-packages/airflow/example_dags/tutorial_dag.py for tasks to queue
[2026-08-02T19:11:50.586+0000] {logging_mixin.py:188} INFO - [2026-08-02T19:11:50.586+0000] {dagbag.py:545} INFO - Filling up the DagBag from /home/airflow/.local/lib/python3.12/site-packages/airflow/example_dags/tutorial_dag.py
[2026-08-02T19:11:50.592+0000] {processor.py:840} INFO - DAG(s) 'tutorial_dag' retrieved from /home/airflow/.local/lib/python3.12/site-packages/airflow/example_dags/tutorial_dag.py
[2026-08-02T19:11:50.613+0000] {logging_mixin.py:188} INFO - [2026-08-02T19:11:50.612+0000] {dag.py:3089} INFO - Sync 1 DAGs
[2026-08-02T19:11:50.625+0000] {logging_mixin.py:188} INFO - [2026-08-02T19:11:50.625+0000] {dag.py:3947} INFO - Setting next_dagrun for tutorial_dag to None, run_after=None
[2026-08-02T19:11:50.645+0000] {processor.py:183} INFO - Processing /home/airflow/.local/lib/python3.12/site-packages/airflow/example_dags/tutorial_dag.py took 0.069 seconds
[2026-08-02T19:12:21.280+0000] {processor.py:161} INFO - Started process (PID=402) to work on /home/airflow/.local/lib/python3.12/site-packages/airflow/example_dags/tutorial_dag.py
[2026-08-02T19:12:21.281+0000] {processor.py:830} INFO - Processing file /home/airflow/.local/lib/python3.12/site-packages/airflow/example_dags/tutorial_dag.py for tasks to queue
[2026-08-02T19:12:21.284+0000] {logging_mixin.py:188} INFO - [2026-08-02T19:12:21.283+0000] {dagbag.py:545} INFO - Filling up the DagBag from /home/airflow/.local/lib/python3.12/site-packages/airflow/example_dags/tutorial_dag.py
[2026-08-02T19:12:21.290+0000] {processor.py:840} INFO - DAG(s) 'tutorial_dag' retrieved from /home/airflow/.local/lib/python3.12/site-packages/airflow/example_dags/tutorial_dag.py
[2026-08-02T19:12:21.312+0000] {logging_mixin.py:188} INFO - [2026-08-02T19:12:21.311+0000] {dag.py:3089} INFO - Sync 1 DAGs
[2026-08-02T19:12:21.325+0000] {logging_mixin.py:188} INFO - [2026-08-02T19:12:21.324+0000] {dag.py:3947} INFO - Setting next_dagrun for tutorial_dag to None, run_after=None
[2026-08-02T19:12:21.343+0000] {processor.py:183} INFO - Processing /home/airflow/.local/lib/python3.12/site-packages/airflow/example_dags/tutorial_dag.py took 0.071 seconds
[2026-08-02T19:12:51.504+0000] {processor.py:161} INFO - Started process (PID=461) to work on /home/airflow/.local/lib/python3.12/site-packages/airflow/example_dags/tutorial_dag.py
[2026-08-02T19:12:51.505+0000] {processor.py:830} INFO - Processing file /home/airflow/.local/lib/python3.12/site-packages/airflow/example_dags/tutorial_dag.py for tasks to queue
[2026-08-02T19:12:51.508+0000] {logging_mixin.py:188} INFO - [2026-08-02T19:12:51.507+0000] {dagbag.py:545} INFO - Filling up the DagBag from /home/airflow/.local/lib/python3.12/site-packages/airflow/example_dags/tutorial_dag.py
[2026-08-02T19:12:51.514+0000] {processor.py:840} INFO - DAG(s) 'tutorial_dag' retrieved from /home/airflow/.local/lib/python3.12/site-packages/airflow/example_dags/tutorial_dag.py
[2026-08-02T19:12:51.534+0000] {logging_mixin.py:188} INFO - [2026-08-02T19:12:51.534+0000] {dag.py:3089} INFO - Sync 1 DAGs
[2026-08-02T19:12:51.546+0000] {logging_mixin.py:188} INFO - [2026-08-02T19:12:51.546+0000] {dag.py:3947} INFO - Setting next_dagrun for tutorial_dag to None, run_after=None
[2026-08-02T19:12:51.565+0000] {processor.py:183} INFO - Processing /home/airflow/.local/lib/python3.12/site-packages/airflow/example_dags/tutorial_dag.py took 0.067 seconds
[2026-08-02T19:13:22.035+0000] {processor.py:161} INFO - Started process (PID=520) to work on /home/airflow/.local/lib/python3.12/site-packages/airflow/example_dags/tutorial_dag.py
[2026-08-02T19:13:22.037+0000] {processor.py:830} INFO - Processing file /home/airflow/.local/lib/python3.12/site-packages/airflow/example_dags/tutorial_dag.py for tasks to queue
[2026-08-02T19:13:22.039+0000] {logging_mixin.py:188} INFO - [2026-08-02T19:13:22.039+0000] {dagbag.py:545} INFO - Filling up the DagBag from /home/airflow/.local/lib/python3.12/site-packages/airflow/example_dags/tutorial_dag.py
[2026-08-02T19:13:22.045+0000] {processor.py:840} INFO - DAG(s) 'tutorial_dag' retrieved from /home/airflow/.local/lib/python3.12/site-packages/airflow/example_dags/tutorial_dag.py
[2026-08-02T19:13:22.066+0000] {logging_mixin.py:188} INFO - [2026-08-02T19:13:22.066+0000] {dag.py:3089} INFO - Sync 1 DAGs
[2026-08-02T19:13:22.079+0000] {logging_mixin.py:188} INFO - [2026-08-02T19:13:22.079+0000] {dag.py:3947} INFO - Setting next_dagrun for tutorial_dag to None, run_after=None
[2026-08-02T19:13:22.102+0000] {processor.py:183} INFO - Processing /home/airflow/.local/lib/python3.12/site-packages/airflow/example_dags/tutorial_dag.py took 0.073 seconds
[2026-08-02T19:13:52.253+0000] {processor.py:161} INFO - Started process (PID=579) to work on /home/airflow/.local/lib/python3.12/site-packages/airflow/example_dags/tutorial_dag.py
[2026-08-02T19:13:52.255+0000] {processor.py:830} INFO - Processing file /home/airflow/.local/lib/python3.12/site-packages/airflow/example_dags/tutorial_dag.py for tasks to queue
[2026-08-02T19:13:52.258+0000] {logging_mixin.py:188} INFO - [2026-08-02T19:13:52.258+0000] {dagbag.py:545} INFO - Filling up the DagBag from /home/airflow/.local/lib/python3.12/site-packages/airflow/example_dags/tutorial_dag.py
[2026-08-02T19:13:52.268+0000] {processor.py:840} INFO - DAG(s) 'tutorial_dag' retrieved from /home/airflow/.local/lib/python3.12/site-packages/airflow/example_dags/tutorial_dag.py
[2026-08-02T19:13:52.295+0000] {logging_mixin.py:188} INFO - [2026-08-02T19:13:52.295+0000] {dag.py:3089} INFO - Sync 1 DAGs
[2026-08-02T19:13:52.307+0000] {logging_mixin.py:188} INFO - [2026-08-02T19:13:52.307+0000] {dag.py:3947} INFO - Setting next_dagrun for tutorial_dag to None, run_after=None
[2026-08-02T19:13:52.325+0000] {processor.py:183} INFO - Processing /home/airflow/.local/lib/python3.12/site-packages/airflow/example_dags/tutorial_dag.py took 0.083 seconds
[2026-08-02T19:14:22.557+0000] {processor.py:161} INFO - Started process (PID=638) to work on /home/airflow/.local/lib/python3.12/site-packages/airflow/example_dags/tutorial_dag.py
[2026-08-02T19:14:22.559+0000] {processor.py:830} INFO - Processing file /home/airflow/.local/lib/python3.12/site-packages/airflow/example_dags/tutorial_dag.py for tasks to queue
[2026-08-02T19:14:22.561+0000] {logging_mixin.py:188} INFO - [2026-08-02T19:14:22.561+0000] {dagbag.py:545} INFO - Filling up the DagBag from /home/airflow/.local/lib/python3.12/site-packages/airflow/example_dags/tutorial_dag.py
[2026-08-02T19:14:22.567+0000] {processor.py:840} INFO - DAG(s) 'tutorial_dag' retrieved from /home/airflow/.local/lib/python3.12/site-packages/airflow/example_dags/tutorial_dag.py
[2026-08-02T19:14:22.586+0000] {logging_mixin.py:188} INFO - [2026-08-02T19:14:22.586+0000] {dag.py:3089} INFO - Sync 1 DAGs
[2026-08-02T19:14:22.597+0000] {logging_mixin.py:188} INFO - [2026-08-02T19:14:22.597+0000] {dag.py:3947} INFO - Setting next_dagrun for tutorial_dag to None, run_after=None
[2026-08-02T19:14:22.617+0000] {processor.py:183} INFO - Processing /home/airflow/.local/lib/python3.12/site-packages/airflow/example_dags/tutorial_dag.py took 0.066 seconds
[2026-08-02T19:14:53.155+0000] {processor.py:161} INFO - Started process (PID=697) to work on /home/airflow/.local/lib/python3.12/site-packages/airflow/example_dags/tutorial_dag.py
[2026-08-02T19:14:53.156+0000] {processor.py:830} INFO - Processing file /home/airflow/.local/lib/python3.12/site-packages/airflow/example_dags/tutorial_dag.py for tasks to queue
[2026-08-02T19:14:53.159+0000] {logging_mixin.py:188} INFO - [2026-08-02T19:14:53.158+0000] {dagbag.py:545} INFO - Filling up the DagBag from /home/airflow/.local/lib/python3.12/site-packages/airflow/example_dags/tutorial_dag.py
[2026-08-02T19:14:53.164+0000] {processor.py:840} INFO - DAG(s) 'tutorial_dag' retrieved from /home/airflow/.local/lib/python3.12/site-packages/airflow/example_dags/tutorial_dag.py
[2026-08-02T19:14:53.184+0000] {logging_mixin.py:188} INFO - [2026-08-02T19:14:53.184+0000] {dag.py:3089} INFO - Sync 1 DAGs
[2026-08-02T19:14:53.195+0000] {logging_mixin.py:188} INFO - [2026-08-02T19:14:53.195+0000] {dag.py:3947} INFO - Setting next_dagrun for tutorial_dag to None, run_after=None
[2026-08-02T19:14:53.214+0000] {processor.py:183} INFO - Processing /home/airflow/.local/lib/python3.12/site-packages/airflow/example_dags/tutorial_dag.py took 0.065 seconds
[2026-08-02T19:15:23.617+0000] {processor.py:161} INFO - Started process (PID=756) to work on /home/airflow/.local/lib/python3.12/site-packages/airflow/example_dags/tutorial_dag.py
[2026-08-02T19:15:23.619+0000] {processor.py:830} INFO - Processing file /home/airflow/.local/lib/python3.12/site-packages/airflow/example_dags/tutorial_dag.py for tasks to queue
[2026-08-02T19:15:23.621+0000] {logging_mixin.py:188} INFO - [2026-08-02T19:15:23.621+0000] {dagbag.py:545} INFO - Filling up the DagBag from /home/airflow/.local/lib/python3.12/site-packages/airflow/example_dags/tutorial_dag.py
[2026-08-02T19:15:23.627+0000] {processor.py:840} INFO - DAG(s) 'tutorial_dag' retrieved from /home/airflow/.local/lib/python3.12/site-packages/airflow/example_dags/tutorial_dag.py
[2026-08-02T19:15:23.646+0000] {logging_mixin.py:188} INFO - [2026-08-02T19:15:23.645+0000] {dag.py:3089} INFO - Sync 1 DAGs
[2026-08-02T19:15:23.658+0000] {logging_mixin.py:188} INFO - [2026-08-02T19:15:23.658+0000] {dag.py:3947} INFO - Setting next_dagrun for tutorial_dag to None, run_after=None
[2026-08-02T19:15:23.677+0000] {processor.py:183} INFO - Processing /home/airflow/.local/lib/python3.12/site-packages/airflow/example_dags/tutorial_dag.py took 0.066 seconds
[2026-08-02T19:15:54.410+0000] {processor.py:161} INFO - Started process (PID=815) to work on /home/airflow/.local/lib/python3.12/site-packages/airflow/example_dags/tutorial_dag.py
[2026-08-02T19:15:54.413+0000] {processor.py:830} INFO - Processing file /home/airflow/.local/lib/python3.12/site-packages/airflow/example_dags/tutorial_dag.py for tasks to queue
[2026-08-02T19:15:54.416+0000] {logging_mixin.py:188} INFO - [2026-08-02T19:15:54.415+0000] {dagbag.py:545} INFO - Filling up the DagBag from /home/airflow/.local/lib/python3.12/site-packages/airflow/example_dags/tutorial_dag.py
[2026-08-02T19:15:54.423+0000] {processor.py:840} INFO - DAG(s) 'tutorial_dag' retrieved from /home/airflow/.local/lib/python3.12/site-packages/airflow/example_dags/tutorial_dag.py
[2026-08-02T19:15:54.444+0000] {logging_mixin.py:188} INFO - [2026-08-02T19:15:54.444+0000] {dag.py:3089} INFO - Sync 1 DAGs
[2026-08-02T19:15:54.456+0000] {logging_mixin.py:188} INFO - [2026-08-02T19:15:54.456+0000] {dag.py:3947} INFO - Setting next_dagrun for tutorial_dag to None, run_after=None
[2026-08-02T19:15:54.476+0000] {processor.py:183} INFO - Processing /home/airflow/.local/lib/python3.12/site-packages/airflow/example_dags/tutorial_dag.py took 0.075 seconds
[2026-08-02T19:16:24.748+0000] {processor.py:161} INFO - Started process (PID=874) to work on /home/airflow/.local/lib/python3.12/site-packages/airflow/example_dags/tutorial_dag.py
[2026-08-02T19:16:24.750+0000] {processor.py:830} INFO - Processing file /home/airflow/.local/lib/python3.12/site-packages/airflow/example_dags/tutorial_dag.py for tasks to queue
[2026-08-02T19:16:24.752+0000] {logging_mixin.py:188} INFO - [2026-08-02T19:16:24.752+0000] {dagbag.py:545} INFO - Filling up the DagBag from /home/airflow/.local/lib/python3.12/site-packages/airflow/example_dags/tutorial_dag.py
[2026-08-02T19:16:24.758+0000] {processor.py:840} INFO - DAG(s) 'tutorial_dag' retrieved from /home/airflow/.local/lib/python3.12/site-packages/airflow/example_dags/tutorial_dag.py
[2026-08-02T19:16:24.777+0000] {logging_mixin.py:188} INFO - [2026-08-02T19:16:24.777+0000] {dag.py:3089} INFO - Sync 1 DAGs
[2026-08-02T19:16:24.789+0000] {logging_mixin.py:188} INFO - [2026-08-02T19:16:24.789+0000] {dag.py:3947} INFO - Setting next_dagrun for tutorial_dag to None, run_after=None
[2026-08-02T19:16:24.810+0000] {processor.py:183} INFO - Processing /home/airflow/.local/lib/python3.12/site-packages/airflow/example_dags/tutorial_dag.py took 0.067 seconds
[2026-08-02T19:16:55.680+0000] {processor.py:161} INFO - Started process (PID=933) to work on /home/airflow/.local/lib/python3.12/site-packages/airflow/example_dags/tutorial_dag.py
[2026-08-02T19:16:55.681+0000] {processor.py:830} INFO - Processing file /home/airflow/.local/lib/python3.12/site-packages/airflow/example_dags/tutorial_dag.py for tasks to queue
[2026-08-02T19:16:55.684+0000] {logging_mixin.py:188} INFO - [2026-08-02T19:16:55.683+0000] {dagbag.py:545} INFO - Filling up the DagBag from /home/airflow/.local/lib/python3.12/site-packages/airflow/example_dags/tutorial_dag.py
[2026-08-02T19:16:55.690+0000] {processor.py:840} INFO - DAG(s) 'tutorial_dag' retrieved from /home/airflow/.local/lib/python3.12/site-packages/airflow/example_dags/tutorial_dag.py
[2026-08-02T19:16:55.709+0000] {logging_mixin.py:188} INFO - [2026-08-02T19:16:55.708+0000] {dag.py:3089} INFO - Sync 1 DAGs
[2026-08-02T19:16:55.721+0000] {logging_mixin.py:188} INFO - [2026-08-02T19:16:55.721+0000] {dag.py:3947} INFO - Setting next_dagrun for tutorial_dag to None, run_after=None
[2026-08-02T19:16:55.739+0000] {processor.py:183} INFO - Processing /home/airflow/.local/lib/python3.12/site-packages/airflow/example_dags/tutorial_dag.py took 0.066 seconds
[2026-08-02T19:17:26.308+0000] {processor.py:161} INFO - Started process (PID=992) to work on /home/airflow/.local/lib/python3.12/site-packages/airflow/example_dags/tutorial_dag.py
[2026-08-02T19:17:26.309+0000] {processor.py:830} INFO - Processing file /home/airflow/.local/lib/python3.12/site-packages/airflow/example_dags/tutorial_dag.py for tasks to queue
[2026-08-02T19:17:26.312+0000] {logging_mixin.py:188} INFO - [2026-08-02T19:17:26.311+0000] {dagbag.py:545} INFO - Filling up the DagBag from /home/airflow/.local/lib/python3.12/site-packages/airflow/example_dags/tutorial_dag.py
[2026-08-02T19:17:26.318+0000] {processor.py:840} INFO - DAG(s) 'tutorial_dag' retrieved from /home/airflow/.local/lib/python3.12/site-packages/airflow/example_dags/tutorial_dag.py
[2026-08-02T19:17:26.340+0000] {logging_mixin.py:188} INFO - [2026-08-02T19:17:26.340+0000] {dag.py:3089} INFO - Sync 1 DAGs
[2026-08-02T19:17:26.355+0000] {logging_mixin.py:188} INFO - [2026-08-02T19:17:26.354+0000] {dag.py:3947} INFO - Setting next_dagrun for tutorial_dag to None, run_after=None
[2026-08-02T19:17:26.375+0000] {processor.py:183} INFO - Processing /home/airflow/.local/lib/python3.12/site-packages/airflow/example_dags/tutorial_dag.py took 0.076 seconds
[2026-08-02T19:17:56.479+0000] {processor.py:161} INFO - Started process (PID=1051) to work on /home/airflow/.local/lib/python3.12/site-packages/airflow/example_dags/tutorial_dag.py
[2026-08-02T19:17:56.481+0000] {processor.py:830} INFO - Processing file /home/airflow/.local/lib/python3.12/site-packages/airflow/example_dags/tutorial_dag.py for tasks to queue
[2026-08-02T19:17:56.483+0000] {logging_mixin.py:188} INFO - [2026-08-02T19:17:56.483+0000] {dagbag.py:545} INFO - Filling up the DagBag from /home/airflow/.local/lib/python3.12/site-packages/airflow/example_dags/tutorial_dag.py
[2026-08-02T19:17:56.489+0000] {processor.py:840} INFO - DAG(s) 'tutorial_dag' retrieved from /home/airflow/.local/lib/python3.12/site-packages/airflow/example_dags/tutorial_dag.py
[2026-08-02T19:17:56.511+0000] {logging_mixin.py:188} INFO - [2026-08-02T19:17:56.511+0000] {dag.py:3089} INFO - Sync 1 DAGs
[2026-08-02T19:17:56.524+0000] {logging_mixin.py:188} INFO - [2026-08-02T19:17:56.524+0000] {dag.py:3947} INFO - Setting next_dagrun for tutorial_dag to None, run_after=None
[2026-08-02T19:17:56.546+0000] {processor.py:183} INFO - Processing /home/airflow/.local/lib/python3.12/site-packages/airflow/example_dags/tutorial_dag.py took 0.073 seconds
[2026-08-02T19:18:26.854+0000] {processor.py:161} INFO - Started process (PID=1110) to work on /home/airflow/.local/lib/python3.12/site-packages/airflow/example_dags/tutorial_dag.py
[2026-08-02T19:18:26.855+0000] {processor.py:830} INFO - Processing file /home/airflow/.local/lib/python3.12/site-packages/airflow/example_dags/tutorial_dag.py for tasks to queue
[2026-08-02T19:18:26.857+0000] {logging_mixin.py:188} INFO - [2026-08-02T19:18:26.857+0000] {dagbag.py:545} INFO - Filling up the DagBag from /home/airflow/.local/lib/python3.12/site-packages/airflow/example_dags/tutorial_dag.py
[2026-08-02T19:18:26.863+0000] {processor.py:840} INFO - DAG(s) 'tutorial_dag' retrieved from /home/airflow/.local/lib/python3.12/site-packages/airflow/example_dags/tutorial_dag.py
[2026-08-02T19:18:26.884+0000] {logging_mixin.py:188} INFO - [2026-08-02T19:18:26.884+0000] {dag.py:3089} INFO - Sync 1 DAGs
[2026-08-02T19:18:26.896+0000] {logging_mixin.py:188} INFO - [2026-08-02T19:18:26.896+0000] {dag.py:3947} INFO - Setting next_dagrun for tutorial_dag to None, run_after=None
[2026-08-02T19:18:26.917+0000] {processor.py:183} INFO - Processing /home/airflow/.local/lib/python3.12/site-packages/airflow/example_dags/tutorial_dag.py took 0.070 seconds
[2026-08-02T19:18:57.384+0000] {processor.py:161} INFO - Started process (PID=1169) to work on /home/airflow/.local/lib/python3.12/site-packages/airflow/example_dags/tutorial_dag.py
[2026-08-02T19:18:57.386+0000] {processor.py:830} INFO - Processing file /home/airflow/.local/lib/python3.12/site-packages/airflow/example_dags/tutorial_dag.py for tasks to queue
[2026-08-02T19:18:57.390+0000] {logging_mixin.py:188} INFO - [2026-08-02T19:18:57.389+0000] {dagbag.py:545} INFO - Filling up the DagBag from /home/airflow/.local/lib/python3.12/site-packages/airflow/example_dags/tutorial_dag.py
[2026-08-02T19:18:57.397+0000] {processor.py:840} INFO - DAG(s) 'tutorial_dag' retrieved from /home/airflow/.local/lib/python3.12/site-packages/airflow/example_dags/tutorial_dag.py
[2026-08-02T19:18:57.417+0000] {logging_mixin.py:188} INFO - [2026-08-02T19:18:57.417+0000] {dag.py:3089} INFO - Sync 1 DAGs
[2026-08-02T19:18:57.430+0000] {logging_mixin.py:188} INFO - [2026-08-02T19:18:57.429+0000] {dag.py:3947} INFO - Setting next_dagrun for tutorial_dag to None, run_after=None
[2026-08-02T19:18:57.450+0000] {processor.py:183} INFO - Processing /home/airflow/.local/lib/python3.12/site-packages/airflow/example_dags/tutorial_dag.py took 0.074 seconds
[2026-08-02T19:19:27.933+0000] {processor.py:161} INFO - Started process (PID=1227) to work on /home/airflow/.local/lib/python3.12/site-packages/airflow/example_dags/tutorial_dag.py
[2026-08-02T19:19:27.935+0000] {processor.py:830} INFO - Processing file /home/airflow/.local/lib/python3.12/site-packages/airflow/example_dags/tutorial_dag.py for tasks to queue
[2026-08-02T19:19:27.938+0000] {logging_mixin.py:188} INFO - [2026-08-02T19:19:27.937+0000] {dagbag.py:545} INFO - Filling up the DagBag from /home/airflow/.local/lib/python3.12/site-packages/airflow/example_dags/tutorial_dag.py
[2026-08-02T19:19:27.947+0000] {processor.py:840} INFO - DAG(s) 'tutorial_dag' retrieved from /home/airflow/.local/lib/python3.12/site-packages/airflow/example_dags/tutorial_dag.py
[2026-08-02T19:19:27.980+0000] {logging_mixin.py:188} INFO - [2026-08-02T19:19:27.980+0000] {dag.py:3089} INFO - Sync 1 DAGs
[2026-08-02T19:19:27.998+0000] {logging_mixin.py:188} INFO - [2026-08-02T19:19:27.998+0000] {dag.py:3947} INFO - Setting next_dagrun for tutorial_dag to None, run_after=None
[2026-08-02T19:19:28.025+0000] {processor.py:183} INFO - Processing /home/airflow/.local/lib/python3.12/site-packages/airflow/example_dags/tutorial_dag.py took 0.100 seconds
[2026-08-02T19:19:58.635+0000] {processor.py:161} INFO - Started process (PID=1286) to work on /home/airflow/.local/lib/python3.12/site-packages/airflow/example_dags/tutorial_dag.py
[2026-08-02T19:19:58.636+0000] {processor.py:830} INFO - Processing file /home/airflow/.local/lib/python3.12/site-packages/airflow/example_dags/tutorial_dag.py for tasks to queue
[2026-08-02T19:19:58.639+0000] {logging_mixin.py:188} INFO - [2026-08-02T19:19:58.639+0000] {dagbag.py:545} INFO - Filling up the DagBag from /home/airflow/.local/lib/python3.12/site-packages/airflow/example_dags/tutorial_dag.py
[2026-08-02T19:19:58.645+0000] {processor.py:840} INFO - DAG(s) 'tutorial_dag' retrieved from /home/airflow/.local/lib/python3.12/site-packages/airflow/example_dags/tutorial_dag.py
[2026-08-02T19:19:58.667+0000] {logging_mixin.py:188} INFO - [2026-08-02T19:19:58.667+0000] {dag.py:3089} INFO - Sync 1 DAGs
[2026-08-02T19:19:58.682+0000] {logging_mixin.py:188} INFO - [2026-08-02T19:19:58.681+0000] {dag.py:3947} INFO - Setting next_dagrun for tutorial_dag to None, run_after=None
[2026-08-02T19:19:58.711+0000] {processor.py:183} INFO - Processing /home/airflow/.local/lib/python3.12/site-packages/airflow/example_dags/tutorial_dag.py took 0.084 seconds
[2026-08-02T19:20:28.780+0000] {processor.py:161} INFO - Started process (PID=1345) to work on /home/airflow/.local/lib/python3.12/site-packages/airflow/example_dags/tutorial_dag.py
[2026-08-02T19:20:28.782+0000] {processor.py:830} INFO - Processing file /home/airflow/.local/lib/python3.12/site-packages/airflow/example_dags/tutorial_dag.py for tasks to queue
[2026-08-02T19:20:28.784+0000] {logging_mixin.py:188} INFO - [2026-08-02T19:20:28.784+0000] {dagbag.py:545} INFO - Filling up the DagBag from /home/airflow/.local/lib/python3.12/site-packages/airflow/example_dags/tutorial_dag.py
[2026-08-02T19:20:28.792+0000] {processor.py:840} INFO - DAG(s) 'tutorial_dag' retrieved from /home/airflow/.local/lib/python3.12/site-packages/airflow/example_dags/tutorial_dag.py
[2026-08-02T19:20:28.812+0000] {logging_mixin.py:188} INFO - [2026-08-02T19:20:28.812+0000] {dag.py:3089} INFO - Sync 1 DAGs
[2026-08-02T19:20:28.825+0000] {logging_mixin.py:188} INFO - [2026-08-02T19:20:28.825+0000] {dag.py:3947} INFO - Setting next_dagrun for tutorial_dag to None, run_after=None
[2026-08-02T19:20:28.845+0000] {processor.py:183} INFO - Processing /home/airflow/.local/lib/python3.12/site-packages/airflow/example_dags/tutorial_dag.py took 0.071 seconds
[2026-08-02T19:20:59.582+0000] {processor.py:161} INFO - Started process (PID=1405) to work on /home/airflow/.local/lib/python3.12/site-packages/airflow/example_dags/tutorial_dag.py
[2026-08-02T19:20:59.583+0000] {processor.py:830} INFO - Processing file /home/airflow/.local/lib/python3.12/site-packages/airflow/example_dags/tutorial_dag.py for tasks to queue
[2026-08-02T19:20:59.585+0000] {logging_mixin.py:188} INFO - [2026-08-02T19:20:59.585+0000] {dagbag.py:545} INFO - Filling up the DagBag from /home/airflow/.local/lib/python3.12/site-packages/airflow/example_dags/tutorial_dag.py
[2026-08-02T19:20:59.591+0000] {processor.py:840} INFO - DAG(s) 'tutorial_dag' retrieved from /home/airflow/.local/lib/python3.12/site-packages/airflow/example_dags/tutorial_dag.py
[2026-08-02T19:20:59.612+0000] {logging_mixin.py:188} INFO - [2026-08-02T19:20:59.612+0000] {dag.py:3089} INFO - Sync 1 DAGs
[2026-08-02T19:20:59.625+0000] {logging_mixin.py:188} INFO - [2026-08-02T19:20:59.625+0000] {dag.py:3947} INFO - Setting next_dagrun for tutorial_dag to None, run_after=None
[2026-08-02T19:20:59.646+0000] {processor.py:183} INFO - Processing /home/airflow/.local/lib/python3.12/site-packages/airflow/example_dags/tutorial_dag.py took 0.070 seconds
