[2026-08-02T18:55:10.790+0000] {processor.py:161} INFO - Started process (PID=75) to work on /home/airflow/.local/lib/python3.12/site-packages/airflow/example_dags/tutorial.py
[2026-08-02T18:55:10.792+0000] {processor.py:830} INFO - Processing file /home/airflow/.local/lib/python3.12/site-packages/airflow/example_dags/tutorial.py for tasks to queue
[2026-08-02T18:55:10.796+0000] {logging_mixin.py:188} INFO - [2026-08-02T18:55:10.796+0000] {dagbag.py:545} INFO - Filling up the DagBag from /home/airflow/.local/lib/python3.12/site-packages/airflow/example_dags/tutorial.py
[2026-08-02T18:55:10.813+0000] {processor.py:840} INFO - DAG(s) 'tutorial' retrieved from /home/airflow/.local/lib/python3.12/site-packages/airflow/example_dags/tutorial.py
[2026-08-02T18:55:11.023+0000] {logging_mixin.py:188} INFO - [2026-08-02T18:55:11.022+0000] {dag.py:3089} INFO - Sync 1 DAGs
[2026-08-02T18:55:11.085+0000] {logging_mixin.py:188} INFO - [2026-08-02T18:55:11.085+0000] {dag.py:3947} INFO - Setting next_dagrun for tutorial to 2026-08-01 00:00:00+00:00, run_after=2026-08-02 00:00:00+00:00
[2026-08-02T18:55:11.140+0000] {processor.py:183} INFO - Processing /home/airflow/.local/lib/python3.12/site-packages/airflow/example_dags/tutorial.py took 0.359 seconds
[2026-08-02T18:55:41.449+0000] {processor.py:161} INFO - Started process (PID=134) to work on /home/airflow/.local/lib/python3.12/site-packages/airflow/example_dags/tutorial.py
[2026-08-02T18:55:41.451+0000] {processor.py:830} INFO - Processing file /home/airflow/.local/lib/python3.12/site-packages/airflow/example_dags/tutorial.py for tasks to queue
[2026-08-02T18:55:41.453+0000] {logging_mixin.py:188} INFO - [2026-08-02T18:55:41.453+0000] {dagbag.py:545} INFO - Filling up the DagBag from /home/airflow/.local/lib/python3.12/site-packages/airflow/example_dags/tutorial.py
[2026-08-02T18:55:41.459+0000] {processor.py:840} INFO - DAG(s) 'tutorial' retrieved from /home/airflow/.local/lib/python3.12/site-packages/airflow/example_dags/tutorial.py
[2026-08-02T18:55:41.479+0000] {logging_mixin.py:188} INFO - [2026-08-02T18:55:41.479+0000] {dag.py:3089} INFO - Sync 1 DAGs
[2026-08-02T18:55:41.499+0000] {logging_mixin.py:188} INFO - [2026-08-02T18:55:41.498+0000] {dag.py:3947} INFO - Setting next_dagrun for tutorial to 2026-08-01 00:00:00+00:00, run_after=2026-08-02 00:00:00+00:00
[2026-08-02T18:55:41.518+0000] {processor.py:183} INFO - Processing /home/airflow/.local/lib/python3.12/site-packages/airflow/example_dags/tutorial.py took 0.077 seconds
[2026-08-02T18:56:12.368+0000] {processor.py:161} INFO - Started process (PID=199) to work on /home/airflow/.local/lib/python3.12/site-packages/airflow/example_dags/tutorial.py
[2026-08-02T18:56:12.369+0000] {processor.py:830} INFO - Processing file /home/airflow/.local/lib/python3.12/site-packages/airflow/example_dags/tutorial.py for tasks to queue
[2026-08-02T18:56:12.372+0000] {logging_mixin.py:188} INFO - [2026-08-02T18:56:12.371+0000] {dagbag.py:545} INFO - Filling up the DagBag from /home/airflow/.local/lib/python3.12/site-packages/airflow/example_dags/tutorial.py
[2026-08-02T18:56:12.381+0000] {processor.py:840} INFO - DAG(s) 'tutorial' retrieved from /home/airflow/.local/lib/python3.12/site-packages/airflow/example_dags/tutorial.py
[2026-08-02T18:56:12.402+0000] {logging_mixin.py:188} INFO - [2026-08-02T18:56:12.401+0000] {dag.py:3089} INFO - Sync 1 DAGs
[2026-08-02T18:56:12.422+0000] {logging_mixin.py:188} INFO - [2026-08-02T18:56:12.422+0000] {dag.py:3947} INFO - Setting next_dagrun for tutorial to 2026-08-01 00:00:00+00:00, run_after=2026-08-02 00:00:00+00:00
[2026-08-02T18:56:12.441+0000] {processor.py:183} INFO - Processing /home/airflow/.local/lib/python3.12/site-packages/airflow/example_dags/tutorial.py took 0.080 seconds
[2026-08-02T18:56:42.655+0000] {processor.py:161} INFO - Started process (PID=258) to work on /home/airflow/.local/lib/python3.12/site-packages/airflow/example_dags/tutorial.py
[2026-08-02T18:56:42.656+0000] {processor.py:830} INFO - Processing file /home/airflow/.local/lib/python3.12/site-packages/airflow/example_dags/tutorial.py for tasks to queue
[2026-08-02T18:56:42.659+0000] {logging_mixin.py:188} INFO - [2026-08-02T18:56:42.659+0000] {dagbag.py:545} INFO - Filling up the DagBag from /home/airflow/.local/lib/python3.12/site-packages/airflow/example_dags/tutorial.py
[2026-08-02T18:56:42.667+0000] {processor.py:840} INFO - DAG(s) 'tutorial' retrieved from /home/airflow/.local/lib/python3.12/site-packages/airflow/example_dags/tutorial.py
[2026-08-02T18:56:42.690+0000] {logging_mixin.py:188} INFO - [2026-08-02T18:56:42.690+0000] {dag.py:3089} INFO - Sync 1 DAGs
[2026-08-02T18:56:42.710+0000] {logging_mixin.py:188} INFO - [2026-08-02T18:56:42.710+0000] {dag.py:3947} INFO - Setting next_dagrun for tutorial to 2026-08-01 00:00:00+00:00, run_after=2026-08-02 00:00:00+00:00
[2026-08-02T18:56:42.730+0000] {processor.py:183} INFO - Processing /home/airflow/.local/lib/python3.12/site-packages/airflow/example_dags/tutorial.py took 0.085 seconds
[2026-08-02T18:57:13.238+0000] {processor.py:161} INFO - Started process (PID=317) to work on /home/airflow/.local/lib/python3.12/site-packages/airflow/example_dags/tutorial.py
[2026-08-02T18:57:13.240+0000] {processor.py:830} INFO - Processing file /home/airflow/.local/lib/python3.12/site-packages/airflow/example_dags/tutorial.py for tasks to queue
[2026-08-02T18:57:13.242+0000] {logging_mixin.py:188} INFO - [2026-08-02T18:57:13.242+0000] {dagbag.py:545} INFO - Filling up the DagBag from /home/airflow/.local/lib/python3.12/site-packages/airflow/example_dags/tutorial.py
[2026-08-02T18:57:13.249+0000] {processor.py:840} INFO - DAG(s) 'tutorial' retrieved from /home/airflow/.local/lib/python3.12/site-packages/airflow/example_dags/tutorial.py
[2026-08-02T18:57:13.270+0000] {logging_mixin.py:188} INFO - [2026-08-02T18:57:13.270+0000] {dag.py:3089} INFO - Sync 1 DAGs
[2026-08-02T18:57:13.295+0000] {logging_mixin.py:188} INFO - [2026-08-02T18:57:13.294+0000] {dag.py:3947} INFO - Setting next_dagrun for tutorial to 2026-08-01 00:00:00+00:00, run_after=2026-08-02 00:00:00+00:00
[2026-08-02T18:57:13.316+0000] {processor.py:183} INFO - Processing /home/airflow/.local/lib/python3.12/site-packages/airflow/example_dags/tutorial.py took 0.083 seconds
[2026-08-02T18:57:43.538+0000] {processor.py:161} INFO - Started process (PID=376) to work on /home/airflow/.local/lib/python3.12/site-packages/airflow/example_dags/tutorial.py
[2026-08-02T18:57:43.539+0000] {processor.py:830} INFO - Processing file /home/airflow/.local/lib/python3.12/site-packages/airflow/example_dags/tutorial.py for tasks to queue
[2026-08-02T18:57:43.542+0000] {logging_mixin.py:188} INFO - [2026-08-02T18:57:43.541+0000] {dagbag.py:545} INFO - Filling up the DagBag from /home/airflow/.local/lib/python3.12/site-packages/airflow/example_dags/tutorial.py
[2026-08-02T18:57:43.548+0000] {processor.py:840} INFO - DAG(s) 'tutorial' retrieved from /home/airflow/.local/lib/python3.12/site-packages/airflow/example_dags/tutorial.py
[2026-08-02T18:57:43.571+0000] {logging_mixin.py:188} INFO - [2026-08-02T18:57:43.571+0000] {dag.py:3089} INFO - Sync 1 DAGs
[2026-08-02T18:57:43.598+0000] {logging_mixin.py:188} INFO - [2026-08-02T18:57:43.597+0000] {dag.py:3947} INFO - Setting next_dagrun for tutorial to 2026-08-01 00:00:00+00:00, run_after=2026-08-02 00:00:00+00:00
[2026-08-02T18:57:43.620+0000] {processor.py:183} INFO - Processing /home/airflow/.local/lib/python3.12/site-packages/airflow/example_dags/tutorial.py took 0.089 seconds
[2026-08-02T19:00:09.054+0000] {processor.py:161} INFO - Started process (PID=68) to work on /home/airflow/.local/lib/python3.12/site-packages/airflow/example_dags/tutorial.py
[2026-08-02T19:00:09.056+0000] {processor.py:830} INFO - Processing file /home/airflow/.local/lib/python3.12/site-packages/airflow/example_dags/tutorial.py for tasks to queue
[2026-08-02T19:00:09.060+0000] {logging_mixin.py:188} INFO - [2026-08-02T19:00:09.059+0000] {dagbag.py:545} INFO - Filling up the DagBag from /home/airflow/.local/lib/python3.12/site-packages/airflow/example_dags/tutorial.py
[2026-08-02T19:00:09.072+0000] {processor.py:840} INFO - DAG(s) 'tutorial' retrieved from /home/airflow/.local/lib/python3.12/site-packages/airflow/example_dags/tutorial.py
[2026-08-02T19:00:09.090+0000] {logging_mixin.py:188} INFO - [2026-08-02T19:00:09.090+0000] {dag.py:3089} INFO - Sync 1 DAGs
[2026-08-02T19:00:09.123+0000] {logging_mixin.py:188} INFO - [2026-08-02T19:00:09.123+0000] {dag.py:3947} INFO - Setting next_dagrun for tutorial to 2026-08-01 00:00:00+00:00, run_after=2026-08-02 00:00:00+00:00
[2026-08-02T19:00:09.150+0000] {processor.py:183} INFO - Processing /home/airflow/.local/lib/python3.12/site-packages/airflow/example_dags/tutorial.py took 0.103 seconds
[2026-08-02T19:00:39.377+0000] {processor.py:161} INFO - Started process (PID=127) to work on /home/airflow/.local/lib/python3.12/site-packages/airflow/example_dags/tutorial.py
[2026-08-02T19:00:39.378+0000] {processor.py:830} INFO - Processing file /home/airflow/.local/lib/python3.12/site-packages/airflow/example_dags/tutorial.py for tasks to queue
[2026-08-02T19:00:39.380+0000] {logging_mixin.py:188} INFO - [2026-08-02T19:00:39.380+0000] {dagbag.py:545} INFO - Filling up the DagBag from /home/airflow/.local/lib/python3.12/site-packages/airflow/example_dags/tutorial.py
[2026-08-02T19:00:39.387+0000] {processor.py:840} INFO - DAG(s) 'tutorial' retrieved from /home/airflow/.local/lib/python3.12/site-packages/airflow/example_dags/tutorial.py
[2026-08-02T19:00:39.476+0000] {logging_mixin.py:188} INFO - [2026-08-02T19:00:39.476+0000] {dag.py:3089} INFO - Sync 1 DAGs
[2026-08-02T19:00:39.494+0000] {logging_mixin.py:188} INFO - [2026-08-02T19:00:39.493+0000] {dag.py:3947} INFO - Setting next_dagrun for tutorial to 2026-08-01 00:00:00+00:00, run_after=2026-08-02 00:00:00+00:00
[2026-08-02T19:00:39.511+0000] {processor.py:183} INFO - Processing /home/airflow/.local/lib/python3.12/site-packages/airflow/example_dags/tutorial.py took 0.140 seconds
[2026-08-02T19:01:09.909+0000] {processor.py:161} INFO - Started process (PID=186) to work on /home/airflow/.local/lib/python3.12/site-packages/airflow/example_dags/tutorial.py
[2026-08-02T19:01:09.912+0000] {processor.py:830} INFO - Processing file /home/airflow/.local/lib/python3.12/site-packages/airflow/example_dags/tutorial.py for tasks to queue
[2026-08-02T19:01:09.917+0000] {logging_mixin.py:188} INFO - [2026-08-02T19:01:09.916+0000] {dagbag.py:545} INFO - Filling up the DagBag from /home/airflow/.local/lib/python3.12/site-packages/airflow/example_dags/tutorial.py
[2026-08-02T19:01:09.929+0000] {processor.py:840} INFO - DAG(s) 'tutorial' retrieved from /home/airflow/.local/lib/python3.12/site-packages/airflow/example_dags/tutorial.py
[2026-08-02T19:01:09.959+0000] {logging_mixin.py:188} INFO - [2026-08-02T19:01:09.959+0000] {dag.py:3089} INFO - Sync 1 DAGs
[2026-08-02T19:01:09.981+0000] {logging_mixin.py:188} INFO - [2026-08-02T19:01:09.981+0000] {dag.py:3947} INFO - Setting next_dagrun for tutorial to 2026-08-01 00:00:00+00:00, run_after=2026-08-02 00:00:00+00:00
[2026-08-02T19:01:09.999+0000] {processor.py:183} INFO - Processing /home/airflow/.local/lib/python3.12/site-packages/airflow/example_dags/tutorial.py took 0.103 seconds
[2026-08-02T19:01:40.185+0000] {processor.py:161} INFO - Started process (PID=246) to work on /home/airflow/.local/lib/python3.12/site-packages/airflow/example_dags/tutorial.py
[2026-08-02T19:01:40.187+0000] {processor.py:830} INFO - Processing file /home/airflow/.local/lib/python3.12/site-packages/airflow/example_dags/tutorial.py for tasks to queue
[2026-08-02T19:01:40.189+0000] {logging_mixin.py:188} INFO - [2026-08-02T19:01:40.189+0000] {dagbag.py:545} INFO - Filling up the DagBag from /home/airflow/.local/lib/python3.12/site-packages/airflow/example_dags/tutorial.py
[2026-08-02T19:01:40.197+0000] {processor.py:840} INFO - DAG(s) 'tutorial' retrieved from /home/airflow/.local/lib/python3.12/site-packages/airflow/example_dags/tutorial.py
[2026-08-02T19:01:40.223+0000] {logging_mixin.py:188} INFO - [2026-08-02T19:01:40.223+0000] {dag.py:3089} INFO - Sync 1 DAGs
[2026-08-02T19:01:40.244+0000] {logging_mixin.py:188} INFO - [2026-08-02T19:01:40.243+0000] {dag.py:3947} INFO - Setting next_dagrun for tutorial to 2026-08-01 00:00:00+00:00, run_after=2026-08-02 00:00:00+00:00
[2026-08-02T19:01:40.263+0000] {processor.py:183} INFO - Processing /home/airflow/.local/lib/python3.12/site-packages/airflow/example_dags/tutorial.py took 0.086 seconds
[2026-08-02T19:02:10.502+0000] {processor.py:161} INFO - Started process (PID=305) to work on /home/airflow/.local/lib/python3.12/site-packages/airflow/example_dags/tutorial.py
[2026-08-02T19:02:10.504+0000] {processor.py:830} INFO - Processing file /home/airflow/.local/lib/python3.12/site-packages/airflow/example_dags/tutorial.py for tasks to queue
[2026-08-02T19:02:10.506+0000] {logging_mixin.py:188} INFO - [2026-08-02T19:02:10.506+0000] {dagbag.py:545} INFO - Filling up the DagBag from /home/airflow/.local/lib/python3.12/site-packages/airflow/example_dags/tutorial.py
[2026-08-02T19:02:10.512+0000] {processor.py:840} INFO - DAG(s) 'tutorial' retrieved from /home/airflow/.local/lib/python3.12/site-packages/airflow/example_dags/tutorial.py
[2026-08-02T19:02:10.531+0000] {logging_mixin.py:188} INFO - [2026-08-02T19:02:10.531+0000] {dag.py:3089} INFO - Sync 1 DAGs
[2026-08-02T19:02:10.550+0000] {logging_mixin.py:188} INFO - [2026-08-02T19:02:10.550+0000] {dag.py:3947} INFO - Setting next_dagrun for tutorial to 2026-08-01 00:00:00+00:00, run_after=2026-08-02 00:00:00+00:00
[2026-08-02T19:02:10.570+0000] {processor.py:183} INFO - Processing /home/airflow/.local/lib/python3.12/site-packages/airflow/example_dags/tutorial.py took 0.073 seconds
[2026-08-02T19:02:40.778+0000] {processor.py:161} INFO - Started process (PID=364) to work on /home/airflow/.local/lib/python3.12/site-packages/airflow/example_dags/tutorial.py
[2026-08-02T19:02:40.780+0000] {processor.py:830} INFO - Processing file /home/airflow/.local/lib/python3.12/site-packages/airflow/example_dags/tutorial.py for tasks to queue
[2026-08-02T19:02:40.784+0000] {logging_mixin.py:188} INFO - [2026-08-02T19:02:40.783+0000] {dagbag.py:545} INFO - Filling up the DagBag from /home/airflow/.local/lib/python3.12/site-packages/airflow/example_dags/tutorial.py
[2026-08-02T19:02:40.791+0000] {processor.py:840} INFO - DAG(s) 'tutorial' retrieved from /home/airflow/.local/lib/python3.12/site-packages/airflow/example_dags/tutorial.py
[2026-08-02T19:02:40.814+0000] {logging_mixin.py:188} INFO - [2026-08-02T19:02:40.814+0000] {dag.py:3089} INFO - Sync 1 DAGs
[2026-08-02T19:02:40.841+0000] {logging_mixin.py:188} INFO - [2026-08-02T19:02:40.840+0000] {dag.py:3947} INFO - Setting next_dagrun for tutorial to 2026-08-01 00:00:00+00:00, run_after=2026-08-02 00:00:00+00:00
[2026-08-02T19:02:40.869+0000] {processor.py:183} INFO - Processing /home/airflow/.local/lib/python3.12/site-packages/airflow/example_dags/tutorial.py took 0.101 seconds
[2026-08-02T19:03:11.223+0000] {processor.py:161} INFO - Started process (PID=423) to work on /home/airflow/.local/lib/python3.12/site-packages/airflow/example_dags/tutorial.py
[2026-08-02T19:03:11.226+0000] {processor.py:830} INFO - Processing file /home/airflow/.local/lib/python3.12/site-packages/airflow/example_dags/tutorial.py for tasks to queue
[2026-08-02T19:03:11.230+0000] {logging_mixin.py:188} INFO - [2026-08-02T19:03:11.229+0000] {dagbag.py:545} INFO - Filling up the DagBag from /home/airflow/.local/lib/python3.12/site-packages/airflow/example_dags/tutorial.py
[2026-08-02T19:03:11.241+0000] {processor.py:840} INFO - DAG(s) 'tutorial' retrieved from /home/airflow/.local/lib/python3.12/site-packages/airflow/example_dags/tutorial.py
[2026-08-02T19:03:11.268+0000] {logging_mixin.py:188} INFO - [2026-08-02T19:03:11.268+0000] {dag.py:3089} INFO - Sync 1 DAGs
[2026-08-02T19:03:11.290+0000] {logging_mixin.py:188} INFO - [2026-08-02T19:03:11.290+0000] {dag.py:3947} INFO - Setting next_dagrun for tutorial to 2026-08-01 00:00:00+00:00, run_after=2026-08-02 00:00:00+00:00
[2026-08-02T19:03:11.310+0000] {processor.py:183} INFO - Processing /home/airflow/.local/lib/python3.12/site-packages/airflow/example_dags/tutorial.py took 0.097 seconds
[2026-08-02T19:03:41.862+0000] {processor.py:161} INFO - Started process (PID=482) to work on /home/airflow/.local/lib/python3.12/site-packages/airflow/example_dags/tutorial.py
[2026-08-02T19:03:41.864+0000] {processor.py:830} INFO - Processing file /home/airflow/.local/lib/python3.12/site-packages/airflow/example_dags/tutorial.py for tasks to queue
[2026-08-02T19:03:41.867+0000] {logging_mixin.py:188} INFO - [2026-08-02T19:03:41.867+0000] {dagbag.py:545} INFO - Filling up the DagBag from /home/airflow/.local/lib/python3.12/site-packages/airflow/example_dags/tutorial.py
[2026-08-02T19:03:41.875+0000] {processor.py:840} INFO - DAG(s) 'tutorial' retrieved from /home/airflow/.local/lib/python3.12/site-packages/airflow/example_dags/tutorial.py
[2026-08-02T19:03:41.897+0000] {logging_mixin.py:188} INFO - [2026-08-02T19:03:41.897+0000] {dag.py:3089} INFO - Sync 1 DAGs
[2026-08-02T19:03:41.918+0000] {logging_mixin.py:188} INFO - [2026-08-02T19:03:41.918+0000] {dag.py:3947} INFO - Setting next_dagrun for tutorial to 2026-08-01 00:00:00+00:00, run_after=2026-08-02 00:00:00+00:00
[2026-08-02T19:03:41.940+0000] {processor.py:183} INFO - Processing /home/airflow/.local/lib/python3.12/site-packages/airflow/example_dags/tutorial.py took 0.085 seconds
[2026-08-02T19:04:12.169+0000] {processor.py:161} INFO - Started process (PID=541) to work on /home/airflow/.local/lib/python3.12/site-packages/airflow/example_dags/tutorial.py
[2026-08-02T19:04:12.170+0000] {processor.py:830} INFO - Processing file /home/airflow/.local/lib/python3.12/site-packages/airflow/example_dags/tutorial.py for tasks to queue
[2026-08-02T19:04:12.173+0000] {logging_mixin.py:188} INFO - [2026-08-02T19:04:12.172+0000] {dagbag.py:545} INFO - Filling up the DagBag from /home/airflow/.local/lib/python3.12/site-packages/airflow/example_dags/tutorial.py
[2026-08-02T19:04:12.178+0000] {processor.py:840} INFO - DAG(s) 'tutorial' retrieved from /home/airflow/.local/lib/python3.12/site-packages/airflow/example_dags/tutorial.py
[2026-08-02T19:04:12.199+0000] {logging_mixin.py:188} INFO - [2026-08-02T19:04:12.199+0000] {dag.py:3089} INFO - Sync 1 DAGs
[2026-08-02T19:04:12.219+0000] {logging_mixin.py:188} INFO - [2026-08-02T19:04:12.219+0000] {dag.py:3947} INFO - Setting next_dagrun for tutorial to 2026-08-01 00:00:00+00:00, run_after=2026-08-02 00:00:00+00:00
[2026-08-02T19:04:12.239+0000] {processor.py:183} INFO - Processing /home/airflow/.local/lib/python3.12/site-packages/airflow/example_dags/tutorial.py took 0.076 seconds
[2026-08-02T19:04:42.481+0000] {processor.py:161} INFO - Started process (PID=600) to work on /home/airflow/.local/lib/python3.12/site-packages/airflow/example_dags/tutorial.py
[2026-08-02T19:04:42.483+0000] {processor.py:830} INFO - Processing file /home/airflow/.local/lib/python3.12/site-packages/airflow/example_dags/tutorial.py for tasks to queue
[2026-08-02T19:04:42.486+0000] {logging_mixin.py:188} INFO - [2026-08-02T19:04:42.486+0000] {dagbag.py:545} INFO - Filling up the DagBag from /home/airflow/.local/lib/python3.12/site-packages/airflow/example_dags/tutorial.py
[2026-08-02T19:04:42.494+0000] {processor.py:840} INFO - DAG(s) 'tutorial' retrieved from /home/airflow/.local/lib/python3.12/site-packages/airflow/example_dags/tutorial.py
[2026-08-02T19:04:42.514+0000] {logging_mixin.py:188} INFO - [2026-08-02T19:04:42.514+0000] {dag.py:3089} INFO - Sync 1 DAGs
[2026-08-02T19:04:42.534+0000] {logging_mixin.py:188} INFO - [2026-08-02T19:04:42.534+0000] {dag.py:3947} INFO - Setting next_dagrun for tutorial to 2026-08-01 00:00:00+00:00, run_after=2026-08-02 00:00:00+00:00
[2026-08-02T19:04:42.551+0000] {processor.py:183} INFO - Processing /home/airflow/.local/lib/python3.12/site-packages/airflow/example_dags/tutorial.py took 0.076 seconds
[2026-08-02T19:05:12.772+0000] {processor.py:161} INFO - Started process (PID=659) to work on /home/airflow/.local/lib/python3.12/site-packages/airflow/example_dags/tutorial.py
[2026-08-02T19:05:12.774+0000] {processor.py:830} INFO - Processing file /home/airflow/.local/lib/python3.12/site-packages/airflow/example_dags/tutorial.py for tasks to queue
[2026-08-02T19:05:12.776+0000] {logging_mixin.py:188} INFO - [2026-08-02T19:05:12.776+0000] {dagbag.py:545} INFO - Filling up the DagBag from /home/airflow/.local/lib/python3.12/site-packages/airflow/example_dags/tutorial.py
[2026-08-02T19:05:12.782+0000] {processor.py:840} INFO - DAG(s) 'tutorial' retrieved from /home/airflow/.local/lib/python3.12/site-packages/airflow/example_dags/tutorial.py
[2026-08-02T19:05:12.799+0000] {logging_mixin.py:188} INFO - [2026-08-02T19:05:12.799+0000] {dag.py:3089} INFO - Sync 1 DAGs
[2026-08-02T19:05:12.817+0000] {logging_mixin.py:188} INFO - [2026-08-02T19:05:12.817+0000] {dag.py:3947} INFO - Setting next_dagrun for tutorial to 2026-08-01 00:00:00+00:00, run_after=2026-08-02 00:00:00+00:00
[2026-08-02T19:05:12.834+0000] {processor.py:183} INFO - Processing /home/airflow/.local/lib/python3.12/site-packages/airflow/example_dags/tutorial.py took 0.070 seconds
[2026-08-02T19:05:43.026+0000] {processor.py:161} INFO - Started process (PID=718) to work on /home/airflow/.local/lib/python3.12/site-packages/airflow/example_dags/tutorial.py
[2026-08-02T19:05:43.027+0000] {processor.py:830} INFO - Processing file /home/airflow/.local/lib/python3.12/site-packages/airflow/example_dags/tutorial.py for tasks to queue
[2026-08-02T19:05:43.030+0000] {logging_mixin.py:188} INFO - [2026-08-02T19:05:43.029+0000] {dagbag.py:545} INFO - Filling up the DagBag from /home/airflow/.local/lib/python3.12/site-packages/airflow/example_dags/tutorial.py
[2026-08-02T19:05:43.036+0000] {processor.py:840} INFO - DAG(s) 'tutorial' retrieved from /home/airflow/.local/lib/python3.12/site-packages/airflow/example_dags/tutorial.py
[2026-08-02T19:05:43.055+0000] {logging_mixin.py:188} INFO - [2026-08-02T19:05:43.055+0000] {dag.py:3089} INFO - Sync 1 DAGs
[2026-08-02T19:05:43.076+0000] {logging_mixin.py:188} INFO - [2026-08-02T19:05:43.076+0000] {dag.py:3947} INFO - Setting next_dagrun for tutorial to 2026-08-01 00:00:00+00:00, run_after=2026-08-02 00:00:00+00:00
[2026-08-02T19:05:43.094+0000] {processor.py:183} INFO - Processing /home/airflow/.local/lib/python3.12/site-packages/airflow/example_dags/tutorial.py took 0.076 seconds
[2026-08-02T19:06:13.495+0000] {processor.py:161} INFO - Started process (PID=777) to work on /home/airflow/.local/lib/python3.12/site-packages/airflow/example_dags/tutorial.py
[2026-08-02T19:06:13.496+0000] {processor.py:830} INFO - Processing file /home/airflow/.local/lib/python3.12/site-packages/airflow/example_dags/tutorial.py for tasks to queue
[2026-08-02T19:06:13.499+0000] {logging_mixin.py:188} INFO - [2026-08-02T19:06:13.498+0000] {dagbag.py:545} INFO - Filling up the DagBag from /home/airflow/.local/lib/python3.12/site-packages/airflow/example_dags/tutorial.py
[2026-08-02T19:06:13.505+0000] {processor.py:840} INFO - DAG(s) 'tutorial' retrieved from /home/airflow/.local/lib/python3.12/site-packages/airflow/example_dags/tutorial.py
[2026-08-02T19:06:13.524+0000] {logging_mixin.py:188} INFO - [2026-08-02T19:06:13.524+0000] {dag.py:3089} INFO - Sync 1 DAGs
[2026-08-02T19:06:13.545+0000] {logging_mixin.py:188} INFO - [2026-08-02T19:06:13.545+0000] {dag.py:3947} INFO - Setting next_dagrun for tutorial to 2026-08-01 00:00:00+00:00, run_after=2026-08-02 00:00:00+00:00
[2026-08-02T19:06:13.564+0000] {processor.py:183} INFO - Processing /home/airflow/.local/lib/python3.12/site-packages/airflow/example_dags/tutorial.py took 0.075 seconds
[2026-08-02T19:06:44.220+0000] {processor.py:161} INFO - Started process (PID=836) to work on /home/airflow/.local/lib/python3.12/site-packages/airflow/example_dags/tutorial.py
[2026-08-02T19:06:44.221+0000] {processor.py:830} INFO - Processing file /home/airflow/.local/lib/python3.12/site-packages/airflow/example_dags/tutorial.py for tasks to queue
[2026-08-02T19:06:44.224+0000] {logging_mixin.py:188} INFO - [2026-08-02T19:06:44.223+0000] {dagbag.py:545} INFO - Filling up the DagBag from /home/airflow/.local/lib/python3.12/site-packages/airflow/example_dags/tutorial.py
[2026-08-02T19:06:44.229+0000] {processor.py:840} INFO - DAG(s) 'tutorial' retrieved from /home/airflow/.local/lib/python3.12/site-packages/airflow/example_dags/tutorial.py
[2026-08-02T19:06:44.248+0000] {logging_mixin.py:188} INFO - [2026-08-02T19:06:44.248+0000] {dag.py:3089} INFO - Sync 1 DAGs
[2026-08-02T19:06:44.267+0000] {logging_mixin.py:188} INFO - [2026-08-02T19:06:44.267+0000] {dag.py:3947} INFO - Setting next_dagrun for tutorial to 2026-08-01 00:00:00+00:00, run_after=2026-08-02 00:00:00+00:00
[2026-08-02T19:06:44.285+0000] {processor.py:183} INFO - Processing /home/airflow/.local/lib/python3.12/site-packages/airflow/example_dags/tutorial.py took 0.070 seconds
[2026-08-02T19:07:14.966+0000] {processor.py:161} INFO - Started process (PID=895) to work on /home/airflow/.local/lib/python3.12/site-packages/airflow/example_dags/tutorial.py
[2026-08-02T19:07:14.967+0000] {processor.py:830} INFO - Processing file /home/airflow/.local/lib/python3.12/site-packages/airflow/example_dags/tutorial.py for tasks to queue
[2026-08-02T19:07:14.969+0000] {logging_mixin.py:188} INFO - [2026-08-02T19:07:14.969+0000] {dagbag.py:545} INFO - Filling up the DagBag from /home/airflow/.local/lib/python3.12/site-packages/airflow/example_dags/tutorial.py
[2026-08-02T19:07:14.975+0000] {processor.py:840} INFO - DAG(s) 'tutorial' retrieved from /home/airflow/.local/lib/python3.12/site-packages/airflow/example_dags/tutorial.py
[2026-08-02T19:07:14.997+0000] {logging_mixin.py:188} INFO - [2026-08-02T19:07:14.997+0000] {dag.py:3089} INFO - Sync 1 DAGs
[2026-08-02T19:07:15.021+0000] {logging_mixin.py:188} INFO - [2026-08-02T19:07:15.021+0000] {dag.py:3947} INFO - Setting next_dagrun for tutorial to 2026-08-01 00:00:00+00:00, run_after=2026-08-02 00:00:00+00:00
[2026-08-02T19:07:15.043+0000] {processor.py:183} INFO - Processing /home/airflow/.local/lib/python3.12/site-packages/airflow/example_dags/tutorial.py took 0.084 seconds
[2026-08-02T19:07:45.091+0000] {processor.py:161} INFO - Started process (PID=954) to work on /home/airflow/.local/lib/python3.12/site-packages/airflow/example_dags/tutorial.py
[2026-08-02T19:07:45.093+0000] {processor.py:830} INFO - Processing file /home/airflow/.local/lib/python3.12/site-packages/airflow/example_dags/tutorial.py for tasks to queue
[2026-08-02T19:07:45.095+0000] {logging_mixin.py:188} INFO - [2026-08-02T19:07:45.095+0000] {dagbag.py:545} INFO - Filling up the DagBag from /home/airflow/.local/lib/python3.12/site-packages/airflow/example_dags/tutorial.py
[2026-08-02T19:07:45.102+0000] {processor.py:840} INFO - DAG(s) 'tutorial' retrieved from /home/airflow/.local/lib/python3.12/site-packages/airflow/example_dags/tutorial.py
[2026-08-02T19:07:45.121+0000] {logging_mixin.py:188} INFO - [2026-08-02T19:07:45.121+0000] {dag.py:3089} INFO - Sync 1 DAGs
[2026-08-02T19:07:45.142+0000] {logging_mixin.py:188} INFO - [2026-08-02T19:07:45.142+0000] {dag.py:3947} INFO - Setting next_dagrun for tutorial to 2026-08-01 00:00:00+00:00, run_after=2026-08-02 00:00:00+00:00
[2026-08-02T19:07:45.160+0000] {processor.py:183} INFO - Processing /home/airflow/.local/lib/python3.12/site-packages/airflow/example_dags/tutorial.py took 0.076 seconds
[2026-08-02T19:08:15.659+0000] {processor.py:161} INFO - Started process (PID=1013) to work on /home/airflow/.local/lib/python3.12/site-packages/airflow/example_dags/tutorial.py
[2026-08-02T19:08:15.660+0000] {processor.py:830} INFO - Processing file /home/airflow/.local/lib/python3.12/site-packages/airflow/example_dags/tutorial.py for tasks to queue
[2026-08-02T19:08:15.662+0000] {logging_mixin.py:188} INFO - [2026-08-02T19:08:15.662+0000] {dagbag.py:545} INFO - Filling up the DagBag from /home/airflow/.local/lib/python3.12/site-packages/airflow/example_dags/tutorial.py
[2026-08-02T19:08:15.668+0000] {processor.py:840} INFO - DAG(s) 'tutorial' retrieved from /home/airflow/.local/lib/python3.12/site-packages/airflow/example_dags/tutorial.py
[2026-08-02T19:08:15.689+0000] {logging_mixin.py:188} INFO - [2026-08-02T19:08:15.689+0000] {dag.py:3089} INFO - Sync 1 DAGs
[2026-08-02T19:08:15.711+0000] {logging_mixin.py:188} INFO - [2026-08-02T19:08:15.710+0000] {dag.py:3947} INFO - Setting next_dagrun for tutorial to 2026-08-01 00:00:00+00:00, run_after=2026-08-02 00:00:00+00:00
[2026-08-02T19:08:15.733+0000] {processor.py:183} INFO - Processing /home/airflow/.local/lib/python3.12/site-packages/airflow/example_dags/tutorial.py took 0.080 seconds
[2026-08-02T19:09:47.000+0000] {processor.py:161} INFO - Started process (PID=98) to work on /home/airflow/.local/lib/python3.12/site-packages/airflow/example_dags/tutorial.py
[2026-08-02T19:09:47.002+0000] {processor.py:830} INFO - Processing file /home/airflow/.local/lib/python3.12/site-packages/airflow/example_dags/tutorial.py for tasks to queue
[2026-08-02T19:09:47.007+0000] {logging_mixin.py:188} INFO - [2026-08-02T19:09:47.006+0000] {dagbag.py:545} INFO - Filling up the DagBag from /home/airflow/.local/lib/python3.12/site-packages/airflow/example_dags/tutorial.py
[2026-08-02T19:09:47.025+0000] {processor.py:840} INFO - DAG(s) 'tutorial' retrieved from /home/airflow/.local/lib/python3.12/site-packages/airflow/example_dags/tutorial.py
[2026-08-02T19:09:47.330+0000] {logging_mixin.py:188} INFO - [2026-08-02T19:09:47.330+0000] {dag.py:3089} INFO - Sync 1 DAGs
[2026-08-02T19:09:47.392+0000] {logging_mixin.py:188} INFO - [2026-08-02T19:09:47.391+0000] {dag.py:3947} INFO - Setting next_dagrun for tutorial to 2026-08-01 00:00:00+00:00, run_after=2026-08-02 00:00:00+00:00
[2026-08-02T19:09:47.465+0000] {processor.py:183} INFO - Processing /home/airflow/.local/lib/python3.12/site-packages/airflow/example_dags/tutorial.py took 0.474 seconds
[2026-08-02T19:10:18.347+0000] {processor.py:161} INFO - Started process (PID=157) to work on /home/airflow/.local/lib/python3.12/site-packages/airflow/example_dags/tutorial.py
[2026-08-02T19:10:18.349+0000] {processor.py:830} INFO - Processing file /home/airflow/.local/lib/python3.12/site-packages/airflow/example_dags/tutorial.py for tasks to queue
[2026-08-02T19:10:18.352+0000] {logging_mixin.py:188} INFO - [2026-08-02T19:10:18.351+0000] {dagbag.py:545} INFO - Filling up the DagBag from /home/airflow/.local/lib/python3.12/site-packages/airflow/example_dags/tutorial.py
[2026-08-02T19:10:18.358+0000] {processor.py:840} INFO - DAG(s) 'tutorial' retrieved from /home/airflow/.local/lib/python3.12/site-packages/airflow/example_dags/tutorial.py
[2026-08-02T19:10:18.382+0000] {logging_mixin.py:188} INFO - [2026-08-02T19:10:18.382+0000] {dag.py:3089} INFO - Sync 1 DAGs
[2026-08-02T19:10:18.405+0000] {logging_mixin.py:188} INFO - [2026-08-02T19:10:18.405+0000] {dag.py:3947} INFO - Setting next_dagrun for tutorial to 2026-08-01 00:00:00+00:00, run_after=2026-08-02 00:00:00+00:00
[2026-08-02T19:10:18.427+0000] {processor.py:183} INFO - Processing /home/airflow/.local/lib/python3.12/site-packages/airflow/example_dags/tutorial.py took 0.086 seconds
[2026-08-02T19:10:48.791+0000] {processor.py:161} INFO - Started process (PID=222) to work on /home/airflow/.local/lib/python3.12/site-packages/airflow/example_dags/tutorial.py
[2026-08-02T19:10:48.792+0000] {processor.py:830} INFO - Processing file /home/airflow/.local/lib/python3.12/site-packages/airflow/example_dags/tutorial.py for tasks to queue
[2026-08-02T19:10:48.795+0000] {logging_mixin.py:188} INFO - [2026-08-02T19:10:48.795+0000] {dagbag.py:545} INFO - Filling up the DagBag from /home/airflow/.local/lib/python3.12/site-packages/airflow/example_dags/tutorial.py
[2026-08-02T19:10:48.801+0000] {processor.py:840} INFO - DAG(s) 'tutorial' retrieved from /home/airflow/.local/lib/python3.12/site-packages/airflow/example_dags/tutorial.py
[2026-08-02T19:10:48.825+0000] {logging_mixin.py:188} INFO - [2026-08-02T19:10:48.825+0000] {dag.py:3089} INFO - Sync 1 DAGs
[2026-08-02T19:10:48.850+0000] {logging_mixin.py:188} INFO - [2026-08-02T19:10:48.849+0000] {dag.py:3947} INFO - Setting next_dagrun for tutorial to 2026-08-01 00:00:00+00:00, run_after=2026-08-02 00:00:00+00:00
[2026-08-02T19:10:48.870+0000] {processor.py:183} INFO - Processing /home/airflow/.local/lib/python3.12/site-packages/airflow/example_dags/tutorial.py took 0.087 seconds
[2026-08-02T19:11:19.741+0000] {processor.py:161} INFO - Started process (PID=281) to work on /home/airflow/.local/lib/python3.12/site-packages/airflow/example_dags/tutorial.py
[2026-08-02T19:11:19.744+0000] {processor.py:830} INFO - Processing file /home/airflow/.local/lib/python3.12/site-packages/airflow/example_dags/tutorial.py for tasks to queue
[2026-08-02T19:11:19.747+0000] {logging_mixin.py:188} INFO - [2026-08-02T19:11:19.746+0000] {dagbag.py:545} INFO - Filling up the DagBag from /home/airflow/.local/lib/python3.12/site-packages/airflow/example_dags/tutorial.py
[2026-08-02T19:11:19.756+0000] {processor.py:840} INFO - DAG(s) 'tutorial' retrieved from /home/airflow/.local/lib/python3.12/site-packages/airflow/example_dags/tutorial.py
[2026-08-02T19:11:19.780+0000] {logging_mixin.py:188} INFO - [2026-08-02T19:11:19.779+0000] {dag.py:3089} INFO - Sync 1 DAGs
[2026-08-02T19:11:19.810+0000] {logging_mixin.py:188} INFO - [2026-08-02T19:11:19.810+0000] {dag.py:3947} INFO - Setting next_dagrun for tutorial to 2026-08-01 00:00:00+00:00, run_after=2026-08-02 00:00:00+00:00
[2026-08-02T19:11:19.832+0000] {processor.py:183} INFO - Processing /home/airflow/.local/lib/python3.12/site-packages/airflow/example_dags/tutorial.py took 0.097 seconds
[2026-08-02T19:11:50.468+0000] {processor.py:161} INFO - Started process (PID=340) to work on /home/airflow/.local/lib/python3.12/site-packages/airflow/example_dags/tutorial.py
[2026-08-02T19:11:50.470+0000] {processor.py:830} INFO - Processing file /home/airflow/.local/lib/python3.12/site-packages/airflow/example_dags/tutorial.py for tasks to queue
[2026-08-02T19:11:50.473+0000] {logging_mixin.py:188} INFO - [2026-08-02T19:11:50.473+0000] {dagbag.py:545} INFO - Filling up the DagBag from /home/airflow/.local/lib/python3.12/site-packages/airflow/example_dags/tutorial.py
[2026-08-02T19:11:50.480+0000] {processor.py:840} INFO - DAG(s) 'tutorial' retrieved from /home/airflow/.local/lib/python3.12/site-packages/airflow/example_dags/tutorial.py
[2026-08-02T19:11:50.500+0000] {logging_mixin.py:188} INFO - [2026-08-02T19:11:50.499+0000] {dag.py:3089} INFO - Sync 1 DAGs
[2026-08-02T19:11:50.523+0000] {logging_mixin.py:188} INFO - [2026-08-02T19:11:50.523+0000] {dag.py:3947} INFO - Setting next_dagrun for tutorial to 2026-08-01 00:00:00+00:00, run_after=2026-08-02 00:00:00+00:00
[2026-08-02T19:11:50.542+0000] {processor.py:183} INFO - Processing /home/airflow/.local/lib/python3.12/site-packages/airflow/example_dags/tutorial.py took 0.084 seconds
[2026-08-02T19:12:20.994+0000] {processor.py:161} INFO - Started process (PID=399) to work on /home/airflow/.local/lib/python3.12/site-packages/airflow/example_dags/tutorial.py
[2026-08-02T19:12:20.995+0000] {processor.py:830} INFO - Processing file /home/airflow/.local/lib/python3.12/site-packages/airflow/example_dags/tutorial.py for tasks to queue
[2026-08-02T19:12:20.998+0000] {logging_mixin.py:188} INFO - [2026-08-02T19:12:20.998+0000] {dagbag.py:545} INFO - Filling up the DagBag from /home/airflow/.local/lib/python3.12/site-packages/airflow/example_dags/tutorial.py
[2026-08-02T19:12:21.005+0000] {processor.py:840} INFO - DAG(s) 'tutorial' retrieved from /home/airflow/.local/lib/python3.12/site-packages/airflow/example_dags/tutorial.py
[2026-08-02T19:12:21.028+0000] {logging_mixin.py:188} INFO - [2026-08-02T19:12:21.027+0000] {dag.py:3089} INFO - Sync 1 DAGs
[2026-08-02T19:12:21.049+0000] {logging_mixin.py:188} INFO - [2026-08-02T19:12:21.049+0000] {dag.py:3947} INFO - Setting next_dagrun for tutorial to 2026-08-01 00:00:00+00:00, run_after=2026-08-02 00:00:00+00:00
[2026-08-02T19:12:21.074+0000] {processor.py:183} INFO - Processing /home/airflow/.local/lib/python3.12/site-packages/airflow/example_dags/tutorial.py took 0.088 seconds
[2026-08-02T19:12:51.395+0000] {processor.py:161} INFO - Started process (PID=458) to work on /home/airflow/.local/lib/python3.12/site-packages/airflow/example_dags/tutorial.py
[2026-08-02T19:12:51.397+0000] {processor.py:830} INFO - Processing file /home/airflow/.local/lib/python3.12/site-packages/airflow/example_dags/tutorial.py for tasks to queue
[2026-08-02T19:12:51.399+0000] {logging_mixin.py:188} INFO - [2026-08-02T19:12:51.399+0000] {dagbag.py:545} INFO - Filling up the DagBag from /home/airflow/.local/lib/python3.12/site-packages/airflow/example_dags/tutorial.py
[2026-08-02T19:12:51.406+0000] {processor.py:840} INFO - DAG(s) 'tutorial' retrieved from /home/airflow/.local/lib/python3.12/site-packages/airflow/example_dags/tutorial.py
[2026-08-02T19:12:51.427+0000] {logging_mixin.py:188} INFO - [2026-08-02T19:12:51.427+0000] {dag.py:3089} INFO - Sync 1 DAGs
[2026-08-02T19:12:51.448+0000] {logging_mixin.py:188} INFO - [2026-08-02T19:12:51.448+0000] {dag.py:3947} INFO - Setting next_dagrun for tutorial to 2026-08-01 00:00:00+00:00, run_after=2026-08-02 00:00:00+00:00
[2026-08-02T19:12:51.468+0000] {processor.py:183} INFO - Processing /home/airflow/.local/lib/python3.12/site-packages/airflow/example_dags/tutorial.py took 0.079 seconds
[2026-08-02T19:13:21.806+0000] {processor.py:161} INFO - Started process (PID=517) to work on /home/airflow/.local/lib/python3.12/site-packages/airflow/example_dags/tutorial.py
[2026-08-02T19:13:21.808+0000] {processor.py:830} INFO - Processing file /home/airflow/.local/lib/python3.12/site-packages/airflow/example_dags/tutorial.py for tasks to queue
[2026-08-02T19:13:21.810+0000] {logging_mixin.py:188} INFO - [2026-08-02T19:13:21.810+0000] {dagbag.py:545} INFO - Filling up the DagBag from /home/airflow/.local/lib/python3.12/site-packages/airflow/example_dags/tutorial.py
[2026-08-02T19:13:21.816+0000] {processor.py:840} INFO - DAG(s) 'tutorial' retrieved from /home/airflow/.local/lib/python3.12/site-packages/airflow/example_dags/tutorial.py
[2026-08-02T19:13:21.836+0000] {logging_mixin.py:188} INFO - [2026-08-02T19:13:21.836+0000] {dag.py:3089} INFO - Sync 1 DAGs
[2026-08-02T19:13:21.856+0000] {logging_mixin.py:188} INFO - [2026-08-02T19:13:21.856+0000] {dag.py:3947} INFO - Setting next_dagrun for tutorial to 2026-08-01 00:00:00+00:00, run_after=2026-08-02 00:00:00+00:00
[2026-08-02T19:13:21.875+0000] {processor.py:183} INFO - Processing /home/airflow/.local/lib/python3.12/site-packages/airflow/example_dags/tutorial.py took 0.075 seconds
[2026-08-02T19:13:51.992+0000] {processor.py:161} INFO - Started process (PID=576) to work on /home/airflow/.local/lib/python3.12/site-packages/airflow/example_dags/tutorial.py
[2026-08-02T19:13:51.994+0000] {processor.py:830} INFO - Processing file /home/airflow/.local/lib/python3.12/site-packages/airflow/example_dags/tutorial.py for tasks to queue
[2026-08-02T19:13:51.997+0000] {logging_mixin.py:188} INFO - [2026-08-02T19:13:51.997+0000] {dagbag.py:545} INFO - Filling up the DagBag from /home/airflow/.local/lib/python3.12/site-packages/airflow/example_dags/tutorial.py
[2026-08-02T19:13:52.003+0000] {processor.py:840} INFO - DAG(s) 'tutorial' retrieved from /home/airflow/.local/lib/python3.12/site-packages/airflow/example_dags/tutorial.py
[2026-08-02T19:13:52.022+0000] {logging_mixin.py:188} INFO - [2026-08-02T19:13:52.022+0000] {dag.py:3089} INFO - Sync 1 DAGs
[2026-08-02T19:13:52.042+0000] {logging_mixin.py:188} INFO - [2026-08-02T19:13:52.042+0000] {dag.py:3947} INFO - Setting next_dagrun for tutorial to 2026-08-01 00:00:00+00:00, run_after=2026-08-02 00:00:00+00:00
[2026-08-02T19:13:52.061+0000] {processor.py:183} INFO - Processing /home/airflow/.local/lib/python3.12/site-packages/airflow/example_dags/tutorial.py took 0.078 seconds
[2026-08-02T19:14:22.443+0000] {processor.py:161} INFO - Started process (PID=635) to work on /home/airflow/.local/lib/python3.12/site-packages/airflow/example_dags/tutorial.py
[2026-08-02T19:14:22.445+0000] {processor.py:830} INFO - Processing file /home/airflow/.local/lib/python3.12/site-packages/airflow/example_dags/tutorial.py for tasks to queue
[2026-08-02T19:14:22.448+0000] {logging_mixin.py:188} INFO - [2026-08-02T19:14:22.447+0000] {dagbag.py:545} INFO - Filling up the DagBag from /home/airflow/.local/lib/python3.12/site-packages/airflow/example_dags/tutorial.py
[2026-08-02T19:14:22.455+0000] {processor.py:840} INFO - DAG(s) 'tutorial' retrieved from /home/airflow/.local/lib/python3.12/site-packages/airflow/example_dags/tutorial.py
[2026-08-02T19:14:22.476+0000] {logging_mixin.py:188} INFO - [2026-08-02T19:14:22.476+0000] {dag.py:3089} INFO - Sync 1 DAGs
[2026-08-02T19:14:22.498+0000] {logging_mixin.py:188} INFO - [2026-08-02T19:14:22.498+0000] {dag.py:3947} INFO - Setting next_dagrun for tutorial to 2026-08-01 00:00:00+00:00, run_after=2026-08-02 00:00:00+00:00
[2026-08-02T19:14:22.518+0000] {processor.py:183} INFO - Processing /home/airflow/.local/lib/python3.12/site-packages/airflow/example_dags/tutorial.py took 0.087 seconds
[2026-08-02T19:14:53.008+0000] {processor.py:161} INFO - Started process (PID=694) to work on /home/airflow/.local/lib/python3.12/site-packages/airflow/example_dags/tutorial.py
[2026-08-02T19:14:53.010+0000] {processor.py:830} INFO - Processing file /home/airflow/.local/lib/python3.12/site-packages/airflow/example_dags/tutorial.py for tasks to queue
[2026-08-02T19:14:53.012+0000] {logging_mixin.py:188} INFO - [2026-08-02T19:14:53.012+0000] {dagbag.py:545} INFO - Filling up the DagBag from /home/airflow/.local/lib/python3.12/site-packages/airflow/example_dags/tutorial.py
[2026-08-02T19:14:53.025+0000] {processor.py:840} INFO - DAG(s) 'tutorial' retrieved from /home/airflow/.local/lib/python3.12/site-packages/airflow/example_dags/tutorial.py
[2026-08-02T19:14:53.043+0000] {logging_mixin.py:188} INFO - [2026-08-02T19:14:53.043+0000] {dag.py:3089} INFO - Sync 1 DAGs
[2026-08-02T19:14:53.065+0000] {logging_mixin.py:188} INFO - [2026-08-02T19:14:53.065+0000] {dag.py:3947} INFO - Setting next_dagrun for tutorial to 2026-08-01 00:00:00+00:00, run_after=2026-08-02 00:00:00+00:00
[2026-08-02T19:14:53.086+0000] {processor.py:183} INFO - Processing /home/airflow/.local/lib/python3.12/site-packages/airflow/example_dags/tutorial.py took 0.086 seconds
[2026-08-02T19:15:23.489+0000] {processor.py:161} INFO - Started process (PID=753) to work on /home/airflow/.local/lib/python3.12/site-packages/airflow/example_dags/tutorial.py
[2026-08-02T19:15:23.491+0000] {processor.py:830} INFO - Processing file /home/airflow/.local/lib/python3.12/site-packages/airflow/example_dags/tutorial.py for tasks to queue
[2026-08-02T19:15:23.493+0000] {logging_mixin.py:188} INFO - [2026-08-02T19:15:23.493+0000] {dagbag.py:545} INFO - Filling up the DagBag from /home/airflow/.local/lib/python3.12/site-packages/airflow/example_dags/tutorial.py
[2026-08-02T19:15:23.499+0000] {processor.py:840} INFO - DAG(s) 'tutorial' retrieved from /home/airflow/.local/lib/python3.12/site-packages/airflow/example_dags/tutorial.py
[2026-08-02T19:15:23.518+0000] {logging_mixin.py:188} INFO - [2026-08-02T19:15:23.518+0000] {dag.py:3089} INFO - Sync 1 DAGs
[2026-08-02T19:15:23.538+0000] {logging_mixin.py:188} INFO - [2026-08-02T19:15:23.538+0000] {dag.py:3947} INFO - Setting next_dagrun for tutorial to 2026-08-01 00:00:00+00:00, run_after=2026-08-02 00:00:00+00:00
[2026-08-02T19:15:23.555+0000] {processor.py:183} INFO - Processing /home/airflow/.local/lib/python3.12/site-packages/airflow/example_dags/tutorial.py took 0.072 seconds
[2026-08-02T19:15:54.142+0000] {processor.py:161} INFO - Started process (PID=812) to work on /home/airflow/.local/lib/python3.12/site-packages/airflow/example_dags/tutorial.py
[2026-08-02T19:15:54.144+0000] {processor.py:830} INFO - Processing file /home/airflow/.local/lib/python3.12/site-packages/airflow/example_dags/tutorial.py for tasks to queue
[2026-08-02T19:15:54.147+0000] {logging_mixin.py:188} INFO - [2026-08-02T19:15:54.146+0000] {dagbag.py:545} INFO - Filling up the DagBag from /home/airflow/.local/lib/python3.12/site-packages/airflow/example_dags/tutorial.py
[2026-08-02T19:15:54.155+0000] {processor.py:840} INFO - DAG(s) 'tutorial' retrieved from /home/airflow/.local/lib/python3.12/site-packages/airflow/example_dags/tutorial.py
[2026-08-02T19:15:54.178+0000] {logging_mixin.py:188} INFO - [2026-08-02T19:15:54.177+0000] {dag.py:3089} INFO - Sync 1 DAGs
[2026-08-02T19:15:54.199+0000] {logging_mixin.py:188} INFO - [2026-08-02T19:15:54.199+0000] {dag.py:3947} INFO - Setting next_dagrun for tutorial to 2026-08-01 00:00:00+00:00, run_after=2026-08-02 00:00:00+00:00
[2026-08-02T19:15:54.218+0000] {processor.py:183} INFO - Processing /home/airflow/.local/lib/python3.12/site-packages/airflow/example_dags/tutorial.py took 0.084 seconds
[2026-08-02T19:16:24.630+0000] {processor.py:161} INFO - Started process (PID=871) to work on /home/airflow/.local/lib/python3.12/site-packages/airflow/example_dags/tutorial.py
[2026-08-02T19:16:24.632+0000] {processor.py:830} INFO - Processing file /home/airflow/.local/lib/python3.12/site-packages/airflow/example_dags/tutorial.py for tasks to queue
[2026-08-02T19:16:24.636+0000] {logging_mixin.py:188} INFO - [2026-08-02T19:16:24.635+0000] {dagbag.py:545} INFO - Filling up the DagBag from /home/airflow/.local/lib/python3.12/site-packages/airflow/example_dags/tutorial.py
[2026-08-02T19:16:24.643+0000] {processor.py:840} INFO - DAG(s) 'tutorial' retrieved from /home/airflow/.local/lib/python3.12/site-packages/airflow/example_dags/tutorial.py
[2026-08-02T19:16:24.664+0000] {logging_mixin.py:188} INFO - [2026-08-02T19:16:24.664+0000] {dag.py:3089} INFO - Sync 1 DAGs
[2026-08-02T19:16:24.684+0000] {logging_mixin.py:188} INFO - [2026-08-02T19:16:24.684+0000] {dag.py:3947} INFO - Setting next_dagrun for tutorial to 2026-08-01 00:00:00+00:00, run_after=2026-08-02 00:00:00+00:00
[2026-08-02T19:16:24.703+0000] {processor.py:183} INFO - Processing /home/airflow/.local/lib/python3.12/site-packages/airflow/example_dags/tutorial.py took 0.080 seconds
[2026-08-02T19:16:55.395+0000] {processor.py:161} INFO - Started process (PID=930) to work on /home/airflow/.local/lib/python3.12/site-packages/airflow/example_dags/tutorial.py
[2026-08-02T19:16:55.397+0000] {processor.py:830} INFO - Processing file /home/airflow/.local/lib/python3.12/site-packages/airflow/example_dags/tutorial.py for tasks to queue
[2026-08-02T19:16:55.400+0000] {logging_mixin.py:188} INFO - [2026-08-02T19:16:55.399+0000] {dagbag.py:545} INFO - Filling up the DagBag from /home/airflow/.local/lib/python3.12/site-packages/airflow/example_dags/tutorial.py
[2026-08-02T19:16:55.409+0000] {processor.py:840} INFO - DAG(s) 'tutorial' retrieved from /home/airflow/.local/lib/python3.12/site-packages/airflow/example_dags/tutorial.py
[2026-08-02T19:16:55.445+0000] {logging_mixin.py:188} INFO - [2026-08-02T19:16:55.444+0000] {dag.py:3089} INFO - Sync 1 DAGs
[2026-08-02T19:16:55.476+0000] {logging_mixin.py:188} INFO - [2026-08-02T19:16:55.476+0000] {dag.py:3947} INFO - Setting next_dagrun for tutorial to 2026-08-01 00:00:00+00:00, run_after=2026-08-02 00:00:00+00:00
[2026-08-02T19:16:55.501+0000] {processor.py:183} INFO - Processing /home/airflow/.local/lib/python3.12/site-packages/airflow/example_dags/tutorial.py took 0.114 seconds
[2026-08-02T19:17:26.071+0000] {processor.py:161} INFO - Started process (PID=989) to work on /home/airflow/.local/lib/python3.12/site-packages/airflow/example_dags/tutorial.py
[2026-08-02T19:17:26.073+0000] {processor.py:830} INFO - Processing file /home/airflow/.local/lib/python3.12/site-packages/airflow/example_dags/tutorial.py for tasks to queue
[2026-08-02T19:17:26.077+0000] {logging_mixin.py:188} INFO - [2026-08-02T19:17:26.076+0000] {dagbag.py:545} INFO - Filling up the DagBag from /home/airflow/.local/lib/python3.12/site-packages/airflow/example_dags/tutorial.py
[2026-08-02T19:17:26.084+0000] {processor.py:840} INFO - DAG(s) 'tutorial' retrieved from /home/airflow/.local/lib/python3.12/site-packages/airflow/example_dags/tutorial.py
[2026-08-02T19:17:26.107+0000] {logging_mixin.py:188} INFO - [2026-08-02T19:17:26.106+0000] {dag.py:3089} INFO - Sync 1 DAGs
[2026-08-02T19:17:26.127+0000] {logging_mixin.py:188} INFO - [2026-08-02T19:17:26.127+0000] {dag.py:3947} INFO - Setting next_dagrun for tutorial to 2026-08-01 00:00:00+00:00, run_after=2026-08-02 00:00:00+00:00
[2026-08-02T19:17:26.147+0000] {processor.py:183} INFO - Processing /home/airflow/.local/lib/python3.12/site-packages/airflow/example_dags/tutorial.py took 0.086 seconds
[2026-08-02T19:17:56.236+0000] {processor.py:161} INFO - Started process (PID=1048) to work on /home/airflow/.local/lib/python3.12/site-packages/airflow/example_dags/tutorial.py
[2026-08-02T19:17:56.238+0000] {processor.py:830} INFO - Processing file /home/airflow/.local/lib/python3.12/site-packages/airflow/example_dags/tutorial.py for tasks to queue
[2026-08-02T19:17:56.241+0000] {logging_mixin.py:188} INFO - [2026-08-02T19:17:56.240+0000] {dagbag.py:545} INFO - Filling up the DagBag from /home/airflow/.local/lib/python3.12/site-packages/airflow/example_dags/tutorial.py
[2026-08-02T19:17:56.249+0000] {processor.py:840} INFO - DAG(s) 'tutorial' retrieved from /home/airflow/.local/lib/python3.12/site-packages/airflow/example_dags/tutorial.py
[2026-08-02T19:17:56.275+0000] {logging_mixin.py:188} INFO - [2026-08-02T19:17:56.274+0000] {dag.py:3089} INFO - Sync 1 DAGs
[2026-08-02T19:17:56.301+0000] {logging_mixin.py:188} INFO - [2026-08-02T19:17:56.300+0000] {dag.py:3947} INFO - Setting next_dagrun for tutorial to 2026-08-01 00:00:00+00:00, run_after=2026-08-02 00:00:00+00:00
[2026-08-02T19:17:56.320+0000] {processor.py:183} INFO - Processing /home/airflow/.local/lib/python3.12/site-packages/airflow/example_dags/tutorial.py took 0.093 seconds
[2026-08-02T19:18:26.618+0000] {processor.py:161} INFO - Started process (PID=1107) to work on /home/airflow/.local/lib/python3.12/site-packages/airflow/example_dags/tutorial.py
[2026-08-02T19:18:26.620+0000] {processor.py:830} INFO - Processing file /home/airflow/.local/lib/python3.12/site-packages/airflow/example_dags/tutorial.py for tasks to queue
[2026-08-02T19:18:26.622+0000] {logging_mixin.py:188} INFO - [2026-08-02T19:18:26.622+0000] {dagbag.py:545} INFO - Filling up the DagBag from /home/airflow/.local/lib/python3.12/site-packages/airflow/example_dags/tutorial.py
[2026-08-02T19:18:26.631+0000] {processor.py:840} INFO - DAG(s) 'tutorial' retrieved from /home/airflow/.local/lib/python3.12/site-packages/airflow/example_dags/tutorial.py
[2026-08-02T19:18:26.651+0000] {logging_mixin.py:188} INFO - [2026-08-02T19:18:26.651+0000] {dag.py:3089} INFO - Sync 1 DAGs
[2026-08-02T19:18:26.672+0000] {logging_mixin.py:188} INFO - [2026-08-02T19:18:26.672+0000] {dag.py:3947} INFO - Setting next_dagrun for tutorial to 2026-08-01 00:00:00+00:00, run_after=2026-08-02 00:00:00+00:00
[2026-08-02T19:18:26.692+0000] {processor.py:183} INFO - Processing /home/airflow/.local/lib/python3.12/site-packages/airflow/example_dags/tutorial.py took 0.080 seconds
[2026-08-02T19:18:57.268+0000] {processor.py:161} INFO - Started process (PID=1166) to work on /home/airflow/.local/lib/python3.12/site-packages/airflow/example_dags/tutorial.py
[2026-08-02T19:18:57.270+0000] {processor.py:830} INFO - Processing file /home/airflow/.local/lib/python3.12/site-packages/airflow/example_dags/tutorial.py for tasks to queue
[2026-08-02T19:18:57.272+0000] {logging_mixin.py:188} INFO - [2026-08-02T19:18:57.272+0000] {dagbag.py:545} INFO - Filling up the DagBag from /home/airflow/.local/lib/python3.12/site-packages/airflow/example_dags/tutorial.py
[2026-08-02T19:18:57.278+0000] {processor.py:840} INFO - DAG(s) 'tutorial' retrieved from /home/airflow/.local/lib/python3.12/site-packages/airflow/example_dags/tutorial.py
[2026-08-02T19:18:57.297+0000] {logging_mixin.py:188} INFO - [2026-08-02T19:18:57.297+0000] {dag.py:3089} INFO - Sync 1 DAGs
[2026-08-02T19:18:57.318+0000] {logging_mixin.py:188} INFO - [2026-08-02T19:18:57.318+0000] {dag.py:3947} INFO - Setting next_dagrun for tutorial to 2026-08-01 00:00:00+00:00, run_after=2026-08-02 00:00:00+00:00
[2026-08-02T19:18:57.339+0000] {processor.py:183} INFO - Processing /home/airflow/.local/lib/python3.12/site-packages/airflow/example_dags/tutorial.py took 0.077 seconds
[2026-08-02T19:19:27.816+0000] {processor.py:161} INFO - Started process (PID=1225) to work on /home/airflow/.local/lib/python3.12/site-packages/airflow/example_dags/tutorial.py
[2026-08-02T19:19:27.817+0000] {processor.py:830} INFO - Processing file /home/airflow/.local/lib/python3.12/site-packages/airflow/example_dags/tutorial.py for tasks to queue
[2026-08-02T19:19:27.820+0000] {logging_mixin.py:188} INFO - [2026-08-02T19:19:27.820+0000] {dagbag.py:545} INFO - Filling up the DagBag from /home/airflow/.local/lib/python3.12/site-packages/airflow/example_dags/tutorial.py
[2026-08-02T19:19:27.828+0000] {processor.py:840} INFO - DAG(s) 'tutorial' retrieved from /home/airflow/.local/lib/python3.12/site-packages/airflow/example_dags/tutorial.py
[2026-08-02T19:19:27.849+0000] {logging_mixin.py:188} INFO - [2026-08-02T19:19:27.849+0000] {dag.py:3089} INFO - Sync 1 DAGs
[2026-08-02T19:19:27.869+0000] {logging_mixin.py:188} INFO - [2026-08-02T19:19:27.869+0000] {dag.py:3947} INFO - Setting next_dagrun for tutorial to 2026-08-01 00:00:00+00:00, run_after=2026-08-02 00:00:00+00:00
[2026-08-02T19:19:27.889+0000] {processor.py:183} INFO - Processing /home/airflow/.local/lib/python3.12/site-packages/airflow/example_dags/tutorial.py took 0.082 seconds
[2026-08-02T19:19:58.513+0000] {processor.py:161} INFO - Started process (PID=1284) to work on /home/airflow/.local/lib/python3.12/site-packages/airflow/example_dags/tutorial.py
[2026-08-02T19:19:58.514+0000] {processor.py:830} INFO - Processing file /home/airflow/.local/lib/python3.12/site-packages/airflow/example_dags/tutorial.py for tasks to queue
[2026-08-02T19:19:58.517+0000] {logging_mixin.py:188} INFO - [2026-08-02T19:19:58.516+0000] {dagbag.py:545} INFO - Filling up the DagBag from /home/airflow/.local/lib/python3.12/site-packages/airflow/example_dags/tutorial.py
[2026-08-02T19:19:58.525+0000] {processor.py:840} INFO - DAG(s) 'tutorial' retrieved from /home/airflow/.local/lib/python3.12/site-packages/airflow/example_dags/tutorial.py
[2026-08-02T19:19:58.544+0000] {logging_mixin.py:188} INFO - [2026-08-02T19:19:58.544+0000] {dag.py:3089} INFO - Sync 1 DAGs
[2026-08-02T19:19:58.564+0000] {logging_mixin.py:188} INFO - [2026-08-02T19:19:58.564+0000] {dag.py:3947} INFO - Setting next_dagrun for tutorial to 2026-08-01 00:00:00+00:00, run_after=2026-08-02 00:00:00+00:00
[2026-08-02T19:19:58.583+0000] {processor.py:183} INFO - Processing /home/airflow/.local/lib/python3.12/site-packages/airflow/example_dags/tutorial.py took 0.077 seconds
[2026-08-02T19:20:28.676+0000] {processor.py:161} INFO - Started process (PID=1343) to work on /home/airflow/.local/lib/python3.12/site-packages/airflow/example_dags/tutorial.py
[2026-08-02T19:20:28.678+0000] {processor.py:830} INFO - Processing file /home/airflow/.local/lib/python3.12/site-packages/airflow/example_dags/tutorial.py for tasks to queue
[2026-08-02T19:20:28.681+0000] {logging_mixin.py:188} INFO - [2026-08-02T19:20:28.680+0000] {dagbag.py:545} INFO - Filling up the DagBag from /home/airflow/.local/lib/python3.12/site-packages/airflow/example_dags/tutorial.py
[2026-08-02T19:20:28.689+0000] {processor.py:840} INFO - DAG(s) 'tutorial' retrieved from /home/airflow/.local/lib/python3.12/site-packages/airflow/example_dags/tutorial.py
[2026-08-02T19:20:28.711+0000] {logging_mixin.py:188} INFO - [2026-08-02T19:20:28.711+0000] {dag.py:3089} INFO - Sync 1 DAGs
[2026-08-02T19:20:28.736+0000] {logging_mixin.py:188} INFO - [2026-08-02T19:20:28.735+0000] {dag.py:3947} INFO - Setting next_dagrun for tutorial to 2026-08-01 00:00:00+00:00, run_after=2026-08-02 00:00:00+00:00
[2026-08-02T19:20:28.758+0000] {processor.py:183} INFO - Processing /home/airflow/.local/lib/python3.12/site-packages/airflow/example_dags/tutorial.py took 0.090 seconds
