[2026-08-02T19:14:47.283+0000] {local_task_job_runner.py:120} INFO - ::group::Pre task execution logs
[2026-08-02T19:14:47.308+0000] {taskinstance.py:2076} INFO - Dependencies all met for dep_context=non-requeueable deps ti=<TaskInstance: ttc_transit_pipeline.load_data manual__2026-08-02T19:14:44.189575+00:00 [queued]>
[2026-08-02T19:14:47.313+0000] {taskinstance.py:2076} INFO - Dependencies all met for dep_context=requeueable deps ti=<TaskInstance: ttc_transit_pipeline.load_data manual__2026-08-02T19:14:44.189575+00:00 [queued]>
[2026-08-02T19:14:47.315+0000] {taskinstance.py:2306} INFO - Starting attempt 1 of 1
[2026-08-02T19:14:47.325+0000] {taskinstance.py:2330} INFO - Executing <Task(PythonOperator): load_data> on 2026-08-02 19:14:44.189575+00:00
[2026-08-02T19:14:47.330+0000] {warnings.py:112} WARNING - /home/***/.local/lib/python3.12/site-packages/***/task/task_runner/standard_task_runner.py:62: DeprecationWarning: This process (pid=153) is multi-threaded, use of fork() may lead to deadlocks in the child.
  pid = os.fork()

[2026-08-02T19:14:47.332+0000] {standard_task_runner.py:64} INFO - Started process 155 to run task
[2026-08-02T19:14:47.332+0000] {standard_task_runner.py:90} INFO - Running: ['***', 'tasks', 'run', 'ttc_transit_pipeline', 'load_data', 'manual__2026-08-02T19:14:44.189575+00:00', '--job-id', '8', '--raw', '--subdir', 'DAGS_FOLDER/ttc_pipeline.py', '--cfg-path', '/tmp/tmpyhi1jpda']
[2026-08-02T19:14:47.334+0000] {standard_task_runner.py:91} INFO - Job 8: Subtask load_data
[2026-08-02T19:14:47.404+0000] {task_command.py:426} INFO - Running <TaskInstance: ttc_transit_pipeline.load_data manual__2026-08-02T19:14:44.189575+00:00 [running]> on host ea8cc85a7386
[2026-08-02T19:14:47.510+0000] {taskinstance.py:2648} INFO - Exporting env vars: AIRFLOW_CTX_DAG_OWNER='***' AIRFLOW_CTX_DAG_ID='ttc_transit_pipeline' AIRFLOW_CTX_TASK_ID='load_data' AIRFLOW_CTX_EXECUTION_DATE='2026-08-02T19:14:44.189575+00:00' AIRFLOW_CTX_TRY_NUMBER='1' AIRFLOW_CTX_DAG_RUN_ID='manual__2026-08-02T19:14:44.189575+00:00'
[2026-08-02T19:14:47.514+0000] {taskinstance.py:430} INFO - ::endgroup::
[2026-08-02T19:14:53.145+0000] {logging_mixin.py:188} INFO -         Date Route   Time     Day  ... Min Delay Min Gap  Direction  Vehicle
0 2024-01-01    89  02:08  Monday  ...        10      20          N     7107
1 2024-01-01    39  02:30  Monday  ...        20      40        NaN     8914
2 2024-01-01   300  03:13  Monday  ...         0       0        NaN     8562
3 2024-01-01    65  03:23  Monday  ...         0       0          N     8574
4 2024-01-01   113  03:37  Monday  ...         0       0        NaN     8541

[5 rows x 10 columns]
[2026-08-02T19:14:53.167+0000] {logging_mixin.py:188} INFO - <class 'pandas.core.frame.DataFrame'>
RangeIndex: 59643 entries, 0 to 59642
Data columns (total 10 columns):
 #   Column     Non-Null Count  Dtype         
---  ------     --------------  -----         
 0   Date       59643 non-null  datetime64[ns]
 1   Route      59021 non-null  object        
 2   Time       59643 non-null  object        
 3   Day        59643 non-null  object        
 4   Location   59643 non-null  object        
 5   Incident   59643 non-null  object        
 6   Min Delay  59643 non-null  int64         
 7   Min Gap    59643 non-null  int64         
 8   Direction  50112 non-null  object        
 9   Vehicle    59643 non-null  int64         
dtypes: datetime64[ns](1), int64(3), object(6)
memory usage: 4.6+ MB
[2026-08-02T19:14:53.168+0000] {logging_mixin.py:188} INFO - None
[2026-08-02T19:14:53.169+0000] {logging_mixin.py:188} INFO - Total rows: 59643
[2026-08-02T19:14:53.183+0000] {logging_mixin.py:188} INFO -           Date Route   Time        Day  ... Min Delay Min Gap  Direction  Vehicle
27  2024-01-01   NaN  08:08     Monday  ...         0       0        NaN        0
69  2024-01-01   NaN  19:00     Monday  ...         0       0        NaN     8491
213 2024-01-02   NaN  16:54    Tuesday  ...         0       0        NaN     8136
248 2024-01-02   NaN  20:40    Tuesday  ...         0       0        NaN        0
293 2024-01-03   NaN  06:28  Wednesday  ...         0       0        NaN        0
350 2024-01-03   NaN  14:10  Wednesday  ...         0       0        NaN      349
602 2024-01-04   NaN  17:57   Thursday  ...        12      24          N     3253
624 2024-01-04   NaN  21:14   Thursday  ...         0       0        NaN     1371
638 2024-01-04   NaN  00:10   Thursday  ...         0       0        NaN     3400
659 2024-01-05   NaN  05:43     Friday  ...         0       0        NaN        0

[10 rows x 10 columns]
[2026-08-02T19:14:53.188+0000] {logging_mixin.py:188} INFO - Incident
Mechanical                          2227
Operations - Operator               1701
Security                            1224
Diversion                           1058
Emergency Services                   913
General Delay                        883
Collision - TTC                      638
Investigation                        246
Utilized Off Route                   228
Cleaning - Unsanitary                221
Vision                               175
Road Blocked - NON-TTC Collision      17
Name: count, dtype: int64
[2026-08-02T19:14:53.192+0000] {logging_mixin.py:188} INFO - Incident
Collision - TTC                     180
Operations - Operator               114
Security                            102
Utilized Off Route                   89
Emergency Services                   46
Mechanical                           35
Investigation                        18
Diversion                            14
General Delay                        10
Vision                                8
Cleaning - Unsanitary                 4
Road Blocked - NON-TTC Collision      2
Name: count, dtype: int64
[2026-08-02T19:14:53.195+0000] {logging_mixin.py:188} INFO - Vehicle
Has Vehicle       331
No Vehicle (0)    291
Name: count, dtype: int64
[2026-08-02T19:14:53.196+0000] {python.py:237} INFO - Done. Returned value was: None
[2026-08-02T19:14:53.197+0000] {taskinstance.py:441} INFO - ::group::Post task execution logs
[2026-08-02T19:14:53.205+0000] {taskinstance.py:1206} INFO - Marking task as SUCCESS. dag_id=ttc_transit_pipeline, task_id=load_data, run_id=manual__2026-08-02T19:14:44.189575+00:00, execution_date=20260802T191444, start_date=20260802T191447, end_date=20260802T191453
[2026-08-02T19:14:53.248+0000] {local_task_job_runner.py:243} INFO - Task exited with return code 0
[2026-08-02T19:14:53.269+0000] {taskinstance.py:3503} INFO - 1 downstream tasks scheduled from follow-on schedule check
[2026-08-02T19:14:53.272+0000] {local_task_job_runner.py:222} INFO - ::endgroup::
