[2026-08-02T18:55:08.315+0000] {processor.py:161} INFO - Started process (PID=63) to work on /opt/airflow/dags/ttc_pipeline.py
[2026-08-02T18:55:08.319+0000] {processor.py:830} INFO - Processing file /opt/airflow/dags/ttc_pipeline.py for tasks to queue
[2026-08-02T18:55:08.330+0000] {logging_mixin.py:188} INFO - [2026-08-02T18:55:08.329+0000] {dagbag.py:545} INFO - Filling up the DagBag from /opt/airflow/dags/ttc_pipeline.py
[2026-08-02T18:55:08.435+0000] {processor.py:840} INFO - DAG(s) 'ttc_transit_pipeline' retrieved from /opt/airflow/dags/ttc_pipeline.py
[2026-08-02T18:55:09.149+0000] {logging_mixin.py:188} INFO - [2026-08-02T18:55:09.147+0000] {override.py:1858} INFO - Created Permission View: can edit on DAG:ttc_transit_pipeline
[2026-08-02T18:55:09.166+0000] {logging_mixin.py:188} INFO - [2026-08-02T18:55:09.166+0000] {override.py:1858} INFO - Created Permission View: can read on DAG:ttc_transit_pipeline
[2026-08-02T18:55:09.177+0000] {logging_mixin.py:188} INFO - [2026-08-02T18:55:09.177+0000] {override.py:1858} INFO - Created Permission View: can delete on DAG:ttc_transit_pipeline
[2026-08-02T18:55:09.178+0000] {logging_mixin.py:188} INFO - [2026-08-02T18:55:09.178+0000] {dag.py:3089} INFO - Sync 1 DAGs
[2026-08-02T18:55:09.198+0000] {logging_mixin.py:188} INFO - [2026-08-02T18:55:09.197+0000] {dag.py:3111} INFO - Creating ORM DAG for ttc_transit_pipeline
[2026-08-02T18:55:09.220+0000] {logging_mixin.py:188} INFO - [2026-08-02T18:55:09.220+0000] {dag.py:3947} INFO - Setting next_dagrun for ttc_transit_pipeline to 2026-08-01 00:00:00+00:00, run_after=2026-08-02 00:00:00+00:00
[2026-08-02T18:55:09.260+0000] {processor.py:183} INFO - Processing /opt/airflow/dags/ttc_pipeline.py took 0.963 seconds
[2026-08-02T18:55:39.467+0000] {processor.py:161} INFO - Started process (PID=124) to work on /opt/airflow/dags/ttc_pipeline.py
[2026-08-02T18:55:39.469+0000] {processor.py:830} INFO - Processing file /opt/airflow/dags/ttc_pipeline.py for tasks to queue
[2026-08-02T18:55:39.472+0000] {logging_mixin.py:188} INFO - [2026-08-02T18:55:39.472+0000] {dagbag.py:545} INFO - Filling up the DagBag from /opt/airflow/dags/ttc_pipeline.py
[2026-08-02T18:55:39.507+0000] {processor.py:840} INFO - DAG(s) 'ttc_transit_pipeline' retrieved from /opt/airflow/dags/ttc_pipeline.py
[2026-08-02T18:55:39.535+0000] {logging_mixin.py:188} INFO - [2026-08-02T18:55:39.535+0000] {dag.py:3089} INFO - Sync 1 DAGs
[2026-08-02T18:55:39.562+0000] {logging_mixin.py:188} INFO - [2026-08-02T18:55:39.562+0000] {dag.py:3947} INFO - Setting next_dagrun for ttc_transit_pipeline to 2026-08-01 00:00:00+00:00, run_after=2026-08-02 00:00:00+00:00
[2026-08-02T18:55:39.594+0000] {processor.py:183} INFO - Processing /opt/airflow/dags/ttc_pipeline.py took 0.137 seconds
[2026-08-02T18:56:09.653+0000] {processor.py:161} INFO - Started process (PID=183) to work on /opt/airflow/dags/ttc_pipeline.py
[2026-08-02T18:56:09.655+0000] {processor.py:830} INFO - Processing file /opt/airflow/dags/ttc_pipeline.py for tasks to queue
[2026-08-02T18:56:09.657+0000] {logging_mixin.py:188} INFO - [2026-08-02T18:56:09.657+0000] {dagbag.py:545} INFO - Filling up the DagBag from /opt/airflow/dags/ttc_pipeline.py
[2026-08-02T18:56:09.684+0000] {processor.py:840} INFO - DAG(s) 'ttc_transit_pipeline' retrieved from /opt/airflow/dags/ttc_pipeline.py
[2026-08-02T18:56:09.704+0000] {logging_mixin.py:188} INFO - [2026-08-02T18:56:09.704+0000] {dag.py:3089} INFO - Sync 1 DAGs
[2026-08-02T18:56:09.725+0000] {logging_mixin.py:188} INFO - [2026-08-02T18:56:09.725+0000] {dag.py:3947} INFO - Setting next_dagrun for ttc_transit_pipeline to 2026-08-01 00:00:00+00:00, run_after=2026-08-02 00:00:00+00:00
[2026-08-02T18:56:09.747+0000] {processor.py:183} INFO - Processing /opt/airflow/dags/ttc_pipeline.py took 0.100 seconds
[2026-08-02T18:56:39.808+0000] {processor.py:161} INFO - Started process (PID=240) to work on /opt/airflow/dags/ttc_pipeline.py
[2026-08-02T18:56:39.810+0000] {processor.py:830} INFO - Processing file /opt/airflow/dags/ttc_pipeline.py for tasks to queue
[2026-08-02T18:56:39.811+0000] {logging_mixin.py:188} INFO - [2026-08-02T18:56:39.811+0000] {dagbag.py:545} INFO - Filling up the DagBag from /opt/airflow/dags/ttc_pipeline.py
[2026-08-02T18:56:39.835+0000] {processor.py:840} INFO - DAG(s) 'ttc_transit_pipeline' retrieved from /opt/airflow/dags/ttc_pipeline.py
[2026-08-02T18:56:39.854+0000] {logging_mixin.py:188} INFO - [2026-08-02T18:56:39.854+0000] {dag.py:3089} INFO - Sync 1 DAGs
[2026-08-02T18:56:39.873+0000] {logging_mixin.py:188} INFO - [2026-08-02T18:56:39.873+0000] {dag.py:3947} INFO - Setting next_dagrun for ttc_transit_pipeline to 2026-08-01 00:00:00+00:00, run_after=2026-08-02 00:00:00+00:00
[2026-08-02T18:56:39.897+0000] {processor.py:183} INFO - Processing /opt/airflow/dags/ttc_pipeline.py took 0.094 seconds
[2026-08-02T18:57:10.374+0000] {processor.py:161} INFO - Started process (PID=299) to work on /opt/airflow/dags/ttc_pipeline.py
[2026-08-02T18:57:10.376+0000] {processor.py:830} INFO - Processing file /opt/airflow/dags/ttc_pipeline.py for tasks to queue
[2026-08-02T18:57:10.379+0000] {logging_mixin.py:188} INFO - [2026-08-02T18:57:10.379+0000] {dagbag.py:545} INFO - Filling up the DagBag from /opt/airflow/dags/ttc_pipeline.py
[2026-08-02T18:57:10.408+0000] {processor.py:840} INFO - DAG(s) 'ttc_transit_pipeline' retrieved from /opt/airflow/dags/ttc_pipeline.py
[2026-08-02T18:57:10.431+0000] {logging_mixin.py:188} INFO - [2026-08-02T18:57:10.431+0000] {dag.py:3089} INFO - Sync 1 DAGs
[2026-08-02T18:57:10.453+0000] {logging_mixin.py:188} INFO - [2026-08-02T18:57:10.453+0000] {dag.py:3947} INFO - Setting next_dagrun for ttc_transit_pipeline to 2026-08-01 00:00:00+00:00, run_after=2026-08-02 00:00:00+00:00
[2026-08-02T18:57:10.475+0000] {processor.py:183} INFO - Processing /opt/airflow/dags/ttc_pipeline.py took 0.111 seconds
[2026-08-02T18:57:40.736+0000] {processor.py:161} INFO - Started process (PID=358) to work on /opt/airflow/dags/ttc_pipeline.py
[2026-08-02T18:57:40.739+0000] {processor.py:830} INFO - Processing file /opt/airflow/dags/ttc_pipeline.py for tasks to queue
[2026-08-02T18:57:40.742+0000] {logging_mixin.py:188} INFO - [2026-08-02T18:57:40.741+0000] {dagbag.py:545} INFO - Filling up the DagBag from /opt/airflow/dags/ttc_pipeline.py
[2026-08-02T18:57:40.782+0000] {processor.py:840} INFO - DAG(s) 'ttc_transit_pipeline' retrieved from /opt/airflow/dags/ttc_pipeline.py
[2026-08-02T18:57:40.805+0000] {logging_mixin.py:188} INFO - [2026-08-02T18:57:40.805+0000] {dag.py:3089} INFO - Sync 1 DAGs
[2026-08-02T18:57:40.830+0000] {logging_mixin.py:188} INFO - [2026-08-02T18:57:40.830+0000] {dag.py:3947} INFO - Setting next_dagrun for ttc_transit_pipeline to 2026-08-01 00:00:00+00:00, run_after=2026-08-02 00:00:00+00:00
[2026-08-02T18:57:40.855+0000] {processor.py:183} INFO - Processing /opt/airflow/dags/ttc_pipeline.py took 0.129 seconds
[2026-08-02T19:00:07.440+0000] {processor.py:161} INFO - Started process (PID=50) to work on /opt/airflow/dags/ttc_pipeline.py
[2026-08-02T19:00:07.443+0000] {processor.py:830} INFO - Processing file /opt/airflow/dags/ttc_pipeline.py for tasks to queue
[2026-08-02T19:00:07.451+0000] {logging_mixin.py:188} INFO - [2026-08-02T19:00:07.450+0000] {dagbag.py:545} INFO - Filling up the DagBag from /opt/airflow/dags/ttc_pipeline.py
[2026-08-02T19:00:07.511+0000] {processor.py:840} INFO - DAG(s) 'ttc_transit_pipeline' retrieved from /opt/airflow/dags/ttc_pipeline.py
[2026-08-02T19:00:07.820+0000] {logging_mixin.py:188} INFO - [2026-08-02T19:00:07.819+0000] {dag.py:3089} INFO - Sync 1 DAGs
[2026-08-02T19:00:07.872+0000] {logging_mixin.py:188} INFO - [2026-08-02T19:00:07.871+0000] {dag.py:3947} INFO - Setting next_dagrun for ttc_transit_pipeline to 2026-08-01 00:00:00+00:00, run_after=2026-08-02 00:00:00+00:00
[2026-08-02T19:00:07.927+0000] {processor.py:183} INFO - Processing /opt/airflow/dags/ttc_pipeline.py took 0.498 seconds
[2026-08-02T19:00:38.309+0000] {processor.py:161} INFO - Started process (PID=109) to work on /opt/airflow/dags/ttc_pipeline.py
[2026-08-02T19:00:38.311+0000] {processor.py:830} INFO - Processing file /opt/airflow/dags/ttc_pipeline.py for tasks to queue
[2026-08-02T19:00:38.316+0000] {logging_mixin.py:188} INFO - [2026-08-02T19:00:38.315+0000] {dagbag.py:545} INFO - Filling up the DagBag from /opt/airflow/dags/ttc_pipeline.py
[2026-08-02T19:00:38.355+0000] {processor.py:840} INFO - DAG(s) 'ttc_transit_pipeline' retrieved from /opt/airflow/dags/ttc_pipeline.py
[2026-08-02T19:00:38.379+0000] {logging_mixin.py:188} INFO - [2026-08-02T19:00:38.378+0000] {dag.py:3089} INFO - Sync 1 DAGs
[2026-08-02T19:00:38.416+0000] {logging_mixin.py:188} INFO - [2026-08-02T19:00:38.415+0000] {dag.py:3947} INFO - Setting next_dagrun for ttc_transit_pipeline to 2026-08-01 00:00:00+00:00, run_after=2026-08-02 00:00:00+00:00
[2026-08-02T19:00:38.447+0000] {processor.py:183} INFO - Processing /opt/airflow/dags/ttc_pipeline.py took 0.145 seconds
[2026-08-02T19:01:08.919+0000] {processor.py:161} INFO - Started process (PID=174) to work on /opt/airflow/dags/ttc_pipeline.py
[2026-08-02T19:01:08.922+0000] {processor.py:830} INFO - Processing file /opt/airflow/dags/ttc_pipeline.py for tasks to queue
[2026-08-02T19:01:08.927+0000] {logging_mixin.py:188} INFO - [2026-08-02T19:01:08.926+0000] {dagbag.py:545} INFO - Filling up the DagBag from /opt/airflow/dags/ttc_pipeline.py
[2026-08-02T19:01:08.963+0000] {processor.py:840} INFO - DAG(s) 'ttc_transit_pipeline' retrieved from /opt/airflow/dags/ttc_pipeline.py
[2026-08-02T19:01:08.984+0000] {logging_mixin.py:188} INFO - [2026-08-02T19:01:08.984+0000] {dag.py:3089} INFO - Sync 1 DAGs
[2026-08-02T19:01:09.008+0000] {logging_mixin.py:188} INFO - [2026-08-02T19:01:09.007+0000] {dag.py:3947} INFO - Setting next_dagrun for ttc_transit_pipeline to 2026-08-01 00:00:00+00:00, run_after=2026-08-02 00:00:00+00:00
[2026-08-02T19:01:09.031+0000] {processor.py:183} INFO - Processing /opt/airflow/dags/ttc_pipeline.py took 0.122 seconds
[2026-08-02T19:01:39.241+0000] {processor.py:161} INFO - Started process (PID=234) to work on /opt/airflow/dags/ttc_pipeline.py
[2026-08-02T19:01:39.243+0000] {processor.py:830} INFO - Processing file /opt/airflow/dags/ttc_pipeline.py for tasks to queue
[2026-08-02T19:01:39.247+0000] {logging_mixin.py:188} INFO - [2026-08-02T19:01:39.246+0000] {dagbag.py:545} INFO - Filling up the DagBag from /opt/airflow/dags/ttc_pipeline.py
[2026-08-02T19:01:39.273+0000] {processor.py:840} INFO - DAG(s) 'ttc_transit_pipeline' retrieved from /opt/airflow/dags/ttc_pipeline.py
[2026-08-02T19:01:39.298+0000] {logging_mixin.py:188} INFO - [2026-08-02T19:01:39.298+0000] {dag.py:3089} INFO - Sync 1 DAGs
[2026-08-02T19:01:39.322+0000] {logging_mixin.py:188} INFO - [2026-08-02T19:01:39.322+0000] {dag.py:3947} INFO - Setting next_dagrun for ttc_transit_pipeline to 2026-08-01 00:00:00+00:00, run_after=2026-08-02 00:00:00+00:00
[2026-08-02T19:01:39.346+0000] {processor.py:183} INFO - Processing /opt/airflow/dags/ttc_pipeline.py took 0.112 seconds
[2026-08-02T19:02:09.489+0000] {processor.py:161} INFO - Started process (PID=293) to work on /opt/airflow/dags/ttc_pipeline.py
[2026-08-02T19:02:09.491+0000] {processor.py:830} INFO - Processing file /opt/airflow/dags/ttc_pipeline.py for tasks to queue
[2026-08-02T19:02:09.494+0000] {logging_mixin.py:188} INFO - [2026-08-02T19:02:09.494+0000] {dagbag.py:545} INFO - Filling up the DagBag from /opt/airflow/dags/ttc_pipeline.py
[2026-08-02T19:02:09.526+0000] {processor.py:840} INFO - DAG(s) 'ttc_transit_pipeline' retrieved from /opt/airflow/dags/ttc_pipeline.py
[2026-08-02T19:02:09.547+0000] {logging_mixin.py:188} INFO - [2026-08-02T19:02:09.546+0000] {dag.py:3089} INFO - Sync 1 DAGs
[2026-08-02T19:02:09.570+0000] {logging_mixin.py:188} INFO - [2026-08-02T19:02:09.570+0000] {dag.py:3947} INFO - Setting next_dagrun for ttc_transit_pipeline to 2026-08-01 00:00:00+00:00, run_after=2026-08-02 00:00:00+00:00
[2026-08-02T19:02:09.591+0000] {processor.py:183} INFO - Processing /opt/airflow/dags/ttc_pipeline.py took 0.111 seconds
[2026-08-02T19:02:39.793+0000] {processor.py:161} INFO - Started process (PID=352) to work on /opt/airflow/dags/ttc_pipeline.py
[2026-08-02T19:02:39.794+0000] {processor.py:830} INFO - Processing file /opt/airflow/dags/ttc_pipeline.py for tasks to queue
[2026-08-02T19:02:39.797+0000] {logging_mixin.py:188} INFO - [2026-08-02T19:02:39.797+0000] {dagbag.py:545} INFO - Filling up the DagBag from /opt/airflow/dags/ttc_pipeline.py
[2026-08-02T19:02:39.830+0000] {processor.py:840} INFO - DAG(s) 'ttc_transit_pipeline' retrieved from /opt/airflow/dags/ttc_pipeline.py
[2026-08-02T19:02:39.852+0000] {logging_mixin.py:188} INFO - [2026-08-02T19:02:39.852+0000] {dag.py:3089} INFO - Sync 1 DAGs
[2026-08-02T19:02:39.877+0000] {logging_mixin.py:188} INFO - [2026-08-02T19:02:39.877+0000] {dag.py:3947} INFO - Setting next_dagrun for ttc_transit_pipeline to 2026-08-02 00:00:00+00:00, run_after=2026-08-03 00:00:00+00:00
[2026-08-02T19:02:39.898+0000] {processor.py:183} INFO - Processing /opt/airflow/dags/ttc_pipeline.py took 0.115 seconds
[2026-08-02T19:03:10.060+0000] {processor.py:161} INFO - Started process (PID=411) to work on /opt/airflow/dags/ttc_pipeline.py
[2026-08-02T19:03:10.062+0000] {processor.py:830} INFO - Processing file /opt/airflow/dags/ttc_pipeline.py for tasks to queue
[2026-08-02T19:03:10.064+0000] {logging_mixin.py:188} INFO - [2026-08-02T19:03:10.064+0000] {dagbag.py:545} INFO - Filling up the DagBag from /opt/airflow/dags/ttc_pipeline.py
[2026-08-02T19:03:10.095+0000] {processor.py:840} INFO - DAG(s) 'ttc_transit_pipeline' retrieved from /opt/airflow/dags/ttc_pipeline.py
[2026-08-02T19:03:10.121+0000] {logging_mixin.py:188} INFO - [2026-08-02T19:03:10.120+0000] {dag.py:3089} INFO - Sync 1 DAGs
[2026-08-02T19:03:10.148+0000] {logging_mixin.py:188} INFO - [2026-08-02T19:03:10.148+0000] {dag.py:3947} INFO - Setting next_dagrun for ttc_transit_pipeline to 2026-08-02 00:00:00+00:00, run_after=2026-08-03 00:00:00+00:00
[2026-08-02T19:03:10.169+0000] {processor.py:183} INFO - Processing /opt/airflow/dags/ttc_pipeline.py took 0.118 seconds
[2026-08-02T19:03:40.711+0000] {processor.py:161} INFO - Started process (PID=470) to work on /opt/airflow/dags/ttc_pipeline.py
[2026-08-02T19:03:40.713+0000] {processor.py:830} INFO - Processing file /opt/airflow/dags/ttc_pipeline.py for tasks to queue
[2026-08-02T19:03:40.717+0000] {logging_mixin.py:188} INFO - [2026-08-02T19:03:40.716+0000] {dagbag.py:545} INFO - Filling up the DagBag from /opt/airflow/dags/ttc_pipeline.py
[2026-08-02T19:03:40.761+0000] {processor.py:840} INFO - DAG(s) 'ttc_transit_pipeline' retrieved from /opt/airflow/dags/ttc_pipeline.py
[2026-08-02T19:03:40.785+0000] {logging_mixin.py:188} INFO - [2026-08-02T19:03:40.785+0000] {dag.py:3089} INFO - Sync 1 DAGs
[2026-08-02T19:03:40.808+0000] {logging_mixin.py:188} INFO - [2026-08-02T19:03:40.808+0000] {dag.py:3947} INFO - Setting next_dagrun for ttc_transit_pipeline to 2026-08-02 00:00:00+00:00, run_after=2026-08-03 00:00:00+00:00
[2026-08-02T19:03:40.829+0000] {processor.py:183} INFO - Processing /opt/airflow/dags/ttc_pipeline.py took 0.130 seconds
[2026-08-02T19:04:11.261+0000] {processor.py:161} INFO - Started process (PID=529) to work on /opt/airflow/dags/ttc_pipeline.py
[2026-08-02T19:04:11.262+0000] {processor.py:830} INFO - Processing file /opt/airflow/dags/ttc_pipeline.py for tasks to queue
[2026-08-02T19:04:11.265+0000] {logging_mixin.py:188} INFO - [2026-08-02T19:04:11.265+0000] {dagbag.py:545} INFO - Filling up the DagBag from /opt/airflow/dags/ttc_pipeline.py
[2026-08-02T19:04:11.295+0000] {processor.py:840} INFO - DAG(s) 'ttc_transit_pipeline' retrieved from /opt/airflow/dags/ttc_pipeline.py
[2026-08-02T19:04:11.319+0000] {logging_mixin.py:188} INFO - [2026-08-02T19:04:11.319+0000] {dag.py:3089} INFO - Sync 1 DAGs
[2026-08-02T19:04:11.343+0000] {logging_mixin.py:188} INFO - [2026-08-02T19:04:11.343+0000] {dag.py:3947} INFO - Setting next_dagrun for ttc_transit_pipeline to 2026-08-02 00:00:00+00:00, run_after=2026-08-03 00:00:00+00:00
[2026-08-02T19:04:11.371+0000] {processor.py:183} INFO - Processing /opt/airflow/dags/ttc_pipeline.py took 0.119 seconds
[2026-08-02T19:04:41.546+0000] {processor.py:161} INFO - Started process (PID=588) to work on /opt/airflow/dags/ttc_pipeline.py
[2026-08-02T19:04:41.548+0000] {processor.py:830} INFO - Processing file /opt/airflow/dags/ttc_pipeline.py for tasks to queue
[2026-08-02T19:04:41.551+0000] {logging_mixin.py:188} INFO - [2026-08-02T19:04:41.550+0000] {dagbag.py:545} INFO - Filling up the DagBag from /opt/airflow/dags/ttc_pipeline.py
[2026-08-02T19:04:41.581+0000] {processor.py:840} INFO - DAG(s) 'ttc_transit_pipeline' retrieved from /opt/airflow/dags/ttc_pipeline.py
[2026-08-02T19:04:41.602+0000] {logging_mixin.py:188} INFO - [2026-08-02T19:04:41.601+0000] {dag.py:3089} INFO - Sync 1 DAGs
[2026-08-02T19:04:41.622+0000] {logging_mixin.py:188} INFO - [2026-08-02T19:04:41.622+0000] {dag.py:3947} INFO - Setting next_dagrun for ttc_transit_pipeline to 2026-08-02 00:00:00+00:00, run_after=2026-08-03 00:00:00+00:00
[2026-08-02T19:04:41.642+0000] {processor.py:183} INFO - Processing /opt/airflow/dags/ttc_pipeline.py took 0.106 seconds
[2026-08-02T19:05:11.708+0000] {processor.py:161} INFO - Started process (PID=647) to work on /opt/airflow/dags/ttc_pipeline.py
[2026-08-02T19:05:11.710+0000] {processor.py:830} INFO - Processing file /opt/airflow/dags/ttc_pipeline.py for tasks to queue
[2026-08-02T19:05:11.713+0000] {logging_mixin.py:188} INFO - [2026-08-02T19:05:11.712+0000] {dagbag.py:545} INFO - Filling up the DagBag from /opt/airflow/dags/ttc_pipeline.py
[2026-08-02T19:05:11.746+0000] {processor.py:840} INFO - DAG(s) 'ttc_transit_pipeline' retrieved from /opt/airflow/dags/ttc_pipeline.py
[2026-08-02T19:05:11.769+0000] {logging_mixin.py:188} INFO - [2026-08-02T19:05:11.769+0000] {dag.py:3089} INFO - Sync 1 DAGs
[2026-08-02T19:05:11.796+0000] {logging_mixin.py:188} INFO - [2026-08-02T19:05:11.796+0000] {dag.py:3947} INFO - Setting next_dagrun for ttc_transit_pipeline to 2026-08-02 00:00:00+00:00, run_after=2026-08-03 00:00:00+00:00
[2026-08-02T19:05:11.820+0000] {processor.py:183} INFO - Processing /opt/airflow/dags/ttc_pipeline.py took 0.119 seconds
[2026-08-02T19:05:42.277+0000] {processor.py:161} INFO - Started process (PID=706) to work on /opt/airflow/dags/ttc_pipeline.py
[2026-08-02T19:05:42.278+0000] {processor.py:830} INFO - Processing file /opt/airflow/dags/ttc_pipeline.py for tasks to queue
[2026-08-02T19:05:42.280+0000] {logging_mixin.py:188} INFO - [2026-08-02T19:05:42.280+0000] {dagbag.py:545} INFO - Filling up the DagBag from /opt/airflow/dags/ttc_pipeline.py
[2026-08-02T19:05:42.307+0000] {processor.py:840} INFO - DAG(s) 'ttc_transit_pipeline' retrieved from /opt/airflow/dags/ttc_pipeline.py
[2026-08-02T19:05:42.326+0000] {logging_mixin.py:188} INFO - [2026-08-02T19:05:42.326+0000] {dag.py:3089} INFO - Sync 1 DAGs
[2026-08-02T19:05:42.345+0000] {logging_mixin.py:188} INFO - [2026-08-02T19:05:42.345+0000] {dag.py:3947} INFO - Setting next_dagrun for ttc_transit_pipeline to 2026-08-02 00:00:00+00:00, run_after=2026-08-03 00:00:00+00:00
[2026-08-02T19:05:42.364+0000] {processor.py:183} INFO - Processing /opt/airflow/dags/ttc_pipeline.py took 0.092 seconds
[2026-08-02T19:06:12.818+0000] {processor.py:161} INFO - Started process (PID=765) to work on /opt/airflow/dags/ttc_pipeline.py
[2026-08-02T19:06:12.819+0000] {processor.py:830} INFO - Processing file /opt/airflow/dags/ttc_pipeline.py for tasks to queue
[2026-08-02T19:06:12.821+0000] {logging_mixin.py:188} INFO - [2026-08-02T19:06:12.821+0000] {dagbag.py:545} INFO - Filling up the DagBag from /opt/airflow/dags/ttc_pipeline.py
[2026-08-02T19:06:12.854+0000] {processor.py:840} INFO - DAG(s) 'ttc_transit_pipeline' retrieved from /opt/airflow/dags/ttc_pipeline.py
[2026-08-02T19:06:12.873+0000] {logging_mixin.py:188} INFO - [2026-08-02T19:06:12.873+0000] {dag.py:3089} INFO - Sync 1 DAGs
[2026-08-02T19:06:12.894+0000] {logging_mixin.py:188} INFO - [2026-08-02T19:06:12.893+0000] {dag.py:3947} INFO - Setting next_dagrun for ttc_transit_pipeline to 2026-08-02 00:00:00+00:00, run_after=2026-08-03 00:00:00+00:00
[2026-08-02T19:06:12.915+0000] {processor.py:183} INFO - Processing /opt/airflow/dags/ttc_pipeline.py took 0.104 seconds
[2026-08-02T19:06:43.426+0000] {processor.py:161} INFO - Started process (PID=824) to work on /opt/airflow/dags/ttc_pipeline.py
[2026-08-02T19:06:43.428+0000] {processor.py:830} INFO - Processing file /opt/airflow/dags/ttc_pipeline.py for tasks to queue
[2026-08-02T19:06:43.430+0000] {logging_mixin.py:188} INFO - [2026-08-02T19:06:43.430+0000] {dagbag.py:545} INFO - Filling up the DagBag from /opt/airflow/dags/ttc_pipeline.py
[2026-08-02T19:06:43.464+0000] {processor.py:840} INFO - DAG(s) 'ttc_transit_pipeline' retrieved from /opt/airflow/dags/ttc_pipeline.py
[2026-08-02T19:06:43.487+0000] {logging_mixin.py:188} INFO - [2026-08-02T19:06:43.487+0000] {dag.py:3089} INFO - Sync 1 DAGs
[2026-08-02T19:06:43.511+0000] {logging_mixin.py:188} INFO - [2026-08-02T19:06:43.510+0000] {dag.py:3947} INFO - Setting next_dagrun for ttc_transit_pipeline to 2026-08-02 00:00:00+00:00, run_after=2026-08-03 00:00:00+00:00
[2026-08-02T19:06:43.532+0000] {processor.py:183} INFO - Processing /opt/airflow/dags/ttc_pipeline.py took 0.113 seconds
[2026-08-02T19:07:13.828+0000] {processor.py:161} INFO - Started process (PID=883) to work on /opt/airflow/dags/ttc_pipeline.py
[2026-08-02T19:07:13.830+0000] {processor.py:830} INFO - Processing file /opt/airflow/dags/ttc_pipeline.py for tasks to queue
[2026-08-02T19:07:13.832+0000] {logging_mixin.py:188} INFO - [2026-08-02T19:07:13.832+0000] {dagbag.py:545} INFO - Filling up the DagBag from /opt/airflow/dags/ttc_pipeline.py
[2026-08-02T19:07:13.860+0000] {processor.py:840} INFO - DAG(s) 'ttc_transit_pipeline' retrieved from /opt/airflow/dags/ttc_pipeline.py
[2026-08-02T19:07:13.890+0000] {logging_mixin.py:188} INFO - [2026-08-02T19:07:13.890+0000] {dag.py:3089} INFO - Sync 1 DAGs
[2026-08-02T19:07:13.931+0000] {logging_mixin.py:188} INFO - [2026-08-02T19:07:13.930+0000] {dag.py:3947} INFO - Setting next_dagrun for ttc_transit_pipeline to 2026-08-02 00:00:00+00:00, run_after=2026-08-03 00:00:00+00:00
[2026-08-02T19:07:13.951+0000] {processor.py:183} INFO - Processing /opt/airflow/dags/ttc_pipeline.py took 0.132 seconds
[2026-08-02T19:07:44.107+0000] {processor.py:161} INFO - Started process (PID=942) to work on /opt/airflow/dags/ttc_pipeline.py
[2026-08-02T19:07:44.109+0000] {processor.py:830} INFO - Processing file /opt/airflow/dags/ttc_pipeline.py for tasks to queue
[2026-08-02T19:07:44.112+0000] {logging_mixin.py:188} INFO - [2026-08-02T19:07:44.111+0000] {dagbag.py:545} INFO - Filling up the DagBag from /opt/airflow/dags/ttc_pipeline.py
[2026-08-02T19:07:44.141+0000] {processor.py:840} INFO - DAG(s) 'ttc_transit_pipeline' retrieved from /opt/airflow/dags/ttc_pipeline.py
[2026-08-02T19:07:44.163+0000] {logging_mixin.py:188} INFO - [2026-08-02T19:07:44.163+0000] {dag.py:3089} INFO - Sync 1 DAGs
[2026-08-02T19:07:44.186+0000] {logging_mixin.py:188} INFO - [2026-08-02T19:07:44.186+0000] {dag.py:3947} INFO - Setting next_dagrun for ttc_transit_pipeline to 2026-08-02 00:00:00+00:00, run_after=2026-08-03 00:00:00+00:00
[2026-08-02T19:07:44.207+0000] {processor.py:183} INFO - Processing /opt/airflow/dags/ttc_pipeline.py took 0.109 seconds
[2026-08-02T19:08:14.668+0000] {processor.py:161} INFO - Started process (PID=1001) to work on /opt/airflow/dags/ttc_pipeline.py
[2026-08-02T19:08:14.669+0000] {processor.py:830} INFO - Processing file /opt/airflow/dags/ttc_pipeline.py for tasks to queue
[2026-08-02T19:08:14.672+0000] {logging_mixin.py:188} INFO - [2026-08-02T19:08:14.671+0000] {dagbag.py:545} INFO - Filling up the DagBag from /opt/airflow/dags/ttc_pipeline.py
[2026-08-02T19:08:14.702+0000] {processor.py:840} INFO - DAG(s) 'ttc_transit_pipeline' retrieved from /opt/airflow/dags/ttc_pipeline.py
[2026-08-02T19:08:14.731+0000] {logging_mixin.py:188} INFO - [2026-08-02T19:08:14.731+0000] {dag.py:3089} INFO - Sync 1 DAGs
[2026-08-02T19:08:14.758+0000] {logging_mixin.py:188} INFO - [2026-08-02T19:08:14.758+0000] {dag.py:3947} INFO - Setting next_dagrun for ttc_transit_pipeline to 2026-08-02 00:00:00+00:00, run_after=2026-08-03 00:00:00+00:00
[2026-08-02T19:08:14.782+0000] {processor.py:183} INFO - Processing /opt/airflow/dags/ttc_pipeline.py took 0.120 seconds
[2026-08-02T19:09:44.037+0000] {processor.py:161} INFO - Started process (PID=86) to work on /opt/airflow/dags/ttc_pipeline.py
[2026-08-02T19:09:44.040+0000] {processor.py:830} INFO - Processing file /opt/airflow/dags/ttc_pipeline.py for tasks to queue
[2026-08-02T19:09:44.045+0000] {logging_mixin.py:188} INFO - [2026-08-02T19:09:44.044+0000] {dagbag.py:545} INFO - Filling up the DagBag from /opt/airflow/dags/ttc_pipeline.py
[2026-08-02T19:09:44.131+0000] {processor.py:840} INFO - DAG(s) 'ttc_transit_pipeline' retrieved from /opt/airflow/dags/ttc_pipeline.py
[2026-08-02T19:09:44.720+0000] {logging_mixin.py:188} INFO - [2026-08-02T19:09:44.720+0000] {dag.py:3089} INFO - Sync 1 DAGs
[2026-08-02T19:09:44.750+0000] {logging_mixin.py:188} INFO - [2026-08-02T19:09:44.750+0000] {dag.py:3947} INFO - Setting next_dagrun for ttc_transit_pipeline to 2026-08-02 00:00:00+00:00, run_after=2026-08-03 00:00:00+00:00
[2026-08-02T19:09:44.785+0000] {processor.py:183} INFO - Processing /opt/airflow/dags/ttc_pipeline.py took 0.762 seconds
[2026-08-02T19:10:15.367+0000] {processor.py:161} INFO - Started process (PID=145) to work on /opt/airflow/dags/ttc_pipeline.py
[2026-08-02T19:10:15.370+0000] {processor.py:830} INFO - Processing file /opt/airflow/dags/ttc_pipeline.py for tasks to queue
[2026-08-02T19:10:15.374+0000] {logging_mixin.py:188} INFO - [2026-08-02T19:10:15.373+0000] {dagbag.py:545} INFO - Filling up the DagBag from /opt/airflow/dags/ttc_pipeline.py
[2026-08-02T19:10:15.406+0000] {processor.py:840} INFO - DAG(s) 'ttc_transit_pipeline' retrieved from /opt/airflow/dags/ttc_pipeline.py
[2026-08-02T19:10:15.429+0000] {logging_mixin.py:188} INFO - [2026-08-02T19:10:15.428+0000] {dag.py:3089} INFO - Sync 1 DAGs
[2026-08-02T19:10:15.454+0000] {logging_mixin.py:188} INFO - [2026-08-02T19:10:15.454+0000] {dag.py:3947} INFO - Setting next_dagrun for ttc_transit_pipeline to 2026-08-02 00:00:00+00:00, run_after=2026-08-03 00:00:00+00:00
[2026-08-02T19:10:15.476+0000] {processor.py:183} INFO - Processing /opt/airflow/dags/ttc_pipeline.py took 0.122 seconds
[2026-08-02T19:10:45.930+0000] {processor.py:161} INFO - Started process (PID=204) to work on /opt/airflow/dags/ttc_pipeline.py
[2026-08-02T19:10:45.932+0000] {processor.py:830} INFO - Processing file /opt/airflow/dags/ttc_pipeline.py for tasks to queue
[2026-08-02T19:10:45.937+0000] {logging_mixin.py:188} INFO - [2026-08-02T19:10:45.936+0000] {dagbag.py:545} INFO - Filling up the DagBag from /opt/airflow/dags/ttc_pipeline.py
[2026-08-02T19:10:45.974+0000] {processor.py:840} INFO - DAG(s) 'ttc_transit_pipeline' retrieved from /opt/airflow/dags/ttc_pipeline.py
[2026-08-02T19:10:45.995+0000] {logging_mixin.py:188} INFO - [2026-08-02T19:10:45.995+0000] {dag.py:3089} INFO - Sync 1 DAGs
[2026-08-02T19:10:46.016+0000] {logging_mixin.py:188} INFO - [2026-08-02T19:10:46.016+0000] {dag.py:3947} INFO - Setting next_dagrun for ttc_transit_pipeline to 2026-08-02 00:00:00+00:00, run_after=2026-08-03 00:00:00+00:00
[2026-08-02T19:10:46.037+0000] {processor.py:183} INFO - Processing /opt/airflow/dags/ttc_pipeline.py took 0.119 seconds
[2026-08-02T19:11:16.479+0000] {processor.py:161} INFO - Started process (PID=263) to work on /opt/airflow/dags/ttc_pipeline.py
[2026-08-02T19:11:16.480+0000] {processor.py:830} INFO - Processing file /opt/airflow/dags/ttc_pipeline.py for tasks to queue
[2026-08-02T19:11:16.483+0000] {logging_mixin.py:188} INFO - [2026-08-02T19:11:16.483+0000] {dagbag.py:545} INFO - Filling up the DagBag from /opt/airflow/dags/ttc_pipeline.py
[2026-08-02T19:11:16.512+0000] {processor.py:840} INFO - DAG(s) 'ttc_transit_pipeline' retrieved from /opt/airflow/dags/ttc_pipeline.py
[2026-08-02T19:11:16.538+0000] {logging_mixin.py:188} INFO - [2026-08-02T19:11:16.537+0000] {dag.py:3089} INFO - Sync 1 DAGs
[2026-08-02T19:11:16.561+0000] {logging_mixin.py:188} INFO - [2026-08-02T19:11:16.561+0000] {dag.py:3947} INFO - Setting next_dagrun for ttc_transit_pipeline to 2026-08-02 00:00:00+00:00, run_after=2026-08-03 00:00:00+00:00
[2026-08-02T19:11:16.582+0000] {processor.py:183} INFO - Processing /opt/airflow/dags/ttc_pipeline.py took 0.110 seconds
[2026-08-02T19:11:46.833+0000] {processor.py:161} INFO - Started process (PID=322) to work on /opt/airflow/dags/ttc_pipeline.py
[2026-08-02T19:11:46.835+0000] {processor.py:830} INFO - Processing file /opt/airflow/dags/ttc_pipeline.py for tasks to queue
[2026-08-02T19:11:46.837+0000] {logging_mixin.py:188} INFO - [2026-08-02T19:11:46.836+0000] {dagbag.py:545} INFO - Filling up the DagBag from /opt/airflow/dags/ttc_pipeline.py
[2026-08-02T19:11:46.872+0000] {processor.py:840} INFO - DAG(s) 'ttc_transit_pipeline' retrieved from /opt/airflow/dags/ttc_pipeline.py
[2026-08-02T19:11:46.892+0000] {logging_mixin.py:188} INFO - [2026-08-02T19:11:46.892+0000] {dag.py:3089} INFO - Sync 1 DAGs
[2026-08-02T19:11:46.920+0000] {logging_mixin.py:188} INFO - [2026-08-02T19:11:46.920+0000] {dag.py:3947} INFO - Setting next_dagrun for ttc_transit_pipeline to 2026-08-02 00:00:00+00:00, run_after=2026-08-03 00:00:00+00:00
[2026-08-02T19:11:46.939+0000] {processor.py:183} INFO - Processing /opt/airflow/dags/ttc_pipeline.py took 0.113 seconds
[2026-08-02T19:12:17.181+0000] {processor.py:161} INFO - Started process (PID=381) to work on /opt/airflow/dags/ttc_pipeline.py
[2026-08-02T19:12:17.182+0000] {processor.py:830} INFO - Processing file /opt/airflow/dags/ttc_pipeline.py for tasks to queue
[2026-08-02T19:12:17.184+0000] {logging_mixin.py:188} INFO - [2026-08-02T19:12:17.184+0000] {dagbag.py:545} INFO - Filling up the DagBag from /opt/airflow/dags/ttc_pipeline.py
[2026-08-02T19:12:17.210+0000] {processor.py:840} INFO - DAG(s) 'ttc_transit_pipeline' retrieved from /opt/airflow/dags/ttc_pipeline.py
[2026-08-02T19:12:17.231+0000] {logging_mixin.py:188} INFO - [2026-08-02T19:12:17.231+0000] {dag.py:3089} INFO - Sync 1 DAGs
[2026-08-02T19:12:17.253+0000] {logging_mixin.py:188} INFO - [2026-08-02T19:12:17.253+0000] {dag.py:3947} INFO - Setting next_dagrun for ttc_transit_pipeline to 2026-08-02 00:00:00+00:00, run_after=2026-08-03 00:00:00+00:00
[2026-08-02T19:12:17.274+0000] {processor.py:183} INFO - Processing /opt/airflow/dags/ttc_pipeline.py took 0.099 seconds
[2026-08-02T19:12:47.757+0000] {processor.py:161} INFO - Started process (PID=440) to work on /opt/airflow/dags/ttc_pipeline.py
[2026-08-02T19:12:47.759+0000] {processor.py:830} INFO - Processing file /opt/airflow/dags/ttc_pipeline.py for tasks to queue
[2026-08-02T19:12:47.762+0000] {logging_mixin.py:188} INFO - [2026-08-02T19:12:47.761+0000] {dagbag.py:545} INFO - Filling up the DagBag from /opt/airflow/dags/ttc_pipeline.py
[2026-08-02T19:12:47.795+0000] {processor.py:840} INFO - DAG(s) 'ttc_transit_pipeline' retrieved from /opt/airflow/dags/ttc_pipeline.py
[2026-08-02T19:12:47.813+0000] {logging_mixin.py:188} INFO - [2026-08-02T19:12:47.813+0000] {dag.py:3089} INFO - Sync 1 DAGs
[2026-08-02T19:12:47.834+0000] {logging_mixin.py:188} INFO - [2026-08-02T19:12:47.834+0000] {dag.py:3947} INFO - Setting next_dagrun for ttc_transit_pipeline to 2026-08-02 00:00:00+00:00, run_after=2026-08-03 00:00:00+00:00
[2026-08-02T19:12:47.855+0000] {processor.py:183} INFO - Processing /opt/airflow/dags/ttc_pipeline.py took 0.109 seconds
[2026-08-02T19:13:17.934+0000] {processor.py:161} INFO - Started process (PID=499) to work on /opt/airflow/dags/ttc_pipeline.py
[2026-08-02T19:13:17.936+0000] {processor.py:830} INFO - Processing file /opt/airflow/dags/ttc_pipeline.py for tasks to queue
[2026-08-02T19:13:17.941+0000] {logging_mixin.py:188} INFO - [2026-08-02T19:13:17.941+0000] {dagbag.py:545} INFO - Filling up the DagBag from /opt/airflow/dags/ttc_pipeline.py
[2026-08-02T19:13:17.981+0000] {processor.py:840} INFO - DAG(s) 'ttc_transit_pipeline' retrieved from /opt/airflow/dags/ttc_pipeline.py
[2026-08-02T19:13:18.009+0000] {logging_mixin.py:188} INFO - [2026-08-02T19:13:18.008+0000] {dag.py:3089} INFO - Sync 1 DAGs
[2026-08-02T19:13:18.037+0000] {logging_mixin.py:188} INFO - [2026-08-02T19:13:18.037+0000] {dag.py:3947} INFO - Setting next_dagrun for ttc_transit_pipeline to 2026-08-02 00:00:00+00:00, run_after=2026-08-03 00:00:00+00:00
[2026-08-02T19:13:18.061+0000] {processor.py:183} INFO - Processing /opt/airflow/dags/ttc_pipeline.py took 0.138 seconds
[2026-08-02T19:13:48.885+0000] {processor.py:161} INFO - Started process (PID=558) to work on /opt/airflow/dags/ttc_pipeline.py
[2026-08-02T19:13:48.887+0000] {processor.py:830} INFO - Processing file /opt/airflow/dags/ttc_pipeline.py for tasks to queue
[2026-08-02T19:13:48.890+0000] {logging_mixin.py:188} INFO - [2026-08-02T19:13:48.889+0000] {dagbag.py:545} INFO - Filling up the DagBag from /opt/airflow/dags/ttc_pipeline.py
[2026-08-02T19:13:48.918+0000] {processor.py:840} INFO - DAG(s) 'ttc_transit_pipeline' retrieved from /opt/airflow/dags/ttc_pipeline.py
[2026-08-02T19:13:48.941+0000] {logging_mixin.py:188} INFO - [2026-08-02T19:13:48.940+0000] {dag.py:3089} INFO - Sync 1 DAGs
[2026-08-02T19:13:48.964+0000] {logging_mixin.py:188} INFO - [2026-08-02T19:13:48.964+0000] {dag.py:3947} INFO - Setting next_dagrun for ttc_transit_pipeline to 2026-08-02 00:00:00+00:00, run_after=2026-08-03 00:00:00+00:00
[2026-08-02T19:13:48.985+0000] {processor.py:183} INFO - Processing /opt/airflow/dags/ttc_pipeline.py took 0.113 seconds
[2026-08-02T19:14:19.540+0000] {processor.py:161} INFO - Started process (PID=623) to work on /opt/airflow/dags/ttc_pipeline.py
[2026-08-02T19:14:19.542+0000] {processor.py:830} INFO - Processing file /opt/airflow/dags/ttc_pipeline.py for tasks to queue
[2026-08-02T19:14:19.546+0000] {logging_mixin.py:188} INFO - [2026-08-02T19:14:19.546+0000] {dagbag.py:545} INFO - Filling up the DagBag from /opt/airflow/dags/ttc_pipeline.py
[2026-08-02T19:14:19.581+0000] {processor.py:840} INFO - DAG(s) 'ttc_transit_pipeline' retrieved from /opt/airflow/dags/ttc_pipeline.py
[2026-08-02T19:14:19.605+0000] {logging_mixin.py:188} INFO - [2026-08-02T19:14:19.605+0000] {dag.py:3089} INFO - Sync 1 DAGs
[2026-08-02T19:14:19.631+0000] {logging_mixin.py:188} INFO - [2026-08-02T19:14:19.630+0000] {dag.py:3947} INFO - Setting next_dagrun for ttc_transit_pipeline to 2026-08-02 00:00:00+00:00, run_after=2026-08-03 00:00:00+00:00
[2026-08-02T19:14:19.656+0000] {processor.py:183} INFO - Processing /opt/airflow/dags/ttc_pipeline.py took 0.131 seconds
[2026-08-02T19:14:50.012+0000] {processor.py:161} INFO - Started process (PID=682) to work on /opt/airflow/dags/ttc_pipeline.py
[2026-08-02T19:14:50.015+0000] {processor.py:830} INFO - Processing file /opt/airflow/dags/ttc_pipeline.py for tasks to queue
[2026-08-02T19:14:50.021+0000] {logging_mixin.py:188} INFO - [2026-08-02T19:14:50.021+0000] {dagbag.py:545} INFO - Filling up the DagBag from /opt/airflow/dags/ttc_pipeline.py
[2026-08-02T19:14:50.067+0000] {processor.py:840} INFO - DAG(s) 'ttc_transit_pipeline' retrieved from /opt/airflow/dags/ttc_pipeline.py
[2026-08-02T19:14:50.130+0000] {logging_mixin.py:188} INFO - [2026-08-02T19:14:50.129+0000] {dag.py:3089} INFO - Sync 1 DAGs
[2026-08-02T19:14:50.183+0000] {logging_mixin.py:188} INFO - [2026-08-02T19:14:50.183+0000] {dag.py:3947} INFO - Setting next_dagrun for ttc_transit_pipeline to 2026-08-02 00:00:00+00:00, run_after=2026-08-03 00:00:00+00:00
[2026-08-02T19:14:50.222+0000] {processor.py:183} INFO - Processing /opt/airflow/dags/ttc_pipeline.py took 0.228 seconds
[2026-08-02T19:15:20.826+0000] {processor.py:161} INFO - Started process (PID=741) to work on /opt/airflow/dags/ttc_pipeline.py
[2026-08-02T19:15:20.828+0000] {processor.py:830} INFO - Processing file /opt/airflow/dags/ttc_pipeline.py for tasks to queue
[2026-08-02T19:15:20.832+0000] {logging_mixin.py:188} INFO - [2026-08-02T19:15:20.832+0000] {dagbag.py:545} INFO - Filling up the DagBag from /opt/airflow/dags/ttc_pipeline.py
[2026-08-02T19:15:20.879+0000] {processor.py:840} INFO - DAG(s) 'ttc_transit_pipeline' retrieved from /opt/airflow/dags/ttc_pipeline.py
[2026-08-02T19:15:20.905+0000] {logging_mixin.py:188} INFO - [2026-08-02T19:15:20.904+0000] {dag.py:3089} INFO - Sync 1 DAGs
[2026-08-02T19:15:20.930+0000] {logging_mixin.py:188} INFO - [2026-08-02T19:15:20.929+0000] {dag.py:3947} INFO - Setting next_dagrun for ttc_transit_pipeline to 2026-08-02 00:00:00+00:00, run_after=2026-08-03 00:00:00+00:00
[2026-08-02T19:15:20.950+0000] {processor.py:183} INFO - Processing /opt/airflow/dags/ttc_pipeline.py took 0.134 seconds
[2026-08-02T19:15:51.204+0000] {processor.py:161} INFO - Started process (PID=800) to work on /opt/airflow/dags/ttc_pipeline.py
[2026-08-02T19:15:51.206+0000] {processor.py:830} INFO - Processing file /opt/airflow/dags/ttc_pipeline.py for tasks to queue
[2026-08-02T19:15:51.208+0000] {logging_mixin.py:188} INFO - [2026-08-02T19:15:51.208+0000] {dagbag.py:545} INFO - Filling up the DagBag from /opt/airflow/dags/ttc_pipeline.py
[2026-08-02T19:15:51.239+0000] {processor.py:840} INFO - DAG(s) 'ttc_transit_pipeline' retrieved from /opt/airflow/dags/ttc_pipeline.py
[2026-08-02T19:15:51.266+0000] {logging_mixin.py:188} INFO - [2026-08-02T19:15:51.266+0000] {dag.py:3089} INFO - Sync 1 DAGs
[2026-08-02T19:15:51.288+0000] {logging_mixin.py:188} INFO - [2026-08-02T19:15:51.288+0000] {dag.py:3947} INFO - Setting next_dagrun for ttc_transit_pipeline to 2026-08-02 00:00:00+00:00, run_after=2026-08-03 00:00:00+00:00
[2026-08-02T19:15:51.313+0000] {processor.py:183} INFO - Processing /opt/airflow/dags/ttc_pipeline.py took 0.117 seconds
[2026-08-02T19:16:21.490+0000] {processor.py:161} INFO - Started process (PID=859) to work on /opt/airflow/dags/ttc_pipeline.py
[2026-08-02T19:16:21.492+0000] {processor.py:830} INFO - Processing file /opt/airflow/dags/ttc_pipeline.py for tasks to queue
[2026-08-02T19:16:21.496+0000] {logging_mixin.py:188} INFO - [2026-08-02T19:16:21.495+0000] {dagbag.py:545} INFO - Filling up the DagBag from /opt/airflow/dags/ttc_pipeline.py
[2026-08-02T19:16:21.545+0000] {processor.py:840} INFO - DAG(s) 'ttc_transit_pipeline' retrieved from /opt/airflow/dags/ttc_pipeline.py
[2026-08-02T19:16:21.567+0000] {logging_mixin.py:188} INFO - [2026-08-02T19:16:21.567+0000] {dag.py:3089} INFO - Sync 1 DAGs
[2026-08-02T19:16:21.588+0000] {logging_mixin.py:188} INFO - [2026-08-02T19:16:21.587+0000] {dag.py:3947} INFO - Setting next_dagrun for ttc_transit_pipeline to 2026-08-02 00:00:00+00:00, run_after=2026-08-03 00:00:00+00:00
[2026-08-02T19:16:21.607+0000] {processor.py:183} INFO - Processing /opt/airflow/dags/ttc_pipeline.py took 0.129 seconds
[2026-08-02T19:16:51.795+0000] {processor.py:161} INFO - Started process (PID=918) to work on /opt/airflow/dags/ttc_pipeline.py
[2026-08-02T19:16:51.797+0000] {processor.py:830} INFO - Processing file /opt/airflow/dags/ttc_pipeline.py for tasks to queue
[2026-08-02T19:16:51.799+0000] {logging_mixin.py:188} INFO - [2026-08-02T19:16:51.799+0000] {dagbag.py:545} INFO - Filling up the DagBag from /opt/airflow/dags/ttc_pipeline.py
[2026-08-02T19:16:51.825+0000] {processor.py:840} INFO - DAG(s) 'ttc_transit_pipeline' retrieved from /opt/airflow/dags/ttc_pipeline.py
[2026-08-02T19:16:51.847+0000] {logging_mixin.py:188} INFO - [2026-08-02T19:16:51.846+0000] {dag.py:3089} INFO - Sync 1 DAGs
[2026-08-02T19:16:51.869+0000] {logging_mixin.py:188} INFO - [2026-08-02T19:16:51.869+0000] {dag.py:3947} INFO - Setting next_dagrun for ttc_transit_pipeline to 2026-08-02 00:00:00+00:00, run_after=2026-08-03 00:00:00+00:00
[2026-08-02T19:16:51.890+0000] {processor.py:183} INFO - Processing /opt/airflow/dags/ttc_pipeline.py took 0.101 seconds
[2026-08-02T19:17:22.182+0000] {processor.py:161} INFO - Started process (PID=977) to work on /opt/airflow/dags/ttc_pipeline.py
[2026-08-02T19:17:22.184+0000] {processor.py:830} INFO - Processing file /opt/airflow/dags/ttc_pipeline.py for tasks to queue
[2026-08-02T19:17:22.187+0000] {logging_mixin.py:188} INFO - [2026-08-02T19:17:22.186+0000] {dagbag.py:545} INFO - Filling up the DagBag from /opt/airflow/dags/ttc_pipeline.py
[2026-08-02T19:17:22.214+0000] {processor.py:840} INFO - DAG(s) 'ttc_transit_pipeline' retrieved from /opt/airflow/dags/ttc_pipeline.py
[2026-08-02T19:17:22.233+0000] {logging_mixin.py:188} INFO - [2026-08-02T19:17:22.232+0000] {dag.py:3089} INFO - Sync 1 DAGs
[2026-08-02T19:17:22.254+0000] {logging_mixin.py:188} INFO - [2026-08-02T19:17:22.254+0000] {dag.py:3947} INFO - Setting next_dagrun for ttc_transit_pipeline to 2026-08-02 00:00:00+00:00, run_after=2026-08-03 00:00:00+00:00
[2026-08-02T19:17:22.274+0000] {processor.py:183} INFO - Processing /opt/airflow/dags/ttc_pipeline.py took 0.098 seconds
[2026-08-02T19:17:52.353+0000] {processor.py:161} INFO - Started process (PID=1036) to work on /opt/airflow/dags/ttc_pipeline.py
[2026-08-02T19:17:52.355+0000] {processor.py:830} INFO - Processing file /opt/airflow/dags/ttc_pipeline.py for tasks to queue
[2026-08-02T19:17:52.358+0000] {logging_mixin.py:188} INFO - [2026-08-02T19:17:52.357+0000] {dagbag.py:545} INFO - Filling up the DagBag from /opt/airflow/dags/ttc_pipeline.py
[2026-08-02T19:17:52.383+0000] {processor.py:840} INFO - DAG(s) 'ttc_transit_pipeline' retrieved from /opt/airflow/dags/ttc_pipeline.py
[2026-08-02T19:17:52.402+0000] {logging_mixin.py:188} INFO - [2026-08-02T19:17:52.402+0000] {dag.py:3089} INFO - Sync 1 DAGs
[2026-08-02T19:17:52.425+0000] {logging_mixin.py:188} INFO - [2026-08-02T19:17:52.424+0000] {dag.py:3947} INFO - Setting next_dagrun for ttc_transit_pipeline to 2026-08-02 00:00:00+00:00, run_after=2026-08-03 00:00:00+00:00
[2026-08-02T19:17:52.444+0000] {processor.py:183} INFO - Processing /opt/airflow/dags/ttc_pipeline.py took 0.097 seconds
[2026-08-02T19:18:22.906+0000] {processor.py:161} INFO - Started process (PID=1095) to work on /opt/airflow/dags/ttc_pipeline.py
[2026-08-02T19:18:22.907+0000] {processor.py:830} INFO - Processing file /opt/airflow/dags/ttc_pipeline.py for tasks to queue
[2026-08-02T19:18:22.910+0000] {logging_mixin.py:188} INFO - [2026-08-02T19:18:22.909+0000] {dagbag.py:545} INFO - Filling up the DagBag from /opt/airflow/dags/ttc_pipeline.py
[2026-08-02T19:18:22.939+0000] {processor.py:840} INFO - DAG(s) 'ttc_transit_pipeline' retrieved from /opt/airflow/dags/ttc_pipeline.py
[2026-08-02T19:18:22.965+0000] {logging_mixin.py:188} INFO - [2026-08-02T19:18:22.965+0000] {dag.py:3089} INFO - Sync 1 DAGs
[2026-08-02T19:18:22.995+0000] {logging_mixin.py:188} INFO - [2026-08-02T19:18:22.995+0000] {dag.py:3947} INFO - Setting next_dagrun for ttc_transit_pipeline to 2026-08-02 00:00:00+00:00, run_after=2026-08-03 00:00:00+00:00
[2026-08-02T19:18:23.022+0000] {processor.py:183} INFO - Processing /opt/airflow/dags/ttc_pipeline.py took 0.122 seconds
[2026-08-02T19:18:53.367+0000] {processor.py:161} INFO - Started process (PID=1154) to work on /opt/airflow/dags/ttc_pipeline.py
[2026-08-02T19:18:53.370+0000] {processor.py:830} INFO - Processing file /opt/airflow/dags/ttc_pipeline.py for tasks to queue
[2026-08-02T19:18:53.376+0000] {logging_mixin.py:188} INFO - [2026-08-02T19:18:53.375+0000] {dagbag.py:545} INFO - Filling up the DagBag from /opt/airflow/dags/ttc_pipeline.py
[2026-08-02T19:18:53.427+0000] {processor.py:840} INFO - DAG(s) 'ttc_transit_pipeline' retrieved from /opt/airflow/dags/ttc_pipeline.py
[2026-08-02T19:18:53.448+0000] {logging_mixin.py:188} INFO - [2026-08-02T19:18:53.448+0000] {dag.py:3089} INFO - Sync 1 DAGs
[2026-08-02T19:18:53.468+0000] {logging_mixin.py:188} INFO - [2026-08-02T19:18:53.468+0000] {dag.py:3947} INFO - Setting next_dagrun for ttc_transit_pipeline to 2026-08-02 00:00:00+00:00, run_after=2026-08-03 00:00:00+00:00
[2026-08-02T19:18:53.488+0000] {processor.py:183} INFO - Processing /opt/airflow/dags/ttc_pipeline.py took 0.133 seconds
[2026-08-02T19:19:24.024+0000] {processor.py:161} INFO - Started process (PID=1213) to work on /opt/airflow/dags/ttc_pipeline.py
[2026-08-02T19:19:24.026+0000] {processor.py:830} INFO - Processing file /opt/airflow/dags/ttc_pipeline.py for tasks to queue
[2026-08-02T19:19:24.031+0000] {logging_mixin.py:188} INFO - [2026-08-02T19:19:24.030+0000] {dagbag.py:545} INFO - Filling up the DagBag from /opt/airflow/dags/ttc_pipeline.py
[2026-08-02T19:19:24.067+0000] {processor.py:840} INFO - DAG(s) 'ttc_transit_pipeline' retrieved from /opt/airflow/dags/ttc_pipeline.py
[2026-08-02T19:19:24.087+0000] {logging_mixin.py:188} INFO - [2026-08-02T19:19:24.087+0000] {dag.py:3089} INFO - Sync 1 DAGs
[2026-08-02T19:19:24.107+0000] {logging_mixin.py:188} INFO - [2026-08-02T19:19:24.107+0000] {dag.py:3947} INFO - Setting next_dagrun for ttc_transit_pipeline to 2026-08-02 00:00:00+00:00, run_after=2026-08-03 00:00:00+00:00
[2026-08-02T19:19:24.134+0000] {processor.py:183} INFO - Processing /opt/airflow/dags/ttc_pipeline.py took 0.119 seconds
[2026-08-02T19:19:54.575+0000] {processor.py:161} INFO - Started process (PID=1272) to work on /opt/airflow/dags/ttc_pipeline.py
[2026-08-02T19:19:54.577+0000] {processor.py:830} INFO - Processing file /opt/airflow/dags/ttc_pipeline.py for tasks to queue
[2026-08-02T19:19:54.580+0000] {logging_mixin.py:188} INFO - [2026-08-02T19:19:54.579+0000] {dagbag.py:545} INFO - Filling up the DagBag from /opt/airflow/dags/ttc_pipeline.py
[2026-08-02T19:19:54.612+0000] {processor.py:840} INFO - DAG(s) 'ttc_transit_pipeline' retrieved from /opt/airflow/dags/ttc_pipeline.py
[2026-08-02T19:19:54.640+0000] {logging_mixin.py:188} INFO - [2026-08-02T19:19:54.640+0000] {dag.py:3089} INFO - Sync 1 DAGs
[2026-08-02T19:19:54.669+0000] {logging_mixin.py:188} INFO - [2026-08-02T19:19:54.669+0000] {dag.py:3947} INFO - Setting next_dagrun for ttc_transit_pipeline to 2026-08-02 00:00:00+00:00, run_after=2026-08-03 00:00:00+00:00
[2026-08-02T19:19:54.694+0000] {processor.py:183} INFO - Processing /opt/airflow/dags/ttc_pipeline.py took 0.126 seconds
[2026-08-02T19:20:24.958+0000] {processor.py:161} INFO - Started process (PID=1331) to work on /opt/airflow/dags/ttc_pipeline.py
[2026-08-02T19:20:24.960+0000] {processor.py:830} INFO - Processing file /opt/airflow/dags/ttc_pipeline.py for tasks to queue
[2026-08-02T19:20:24.963+0000] {logging_mixin.py:188} INFO - [2026-08-02T19:20:24.962+0000] {dagbag.py:545} INFO - Filling up the DagBag from /opt/airflow/dags/ttc_pipeline.py
[2026-08-02T19:20:24.989+0000] {processor.py:840} INFO - DAG(s) 'ttc_transit_pipeline' retrieved from /opt/airflow/dags/ttc_pipeline.py
[2026-08-02T19:20:25.012+0000] {logging_mixin.py:188} INFO - [2026-08-02T19:20:25.011+0000] {dag.py:3089} INFO - Sync 1 DAGs
[2026-08-02T19:20:25.035+0000] {logging_mixin.py:188} INFO - [2026-08-02T19:20:25.035+0000] {dag.py:3947} INFO - Setting next_dagrun for ttc_transit_pipeline to 2026-08-02 00:00:00+00:00, run_after=2026-08-03 00:00:00+00:00
[2026-08-02T19:20:25.059+0000] {processor.py:183} INFO - Processing /opt/airflow/dags/ttc_pipeline.py took 0.108 seconds
[2026-08-02T19:20:55.594+0000] {processor.py:161} INFO - Started process (PID=1390) to work on /opt/airflow/dags/ttc_pipeline.py
[2026-08-02T19:20:55.596+0000] {processor.py:830} INFO - Processing file /opt/airflow/dags/ttc_pipeline.py for tasks to queue
[2026-08-02T19:20:55.599+0000] {logging_mixin.py:188} INFO - [2026-08-02T19:20:55.598+0000] {dagbag.py:545} INFO - Filling up the DagBag from /opt/airflow/dags/ttc_pipeline.py
[2026-08-02T19:20:55.625+0000] {processor.py:840} INFO - DAG(s) 'ttc_transit_pipeline' retrieved from /opt/airflow/dags/ttc_pipeline.py
[2026-08-02T19:20:55.650+0000] {logging_mixin.py:188} INFO - [2026-08-02T19:20:55.649+0000] {dag.py:3089} INFO - Sync 1 DAGs
[2026-08-02T19:20:55.675+0000] {logging_mixin.py:188} INFO - [2026-08-02T19:20:55.675+0000] {dag.py:3947} INFO - Setting next_dagrun for ttc_transit_pipeline to 2026-08-02 00:00:00+00:00, run_after=2026-08-03 00:00:00+00:00
[2026-08-02T19:20:55.699+0000] {processor.py:183} INFO - Processing /opt/airflow/dags/ttc_pipeline.py took 0.112 seconds
