[2026-08-02T19:14:55.173+0000] {local_task_job_runner.py:120} INFO - ::group::Pre task execution logs
[2026-08-02T19:14:55.192+0000] {taskinstance.py:2076} INFO - Dependencies all met for dep_context=non-requeueable deps ti=<TaskInstance: ttc_transit_pipeline.clean_data manual__2026-08-02T19:14:44.189575+00:00 [queued]>
[2026-08-02T19:14:55.198+0000] {taskinstance.py:2076} INFO - Dependencies all met for dep_context=requeueable deps ti=<TaskInstance: ttc_transit_pipeline.clean_data manual__2026-08-02T19:14:44.189575+00:00 [queued]>
[2026-08-02T19:14:55.200+0000] {taskinstance.py:2306} INFO - Starting attempt 1 of 1
[2026-08-02T19:14:55.210+0000] {taskinstance.py:2330} INFO - Executing <Task(PythonOperator): clean_data> on 2026-08-02 19:14:44.189575+00:00
[2026-08-02T19:14:55.215+0000] {warnings.py:112} WARNING - /home/***/.local/lib/python3.12/site-packages/***/task/task_runner/standard_task_runner.py:62: DeprecationWarning: This process (pid=156) is multi-threaded, use of fork() may lead to deadlocks in the child.
  pid = os.fork()

[2026-08-02T19:14:55.217+0000] {standard_task_runner.py:64} INFO - Started process 158 to run task
[2026-08-02T19:14:55.217+0000] {standard_task_runner.py:90} INFO - Running: ['***', 'tasks', 'run', 'ttc_transit_pipeline', 'clean_data', 'manual__2026-08-02T19:14:44.189575+00:00', '--job-id', '9', '--raw', '--subdir', 'DAGS_FOLDER/ttc_pipeline.py', '--cfg-path', '/tmp/tmpescqavwy']
[2026-08-02T19:14:55.219+0000] {standard_task_runner.py:91} INFO - Job 9: Subtask clean_data
[2026-08-02T19:14:55.276+0000] {task_command.py:426} INFO - Running <TaskInstance: ttc_transit_pipeline.clean_data manual__2026-08-02T19:14:44.189575+00:00 [running]> on host ea8cc85a7386
[2026-08-02T19:14:55.339+0000] {taskinstance.py:2648} INFO - Exporting env vars: AIRFLOW_CTX_DAG_OWNER='***' AIRFLOW_CTX_DAG_ID='ttc_transit_pipeline' AIRFLOW_CTX_TASK_ID='clean_data' AIRFLOW_CTX_EXECUTION_DATE='2026-08-02T19:14:44.189575+00:00' AIRFLOW_CTX_TRY_NUMBER='1' AIRFLOW_CTX_DAG_RUN_ID='manual__2026-08-02T19:14:44.189575+00:00'
[2026-08-02T19:14:55.341+0000] {taskinstance.py:430} INFO - ::endgroup::
[2026-08-02T19:15:00.241+0000] {logging_mixin.py:188} INFO - Starting rows: 59643
[2026-08-02T19:15:00.251+0000] {logging_mixin.py:188} INFO - After dropping missing Route: 59021
[2026-08-02T19:15:00.257+0000] {logging_mixin.py:188} INFO - 
Missing values remaining per column:
[2026-08-02T19:15:00.268+0000] {logging_mixin.py:188} INFO - Date         0
Route        0
Time         0
Day          0
Location     0
Incident     0
Min Delay    0
Min Gap      0
Direction    0
Vehicle      0
dtype: int64
[2026-08-02T19:15:09.821+0000] {logging_mixin.py:188} INFO - 
Saved cleaned file!
[2026-08-02T19:15:09.822+0000] {python.py:237} INFO - Done. Returned value was: None
[2026-08-02T19:15:09.823+0000] {taskinstance.py:441} INFO - ::group::Post task execution logs
[2026-08-02T19:15:09.831+0000] {taskinstance.py:1206} INFO - Marking task as SUCCESS. dag_id=ttc_transit_pipeline, task_id=clean_data, run_id=manual__2026-08-02T19:14:44.189575+00:00, execution_date=20260802T191444, start_date=20260802T191455, end_date=20260802T191509
[2026-08-02T19:15:09.878+0000] {local_task_job_runner.py:243} INFO - Task exited with return code 0
[2026-08-02T19:15:09.904+0000] {taskinstance.py:3503} INFO - 1 downstream tasks scheduled from follow-on schedule check
[2026-08-02T19:15:09.907+0000] {local_task_job_runner.py:222} INFO - ::endgroup::
