[2026-08-02T19:18:49.608+0000] {local_task_job_runner.py:120} INFO - ::group::Pre task execution logs
[2026-08-02T19:18:49.631+0000] {taskinstance.py:2076} INFO - Dependencies all met for dep_context=non-requeueable deps ti=<TaskInstance: ttc_transit_pipeline.upload_to_storage manual__2026-08-02T19:18:26.089151+00:00 [queued]>
[2026-08-02T19:18:49.638+0000] {taskinstance.py:2076} INFO - Dependencies all met for dep_context=requeueable deps ti=<TaskInstance: ttc_transit_pipeline.upload_to_storage manual__2026-08-02T19:18:26.089151+00:00 [queued]>
[2026-08-02T19:18:49.640+0000] {taskinstance.py:2306} INFO - Starting attempt 1 of 1
[2026-08-02T19:18:49.653+0000] {taskinstance.py:2330} INFO - Executing <Task(PythonOperator): upload_to_storage> on 2026-08-02 19:18:26.089151+00:00
[2026-08-02T19:18:49.659+0000] {warnings.py:112} WARNING - /home/***/.local/lib/python3.12/site-packages/***/task/task_runner/standard_task_runner.py:62: DeprecationWarning: This process (pid=219) is multi-threaded, use of fork() may lead to deadlocks in the child.
  pid = os.fork()

[2026-08-02T19:18:49.662+0000] {standard_task_runner.py:64} INFO - Started process 221 to run task
[2026-08-02T19:18:49.661+0000] {standard_task_runner.py:90} INFO - Running: ['***', 'tasks', 'run', 'ttc_transit_pipeline', 'upload_to_storage', 'manual__2026-08-02T19:18:26.089151+00:00', '--job-id', '13', '--raw', '--subdir', 'DAGS_FOLDER/ttc_pipeline.py', '--cfg-path', '/tmp/tmpkb6c1a7k']
[2026-08-02T19:18:49.664+0000] {standard_task_runner.py:91} INFO - Job 13: Subtask upload_to_storage
[2026-08-02T19:18:49.729+0000] {task_command.py:426} INFO - Running <TaskInstance: ttc_transit_pipeline.upload_to_storage manual__2026-08-02T19:18:26.089151+00:00 [running]> on host ea8cc85a7386
[2026-08-02T19:18:49.796+0000] {taskinstance.py:2648} INFO - Exporting env vars: AIRFLOW_CTX_DAG_OWNER='***' AIRFLOW_CTX_DAG_ID='ttc_transit_pipeline' AIRFLOW_CTX_TASK_ID='upload_to_storage' AIRFLOW_CTX_EXECUTION_DATE='2026-08-02T19:18:26.089151+00:00' AIRFLOW_CTX_TRY_NUMBER='1' AIRFLOW_CTX_DAG_RUN_ID='manual__2026-08-02T19:18:26.089151+00:00'
[2026-08-02T19:18:49.798+0000] {taskinstance.py:430} INFO - ::endgroup::
[2026-08-02T19:18:50.220+0000] {logging_mixin.py:188} INFO - Uploaded ttc-bus-delay-data-2024-clean.xlsx to bucket 'ttc-transit-data'
[2026-08-02T19:18:50.235+0000] {logging_mixin.py:188} INFO - 
Files currently in bucket:
[2026-08-02T19:18:50.236+0000] {logging_mixin.py:188} INFO -  - ttc-bus-delay-data-2024-clean.xlsx (3264122 bytes)
[2026-08-02T19:18:50.237+0000] {python.py:237} INFO - Done. Returned value was: None
[2026-08-02T19:18:50.238+0000] {taskinstance.py:441} INFO - ::group::Post task execution logs
[2026-08-02T19:18:50.247+0000] {taskinstance.py:1206} INFO - Marking task as SUCCESS. dag_id=ttc_transit_pipeline, task_id=upload_to_storage, run_id=manual__2026-08-02T19:18:26.089151+00:00, execution_date=20260802T191826, start_date=20260802T191849, end_date=20260802T191850
[2026-08-02T19:18:50.278+0000] {local_task_job_runner.py:243} INFO - Task exited with return code 0
[2026-08-02T19:18:50.293+0000] {taskinstance.py:3503} INFO - 0 downstream tasks scheduled from follow-on schedule check
[2026-08-02T19:18:50.295+0000] {local_task_job_runner.py:222} INFO - ::endgroup::
